Archive member included because of file (symbol)

/opt/york/cs/net/sourcery-g++-lite-arm-eabi-2010.09.51-i686-1/arm-none-eabi/lib/thumb2/libg.a(lib_a-atoi.o)
                              main.o (atoi)
/opt/york/cs/net/sourcery-g++-lite-arm-eabi-2010.09.51-i686-1/arm-none-eabi/lib/thumb2/libg.a(lib_a-malloc.o)
                              packet-manager.o (malloc)
/opt/york/cs/net/sourcery-g++-lite-arm-eabi-2010.09.51-i686-1/arm-none-eabi/lib/thumb2/libg.a(lib_a-mallocr.o)
                              /opt/york/cs/net/sourcery-g++-lite-arm-eabi-2010.09.51-i686-1/arm-none-eabi/lib/thumb2/libg.a(lib_a-malloc.o) (_malloc_r)
/opt/york/cs/net/sourcery-g++-lite-arm-eabi-2010.09.51-i686-1/arm-none-eabi/lib/thumb2/libg.a(lib_a-memcpy.o)
                              lib/serial-dmx.o (memcpy)
/opt/york/cs/net/sourcery-g++-lite-arm-eabi-2010.09.51-i686-1/arm-none-eabi/lib/thumb2/libg.a(lib_a-memset.o)
                              queue.o (memset)
/opt/york/cs/net/sourcery-g++-lite-arm-eabi-2010.09.51-i686-1/arm-none-eabi/lib/thumb2/libg.a(lib_a-mlock.o)
                              /opt/york/cs/net/sourcery-g++-lite-arm-eabi-2010.09.51-i686-1/arm-none-eabi/lib/thumb2/libg.a(lib_a-mallocr.o) (__malloc_lock)
/opt/york/cs/net/sourcery-g++-lite-arm-eabi-2010.09.51-i686-1/arm-none-eabi/lib/thumb2/libg.a(lib_a-rand.o)
                              music.o (srand)
/opt/york/cs/net/sourcery-g++-lite-arm-eabi-2010.09.51-i686-1/arm-none-eabi/lib/thumb2/libg.a(lib_a-sbrkr.o)
                              /opt/york/cs/net/sourcery-g++-lite-arm-eabi-2010.09.51-i686-1/arm-none-eabi/lib/thumb2/libg.a(lib_a-mallocr.o) (_sbrk_r)
/opt/york/cs/net/sourcery-g++-lite-arm-eabi-2010.09.51-i686-1/arm-none-eabi/lib/thumb2/libg.a(lib_a-sprintf.o)
                              main.o (sprintf)
/opt/york/cs/net/sourcery-g++-lite-arm-eabi-2010.09.51-i686-1/arm-none-eabi/lib/thumb2/libg.a(lib_a-strlen.o)
                              main.o (strlen)
/opt/york/cs/net/sourcery-g++-lite-arm-eabi-2010.09.51-i686-1/arm-none-eabi/lib/thumb2/libg.a(lib_a-strtol.o)
                              /opt/york/cs/net/sourcery-g++-lite-arm-eabi-2010.09.51-i686-1/arm-none-eabi/lib/thumb2/libg.a(lib_a-atoi.o) (_strtol_r)
/opt/york/cs/net/sourcery-g++-lite-arm-eabi-2010.09.51-i686-1/arm-none-eabi/lib/thumb2/libg.a(lib_a-svfprintf.o)
                              /opt/york/cs/net/sourcery-g++-lite-arm-eabi-2010.09.51-i686-1/arm-none-eabi/lib/thumb2/libg.a(lib_a-sprintf.o) (_svfprintf_r)
/opt/york/cs/net/sourcery-g++-lite-arm-eabi-2010.09.51-i686-1/arm-none-eabi/lib/thumb2/libg.a(lib_a-vsprintf.o)
                              lib/serial.o (vsprintf)
/opt/york/cs/net/sourcery-g++-lite-arm-eabi-2010.09.51-i686-1/arm-none-eabi/lib/thumb2/libg.a(lib_a-ctype_.o)
                              /opt/york/cs/net/sourcery-g++-lite-arm-eabi-2010.09.51-i686-1/arm-none-eabi/lib/thumb2/libg.a(lib_a-strtol.o) (__ctype_ptr__)
/opt/york/cs/net/sourcery-g++-lite-arm-eabi-2010.09.51-i686-1/arm-none-eabi/lib/thumb2/libg.a(lib_a-dtoa.o)
                              /opt/york/cs/net/sourcery-g++-lite-arm-eabi-2010.09.51-i686-1/arm-none-eabi/lib/thumb2/libg.a(lib_a-svfprintf.o) (_dtoa_r)
/opt/york/cs/net/sourcery-g++-lite-arm-eabi-2010.09.51-i686-1/arm-none-eabi/lib/thumb2/libg.a(lib_a-freer.o)
                              /opt/york/cs/net/sourcery-g++-lite-arm-eabi-2010.09.51-i686-1/arm-none-eabi/lib/thumb2/libg.a(lib_a-malloc.o) (_free_r)
/opt/york/cs/net/sourcery-g++-lite-arm-eabi-2010.09.51-i686-1/arm-none-eabi/lib/thumb2/libg.a(lib_a-impure.o)
                              /opt/york/cs/net/sourcery-g++-lite-arm-eabi-2010.09.51-i686-1/arm-none-eabi/lib/thumb2/libg.a(lib_a-malloc.o) (_impure_ptr)
/opt/york/cs/net/sourcery-g++-lite-arm-eabi-2010.09.51-i686-1/arm-none-eabi/lib/thumb2/libg.a(lib_a-locale.o)
                              /opt/york/cs/net/sourcery-g++-lite-arm-eabi-2010.09.51-i686-1/arm-none-eabi/lib/thumb2/libg.a(lib_a-svfprintf.o) (_localeconv_r)
/opt/york/cs/net/sourcery-g++-lite-arm-eabi-2010.09.51-i686-1/arm-none-eabi/lib/thumb2/libg.a(lib_a-memchr.o)
                              /opt/york/cs/net/sourcery-g++-lite-arm-eabi-2010.09.51-i686-1/arm-none-eabi/lib/thumb2/libg.a(lib_a-svfprintf.o) (memchr)
/opt/york/cs/net/sourcery-g++-lite-arm-eabi-2010.09.51-i686-1/arm-none-eabi/lib/thumb2/libg.a(lib_a-mprec.o)
                              /opt/york/cs/net/sourcery-g++-lite-arm-eabi-2010.09.51-i686-1/arm-none-eabi/lib/thumb2/libg.a(lib_a-dtoa.o) (_Balloc)
/opt/york/cs/net/sourcery-g++-lite-arm-eabi-2010.09.51-i686-1/arm-none-eabi/lib/thumb2/libg.a(lib_a-reent.o)
                              /opt/york/cs/net/sourcery-g++-lite-arm-eabi-2010.09.51-i686-1/arm-none-eabi/lib/thumb2/libg.a(lib_a-sbrkr.o) (errno)
/opt/york/cs/net/sourcery-g++-lite-arm-eabi-2010.09.51-i686-1/arm-none-eabi/lib/thumb2/libg.a(lib_a-s_fpclassify.o)
[...]
Memory Configuration

Name             Origin             Length             Attributes
rom              0x00000000         0x00080000         xr
ram              0x10000000         0x00008000         xrw
ram1             0x2007c000         0x00004000         xrw
ram2             0x20080000         0x00004000         xrw
*default*        0x00000000         0xffffffff

Linker script and memory map

LOAD /opt/york/cs/net/sourcery-g++-lite-arm-eabi-2010.09.51-i686-1/bin/../lib/gcc/arm-none-eabi/4.5.1/thumb2/crti.o
LOAD /opt/york/cs/net/sourcery-g++-lite-arm-eabi-2010.09.51-i686-1/bin/../lib/gcc/arm-none-eabi/4.5.1/thumb2/crtbegin.o
LOAD game.o
LOAD game_class.o
LOAD queue.o
LOAD main.o
LOAD music.o
LOAD packet-manager.o
LOAD sequence-manager.o
LOAD lib/serial.o
LOAD lib/pindef.o
LOAD lib/i2c.o
LOAD lib/serial-dmx.o
LOAD lib/utilities.o
LOAD lib/keypad.o
LOAD lib/display.o
LOAD lib/analog.o
LOAD /opt/york/cs/net/lpc1700-cmsis-lite-2011.01.26-i686-1/lib/core_cm3.o
LOAD /opt/york/cs/net/lpc1700-cmsis-lite-2011.01.26-i686-1/lib/system_LPC17xx.o
LOAD /opt/york/cs/net/lpc1700-cmsis-lite-2011.01.26-i686-1/lib/startup_LPC17xx.o
START GROUP
LOAD /opt/york/cs/net/sourcery-g++-lite-arm-eabi-2010.09.51-i686-1/arm-none-eabi/lib/thumb2/libg.a
LOAD /opt/york/cs/net/sourcery-g++-lite-arm-eabi-2010.09.51-i686-1/arm-none-eabi/lib/thumb2/libstdc++.a
LOAD /opt/york/cs/net/sourcery-g++-lite-arm-eabi-2010.09.51-i686-1/arm-none-eabi/lib/thumb2/libsupc++.a
LOAD /opt/york/cs/net/sourcery-g++-lite-arm-eabi-2010.09.51-i686-1/bin/../lib/gcc/arm-none-eabi/4.5.1/thumb2/libgcc.a
END GROUP
START GROUP
LOAD /opt/york/cs/net/sourcery-g++-lite-arm-eabi-2010.09.51-i686-1/bin/../lib/gcc/arm-none-eabi/4.5.1/thumb2/libgcc.a
LOAD /opt/york/cs/net/sourcery-g++-lite-arm-eabi-2010.09.51-i686-1/arm-none-eabi/lib/thumb2/libc.a
LOAD /opt/york/cs/net/sourcery-g++-lite-arm-eabi-2010.09.51-i686-1/arm-none-eabi/lib/thumb2/libcs3.a
LOAD /opt/york/cs/net/sourcery-g++-lite-arm-eabi-2010.09.51-i686-1/arm-none-eabi/lib/thumb2/libcs3unhosted.a
LOAD /opt/york/cs/net/sourcery-g++-lite-arm-eabi-2010.09.51-i686-1/arm-none-eabi/lib/thumb2/libcs3micro.a
END GROUP
                0x10008000                PROVIDE (__cs3_stack, (__cs3_region_start_ram + __cs3_region_size_ram))
                0x00006de0                PROVIDE (__cs3_stack_size, ((__cs3_region_start_ram + __cs3_region_size_ram) - _end))
                0x10001220                PROVIDE (__cs3_heap_start, _end)
                0x10008000                PROVIDE (__cs3_heap_end, (__cs3_region_start_ram + __cs3_region_size_ram))

.text           0x00000000    0x1c30c
 CREATE_OBJECT_SYMBOLS
                0x00000000                __cs3_region_start_rom = .
 *(.cs3.region-head.rom)
                0x00000000                __cs3_interrupt_vector = __cs3_interrupt_vector_cortex_m
 *(.cs3.interrupt_vector)
 .cs3.interrupt_vector
                0x00000000       0xcc /opt/york/cs/net/lpc1700-cmsis-lite-2011.01.26-i686-1/lib/startup_LPC17xx.o
                0x00000000                __cs3_interrupt_vector_cortex_m
                0x00000001                ASSERT ((. != __cs3_interrupt_vector_cortex_m), No interrupt vector)
 *(.rom)
 *(.rom.b)
                0x000000cc                __cs3_reset = __cs3_reset_cortex_m
 *(.cs3.reset)
 .cs3.reset     0x000000cc       0x10 /opt/york/cs/net/lpc1700-cmsis-lite-2011.01.26-i686-1/lib/startup_LPC17xx.o
                0x000000cc                __cs3_reset_cortex_m
                0x00000001                ASSERT ((. != __cs3_reset), No reset code)
 *(.text .text.* .gnu.linkonce.t.*)
 .text          0x000000dc        0x0 /opt/york/cs/net/sourcery-g++-lite-arm-eabi-2010.09.51-i686-1/bin/../lib/gcc/arm-none-eabi/4.5.1/thumb2/crti.o
 .text          0x000000dc       0x30 /opt/york/cs/net/sourcery-g++-lite-arm-eabi-2010.09.51-i686-1/bin/../lib/gcc/arm-none-eabi/4.5.1/thumb2/crtbegin.o
 .text          0x0000010c        0x0 game.o
 .text._Z15display_optionsi
                0x0000010c       0xfc game.o
                0x0000010c                _Z15display_optionsi
 .text._Z11game_actioni
                0x00000208       0x98 game.o
                0x00000208                _Z11game_actioni
 .text._Z11level_starti
                0x000002a0       0x84 game.o
                0x000002a0                _Z11level_starti
 .text._Z6buzzeri
                0x00000324       0x6c game.o
                0x00000324                _Z6buzzeri
 .text._Z18difficulty_displayv
                0x00000390       0x28 game.o
                0x00000390                _Z18difficulty_displayv
 .text._Z10game_starti
                0x000003b8      0x110 game.o
                0x000003b8                _Z10game_starti
 .text          0x000004c8        0x0 game_class.o
 .text._ZN4GAMEC2Ev
                0x000004c8       0x94 game_class.o
                0x000004c8                _ZN4GAMEC2Ev
                0x000004c8                _ZN4GAMEC1Ev
 .text._ZN4GAME12set_sequenceEi
                0x0000055c       0x6c game_class.o
                0x0000055c                _ZN4GAME12set_sequenceEi
 .text._ZN4GAME13test_sequenceEv
                0x000005c8       0x60 game_class.o
                0x000005c8                _ZN4GAME13test_sequenceEv
 .text._ZN4GAME18edit_user_sequenceEi
                0x00000628       0x60 game_class.o
                0x00000628                _ZN4GAME18edit_user_sequenceEi
 .text._ZN4GAME10check_flagEv
                0x00000688       0x30 game_class.o
                0x00000688                _ZN4GAME10check_flagEv
 .text._ZN4GAME13send_sequenceEv
                0x000006b8      0x134 game_class.o
                0x000006b8                _ZN4GAME13send_sequenceEv
 .text          0x000007ec        0x0 queue.o
 .text._ZN5QueueC2Ei
                0x000007ec       0x30 queue.o
                0x000007ec                _ZN5QueueC1Ei
                0x000007ec                _ZN5QueueC2Ei
 .text._ZN5Queue3addEi
                0x0000081c       0x54 queue.o
                0x0000081c                _ZN5Queue3addEi
 .text._ZN5Queue3avgEv
                0x00000870       0x68 queue.o
                0x00000870                _ZN5Queue3avgEv
 .text._ZN5Queue3minEv
                0x000008d8       0x5c queue.o
                0x000008d8                _ZN5Queue3minEv
 .text._ZN5Queue3maxEv
                0x00000934       0x5c queue.o
                0x00000934                _ZN5Queue3maxEv
 .text          0x00000990        0x0 main.o
 .text._Z10do_nothingv
                0x00000990        0xc main.o
                0x00000990                _Z10do_nothingv
 .text._Z4testv
                0x0000099c       0x8c main.o
                0x0000099c                _Z4testv
 .text._Z4menui
                0x00000a28       0xc8 main.o
                0x00000a28                _Z4menui
 .text._Z15sequence_senderi
                0x00000af0       0xdc main.o
                0x00000af0                _Z15sequence_senderi
 .text._Z8selectori
                0x00000bcc       0x64 main.o
                0x00000bcc                _Z8selectori
 .text._Z6editorii
                0x00000c30      0x108 main.o
                0x00000c30                _Z6editorii
 .text._Z9sequencerii
                0x00000d38      0x100 main.o
                0x00000d38                _Z9sequencerii
 .text._Z5errori
                0x00000e38       0xc0 main.o
                0x00000e38                _Z5errori
 .text._Z6actioni
                0x00000ef8      0xa18 main.o
                0x00000ef8                _Z6actioni
 .text.main     0x00001910       0xd8 main.o
                0x00001910                main
 .text._Z41__static_initialization_and_destruction_0ii
                0x000019e8       0x78 main.o
 .text._GLOBAL__I_pc
                0x00001a60       0x14 main.o
 .text          0x00001a74        0x0 music.o
 .text._Z10music_menui
                0x00001a74       0xdc music.o
                0x00001a74                _Z10music_menui
 .text._Z12music_buttoni
                0x00001b50       0xb8 music.o
                0x00001b50                _Z12music_buttoni
 .text._Z12music_repeatv
                0x00001c08       0x2c music.o
                0x00001c08                _Z12music_repeatv
 .text._Z11music_startv
                0x00001c34       0x8c music.o
                0x00001c34                _Z11music_startv
 .text._Z6volumev
                0x00001cc0      0x1c4 music.o
                0x00001cc0                _Z6volumev
 .text._Z6changev
                0x00001e84      0x398 music.o
                0x00001e84                _Z6changev
 .text._Z6rhythmv
                0x0000221c       0xc4 music.o
                0x0000221c                _Z6rhythmv
 .text._Z7maximumii
                0x000022e0       0x24 music.o
                0x000022e0                _Z7maximumii
 .text._Z6getvolv
                0x00002304       0xa4 music.o
                0x00002304                _Z6getvolv
 .text._Z41__static_initialization_and_destruction_0ii
                0x000023a8       0x40 music.o
 .text._GLOBAL__I_music_mode
                0x000023e8       0x14 music.o
 .text          0x000023fc        0x0 packet-manager.o
 .text._ZN14packet_managerC2Ev
                0x000023fc       0x18 packet-manager.o
                0x000023fc                _ZN14packet_managerC2Ev
                0x000023fc                _ZN14packet_managerC1Ev
 .text._ZN14packet_manager4initEv
                0x00002414       0x64 packet-manager.o
                0x00002414                _ZN14packet_manager4initEv
 .text._ZN14packet_manager6getptrEi
                0x00002478       0x2c packet-manager.o
                0x00002478                _ZN14packet_manager6getptrEi
 .text          0x000024a4        0x0 sequence-manager.o
 .text._ZN16sequence_managerC2Ev
                0x000024a4       0x18 sequence-manager.o
                0x000024a4                _ZN16sequence_managerC2Ev
                0x000024a4                _ZN16sequence_managerC1Ev
 .text._ZN16sequence_manager4initEv
                0x000024bc       0x64 sequence-manager.o
                0x000024bc                _ZN16sequence_manager4initEv
 .text._ZN16sequence_manager6getptrEi
                0x00002520       0x2c sequence-manager.o
                0x00002520                _ZN16sequence_manager6getptrEi
 .text          0x0000254c        0x0 lib/serial.o
 .text._ZN6SerialC2Ev
                0x0000254c       0x98 lib/serial.o
                0x0000254c                _ZN6SerialC2Ev
                0x0000254c                _ZN6SerialC1Ev
 .text._ZN6Serial4initEv
                0x000025e4       0x58 lib/serial.o
                0x000025e4                _ZN6Serial4initEv
 .text._ZN6Serial6printfEPcz
                0x0000263c       0x48 lib/serial.o
                0x0000263c                _ZN6Serial6printfEPcz
 .text._ZN6Serial5writeEPc
                0x00002684       0x38 lib/serial.o
                0x00002684                _ZN6Serial5writeEPc
 .text          0x000026bc        0x0 lib/pindef.o
 .text._Z7pinconf15PINSEL_CFG_Type
                0x000026bc       0x1c lib/pindef.o
                0x000026bc                _Z7pinconf15PINSEL_CFG_Type
 .text          0x000026d8        0x0 lib/i2c.o
 .text._ZN3I2CC2E15PINSEL_CFG_TypeS0_
                0x000026d8       0x44 lib/i2c.o
                0x000026d8                _ZN3I2CC1E15PINSEL_CFG_TypeS0_
                0x000026d8                _ZN3I2CC2E15PINSEL_CFG_TypeS0_
 .text._ZN3I2C4initEv
                0x0000271c       0x34 lib/i2c.o
                0x0000271c                _ZN3I2C4initEv
 .text._ZN3I2C5writeEmPhm
                0x00002750       0xb0 lib/i2c.o
                0x00002750                _ZN3I2C5writeEmPhm
 .text._ZN3I2C4readEmPhm
                0x00002800       0xb0 lib/i2c.o
                0x00002800                _ZN3I2C4readEmPhm
 .text          0x000028b0        0x0 lib/serial-dmx.o
 .text._ZN3DMXC2Ev
                0x000028b0       0x98 lib/serial-dmx.o
                0x000028b0                _ZN3DMXC2Ev
                0x000028b0                _ZN3DMXC1Ev
 .text._ZN3DMX4initEv
                0x00002948       0x78 lib/serial-dmx.o
                0x00002948                _ZN3DMX4initEv
 .text._ZN3DMX3padEPci
                0x000029c0       0x6c lib/serial-dmx.o
                0x000029c0                _ZN3DMX3padEPci
 .text._ZN3DMX4sendEPci
                0x00002a2c       0x58 lib/serial-dmx.o
                0x00002a2c                _ZN3DMX4sendEPci
 .text._ZN3DMX5writeEPci
                0x00002a84       0x30 lib/serial-dmx.o
                0x00002a84                _ZN3DMX5writeEPci
 .text._ZN3DMX10send_breakEv
                0x00002ab4       0x30 lib/serial-dmx.o
                0x00002ab4                _ZN3DMX10send_breakEv
 .text._ZN3DMX9end_breakEv
                0x00002ae4       0x30 lib/serial-dmx.o
                0x00002ae4                _ZN3DMX9end_breakEv
 .text          0x00002b14        0x0 lib/utilities.o
 .text._Z5delayi
                0x00002b14       0x34 lib/utilities.o
                0x00002b14                _Z5delayi
 .text._Z41__static_initialization_and_destruction_0ii
                0x00002b48       0x9c lib/utilities.o
 .text._GLOBAL__I_i2c
                0x00002be4       0x14 lib/utilities.o
 .text          0x00002bf8        0x0 lib/keypad.o
 .text._Z8checkrowcciPFviE
                0x00002bf8      0x124 lib/keypad.o
                0x00002bf8                _Z8checkrowcciPFviE
 .text._Z12keypad_checkPFviE
                0x00002d1c       0x88 lib/keypad.o
                0x00002d1c                _Z12keypad_checkPFviE
 .text          0x00002da4        0x0 lib/display.o
 .text._Z5resetv
                0x00002da4       0x44 lib/display.o
                0x00002da4                _Z5resetv
 .text._Z13setup_displayv
                0x00002de8       0x3c lib/display.o
                0x00002de8                _Z13setup_displayv
 .text._Z11return_homev
                0x00002e24       0x34 lib/display.o
                0x00002e24                _Z11return_homev
 .text._Z10shift_linev
                0x00002e58       0x34 lib/display.o
                0x00002e58                _Z10shift_linev
 .text._Z12cursor_shift10Shift_Typei
                0x00002e8c       0xb0 lib/display.o
                0x00002e8c                _Z12cursor_shift10Shift_Typei
 .text._Z9printcharc
                0x00002f3c       0x44 lib/display.o
                0x00002f3c                _Z9printcharc
 .text._Z9putcustomc
                0x00002f80       0x3c lib/display.o
                0x00002f80                _Z9putcustomc
 .text._Z8printstrPc
                0x00002fbc       0x44 lib/display.o
                0x00002fbc                _Z8printstrPc
 .text._Z13clear_displayv
                0x00003000       0x70 lib/display.o
                0x00003000                _Z13clear_displayv
 .text          0x00003070        0x0 lib/analog.o
 .text._ZN8AnalogInC2Ev
                0x00003070       0x58 lib/analog.o
                0x00003070                _ZN8AnalogInC2Ev
                0x00003070                _ZN8AnalogInC1Ev
 .text._ZN9AnalogOutC2Ev
                0x000030c8       0x58 lib/analog.o
                0x000030c8                _ZN9AnalogOutC1Ev
                0x000030c8                _ZN9AnalogOutC2Ev
 .text._ZN8AnalogIn4initEv
                0x00003120       0x4c lib/analog.o
                0x00003120                _ZN8AnalogIn4initEv
 .text._ZN9AnalogOut4initEv
                0x0000316c       0x1c lib/analog.o
                0x0000316c                _ZN9AnalogOut4initEv
 .text._ZN8AnalogIn4readEv
                0x00003188       0x5c lib/analog.o
                0x00003188                _ZN8AnalogIn4readEv
 .text._ZN9AnalogOut5writeEm
                0x000031e4       0x20 lib/analog.o
                0x000031e4                _ZN9AnalogOut5writeEm
 .text          0x00003204        0x0 /opt/york/cs/net/lpc1700-cmsis-lite-2011.01.26-i686-1/lib/core_cm3.o
 .text          0x00003204        0x0 /opt/york/cs/net/lpc1700-cmsis-lite-2011.01.26-i686-1/lib/system_LPC17xx.o
 .text.SystemCoreClockUpdate
                0x00003204      0x228 /opt/york/cs/net/lpc1700-cmsis-lite-2011.01.26-i686-1/lib/system_LPC17xx.o
                0x00003204                SystemCoreClockUpdate
 .text.SystemInit
                0x0000342c      0x240 /opt/york/cs/net/lpc1700-cmsis-lite-2011.01.26-i686-1/lib/system_LPC17xx.o
                0x0000342c                SystemInit
 .text          0x0000366c       0x14 /opt/york/cs/net/lpc1700-cmsis-lite-2011.01.26-i686-1/lib/startup_LPC17xx.o
                0x0000366c                NMI_Handler
                0x0000366e                HardFault_Handler
                0x00003670                MemManage_Handler
                0x00003672                BusFault_Handler
                0x00003674                UsageFault_Handler
                0x00003676                SVC_Handler
                0x00003678                DebugMon_Handler
                0x0000367a                PendSV_Handler
                0x0000367c                SysTick_Handler
                0x0000367e                TIMER2_IRQHandler
                0x0000367e                RIT_IRQHandler
                0x0000367e                I2C0_IRQHandler
                0x0000367e                USBActivity_IRQHandler
                0x0000367e                PWM1_IRQHandler
                0x0000367e                I2C1_IRQHandler
                0x0000367e                EINT2_IRQHandler
                0x0000367e                UART1_IRQHandler
                0x0000367e                EINT3_IRQHandler
                0x0000367e                CANActivity_IRQHandler
                0x0000367e                TIMER3_IRQHandler
                0x0000367e                UART0_IRQHandler
                0x0000367e                PLL0_IRQHandler
                0x0000367e                CAN_IRQHandler
                0x0000367e                PLL1_IRQHandler
                0x0000367e                SSP0_IRQHandler
                0x0000367e                I2S_IRQHandler
                0x0000367e                I2C2_IRQHandler
                0x0000367e                RTC_IRQHandler
                0x0000367e                TIMER0_IRQHandler
                0x0000367e                SPI_IRQHandler
                0x0000367e                EINT1_IRQHandler
                0x0000367e                TIMER1_IRQHandler
                0x0000367e                UART2_IRQHandler
                0x0000367e                Default_Handler
                0x0000367e                ADC_IRQHandler
                0x0000367e                SSP1_IRQHandler
                0x0000367e                USB_IRQHandler
                0x0000367e                BOD_IRQHandler
                0x0000367e                WDT_IRQHandler
                0x0000367e                QEI_IRQHandler
                0x0000367e                EINT0_IRQHandler
                0x0000367e                DMA_IRQHandler
                0x0000367e                UART3_IRQHandler
                0x0000367e                MCPWM_IRQHandler
                0x0000367e                ENET_IRQHandler
 .text          0x00003680       0x10 /opt/york/cs/net/sourcery-g++-lite-arm-eabi-2010.09.51-i686-1/arm-none-eabi/lib/thumb2/libg.a(lib_a-atoi.o)
                0x00003680                atoi
                0x00003688                _atoi_r
 .text          0x00003690       0x20 /opt/york/cs/net/sourcery-g++-lite-arm-eabi-2010.09.51-i686-1/arm-none-eabi/lib/thumb2/libg.a(lib_a-malloc.o)
                0x00003690                malloc
                0x000036a0                free
 .text          0x000036b0      0x57c /opt/york/cs/net/sourcery-g++-lite-arm-eabi-2010.09.51-i686-1/arm-none-eabi/lib/thumb2/libg.a(lib_a-mallocr.o)
                0x000036b0                _malloc_r
 .text          0x00003c2c      0x150 /opt/york/cs/net/sourcery-g++-lite-arm-eabi-2010.09.51-i686-1/arm-none-eabi/lib/thumb2/libg.a(lib_a-memcpy.o)
                0x00003c2c                memcpy
 .text          0x00003d7c       0xb4 /opt/york/cs/net/sourcery-g++-lite-arm-eabi-2010.09.51-i686-1/arm-none-eabi/lib/thumb2/libg.a(lib_a-memset.o)
                0x00003d7c                memset
 .text          0x00003e30        0x8 /opt/york/cs/net/sourcery-g++-lite-arm-eabi-2010.09.51-i686-1/arm-none-eabi/lib/thumb2/libg.a(lib_a-mlock.o)
                0x00003e30                __malloc_lock
                0x00003e34                __malloc_unlock
 .text          0x00003e38      0x100 /opt/york/cs/net/sourcery-g++-lite-arm-eabi-2010.09.51-i686-1/arm-none-eabi/lib/thumb2/libg.a(lib_a-rand.o)
                0x00003e38                srand
                0x00003e94                rand
 .text          0x00003f38       0x28 /opt/york/cs/net/sourcery-g++-lite-arm-eabi-2010.09.51-i686-1/arm-none-eabi/lib/thumb2/libg.a(lib_a-sbrkr.o)
                0x00003f38                _sbrk_r
 .text          0x00003f60       0x94 /opt/york/cs/net/sourcery-g++-lite-arm-eabi-2010.09.51-i686-1/arm-none-eabi/lib/thumb2/libg.a(lib_a-sprintf.o)
                0x00003f60                _sprintf_r
                0x00003fa4                sprintf
 .text          0x00003ff4       0x60 /opt/york/cs/net/sourcery-g++-lite-arm-eabi-2010.09.51-i686-1/arm-none-eabi/lib/thumb2/libg.a(lib_a-strlen.o)
                0x00003ff4                strlen
 .text          0x00004054      0x17c /opt/york/cs/net/sourcery-g++-lite-arm-eabi-2010.09.51-i686-1/arm-none-eabi/lib/thumb2/libg.a(lib_a-strtol.o)
                0x00004054                _strtol_r
                0x000041b8                strtol
 .text          0x000041d0     0x1658 /opt/york/cs/net/sourcery-g++-lite-arm-eabi-2010.09.51-i686-1/arm-none-eabi/lib/thumb2/libg.a(lib_a-svfprintf.o)
                0x000041d0                _svfprintf_r
 .text          0x00005828       0x4c /opt/york/cs/net/sourcery-g++-lite-arm-eabi-2010.09.51-i686-1/arm-none-eabi/lib/thumb2/libg.a(lib_a-vsprintf.o)
                0x00005828                _vsprintf_r
                0x0000585c                vsprintf
 .text          0x00005874        0x0 /opt/york/cs/net/sourcery-g++-lite-arm-eabi-2010.09.51-i686-1/arm-none-eabi/lib/thumb2/libg.a(lib_a-ctype_.o)
 *fill*         0x00005874        0x4 00
 .text          0x00005878     0x1000 /opt/york/cs/net/sourcery-g++-lite-arm-eabi-2010.09.51-i686-1/arm-none-eabi/lib/thumb2/libg.a(lib_a-dtoa.o)
                0x000059a4                _dtoa_r
 .text          0x00006878      0x240 /opt/york/cs/net/sourcery-g++-lite-arm-eabi-2010.09.51-i686-1/arm-none-eabi/lib/thumb2/libg.a(lib_a-freer.o)
                0x00006878                _malloc_trim_r
                0x00006920                _free_r
 .text          0x00006ab8        0x0 /opt/york/cs/net/sourcery-g++-lite-arm-eabi-2010.09.51-i686-1/arm-none-eabi/lib/thumb2/libg.a(lib_a-impure.o)
 .text          0x00006ab8       0xa0 /opt/york/cs/net/sourcery-g++-lite-arm-eabi-2010.09.51-i686-1/arm-none-eabi/lib/thumb2/libg.a(lib_a-locale.o)
                0x00006ab8                _setlocale_r
                0x00006b14                __locale_charset
                0x00006b20                __locale_mb_cur_max
                0x00006b2c                __locale_msgcharset
                0x00006b34                __locale_cjk_lang
                0x00006b38                _localeconv_r
                0x00006b40                setlocale
                0x00006b50                localeconv
 .text          0x00006b58       0x88 /opt/york/cs/net/sourcery-g++-lite-arm-eabi-2010.09.51-i686-1/arm-none-eabi/lib/thumb2/libg.a(lib_a-memchr.o)
                0x00006b58                memchr
 .text          0x00006be0      0x920 /opt/york/cs/net/sourcery-g++-lite-arm-eabi-2010.09.51-i686-1/arm-none-eabi/lib/thumb2/libg.a(lib_a-mprec.o)
                0x00006be0                _Balloc
                0x00006c48                _Bfree
                0x00006c80                __multadd
                0x00006d04                __s2b
                0x00006d98                __hi0bits
                0x00006dd8                __lo0bits
                0x00006e3c                __i2b
                0x00006e50                __multiply
                0x00006f78                __pow5mult
                0x0000701c                __lshift
                0x000070c8                __mcmp
                0x00007104                __mdiff
                0x000071fc                __ulp
                0x00007244                __b2d
                0x000072f0                __d2b
                0x000073b8                __ratio
                0x00007428                _mprec_log10
                0x0000745c                __copybits
                0x000074a4                __any_on
 .text          0x00007500      0x114 /opt/york/cs/net/sourcery-g++-lite-arm-eabi-2010.09.51-i686-1/arm-none-eabi/lib/thumb2/libg.a(lib_a-reent.o)
                0x00007500                cleanup_glue
                0x0000751c                _reclaim_reent
                0x000075dc                _wrapup_reent
 .text          0x00007614       0x90 /opt/york/cs/net/sourcery-g++-lite-arm-eabi-2010.09.51-i686-1/arm-none-eabi/lib/thumb2/libg.a(lib_a-s_fpclassify.o)
                0x00007614                __fpclassifyd
 .text          0x000076a4      0x1dc /opt/york/cs/net/sourcery-g++-lite-arm-eabi-2010.09.51-i686-1/arm-none-eabi/lib/thumb2/libg.a(lib_a-strcmp.o)
                0x000076a4                strcmp
 .text          0x00007880      0xbe4 /opt/york/cs/net/sourcery-g++-lite-arm-eabi-2010.09.51-i686-1/arm-none-eabi/lib/thumb2/libg.a(lib_a-svfiprintf.o)
                0x00007880                __ssprint_r
                0x00007988                _svfiprintf_r
 .text          0x00008464       0x5c /opt/york/cs/net/sourcery-g++-lite-arm-eabi-2010.09.51-i686-1/arm-none-eabi/lib/thumb2/libg.a(lib_a-callocr.o)
                0x00008464                _calloc_r
 .text          0x000084c0       0xa0 /opt/york/cs/net/sourcery-g++-lite-arm-eabi-2010.09.51-i686-1/arm-none-eabi/lib/thumb2/libg.a(lib_a-memmove.o)
                0x000084c0                memmove
 .text          0x00008560      0x41c /opt/york/cs/net/sourcery-g++-lite-arm-eabi-2010.09.51-i686-1/arm-none-eabi/lib/thumb2/libg.a(lib_a-reallocr.o)
                0x00008560                _realloc_r
 .text          0x0000897c        0xc /opt/york/cs/net/sourcery-g++-lite-arm-eabi-2010.09.51-i686-1/arm-none-eabi/lib/thumb2/libstdc++.a(eh_arm.o)
                0x0000897c                __cxa_end_cleanup
 .text.__cxa_type_match
                0x00008988       0xfc /opt/york/cs/net/sourcery-g++-lite-arm-eabi-2010.09.51-i686-1/arm-none-eabi/lib/thumb2/libstdc++.a(eh_arm.o)
                0x00008988                __cxa_type_match
 .text.__cxa_begin_cleanup
                0x00008a84       0x70 /opt/york/cs/net/sourcery-g++-lite-arm-eabi-2010.09.51-i686-1/arm-none-eabi/lib/thumb2/libstdc++.a(eh_arm.o)
                0x00008a84                __cxa_begin_cleanup
 .text.__gnu_end_cleanup
                0x00008af4       0x7c /opt/york/cs/net/sourcery-g++-lite-arm-eabi-2010.09.51-i686-1/arm-none-eabi/lib/thumb2/libstdc++.a(eh_arm.o)
                0x00008af4                __gnu_end_cleanup
 .text          0x00008b70        0x0 /opt/york/cs/net/sourcery-g++-lite-arm-eabi-2010.09.51-i686-1/arm-none-eabi/lib/thumb2/libstdc++.a(fundamental_type_info.o)
 .text._ZN10__cxxabiv123__fundamental_type_infoD2Ev
                0x00008b70       0x14 /opt/york/cs/net/sourcery-g++-lite-arm-eabi-2010.09.51-i686-1/arm-none-eabi/lib/thumb2/libstdc++.a(fundamental_type_info.o)
                0x00008b70                _ZN10__cxxabiv123__fundamental_type_infoD1Ev
                0x00008b70                _ZN10__cxxabiv123__fundamental_type_infoD2Ev
 .text._ZN10__cxxabiv123__fundamental_type_infoD0Ev
                0x00008b84       0x1c /opt/york/cs/net/sourcery-g++-lite-arm-eabi-2010.09.51-i686-1/arm-none-eabi/lib/thumb2/libstdc++.a(fundamental_type_info.o)
                0x00008b84                _ZN10__cxxabiv123__fundamental_type_infoD0Ev
 .text          0x00008ba0        0x0 /opt/york/cs/net/sourcery-g++-lite-arm-eabi-2010.09.51-i686-1/arm-none-eabi/lib/thumb2/libstdc++.a(pointer_type_info.o)
 .text._ZNK10__cxxabiv119__pointer_type_info14__is_pointer_pEv
                0x00008ba0        0x4 /opt/york/cs/net/sourcery-g++-lite-arm-eabi-2010.09.51-i686-1/arm-none-eabi/lib/thumb2/libstdc++.a(pointer_type_info.o)
                0x00008ba0                _ZNK10__cxxabiv119__pointer_type_info14__is_pointer_pEv
 .text._ZNK10__cxxabiv119__pointer_type_info15__pointer_catchEPKNS_17__pbase_type_infoEPPvj
                0x00008ba4       0x4c /opt/york/cs/net/sourcery-g++-lite-arm-eabi-2010.09.51-i686-1/arm-none-eabi/lib/thumb2/libstdc++.a(pointer_type_info.o)
                0x00008ba4                _ZNK10__cxxabiv119__pointer_type_info15__pointer_catchEPKNS_17__pbase_type_infoEPPvj
 .text._ZN10__cxxabiv119__pointer_type_infoD2Ev
                0x00008bf0       0x14 /opt/york/cs/net/sourcery-g++-lite-arm-eabi-2010.09.51-i686-1/arm-none-eabi/lib/thumb2/libstdc++.a(pointer_type_info.o)
                0x00008bf0                _ZN10__cxxabiv119__pointer_type_infoD1Ev
                0x00008bf0                _ZN10__cxxabiv119__pointer_type_infoD2Ev
 .text._ZN10__cxxabiv119__pointer_type_infoD0Ev
                0x00008c04       0x1c /opt/york/cs/net/sourcery-g++-lite-arm-eabi-2010.09.51-i686-1/arm-none-eabi/lib/thumb2/libstdc++.a(pointer_type_info.o)
                0x00008c04                _ZN10__cxxabiv119__pointer_type_infoD0Ev
 .text          0x00008c20        0x0 /opt/york/cs/net/sourcery-g++-lite-arm-eabi-2010.09.51-i686-1/arm-none-eabi/lib/thumb2/libstdc++.a(eh_alloc.o)
 .text.__cxa_allocate_exception
                0x00008c20       0x7c /opt/york/cs/net/sourcery-g++-lite-arm-eabi-2010.09.51-i686-1/arm-none-eabi/lib/thumb2/libstdc++.a(eh_alloc.o)
                0x00008c20                __cxa_allocate_exception
 .text.__cxa_free_exception
                0x00008c9c       0x3c /opt/york/cs/net/sourcery-g++-lite-arm-eabi-2010.09.51-i686-1/arm-none-eabi/lib/thumb2/libstdc++.a(eh_alloc.o)
                0x00008c9c                __cxa_free_exception
 .text.__cxa_allocate_dependent_exception
                0x00008cd8       0x78 /opt/york/cs/net/sourcery-g++-lite-arm-eabi-2010.09.51-i686-1/arm-none-eabi/lib/thumb2/libstdc++.a(eh_alloc.o)
                0x00008cd8                __cxa_allocate_dependent_exception
 .text.__cxa_free_dependent_exception
                0x00008d50       0x4c /opt/york/cs/net/sourcery-g++-lite-arm-eabi-2010.09.51-i686-1/arm-none-eabi/lib/thumb2/libstdc++.a(eh_alloc.o)
                0x00008d50                __cxa_free_dependent_exception
 .text._GLOBAL__I___cxa_allocate_exception
                0x00008d9c        0x4 /opt/york/cs/net/sourcery-g++-lite-arm-eabi-2010.09.51-i686-1/arm-none-eabi/lib/thumb2/libstdc++.a(eh_alloc.o)
 .text          0x00008da0        0x0 /opt/york/cs/net/sourcery-g++-lite-arm-eabi-2010.09.51-i686-1/arm-none-eabi/lib/thumb2/libstdc++.a(tinfo.o)
 .text._ZNSt9type_infoD2Ev
                0x00008da0        0xc /opt/york/cs/net/sourcery-g++-lite-arm-eabi-2010.09.51-i686-1/arm-none-eabi/lib/thumb2/libstdc++.a(tinfo.o)
                0x00008da0                _ZNSt9type_infoD1Ev
                0x00008da0                _ZNSt9type_infoD2Ev
 .text._ZNKSt9type_info14__is_pointer_pEv
                0x00008dac        0x4 /opt/york/cs/net/sourcery-g++-lite-arm-eabi-2010.09.51-i686-1/arm-none-eabi/lib/thumb2/libstdc++.a(tinfo.o)
                0x00008dac                _ZNKSt9type_info14__is_pointer_pEv
 .text._ZNKSt9type_info15__is_function_pEv
                0x00008db0        0x4 /opt/york/cs/net/sourcery-g++-lite-arm-eabi-2010.09.51-i686-1/arm-none-eabi/lib/thumb2/libstdc++.a(tinfo.o)
                0x00008db0                _ZNKSt9type_info15__is_function_pEv
 .text._ZNKSt9type_info11__do_upcastEPKN10__cxxabiv117__class_type_infoEPPv
                0x00008db4        0x4 /opt/york/cs/net/sourcery-g++-lite-arm-eabi-2010.09.51-i686-1/arm-none-eabi/lib/thumb2/libstdc++.a(tinfo.o)
                0x00008db4                _ZNKSt9type_info11__do_upcastEPKN10__cxxabiv117__class_type_infoEPPv
 .text._ZNSt9type_infoD0Ev
                0x00008db8       0x14 /opt/york/cs/net/sourcery-g++-lite-arm-eabi-2010.09.51-i686-1/arm-none-eabi/lib/thumb2/libstdc++.a(tinfo.o)
                0x00008db8                _ZNSt9type_infoD0Ev
 .text._ZNKSt9type_infoeqERKS_
                0x00008dcc       0x3c /opt/york/cs/net/sourcery-g++-lite-arm-eabi-2010.09.51-i686-1/arm-none-eabi/lib/thumb2/libstdc++.a(tinfo.o)
                0x00008dcc                _ZNKSt9type_infoeqERKS_
 .text._ZNKSt9type_info10__do_catchEPKS_PPvj
                0x00008e08        0x4 /opt/york/cs/net/sourcery-g++-lite-arm-eabi-2010.09.51-i686-1/arm-none-eabi/lib/thumb2/libstdc++.a(tinfo.o)
                0x00008e08                _ZNKSt9type_info10__do_catchEPKS_PPvj
 .text          0x00008e0c        0x0 /opt/york/cs/net/sourcery-g++-lite-arm-eabi-2010.09.51-i686-1/arm-none-eabi/lib/thumb2/libstdc++.a(class_type_info.o)
 .text._ZNK10__cxxabiv117__class_type_info11__do_upcastEPKS0_PPv
                0x00008e0c       0x38 /opt/york/cs/net/sourcery-g++-lite-arm-eabi-2010.09.51-i686-1/arm-none-eabi/lib/thumb2/libstdc++.a(class_type_info.o)
                0x00008e0c                _ZNK10__cxxabiv117__class_type_info11__do_upcastEPKS0_PPv
 .text._ZNK10__cxxabiv117__class_type_info20__do_find_public_srcEiPKvPKS0_S2_
                0x00008e44        0xc /opt/york/cs/net/sourcery-g++-lite-arm-eabi-2010.09.51-i686-1/arm-none-eabi/lib/thumb2/libstdc++.a(class_type_info.o)
                0x00008e44                _ZNK10__cxxabiv117__class_type_info20__do_find_public_srcEiPKvPKS0_S2_
 .text._ZNK10__cxxabiv117__class_type_info11__do_upcastEPKS0_PKvRNS0_15__upcast_resultE
                0x00008e50       0x1c /opt/york/cs/net/sourcery-g++-lite-arm-eabi-2010.09.51-i686-1/arm-none-eabi/lib/thumb2/libstdc++.a(class_type_info.o)
                0x00008e50                _ZNK10__cxxabiv117__class_type_info11__do_upcastEPKS0_PKvRNS0_15__upcast_resultE
 .text._ZNK10__cxxabiv117__class_type_info12__do_dyncastEiNS0_10__sub_kindEPKS0_PKvS3_S5_RNS0_16__dyncast_resultE
                0x00008e6c       0x3c /opt/york/cs/net/sourcery-g++-lite-arm-eabi-2010.09.51-i686-1/arm-none-eabi/lib/thumb2/libstdc++.a(class_type_info.o)
                0x00008e6c                _ZNK10__cxxabiv117__class_type_info12__do_dyncastEiNS0_10__sub_kindEPKS0_PKvS3_S5_RNS0_16__dyncast_resultE
 .text._ZNK10__cxxabiv117__class_type_info10__do_catchEPKSt9type_infoPPvj
                0x00008ea8       0x28 /opt/york/cs/net/sourcery-g++-lite-arm-eabi-2010.09.51-i686-1/arm-none-eabi/lib/thumb2/libstdc++.a(class_type_info.o)
                0x00008ea8                _ZNK10__cxxabiv117__class_type_info10__do_catchEPKSt9type_infoPPvj
 .text._ZN10__cxxabiv117__class_type_infoD2Ev
                0x00008ed0       0x14 /opt/york/cs/net/sourcery-g++-lite-arm-eabi-2010.09.51-i686-1/arm-none-eabi/lib/thumb2/libstdc++.a(class_type_info.o)
                0x00008ed0                _ZN10__cxxabiv117__class_type_infoD1Ev
                0x00008ed0                _ZN10__cxxabiv117__class_type_infoD2Ev
 .text._ZN10__cxxabiv117__class_type_infoD0Ev
                0x00008ee4       0x1c /opt/york/cs/net/sourcery-g++-lite-arm-eabi-2010.09.51-i686-1/arm-none-eabi/lib/thumb2/libstdc++.a(class_type_info.o)
                0x00008ee4                _ZN10__cxxabiv117__class_type_infoD0Ev
 .text          0x00008f00        0x0 /opt/york/cs/net/sourcery-g++-lite-arm-eabi-2010.09.51-i686-1/arm-none-eabi/lib/thumb2/libstdc++.a(eh_personality.o)
 .text._ZL12read_sleb128PKhPl
                0x00008f00       0x3c /opt/york/cs/net/sourcery-g++-lite-arm-eabi-2010.09.51-i686-1/arm-none-eabi/lib/thumb2/libstdc++.a(eh_personality.o)
 .text._ZL28read_encoded_value_with_basehjPKhPj
                0x00008f3c       0xcc /opt/york/cs/net/sourcery-g++-lite-arm-eabi-2010.09.51-i686-1/arm-none-eabi/lib/thumb2/libstdc++.a(eh_personality.o)
 .text._ZL21base_of_encoded_valuehP15_Unwind_Context
                0x00009008       0x4c /opt/york/cs/net/sourcery-g++-lite-arm-eabi-2010.09.51-i686-1/arm-none-eabi/lib/thumb2/libstdc++.a(eh_personality.o)
 .text._ZL17parse_lsda_headerP15_Unwind_ContextPKhP16lsda_header_info
                0x00009054       0x8c /opt/york/cs/net/sourcery-g++-lite-arm-eabi-2010.09.51-i686-1/arm-none-eabi/lib/thumb2/libstdc++.a(eh_personality.o)
 .text.__gxx_personality_v0
                0x000090e0      0x3dc /opt/york/cs/net/sourcery-g++-lite-arm-eabi-2010.09.51-i686-1/arm-none-eabi/lib/thumb2/libstdc++.a(eh_personality.o)
                0x000090e0                __gxx_personality_v0
 .text          0x000094bc        0x0 /opt/york/cs/net/sourcery-g++-lite-arm-eabi-2010.09.51-i686-1/arm-none-eabi/lib/thumb2/libstdc++.a(eh_throw.o)
 .text._ZL23__gxx_exception_cleanup19_Unwind_Reason_CodeP21_Unwind_Control_Block
                0x000094bc       0x4c /opt/york/cs/net/sourcery-g++-lite-arm-eabi-2010.09.51-i686-1/arm-none-eabi/lib/thumb2/libstdc++.a(eh_throw.o)
 .text.__cxa_throw
                0x00009508       0x80 /opt/york/cs/net/sourcery-g++-lite-arm-eabi-2010.09.51-i686-1/arm-none-eabi/lib/thumb2/libstdc++.a(eh_throw.o)
                0x00009508                __cxa_throw
 .text.__cxa_rethrow
                0x00009588       0x78 /opt/york/cs/net/sourcery-g++-lite-arm-eabi-2010.09.51-i686-1/arm-none-eabi/lib/thumb2/libstdc++.a(eh_throw.o)
                0x00009588                __cxa_rethrow
 .text          0x00009600        0x0 /opt/york/cs/net/sourcery-g++-lite-arm-eabi-2010.09.51-i686-1/arm-none-eabi/lib/thumb2/libstdc++.a(eh_globals.o)
 .text.__cxa_get_globals_fast
                0x00009600        0xc /opt/york/cs/net/sourcery-g++-lite-arm-eabi-2010.09.51-i686-1/arm-none-eabi/lib/thumb2/libstdc++.a(eh_globals.o)
                0x00009600                __cxa_get_globals_fast
 .text.__cxa_get_globals
                0x0000960c        0xc /opt/york/cs/net/sourcery-g++-lite-arm-eabi-2010.09.51-i686-1/arm-none-eabi/lib/thumb2/libstdc++.a(eh_globals.o)
                0x0000960c                __cxa_get_globals
 .text          0x00009618        0x0 /opt/york/cs/net/sourcery-g++-lite-arm-eabi-2010.09.51-i686-1/arm-none-eabi/lib/thumb2/libstdc++.a(del_op.o)
 .text._ZdlPv   0x00009618        0x8 /opt/york/cs/net/sourcery-g++-lite-arm-eabi-2010.09.51-i686-1/arm-none-eabi/lib/thumb2/libstdc++.a(del_op.o)
                0x00009618                _ZdlPv
 .text          0x00009620        0x0 /opt/york/cs/net/sourcery-g++-lite-arm-eabi-2010.09.51-i686-1/arm-none-eabi/lib/thumb2/libstdc++.a(eh_catch.o)
 .text.__cxa_get_exception_ptr
                0x00009620        0x4 /opt/york/cs/net/sourcery-g++-lite-arm-eabi-2010.09.51-i686-1/arm-none-eabi/lib/thumb2/libstdc++.a(eh_catch.o)
                0x00009620                __cxa_get_exception_ptr
 .text.__cxa_begin_catch
                0x00009624       0x9c /opt/york/cs/net/sourcery-g++-lite-arm-eabi-2010.09.51-i686-1/arm-none-eabi/lib/thumb2/libstdc++.a(eh_catch.o)
                0x00009624                __cxa_begin_catch
 .text.__cxa_end_catch
                0x000096c0       0x98 /opt/york/cs/net/sourcery-g++-lite-arm-eabi-2010.09.51-i686-1/arm-none-eabi/lib/thumb2/libstdc++.a(eh_catch.o)
                0x000096c0                __cxa_end_catch
 .text._ZSt18uncaught_exceptionv
                0x00009758       0x10 /opt/york/cs/net/sourcery-g++-lite-arm-eabi-2010.09.51-i686-1/arm-none-eabi/lib/thumb2/libstdc++.a(eh_catch.o)
                0x00009758                _ZSt18uncaught_exceptionv
 .text          0x00009768        0x0 /opt/york/cs/net/sourcery-g++-lite-arm-eabi-2010.09.51-i686-1/arm-none-eabi/lib/thumb2/libstdc++.a(eh_aux_runtime.o)
 .text.__cxa_bad_cast
                0x00009768       0x24 /opt/york/cs/net/sourcery-g++-lite-arm-eabi-2010.09.51-i686-1/arm-none-eabi/lib/thumb2/libstdc++.a(eh_aux_runtime.o)
                0x00009768                __cxa_bad_cast
 .text.__cxa_bad_typeid
                0x0000978c       0x24 /opt/york/cs/net/sourcery-g++-lite-arm-eabi-2010.09.51-i686-1/arm-none-eabi/lib/thumb2/libstdc++.a(eh_aux_runtime.o)
                0x0000978c                __cxa_bad_typeid
 .text          0x000097b0        0x0 /opt/york/cs/net/sourcery-g++-lite-arm-eabi-2010.09.51-i686-1/arm-none-eabi/lib/thumb2/libstdc++.a(guard.o)
 .text.__cxa_guard_acquire
                0x000097b0       0x3c /opt/york/cs/net/sourcery-g++-lite-arm-eabi-2010.09.51-i686-1/arm-none-eabi/lib/thumb2/libstdc++.a(guard.o)
                0x000097b0                __cxa_guard_acquire
 .text.__cxa_guard_abort
                0x000097ec        0x8 /opt/york/cs/net/sourcery-g++-lite-arm-eabi-2010.09.51-i686-1/arm-none-eabi/lib/thumb2/libstdc++.a(guard.o)
                0x000097ec                __cxa_guard_abort
 .text.__cxa_guard_release
                0x000097f4        0x8 /opt/york/cs/net/sourcery-g++-lite-arm-eabi-2010.09.51-i686-1/arm-none-eabi/lib/thumb2/libstdc++.a(guard.o)
                0x000097f4                __cxa_guard_release
 .text          0x000097fc        0x0 /opt/york/cs/net/sourcery-g++-lite-arm-eabi-2010.09.51-i686-1/arm-none-eabi/lib/thumb2/libstdc++.a(si_class_type_info.o)
 .text._ZNK10__cxxabiv120__si_class_type_info11__do_upcastEPKNS_17__class_type_infoEPKvRNS1_15__upcast_resultE
                0x000097fc       0x28 /opt/york/cs/net/sourcery-g++-lite-arm-eabi-2010.09.51-i686-1/arm-none-eabi/lib/thumb2/libstdc++.a(si_class_type_info.o)
                0x000097fc                _ZNK10__cxxabiv120__si_class_type_info11__do_upcastEPKNS_17__class_type_infoEPKvRNS1_15__upcast_resultE
 .text._ZNK10__cxxabiv120__si_class_type_info12__do_dyncastEiNS_17__class_type_info10__sub_kindEPKS1_PKvS4_S6_RNS1_16__dyncast_resultE
                0x00009824       0x90 /opt/york/cs/net/sourcery-g++-lite-arm-eabi-2010.09.51-i686-1/arm-none-eabi/lib/thumb2/libstdc++.a(si_class_type_info.o)
                0x00009824                _ZNK10__cxxabiv120__si_class_type_info12__do_dyncastEiNS_17__class_type_info10__sub_kindEPKS1_PKvS4_S6_RNS1_16__dyncast_resultE
 .text._ZNK10__cxxabiv120__si_class_type_info20__do_find_public_srcEiPKvPKNS_17__class_type_infoES2_
                0x000098b4       0x38 /opt/york/cs/net/sourcery-g++-lite-arm-eabi-2010.09.51-i686-1/arm-none-eabi/lib/thumb2/libstdc++.a(si_class_type_info.o)
                0x000098b4                _ZNK10__cxxabiv120__si_class_type_info20__do_find_public_srcEiPKvPKNS_17__class_type_infoES2_
 .text._ZN10__cxxabiv120__si_class_type_infoD2Ev
                0x000098ec       0x14 /opt/york/cs/net/sourcery-g++-lite-arm-eabi-2010.09.51-i686-1/arm-none-eabi/lib/thumb2/libstdc++.a(si_class_type_info.o)
                0x000098ec                _ZN10__cxxabiv120__si_class_type_infoD2Ev
                0x000098ec                _ZN10__cxxabiv120__si_class_type_infoD1Ev
 .text._ZN10__cxxabiv120__si_class_type_infoD0Ev
                0x00009900       0x1c /opt/york/cs/net/sourcery-g++-lite-arm-eabi-2010.09.51-i686-1/arm-none-eabi/lib/thumb2/libstdc++.a(si_class_type_info.o)
                0x00009900                _ZN10__cxxabiv120__si_class_type_infoD0Ev
 .text          0x0000991c        0x0 /opt/york/cs/net/sourcery-g++-lite-arm-eabi-2010.09.51-i686-1/arm-none-eabi/lib/thumb2/libstdc++.a(bad_cast.o)
 .text._ZNKSt8bad_cast4whatEv
                0x0000991c        0xc /opt/york/cs/net/sourcery-g++-lite-arm-eabi-2010.09.51-i686-1/arm-none-eabi/lib/thumb2/libstdc++.a(bad_cast.o)
                0x0000991c                _ZNKSt8bad_cast4whatEv
 .text._ZNSt8bad_castD2Ev
                0x00009928       0x14 /opt/york/cs/net/sourcery-g++-lite-arm-eabi-2010.09.51-i686-1/arm-none-eabi/lib/thumb2/libstdc++.a(bad_cast.o)
                0x00009928                _ZNSt8bad_castD1Ev
                0x00009928                _ZNSt8bad_castD2Ev
 .text._ZNSt8bad_castD0Ev
                0x0000993c       0x1c /opt/york/cs/net/sourcery-g++-lite-arm-eabi-2010.09.51-i686-1/arm-none-eabi/lib/thumb2/libstdc++.a(bad_cast.o)
                0x0000993c                _ZNSt8bad_castD0Ev
 .text          0x00009958        0x0 /opt/york/cs/net/sourcery-g++-lite-arm-eabi-2010.09.51-i686-1/arm-none-eabi/lib/thumb2/libstdc++.a(eh_terminate.o)
 .text._ZN10__cxxabiv111__terminateEPFvvE
                0x00009958       0x28 /opt/york/cs/net/sourcery-g++-lite-arm-eabi-2010.09.51-i686-1/arm-none-eabi/lib/thumb2/libstdc++.a(eh_terminate.o)
                0x00009958                _ZN10__cxxabiv111__terminateEPFvvE
 .text._ZSt9terminatev
                0x00009980       0x10 /opt/york/cs/net/sourcery-g++-lite-arm-eabi-2010.09.51-i686-1/arm-none-eabi/lib/thumb2/libstdc++.a(eh_terminate.o)
                0x00009980                _ZSt9terminatev
 .text._ZN10__cxxabiv112__unexpectedEPFvvE
                0x00009990        0x8 /opt/york/cs/net/sourcery-g++-lite-arm-eabi-2010.09.51-i686-1/arm-none-eabi/lib/thumb2/libstdc++.a(eh_terminate.o)
                0x00009990                _ZN10__cxxabiv112__unexpectedEPFvvE
 .text._ZSt10unexpectedv
                0x00009998       0x14 /opt/york/cs/net/sourcery-g++-lite-arm-eabi-2010.09.51-i686-1/arm-none-eabi/lib/thumb2/libstdc++.a(eh_terminate.o)
                0x00009998                _ZSt10unexpectedv
 .text._ZSt13set_terminatePFvvE
                0x000099ac       0x10 /opt/york/cs/net/sourcery-g++-lite-arm-eabi-2010.09.51-i686-1/arm-none-eabi/lib/thumb2/libstdc++.a(eh_terminate.o)
                0x000099ac                _ZSt13set_terminatePFvvE
 .text._ZSt14set_unexpectedPFvvE
                0x000099bc       0x10 /opt/york/cs/net/sourcery-g++-lite-arm-eabi-2010.09.51-i686-1/arm-none-eabi/lib/thumb2/libstdc++.a(eh_terminate.o)
                0x000099bc                _ZSt14set_unexpectedPFvvE
 .text          0x000099cc        0x0 /opt/york/cs/net/sourcery-g++-lite-arm-eabi-2010.09.51-i686-1/arm-none-eabi/lib/thumb2/libstdc++.a(pbase_type_info.o)
 .text._ZNK10__cxxabiv117__pbase_type_info15__pointer_catchEPKS0_PPvj
                0x000099cc       0x14 /opt/york/cs/net/sourcery-g++-lite-arm-eabi-2010.09.51-i686-1/arm-none-eabi/lib/thumb2/libstdc++.a(pbase_type_info.o)
                0x000099cc                _ZNK10__cxxabiv117__pbase_type_info15__pointer_catchEPKS0_PPvj
 .text._ZNK10__cxxabiv117__pbase_type_info10__do_catchEPKSt9type_infoPPvj
                0x000099e0       0x70 /opt/york/cs/net/sourcery-g++-lite-arm-eabi-2010.09.51-i686-1/arm-none-eabi/lib/thumb2/libstdc++.a(pbase_type_info.o)
                0x000099e0                _ZNK10__cxxabiv117__pbase_type_info10__do_catchEPKSt9type_infoPPvj
 .text._ZN10__cxxabiv117__pbase_type_infoD2Ev
                0x00009a50       0x14 /opt/york/cs/net/sourcery-g++-lite-arm-eabi-2010.09.51-i686-1/arm-none-eabi/lib/thumb2/libstdc++.a(pbase_type_info.o)
                0x00009a50                _ZN10__cxxabiv117__pbase_type_infoD1Ev
                0x00009a50                _ZN10__cxxabiv117__pbase_type_infoD2Ev
 .text._ZN10__cxxabiv117__pbase_type_infoD0Ev
                0x00009a64       0x1c /opt/york/cs/net/sourcery-g++-lite-arm-eabi-2010.09.51-i686-1/arm-none-eabi/lib/thumb2/libstdc++.a(pbase_type_info.o)
                0x00009a64                _ZN10__cxxabiv117__pbase_type_infoD0Ev
 .text          0x00009a80        0x0 /opt/york/cs/net/sourcery-g++-lite-arm-eabi-2010.09.51-i686-1/arm-none-eabi/lib/thumb2/libstdc++.a(eh_call.o)
 .text.__cxa_call_terminate
                0x00009a80       0x50 /opt/york/cs/net/sourcery-g++-lite-arm-eabi-2010.09.51-i686-1/arm-none-eabi/lib/thumb2/libstdc++.a(eh_call.o)
                0x00009a80                __cxa_call_terminate
 .text.__cxa_call_unexpected
                0x00009ad0      0x130 /opt/york/cs/net/sourcery-g++-lite-arm-eabi-2010.09.51-i686-1/arm-none-eabi/lib/thumb2/libstdc++.a(eh_call.o)
                0x00009ad0                __cxa_call_unexpected
 .text          0x00009c00        0x0 /opt/york/cs/net/sourcery-g++-lite-arm-eabi-2010.09.51-i686-1/arm-none-eabi/lib/thumb2/libstdc++.a(bad_typeid.o)
 .text._ZNKSt10bad_typeid4whatEv
                0x00009c00        0xc /opt/york/cs/net/sourcery-g++-lite-arm-eabi-2010.09.51-i686-1/arm-none-eabi/lib/thumb2/libstdc++.a(bad_typeid.o)
                0x00009c00                _ZNKSt10bad_typeid4whatEv
 .text._ZNSt10bad_typeidD2Ev
                0x00009c0c       0x14 /opt/york/cs/net/sourcery-g++-lite-arm-eabi-2010.09.51-i686-1/arm-none-eabi/lib/thumb2/libstdc++.a(bad_typeid.o)
                0x00009c0c                _ZNSt10bad_typeidD1Ev
                0x00009c0c                _ZNSt10bad_typeidD2Ev
 .text._ZNSt10bad_typeidD0Ev
                0x00009c20       0x1c /opt/york/cs/net/sourcery-g++-lite-arm-eabi-2010.09.51-i686-1/arm-none-eabi/lib/thumb2/libstdc++.a(bad_typeid.o)
                0x00009c20                _ZNSt10bad_typeidD0Ev
 .text          0x00009c3c        0x0 /opt/york/cs/net/sourcery-g++-lite-arm-eabi-2010.09.51-i686-1/arm-none-eabi/lib/thumb2/libstdc++.a(eh_exception.o)
 .text._ZNSt9exceptionD2Ev
                0x00009c3c        0xc /opt/york/cs/net/sourcery-g++-lite-arm-eabi-2010.09.51-i686-1/arm-none-eabi/lib/thumb2/libstdc++.a(eh_exception.o)
                0x00009c3c                _ZNSt9exceptionD2Ev
                0x00009c3c                _ZNSt9exceptionD1Ev
 .text._ZNSt13bad_exceptionD2Ev
                0x00009c48        0xc /opt/york/cs/net/sourcery-g++-lite-arm-eabi-2010.09.51-i686-1/arm-none-eabi/lib/thumb2/libstdc++.a(eh_exception.o)
                0x00009c48                _ZNSt13bad_exceptionD2Ev
                0x00009c48                _ZNSt13bad_exceptionD1Ev
 .text._ZN10__cxxabiv115__forced_unwindD2Ev
                0x00009c54        0xc /opt/york/cs/net/sourcery-g++-lite-arm-eabi-2010.09.51-i686-1/arm-none-eabi/lib/thumb2/libstdc++.a(eh_exception.o)
                0x00009c54                _ZN10__cxxabiv115__forced_unwindD1Ev
                0x00009c54                _ZN10__cxxabiv115__forced_unwindD2Ev
 .text._ZN10__cxxabiv119__foreign_exceptionD2Ev
                0x00009c60        0xc /opt/york/cs/net/sourcery-g++-lite-arm-eabi-2010.09.51-i686-1/arm-none-eabi/lib/thumb2/libstdc++.a(eh_exception.o)
                0x00009c60                _ZN10__cxxabiv119__foreign_exceptionD2Ev
                0x00009c60                _ZN10__cxxabiv119__foreign_exceptionD1Ev
 .text._ZNKSt9exception4whatEv
                0x00009c6c        0xc /opt/york/cs/net/sourcery-g++-lite-arm-eabi-2010.09.51-i686-1/arm-none-eabi/lib/thumb2/libstdc++.a(eh_exception.o)
                0x00009c6c                _ZNKSt9exception4whatEv
 .text._ZNKSt13bad_exception4whatEv
                0x00009c78        0xc /opt/york/cs/net/sourcery-g++-lite-arm-eabi-2010.09.51-i686-1/arm-none-eabi/lib/thumb2/libstdc++.a(eh_exception.o)
                0x00009c78                _ZNKSt13bad_exception4whatEv
 .text._ZN10__cxxabiv119__foreign_exceptionD0Ev
                0x00009c84       0x14 /opt/york/cs/net/sourcery-g++-lite-arm-eabi-2010.09.51-i686-1/arm-none-eabi/lib/thumb2/libstdc++.a(eh_exception.o)
                0x00009c84                _ZN10__cxxabiv119__foreign_exceptionD0Ev
 .text._ZN10__cxxabiv115__forced_unwindD0Ev
                0x00009c98       0x14 /opt/york/cs/net/sourcery-g++-lite-arm-eabi-2010.09.51-i686-1/arm-none-eabi/lib/thumb2/libstdc++.a(eh_exception.o)
                0x00009c98                _ZN10__cxxabiv115__forced_unwindD0Ev
 .text._ZNSt13bad_exceptionD0Ev
                0x00009cac       0x14 /opt/york/cs/net/sourcery-g++-lite-arm-eabi-2010.09.51-i686-1/arm-none-eabi/lib/thumb2/libstdc++.a(eh_exception.o)
                0x00009cac                _ZNSt13bad_exceptionD0Ev
 .text._ZNSt9exceptionD0Ev
                0x00009cc0       0x14 /opt/york/cs/net/sourcery-g++-lite-arm-eabi-2010.09.51-i686-1/arm-none-eabi/lib/thumb2/libstdc++.a(eh_exception.o)
                0x00009cc0                _ZNSt9exceptionD0Ev
 .text          0x00009cd4        0x0 /opt/york/cs/net/sourcery-g++-lite-arm-eabi-2010.09.51-i686-1/arm-none-eabi/lib/thumb2/libstdc++.a(pure.o)
 .text.__cxa_pure_virtual
                0x00009cd4       0x18 /opt/york/cs/net/sourcery-g++-lite-arm-eabi-2010.09.51-i686-1/arm-none-eabi/lib/thumb2/libstdc++.a(pure.o)
                0x00009cd4                __cxa_pure_virtual
 .text          0x00009cec        0x0 /opt/york/cs/net/sourcery-g++-lite-arm-eabi-2010.09.51-i686-1/arm-none-eabi/lib/thumb2/libstdc++.a(eh_unex_handler.o)
 .text          0x00009cec        0x0 /opt/york/cs/net/sourcery-g++-lite-arm-eabi-2010.09.51-i686-1/arm-none-eabi/lib/thumb2/libstdc++.a(recursive_init_error.o)
 .text._ZN9__gnu_cxx20recursive_init_errorD2Ev
                0x00009cec       0x14 /opt/york/cs/net/sourcery-g++-lite-arm-eabi-2010.09.51-i686-1/arm-none-eabi/lib/thumb2/libstdc++.a(recursive_init_error.o)
                0x00009cec                _ZN9__gnu_cxx20recursive_init_errorD1Ev
                0x00009cec                _ZN9__gnu_cxx20recursive_init_errorD2Ev
 .text._ZN9__gnu_cxx20recursive_init_errorD0Ev
                0x00009d00       0x1c /opt/york/cs/net/sourcery-g++-lite-arm-eabi-2010.09.51-i686-1/arm-none-eabi/lib/thumb2/libstdc++.a(recursive_init_error.o)
                0x00009d00                _ZN9__gnu_cxx20recursive_init_errorD0Ev
 .text          0x00009d1c        0x0 /opt/york/cs/net/sourcery-g++-lite-arm-eabi-2010.09.51-i686-1/arm-none-eabi/lib/thumb2/libstdc++.a(eh_term_handler.o)
 .text          0x00009d1c        0x0 /opt/york/cs/net/sourcery-g++-lite-arm-eabi-2010.09.51-i686-1/arm-none-eabi/lib/thumb2/libstdc++.a(vterminate.o)
 .text._ZN9__gnu_cxx27__verbose_terminate_handlerEv
                0x00009d1c      0x148 /opt/york/cs/net/sourcery-g++-lite-arm-eabi-2010.09.51-i686-1/arm-none-eabi/lib/thumb2/libstdc++.a(vterminate.o)
                0x00009d1c                _ZN9__gnu_cxx27__verbose_terminate_handlerEv
 .text          0x00009e64        0x0 /opt/york/cs/net/sourcery-g++-lite-arm-eabi-2010.09.51-i686-1/arm-none-eabi/lib/thumb2/libstdc++.a(eh_type.o)
 .text.__cxa_current_exception_type
                0x00009e64       0x1c /opt/york/cs/net/sourcery-g++-lite-arm-eabi-2010.09.51-i686-1/arm-none-eabi/lib/thumb2/libstdc++.a(eh_type.o)
                0x00009e64                __cxa_current_exception_type
 .text          0x00009e80     0x91e0 /opt/york/cs/net/sourcery-g++-lite-arm-eabi-2010.09.51-i686-1/arm-none-eabi/lib/thumb2/libstdc++.a(cp-demangle.o)
                0x00012f5c                __cxa_demangle
                0x00013034                __gcclibcxx_demangle_callback
 .text          0x00013060      0x278 /opt/york/cs/net/sourcery-g++-lite-arm-eabi-2010.09.51-i686-1/bin/../lib/gcc/arm-none-eabi/4.5.1/thumb2/libgcc.a(_udivsi3.o)
                0x00013060                __udivsi3
                0x00013060                __aeabi_uidiv
                0x000132bc                __aeabi_uidivmod
 .text          0x000132d8        0x4 /opt/york/cs/net/sourcery-g++-lite-arm-eabi-2010.09.51-i686-1/bin/../lib/gcc/arm-none-eabi/4.5.1/thumb2/libgcc.a(_dvmd_tls.o)
                0x000132d8                __aeabi_ldiv0
                0x000132d8                __aeabi_idiv0
 .text          0x000132dc      0x370 /opt/york/cs/net/sourcery-g++-lite-arm-eabi-2010.09.51-i686-1/bin/../lib/gcc/arm-none-eabi/4.5.1/thumb2/libgcc.a(_arm_addsubdf3.o)
                0x000132dc                __aeabi_drsub
                0x000132e4                __aeabi_dsub
                0x000132e4                __subdf3
                0x000132e8                __adddf3
                0x000132e8                __aeabi_dadd
                0x00013560                __aeabi_ui2d
                0x00013560                __floatunsidf
                0x00013580                __floatsidf
                0x00013580                __aeabi_i2d
                0x000135a4                __extendsfdf2
                0x000135a4                __aeabi_f2d
                0x000135e0                __aeabi_ul2d
                0x000135e0                __floatundidf
                0x000135f0                __floatdidf
                0x000135f0                __aeabi_l2d
 .text          0x0001364c      0x424 /opt/york/cs/net/sourcery-g++-lite-arm-eabi-2010.09.51-i686-1/bin/../lib/gcc/arm-none-eabi/4.5.1/thumb2/libgcc.a(_arm_muldivdf3.o)
                0x0001364c                __aeabi_dmul
                0x0001364c                __muldf3
                0x000138a0                __aeabi_ddiv
                0x000138a0                __divdf3
 .text          0x00013a70      0x110 /opt/york/cs/net/sourcery-g++-lite-arm-eabi-2010.09.51-i686-1/bin/../lib/gcc/arm-none-eabi/4.5.1/thumb2/libgcc.a(_arm_cmpdf2.o)
                0x00013a70                __gtdf2
                0x00013a70                __gedf2
                0x00013a78                __ltdf2
                0x00013a78                __ledf2
                0x00013a80                __cmpdf2
                0x00013a80                __eqdf2
                0x00013a80                __nedf2
                0x00013afc                __aeabi_cdrcmple
                0x00013b0c                __aeabi_cdcmple
                0x00013b0c                __aeabi_cdcmpeq
                0x00013b1c                __aeabi_dcmpeq
                0x00013b30                __aeabi_dcmplt
                0x00013b44                __aeabi_dcmple
                0x00013b58                __aeabi_dcmpge
                0x00013b6c                __aeabi_dcmpgt
 .text          0x00013b80       0x50 /opt/york/cs/net/sourcery-g++-lite-arm-eabi-2010.09.51-i686-1/bin/../lib/gcc/arm-none-eabi/4.5.1/thumb2/libgcc.a(_arm_fixdfsi.o)
                0x00013b80                __fixdfsi
                0x00013b80                __aeabi_d2iz
 .text          0x00013bd0       0x2c /opt/york/cs/net/sourcery-g++-lite-arm-eabi-2010.09.51-i686-1/bin/../lib/gcc/arm-none-eabi/4.5.1/thumb2/libgcc.a(_aeabi_uldivmod.o)
                0x00013bd0                __aeabi_uldivmod
 .text          0x00013bfc       0x60 /opt/york/cs/net/sourcery-g++-lite-arm-eabi-2010.09.51-i686-1/bin/../lib/gcc/arm-none-eabi/4.5.1/thumb2/libgcc.a(bpabi.o)
                0x00013bfc                __gnu_ldivmod_helper
                0x00013c2c                __gnu_uldivmod_helper
 .text          0x00013c5c      0xc14 /opt/york/cs/net/sourcery-g++-lite-arm-eabi-2010.09.51-i686-1/bin/../lib/gcc/arm-none-eabi/4.5.1/thumb2/libgcc.a(unwind-arm.o)
                0x00013f40                _Unwind_VRS_Get
                0x00013f8c                _Unwind_VRS_Set
                0x000142f8                __aeabi_unwind_cpp_pr2
                0x000142fc                __aeabi_unwind_cpp_pr1
                0x00014300                __aeabi_unwind_cpp_pr0
                0x00014304                _Unwind_VRS_Pop
                0x000146ec                _Unwind_GetCFA
                0x000146f0                __gnu_Unwind_RaiseException
                0x00014760                __gnu_Unwind_ForcedUnwind
                0x00014778                __gnu_Unwind_Resume
                0x000147b4                __gnu_Unwind_Resume_or_Rethrow
                0x000147cc                _Unwind_Complete
                0x000147d0                _Unwind_DeleteException
                0x000147e0                __gnu_Unwind_Backtrace
 .text          0x00014870      0x1ac /opt/york/cs/net/sourcery-g++-lite-arm-eabi-2010.09.51-i686-1/bin/../lib/gcc/arm-none-eabi/4.5.1/thumb2/libgcc.a(libunwind.o)
                0x00014870                __restore_core_regs
                0x00014870                restore_core_regs
                0x00014888                __gnu_Unwind_Restore_VFP
                0x00014890                __gnu_Unwind_Save_VFP
                0x00014898                __gnu_Unwind_Restore_VFP_D
                0x000148a0                __gnu_Unwind_Save_VFP_D
                0x000148a8                __gnu_Unwind_Restore_VFP_D_16_to_31
                0x000148b0                __gnu_Unwind_Save_VFP_D_16_to_31
                0x000148b8                __gnu_Unwind_Restore_WMMXD
                0x000148fc                __gnu_Unwind_Save_WMMXD
                0x00014940                __gnu_Unwind_Restore_WMMXC
                0x00014954                __gnu_Unwind_Save_WMMXC
                0x00014968                ___Unwind_RaiseException
                0x00014968                _Unwind_RaiseException
                0x0001498c                ___Unwind_Resume
                0x0001498c                _Unwind_Resume
                0x000149b0                _Unwind_Resume_or_Rethrow
                0x000149b0                ___Unwind_Resume_or_Rethrow
                0x000149d4                ___Unwind_ForcedUnwind
                0x000149d4                _Unwind_ForcedUnwind
                0x000149f8                _Unwind_Backtrace
                0x000149f8                ___Unwind_Backtrace
 .text          0x00014a1c      0x3b4 /opt/york/cs/net/sourcery-g++-lite-arm-eabi-2010.09.51-i686-1/bin/../lib/gcc/arm-none-eabi/4.5.1/thumb2/libgcc.a(pr-support.o)
                0x00014a70                __gnu_unwind_execute
                0x00014d74                __gnu_unwind_frame
                0x00014da0                _Unwind_GetRegionStart
                0x00014dac                _Unwind_GetLanguageSpecificData
                0x00014dc0                _Unwind_GetDataRelBase
                0x00014dc8                _Unwind_GetTextRelBase
 .text          0x00014dd0      0x364 /opt/york/cs/net/sourcery-g++-lite-arm-eabi-2010.09.51-i686-1/bin/../lib/gcc/arm-none-eabi/4.5.1/thumb2/libgcc.a(_divdi3.o)
                0x00014dd0                __divdi3
 .text          0x00015134      0x314 /opt/york/cs/net/sourcery-g++-lite-arm-eabi-2010.09.51-i686-1/bin/../lib/gcc/arm-none-eabi/4.5.1/thumb2/libgcc.a(_udivdi3.o)
                0x00015134                __udivdi3
 .text          0x00015448       0x10 /opt/york/cs/net/sourcery-g++-lite-arm-eabi-2010.09.51-i686-1/arm-none-eabi/lib/thumb2/libg.a(lib_a-abort.o)
                0x00015448                abort
 .text          0x00015458       0xac /opt/york/cs/net/sourcery-g++-lite-arm-eabi-2010.09.51-i686-1/arm-none-eabi/lib/thumb2/libg.a(lib_a-fputc.o)
                0x00015458                _fputc_r
                0x000154ac                fputc
 .text          0x00015504       0x90 /opt/york/cs/net/sourcery-g++-lite-arm-eabi-2010.09.51-i686-1/arm-none-eabi/lib/thumb2/libg.a(lib_a-fputs.o)
                0x00015504                _fputs_r
                0x00015584                fputs
 .text          0x00015594      0x338 /opt/york/cs/net/sourcery-g++-lite-arm-eabi-2010.09.51-i686-1/arm-none-eabi/lib/thumb2/libg.a(lib_a-fvwrite.o)
                0x00015594                __sfvwrite_r
 .text          0x000158cc       0xc0 /opt/york/cs/net/sourcery-g++-lite-arm-eabi-2010.09.51-i686-1/arm-none-eabi/lib/thumb2/libg.a(lib_a-fwrite.o)
                0x000158cc                _fwrite_r
                0x00015968                fwrite
 .text          0x0001598c       0x58 /opt/york/cs/net/sourcery-g++-lite-arm-eabi-2010.09.51-i686-1/arm-none-eabi/lib/thumb2/libg.a(lib_a-memcmp.o)
                0x0001598c                memcmp
 .text          0x000159e4      0x138 /opt/york/cs/net/sourcery-g++-lite-arm-eabi-2010.09.51-i686-1/arm-none-eabi/lib/thumb2/libg.a(lib_a-putc.o)
                0x000159e4                _putc_r
                0x00015a74                putc
 .text          0x00015b1c       0x14 /opt/york/cs/net/sourcery-g++-lite-arm-eabi-2010.09.51-i686-1/arm-none-eabi/lib/thumb2/libg.a(lib_a-realloc.o)
                0x00015b1c                realloc
 .text          0x00015b30      0x154 /opt/york/cs/net/sourcery-g++-lite-arm-eabi-2010.09.51-i686-1/arm-none-eabi/lib/thumb2/libg.a(lib_a-signal.o)
                0x00015b30                _init_signal_r
                0x00015b60                _signal_r
                0x00015b9c                _raise_r
                0x00015bf4                __sigtramp_r
                0x00015c48                raise
                0x00015c58                signal
                0x00015c68                _init_signal
                0x00015c74                __sigtramp
 .text          0x00015c84       0x30 /opt/york/cs/net/sourcery-g++-lite-arm-eabi-2010.09.51-i686-1/arm-none-eabi/lib/thumb2/libg.a(lib_a-signalr.o)
                0x00015c84                _kill_r
                0x00015cb0                _getpid_r
 .text          0x00015cb4       0xbc /opt/york/cs/net/sourcery-g++-lite-arm-eabi-2010.09.51-i686-1/arm-none-eabi/lib/thumb2/libg.a(lib_a-strcpy.o)
                0x00015cb4                strcpy
 .text          0x00015d70       0xa0 /opt/york/cs/net/sourcery-g++-lite-arm-eabi-2010.09.51-i686-1/arm-none-eabi/lib/thumb2/libg.a(lib_a-strncmp.o)
                0x00015d70                strncmp
 .text          0x00015e10       0x1c /opt/york/cs/net/sourcery-g++-lite-arm-eabi-2010.09.51-i686-1/arm-none-eabi/lib/thumb2/libg.a(lib_a-syswrite.o)
                0x00015e10                write
 .text          0x00015e2c       0xfc /opt/york/cs/net/sourcery-g++-lite-arm-eabi-2010.09.51-i686-1/arm-none-eabi/lib/thumb2/libg.a(lib_a-wbuf.o)
                0x00015e2c                __swbuf_r
                0x00015f18                __swbuf
 .text          0x00015f28       0x2c /opt/york/cs/net/sourcery-g++-lite-arm-eabi-2010.09.51-i686-1/arm-none-eabi/lib/thumb2/libg.a(lib_a-writer.o)
                0x00015f28                _write_r
 .text          0x00015f54      0x104 /opt/york/cs/net/sourcery-g++-lite-arm-eabi-2010.09.51-i686-1/arm-none-eabi/lib/thumb2/libg.a(lib_a-wsetup.o)
                0x00015f54                __swsetup_r
 .text          0x00016058      0x1f4 /opt/york/cs/net/sourcery-g++-lite-arm-eabi-2010.09.51-i686-1/arm-none-eabi/lib/thumb2/libg.a(lib_a-fflush.o)
                0x00016058                _fflush_r
                0x00016224                fflush
 .text          0x0001624c      0x220 /opt/york/cs/net/sourcery-g++-lite-arm-eabi-2010.09.51-i686-1/arm-none-eabi/lib/thumb2/libg.a(lib_a-findfp.o)
                0x00016254                _cleanup_r
                0x00016260                __sfmoreglue
                0x00016290                _cleanup
                0x0001629c                __sinit
                0x000163a4                __sfp
                0x0001642c                __sfp_lock_acquire
                0x00016430                __sfp_lock_release
                0x00016434                __sinit_lock_acquire
                0x00016438                __sinit_lock_release
                0x0001643c                __fp_lock_all
                0x00016454                __fp_unlock_all
 .text          0x0001646c       0xa0 /opt/york/cs/net/sourcery-g++-lite-arm-eabi-2010.09.51-i686-1/arm-none-eabi/lib/thumb2/libg.a(lib_a-fwalk.o)
                0x0001646c                _fwalk
                0x000164b8                _fwalk_reent
 .text          0x0001650c       0xec /opt/york/cs/net/sourcery-g++-lite-arm-eabi-2010.09.51-i686-1/arm-none-eabi/lib/thumb2/libg.a(lib_a-makebuf.o)
                0x0001650c                __smakebuf_r
 .text          0x000165f8       0x94 /opt/york/cs/net/sourcery-g++-lite-arm-eabi-2010.09.51-i686-1/arm-none-eabi/lib/thumb2/libg.a(lib_a-stdio.o)
                0x000165f8                __sread
                0x0001661c                __seofread
                0x00016620                __swrite
                0x0001665c                __sseek
                0x00016684                __sclose
 .text          0x0001668c       0x28 /opt/york/cs/net/sourcery-g++-lite-arm-eabi-2010.09.51-i686-1/arm-none-eabi/lib/thumb2/libg.a(lib_a-closer.o)
                0x0001668c                _close_r
 .text          0x000166b4       0xc4 /opt/york/cs/net/sourcery-g++-lite-arm-eabi-2010.09.51-i686-1/arm-none-eabi/lib/thumb2/libg.a(lib_a-fclose.o)
                0x000166b4                _fclose_r
                0x00016768                fclose
 .text          0x00016778       0x2c /opt/york/cs/net/sourcery-g++-lite-arm-eabi-2010.09.51-i686-1/arm-none-eabi/lib/thumb2/libg.a(lib_a-fstatr.o)
                0x00016778                _fstat_r
 .text          0x000167a4       0x28 /opt/york/cs/net/sourcery-g++-lite-arm-eabi-2010.09.51-i686-1/arm-none-eabi/lib/thumb2/libg.a(lib_a-isattyr.o)
                0x000167a4                _isatty_r
 .text          0x000167cc       0x2c /opt/york/cs/net/sourcery-g++-lite-arm-eabi-2010.09.51-i686-1/arm-none-eabi/lib/thumb2/libg.a(lib_a-lseekr.o)
                0x000167cc                _lseek_r
 .text          0x000167f8       0x2c /opt/york/cs/net/sourcery-g++-lite-arm-eabi-2010.09.51-i686-1/arm-none-eabi/lib/thumb2/libg.a(lib_a-readr.o)
                0x000167f8                _read_r
 .text          0x00016824       0x30 /opt/york/cs/net/sourcery-g++-lite-arm-eabi-2010.09.51-i686-1/arm-none-eabi/lib/thumb2/libcs3.a(start_c.o)
                0x00016824                __cs3_premain
 .text.cs3.init
                0x00016854       0x50 /opt/york/cs/net/sourcery-g++-lite-arm-eabi-2010.09.51-i686-1/arm-none-eabi/lib/thumb2/libcs3.a(start_c.o)
                0x00016854                __cs3_start_c
 .text          0x000168a4       0x10 /opt/york/cs/net/sourcery-g++-lite-arm-eabi-2010.09.51-i686-1/arm-none-eabi/lib/thumb2/libcs3unhosted.a(unhosted-_close.o)
                0x000168a4                _close
 .text          0x000168b4        0x2 /opt/york/cs/net/sourcery-g++-lite-arm-eabi-2010.09.51-i686-1/arm-none-eabi/lib/thumb2/libcs3unhosted.a(unhosted-_exit.o)
                0x000168b4                _exit
 .text          0x000168b6       0x10 /opt/york/cs/net/sourcery-g++-lite-arm-eabi-2010.09.51-i686-1/arm-none-eabi/lib/thumb2/libcs3unhosted.a(unhosted-_fstat.o)
                0x000168b6                _fstat
 .text          0x000168c6        0xe /opt/york/cs/net/sourcery-g++-lite-arm-eabi-2010.09.51-i686-1/arm-none-eabi/lib/thumb2/libcs3unhosted.a(unhosted-isatty.o)
                0x000168c6                _isatty
 .text          0x000168d4        0xa /opt/york/cs/net/sourcery-g++-lite-arm-eabi-2010.09.51-i686-1/arm-none-eabi/lib/thumb2/libcs3unhosted.a(unhosted-_kill.o)
                0x000168d4                _kill
 .text          0x000168de       0x10 /opt/york/cs/net/sourcery-g++-lite-arm-eabi-2010.09.51-i686-1/arm-none-eabi/lib/thumb2/libcs3unhosted.a(unhosted-_lseek.o)
                0x000168de                _lseek
 .text          0x000168ee       0x10 /opt/york/cs/net/sourcery-g++-lite-arm-eabi-2010.09.51-i686-1/arm-none-eabi/lib/thumb2/libcs3unhosted.a(unhosted-_read.o)
                0x000168ee                _read
 .text          0x000168fe       0x10 /opt/york/cs/net/sourcery-g++-lite-arm-eabi-2010.09.51-i686-1/arm-none-eabi/lib/thumb2/libcs3unhosted.a(unhosted-_write.o)
                0x000168fe                _write
 *fill*         0x0001690e        0x2 00
 .text          0x00016910       0x40 /opt/york/cs/net/sourcery-g++-lite-arm-eabi-2010.09.51-i686-1/arm-none-eabi/lib/thumb2/libcs3unhosted.a(unhosted-sbrk.o)
                0x00016910                _sbrk
 .text          0x00016950        0x4 /opt/york/cs/net/sourcery-g++-lite-arm-eabi-2010.09.51-i686-1/arm-none-eabi/lib/thumb2/libcs3unhosted.a(unhosted-_getpid.o)
                0x00016950                _getpid
 .text          0x00016954        0x0 /opt/york/cs/net/sourcery-g++-lite-arm-eabi-2010.09.51-i686-1/arm-none-eabi/lib/thumb2/libcs3unhosted.a(unhosted-start.o)
 .text.cs3.init
                0x00016954       0x10 /opt/york/cs/net/sourcery-g++-lite-arm-eabi-2010.09.51-i686-1/arm-none-eabi/lib/thumb2/libcs3unhosted.a(unhosted-start.o)
                0x00016954                _start
 .text          0x00016964        0xc /opt/york/cs/net/sourcery-g++-lite-arm-eabi-2010.09.51-i686-1/arm-none-eabi/lib/thumb2/libc.a(lib_a-errno.o)
                0x00016964                __errno
 .text          0x00016970       0x50 /opt/york/cs/net/sourcery-g++-lite-arm-eabi-2010.09.51-i686-1/arm-none-eabi/lib/thumb2/libc.a(lib_a-init.o)
                0x00016970                __libc_init_array
 .text          0x000169c0        0x0 /opt/york/cs/net/sourcery-g++-lite-arm-eabi-2010.09.51-i686-1/arm-none-eabi/lib/thumb2/libcs3.a(heap.o)
 .text          0x000169c0        0x0 /opt/york/cs/net/lpc1700-cmsis-lite-2011.01.26-i686-1/lib/libDriversLPC17xxgnu.a(lpc17xx_adc.o)
 .text.ADC_Init
                0x000169c0       0xa4 /opt/york/cs/net/lpc1700-cmsis-lite-2011.01.26-i686-1/lib/libDriversLPC17xxgnu.a(lpc17xx_adc.o)
                0x000169c0                ADC_Init
 .text.ADC_DeInit
                0x00016a64       0x48 /opt/york/cs/net/lpc1700-cmsis-lite-2011.01.26-i686-1/lib/libDriversLPC17xxgnu.a(lpc17xx_adc.o)
                0x00016a64                ADC_DeInit
 .text.ADC_GetData
                0x00016aac       0x38 /opt/york/cs/net/lpc1700-cmsis-lite-2011.01.26-i686-1/lib/libDriversLPC17xxgnu.a(lpc17xx_adc.o)
                0x00016aac                ADC_GetData
 .text.ADC_StartCmd
                0x00016ae4       0x90 /opt/york/cs/net/lpc1700-cmsis-lite-2011.01.26-i686-1/lib/libDriversLPC17xxgnu.a(lpc17xx_adc.o)
                0x00016ae4                ADC_StartCmd
 .text.ADC_BurstCmd
                0x00016b74       0x50 /opt/york/cs/net/lpc1700-cmsis-lite-2011.01.26-i686-1/lib/libDriversLPC17xxgnu.a(lpc17xx_adc.o)
                0x00016b74                ADC_BurstCmd
 .text.ADC_PowerdownCmd
                0x00016bc4       0x50 /opt/york/cs/net/lpc1700-cmsis-lite-2011.01.26-i686-1/lib/libDriversLPC17xxgnu.a(lpc17xx_adc.o)
                0x00016bc4                ADC_PowerdownCmd
 .text.ADC_EdgeStartConfig
                0x00016c14       0x6c /opt/york/cs/net/lpc1700-cmsis-lite-2011.01.26-i686-1/lib/libDriversLPC17xxgnu.a(lpc17xx_adc.o)
                0x00016c14                ADC_EdgeStartConfig
 .text.ADC_IntConfig
                0x00016c80       0xb4 /opt/york/cs/net/lpc1700-cmsis-lite-2011.01.26-i686-1/lib/libDriversLPC17xxgnu.a(lpc17xx_adc.o)
                0x00016c80                ADC_IntConfig
 .text.ADC_ChannelCmd
                0x00016d34       0x70 /opt/york/cs/net/lpc1700-cmsis-lite-2011.01.26-i686-1/lib/libDriversLPC17xxgnu.a(lpc17xx_adc.o)
                0x00016d34                ADC_ChannelCmd
 .text.ADC_ChannelGetData
                0x00016da4       0x58 /opt/york/cs/net/lpc1700-cmsis-lite-2011.01.26-i686-1/lib/libDriversLPC17xxgnu.a(lpc17xx_adc.o)
                0x00016da4                ADC_ChannelGetData
 .text.ADC_ChannelGetStatus
                0x00016dfc       0x8c /opt/york/cs/net/lpc1700-cmsis-lite-2011.01.26-i686-1/lib/libDriversLPC17xxgnu.a(lpc17xx_adc.o)
                0x00016dfc                ADC_ChannelGetStatus
 .text.ADC_GlobalGetData
                0x00016e88       0x34 /opt/york/cs/net/lpc1700-cmsis-lite-2011.01.26-i686-1/lib/libDriversLPC17xxgnu.a(lpc17xx_adc.o)
                0x00016e88                ADC_GlobalGetData
 .text.ADC_GlobalGetStatus
                0x00016ebc       0x7c /opt/york/cs/net/lpc1700-cmsis-lite-2011.01.26-i686-1/lib/libDriversLPC17xxgnu.a(lpc17xx_adc.o)
                0x00016ebc                ADC_GlobalGetStatus
 .text          0x00016f38        0x0 /opt/york/cs/net/lpc1700-cmsis-lite-2011.01.26-i686-1/lib/libDriversLPC17xxgnu.a(lpc17xx_clkpwr.o)
 .text.CLKPWR_SetPCLKDiv
                0x00016f38       0xd4 /opt/york/cs/net/lpc1700-cmsis-lite-2011.01.26-i686-1/lib/libDriversLPC17xxgnu.a(lpc17xx_clkpwr.o)
                0x00016f38                CLKPWR_SetPCLKDiv
 .text.CLKPWR_GetPCLKSEL
                0x0001700c       0x54 /opt/york/cs/net/lpc1700-cmsis-lite-2011.01.26-i686-1/lib/libDriversLPC17xxgnu.a(lpc17xx_clkpwr.o)
                0x0001700c                CLKPWR_GetPCLKSEL
 .text.CLKPWR_GetPCLK
                0x00017060       0x70 /opt/york/cs/net/lpc1700-cmsis-lite-2011.01.26-i686-1/lib/libDriversLPC17xxgnu.a(lpc17xx_clkpwr.o)
                0x00017060                CLKPWR_GetPCLK
 .text.CLKPWR_ConfigPPWR
                0x000170d0       0x80 /opt/york/cs/net/lpc1700-cmsis-lite-2011.01.26-i686-1/lib/libDriversLPC17xxgnu.a(lpc17xx_clkpwr.o)
                0x000170d0                CLKPWR_ConfigPPWR
 .text.CLKPWR_Sleep
                0x00017150       0x1c /opt/york/cs/net/lpc1700-cmsis-lite-2011.01.26-i686-1/lib/libDriversLPC17xxgnu.a(lpc17xx_clkpwr.o)
                0x00017150                CLKPWR_Sleep
 .text.CLKPWR_DeepSleep
                0x0001716c       0x2c /opt/york/cs/net/lpc1700-cmsis-lite-2011.01.26-i686-1/lib/libDriversLPC17xxgnu.a(lpc17xx_clkpwr.o)
                0x0001716c                CLKPWR_DeepSleep
 .text.CLKPWR_PowerDown
                0x00017198       0x2c /opt/york/cs/net/lpc1700-cmsis-lite-2011.01.26-i686-1/lib/libDriversLPC17xxgnu.a(lpc17xx_clkpwr.o)
                0x00017198                CLKPWR_PowerDown
 .text.CLKPWR_DeepPowerDown
                0x000171c4       0x2c /opt/york/cs/net/lpc1700-cmsis-lite-2011.01.26-i686-1/lib/libDriversLPC17xxgnu.a(lpc17xx_clkpwr.o)
                0x000171c4                CLKPWR_DeepPowerDown
 .text          0x000171f0        0x0 /opt/york/cs/net/lpc1700-cmsis-lite-2011.01.26-i686-1/lib/libDriversLPC17xxgnu.a(lpc17xx_dac.o)
 .text.DAC_Init
                0x000171f0       0x40 /opt/york/cs/net/lpc1700-cmsis-lite-2011.01.26-i686-1/lib/libDriversLPC17xxgnu.a(lpc17xx_dac.o)
                0x000171f0                DAC_Init
 .text.DAC_UpdateValue
                0x00017230       0x58 /opt/york/cs/net/lpc1700-cmsis-lite-2011.01.26-i686-1/lib/libDriversLPC17xxgnu.a(lpc17xx_dac.o)
                0x00017230                DAC_UpdateValue
 .text.DAC_SetBias
                0x00017288       0x4c /opt/york/cs/net/lpc1700-cmsis-lite-2011.01.26-i686-1/lib/libDriversLPC17xxgnu.a(lpc17xx_dac.o)
                0x00017288                DAC_SetBias
 .text.DAC_ConfigDAConverterControl
                0x000172d4       0x78 /opt/york/cs/net/lpc1700-cmsis-lite-2011.01.26-i686-1/lib/libDriversLPC17xxgnu.a(lpc17xx_dac.o)
                0x000172d4                DAC_ConfigDAConverterControl
 .text.DAC_SetDMATimeOut
                0x0001734c       0x38 /opt/york/cs/net/lpc1700-cmsis-lite-2011.01.26-i686-1/lib/libDriversLPC17xxgnu.a(lpc17xx_dac.o)
                0x0001734c                DAC_SetDMATimeOut
 .text          0x00017384        0x0 /opt/york/cs/net/lpc1700-cmsis-lite-2011.01.26-i686-1/lib/libDriversLPC17xxgnu.a(lpc17xx_i2c.o)
 .text.NVIC_EnableIRQ
                0x00017384       0x38 /opt/york/cs/net/lpc1700-cmsis-lite-2011.01.26-i686-1/lib/libDriversLPC17xxgnu.a(lpc17xx_i2c.o)
 .text.NVIC_DisableIRQ
                0x000173bc       0x3c /opt/york/cs/net/lpc1700-cmsis-lite-2011.01.26-i686-1/lib/libDriversLPC17xxgnu.a(lpc17xx_i2c.o)
 .text.I2C_getNum
                0x000173f8       0x54 /opt/york/cs/net/lpc1700-cmsis-lite-2011.01.26-i686-1/lib/libDriversLPC17xxgnu.a(lpc17xx_i2c.o)
 .text.I2C_Start
                0x0001744c       0x44 /opt/york/cs/net/lpc1700-cmsis-lite-2011.01.26-i686-1/lib/libDriversLPC17xxgnu.a(lpc17xx_i2c.o)
 .text.I2C_Stop
                0x00017490       0x38 /opt/york/cs/net/lpc1700-cmsis-lite-2011.01.26-i686-1/lib/libDriversLPC17xxgnu.a(lpc17xx_i2c.o)
 .text.I2C_SendByte
                0x000174c8       0x50 /opt/york/cs/net/lpc1700-cmsis-lite-2011.01.26-i686-1/lib/libDriversLPC17xxgnu.a(lpc17xx_i2c.o)
 .text.I2C_GetByte
                0x00017518       0x5c /opt/york/cs/net/lpc1700-cmsis-lite-2011.01.26-i686-1/lib/libDriversLPC17xxgnu.a(lpc17xx_i2c.o)
 .text.I2C_SetClock
                0x00017574       0xc8 /opt/york/cs/net/lpc1700-cmsis-lite-2011.01.26-i686-1/lib/libDriversLPC17xxgnu.a(lpc17xx_i2c.o)
 .text.I2C_Init
                0x0001763c       0xd8 /opt/york/cs/net/lpc1700-cmsis-lite-2011.01.26-i686-1/lib/libDriversLPC17xxgnu.a(lpc17xx_i2c.o)
                0x0001763c                I2C_Init
 .text.I2C_DeInit
                0x00017714       0xa4 /opt/york/cs/net/lpc1700-cmsis-lite-2011.01.26-i686-1/lib/libDriversLPC17xxgnu.a(lpc17xx_i2c.o)
                0x00017714                I2C_DeInit
 .text.I2C_Cmd  0x000177b8       0x84 /opt/york/cs/net/lpc1700-cmsis-lite-2011.01.26-i686-1/lib/libDriversLPC17xxgnu.a(lpc17xx_i2c.o)
                0x000177b8                I2C_Cmd
 .text.I2C_IntCmd
                0x0001783c       0xa8 /opt/york/cs/net/lpc1700-cmsis-lite-2011.01.26-i686-1/lib/libDriversLPC17xxgnu.a(lpc17xx_i2c.o)
                0x0001783c                I2C_IntCmd
 .text.I2C_MasterHandler
                0x000178e4      0x3d8 /opt/york/cs/net/lpc1700-cmsis-lite-2011.01.26-i686-1/lib/libDriversLPC17xxgnu.a(lpc17xx_i2c.o)
                0x000178e4                I2C_MasterHandler
 .text.I2C_SlaveHandler
                0x00017cbc      0x1d8 /opt/york/cs/net/lpc1700-cmsis-lite-2011.01.26-i686-1/lib/libDriversLPC17xxgnu.a(lpc17xx_i2c.o)
                0x00017cbc                I2C_SlaveHandler
 .text.I2C_MasterTransferData
                0x00017e94      0x33c /opt/york/cs/net/lpc1700-cmsis-lite-2011.01.26-i686-1/lib/libDriversLPC17xxgnu.a(lpc17xx_i2c.o)
                0x00017e94                I2C_MasterTransferData
 .text.I2C_SlaveTransferData
                0x000181d0      0x268 /opt/york/cs/net/lpc1700-cmsis-lite-2011.01.26-i686-1/lib/libDriversLPC17xxgnu.a(lpc17xx_i2c.o)
                0x000181d0                I2C_SlaveTransferData
 .text.I2C_SetOwnSlaveAddr
                0x00018438      0x118 /opt/york/cs/net/lpc1700-cmsis-lite-2011.01.26-i686-1/lib/libDriversLPC17xxgnu.a(lpc17xx_i2c.o)
                0x00018438                I2C_SetOwnSlaveAddr
 .text.I2C_MonitorModeConfig
                0x00018550       0x9c /opt/york/cs/net/lpc1700-cmsis-lite-2011.01.26-i686-1/lib/libDriversLPC17xxgnu.a(lpc17xx_i2c.o)
                0x00018550                I2C_MonitorModeConfig
 .text.I2C_MonitorModeCmd
                0x000185ec       0xb0 /opt/york/cs/net/lpc1700-cmsis-lite-2011.01.26-i686-1/lib/libDriversLPC17xxgnu.a(lpc17xx_i2c.o)
                0x000185ec                I2C_MonitorModeCmd
 .text.I2C_MonitorGetDatabuffer
                0x0001869c       0x54 /opt/york/cs/net/lpc1700-cmsis-lite-2011.01.26-i686-1/lib/libDriversLPC17xxgnu.a(lpc17xx_i2c.o)
                0x0001869c                I2C_MonitorGetDatabuffer
 .text.I2C_MonitorHandler
                0x000186f0       0x6c /opt/york/cs/net/lpc1700-cmsis-lite-2011.01.26-i686-1/lib/libDriversLPC17xxgnu.a(lpc17xx_i2c.o)
                0x000186f0                I2C_MonitorHandler
 .text.I2C_MasterTransferComplete
                0x0001875c       0x40 /opt/york/cs/net/lpc1700-cmsis-lite-2011.01.26-i686-1/lib/libDriversLPC17xxgnu.a(lpc17xx_i2c.o)
                0x0001875c                I2C_MasterTransferComplete
 .text.I2C_SlaveTransferComplete
                0x0001879c       0x40 /opt/york/cs/net/lpc1700-cmsis-lite-2011.01.26-i686-1/lib/libDriversLPC17xxgnu.a(lpc17xx_i2c.o)
                0x0001879c                I2C_SlaveTransferComplete
 .text          0x000187dc        0x0 /opt/york/cs/net/lpc1700-cmsis-lite-2011.01.26-i686-1/lib/libDriversLPC17xxgnu.a(lpc17xx_libcfg_default.o)
 .text.check_failed
                0x000187dc        0xc /opt/york/cs/net/lpc1700-cmsis-lite-2011.01.26-i686-1/lib/libDriversLPC17xxgnu.a(lpc17xx_libcfg_default.o)
                0x000187dc                check_failed
 .text          0x000187e8        0x0 /opt/york/cs/net/lpc1700-cmsis-lite-2011.01.26-i686-1/lib/libDriversLPC17xxgnu.a(lpc17xx_pinsel.o)
 .text.set_PinFunc
                0x000187e8       0xa0 /opt/york/cs/net/lpc1700-cmsis-lite-2011.01.26-i686-1/lib/libDriversLPC17xxgnu.a(lpc17xx_pinsel.o)
 .text.set_ResistorMode
                0x00018888       0xa0 /opt/york/cs/net/lpc1700-cmsis-lite-2011.01.26-i686-1/lib/libDriversLPC17xxgnu.a(lpc17xx_pinsel.o)
 .text.set_OpenDrainMode
                0x00018928       0x80 /opt/york/cs/net/lpc1700-cmsis-lite-2011.01.26-i686-1/lib/libDriversLPC17xxgnu.a(lpc17xx_pinsel.o)
 .text.PINSEL_ConfigTraceFunc
                0x000189a8       0x54 /opt/york/cs/net/lpc1700-cmsis-lite-2011.01.26-i686-1/lib/libDriversLPC17xxgnu.a(lpc17xx_pinsel.o)
                0x000189a8                PINSEL_ConfigTraceFunc
 .text.PINSEL_SetI2C0Pins
                0x000189fc       0x3c /opt/york/cs/net/lpc1700-cmsis-lite-2011.01.26-i686-1/lib/libDriversLPC17xxgnu.a(lpc17xx_pinsel.o)
                0x000189fc                PINSEL_SetI2C0Pins
 .text.PINSEL_ConfigPin
                0x00018a38       0x54 /opt/york/cs/net/lpc1700-cmsis-lite-2011.01.26-i686-1/lib/libDriversLPC17xxgnu.a(lpc17xx_pinsel.o)
                0x00018a38                PINSEL_ConfigPin
 .text          0x00018a8c        0x0 /opt/york/cs/net/lpc1700-cmsis-lite-2011.01.26-i686-1/lib/libDriversLPC17xxgnu.a(lpc17xx_uart.o)
 .text.uart_set_divisors
                0x00018a8c      0x26c /opt/york/cs/net/lpc1700-cmsis-lite-2011.01.26-i686-1/lib/libDriversLPC17xxgnu.a(lpc17xx_uart.o)
 .text.UART_Init
                0x00018cf8      0x368 /opt/york/cs/net/lpc1700-cmsis-lite-2011.01.26-i686-1/lib/libDriversLPC17xxgnu.a(lpc17xx_uart.o)
                0x00018cf8                UART_Init
 .text.UART_DeInit
                0x00019060       0xcc /opt/york/cs/net/lpc1700-cmsis-lite-2011.01.26-i686-1/lib/libDriversLPC17xxgnu.a(lpc17xx_uart.o)
                0x00019060                UART_DeInit
 .text.UART_ConfigStructInit
                0x0001912c       0x34 /opt/york/cs/net/lpc1700-cmsis-lite-2011.01.26-i686-1/lib/libDriversLPC17xxgnu.a(lpc17xx_uart.o)
                0x0001912c                UART_ConfigStructInit
 .text.UART_SendByte
                0x00019160       0x78 /opt/york/cs/net/lpc1700-cmsis-lite-2011.01.26-i686-1/lib/libDriversLPC17xxgnu.a(lpc17xx_uart.o)
                0x00019160                UART_SendByte
 .text.UART_ReceiveByte
                0x000191d8       0x78 /opt/york/cs/net/lpc1700-cmsis-lite-2011.01.26-i686-1/lib/libDriversLPC17xxgnu.a(lpc17xx_uart.o)
                0x000191d8                UART_ReceiveByte
 .text.UART_Send
                0x00019250      0x10c /opt/york/cs/net/lpc1700-cmsis-lite-2011.01.26-i686-1/lib/libDriversLPC17xxgnu.a(lpc17xx_uart.o)
                0x00019250                UART_Send
 .text.UART_Receive
                0x0001935c       0xd8 /opt/york/cs/net/lpc1700-cmsis-lite-2011.01.26-i686-1/lib/libDriversLPC17xxgnu.a(lpc17xx_uart.o)
                0x0001935c                UART_Receive
 .text.UART_ForceBreak
                0x00019434       0x88 /opt/york/cs/net/lpc1700-cmsis-lite-2011.01.26-i686-1/lib/libDriversLPC17xxgnu.a(lpc17xx_uart.o)
                0x00019434                UART_ForceBreak
 .text.UART_IntConfig
                0x000194bc      0x1d0 /opt/york/cs/net/lpc1700-cmsis-lite-2011.01.26-i686-1/lib/libDriversLPC17xxgnu.a(lpc17xx_uart.o)
                0x000194bc                UART_IntConfig
 .text.UART_GetLineStatus
                0x0001968c       0x7c /opt/york/cs/net/lpc1700-cmsis-lite-2011.01.26-i686-1/lib/libDriversLPC17xxgnu.a(lpc17xx_uart.o)
                0x0001968c                UART_GetLineStatus
 .text.UART_GetIntId
                0x00019708       0x68 /opt/york/cs/net/lpc1700-cmsis-lite-2011.01.26-i686-1/lib/libDriversLPC17xxgnu.a(lpc17xx_uart.o)
                0x00019708                UART_GetIntId
 .text.UART_CheckBusy
                0x00019770       0x2c /opt/york/cs/net/lpc1700-cmsis-lite-2011.01.26-i686-1/lib/libDriversLPC17xxgnu.a(lpc17xx_uart.o)
                0x00019770                UART_CheckBusy
 .text.UART_FIFOConfig
                0x0001979c      0x184 /opt/york/cs/net/lpc1700-cmsis-lite-2011.01.26-i686-1/lib/libDriversLPC17xxgnu.a(lpc17xx_uart.o)
                0x0001979c                UART_FIFOConfig
 .text.UART_FIFOConfigStructInit
                0x00019920       0x34 /opt/york/cs/net/lpc1700-cmsis-lite-2011.01.26-i686-1/lib/libDriversLPC17xxgnu.a(lpc17xx_uart.o)
                0x00019920                UART_FIFOConfigStructInit
 .text.UART_ABCmd
                0x00019954      0x15c /opt/york/cs/net/lpc1700-cmsis-lite-2011.01.26-i686-1/lib/libDriversLPC17xxgnu.a(lpc17xx_uart.o)
                0x00019954                UART_ABCmd
 .text.UART_ABClearIntPending
                0x00019ab0       0x88 /opt/york/cs/net/lpc1700-cmsis-lite-2011.01.26-i686-1/lib/libDriversLPC17xxgnu.a(lpc17xx_uart.o)
                0x00019ab0                UART_ABClearIntPending
 .text.UART_TxCmd
                0x00019b38       0xe8 /opt/york/cs/net/lpc1700-cmsis-lite-2011.01.26-i686-1/lib/libDriversLPC17xxgnu.a(lpc17xx_uart.o)
                0x00019b38                UART_TxCmd
 .text.UART_IrDAInvtInputCmd
                0x00019c20       0x84 /opt/york/cs/net/lpc1700-cmsis-lite-2011.01.26-i686-1/lib/libDriversLPC17xxgnu.a(lpc17xx_uart.o)
                0x00019c20                UART_IrDAInvtInputCmd
 .text.UART_IrDACmd
                0x00019ca4       0x80 /opt/york/cs/net/lpc1700-cmsis-lite-2011.01.26-i686-1/lib/libDriversLPC17xxgnu.a(lpc17xx_uart.o)
                0x00019ca4                UART_IrDACmd
 .text.UART_IrDAPulseDivConfig
                0x00019d24       0xac /opt/york/cs/net/lpc1700-cmsis-lite-2011.01.26-i686-1/lib/libDriversLPC17xxgnu.a(lpc17xx_uart.o)
                0x00019d24                UART_IrDAPulseDivConfig
 .text.UART_FullModemForcePinState
                0x00019dd0       0xcc /opt/york/cs/net/lpc1700-cmsis-lite-2011.01.26-i686-1/lib/libDriversLPC17xxgnu.a(lpc17xx_uart.o)
                0x00019dd0                UART_FullModemForcePinState
 .text.UART_FullModemConfigMode
                0x00019e9c       0xd8 /opt/york/cs/net/lpc1700-cmsis-lite-2011.01.26-i686-1/lib/libDriversLPC17xxgnu.a(lpc17xx_uart.o)
                0x00019e9c                UART_FullModemConfigMode
 .text.UART_FullModemGetStatus
                0x00019f74       0x38 /opt/york/cs/net/lpc1700-cmsis-lite-2011.01.26-i686-1/lib/libDriversLPC17xxgnu.a(lpc17xx_uart.o)
                0x00019f74                UART_FullModemGetStatus
 .text.UART_RS485Config
                0x00019fac      0x1bc /opt/york/cs/net/lpc1700-cmsis-lite-2011.01.26-i686-1/lib/libDriversLPC17xxgnu.a(lpc17xx_uart.o)
                0x00019fac                UART_RS485Config
 .text.UART_RS485ReceiverCmd
                0x0001a168       0x48 /opt/york/cs/net/lpc1700-cmsis-lite-2011.01.26-i686-1/lib/libDriversLPC17xxgnu.a(lpc17xx_uart.o)
                0x0001a168                UART_RS485ReceiverCmd
 .text.UART_RS485Send
                0x0001a1b0       0x84 /opt/york/cs/net/lpc1700-cmsis-lite-2011.01.26-i686-1/lib/libDriversLPC17xxgnu.a(lpc17xx_uart.o)
                0x0001a1b0                UART_RS485Send
 .text.UART_RS485SendSlvAddr
                0x0001a234       0x28 /opt/york/cs/net/lpc1700-cmsis-lite-2011.01.26-i686-1/lib/libDriversLPC17xxgnu.a(lpc17xx_uart.o)
                0x0001a234                UART_RS485SendSlvAddr
 .text.UART_RS485SendData
                0x0001a25c       0x28 /opt/york/cs/net/lpc1700-cmsis-lite-2011.01.26-i686-1/lib/libDriversLPC17xxgnu.a(lpc17xx_uart.o)
                0x0001a25c                UART_RS485SendData
 .text          0x0001a284        0x0 /opt/york/cs/net/sourcery-g++-lite-arm-eabi-2010.09.51-i686-1/bin/../lib/gcc/arm-none-eabi/4.5.1/thumb2/crtend.o
 .text          0x0001a284        0x0 /opt/york/cs/net/sourcery-g++-lite-arm-eabi-2010.09.51-i686-1/bin/../lib/gcc/arm-none-eabi/4.5.1/thumb2/crtn.o
 *(.plt)
 *(.gnu.warning)
 .gnu.warning   0x00000000        0x0 /opt/york/cs/net/sourcery-g++-lite-arm-eabi-2010.09.51-i686-1/arm-none-eabi/lib/thumb2/libcs3unhosted.a(unhosted-_close.o)
 .gnu.warning   0x00000000        0x0 /opt/york/cs/net/sourcery-g++-lite-arm-eabi-2010.09.51-i686-1/arm-none-eabi/lib/thumb2/libcs3unhosted.a(unhosted-_fstat.o)
 .gnu.warning   0x00000000        0x0 /opt/york/cs/net/sourcery-g++-lite-arm-eabi-2010.09.51-i686-1/arm-none-eabi/lib/thumb2/libcs3unhosted.a(unhosted-isatty.o)
 .gnu.warning   0x00000000        0x0 /opt/york/cs/net/sourcery-g++-lite-arm-eabi-2010.09.51-i686-1/arm-none-eabi/lib/thumb2/libcs3unhosted.a(unhosted-_kill.o)
 .gnu.warning   0x00000000        0x0 /opt/york/cs/net/sourcery-g++-lite-arm-eabi-2010.09.51-i686-1/arm-none-eabi/lib/thumb2/libcs3unhosted.a(unhosted-_lseek.o)
 .gnu.warning   0x00000000        0x0 /opt/york/cs/net/sourcery-g++-lite-arm-eabi-2010.09.51-i686-1/arm-none-eabi/lib/thumb2/libcs3unhosted.a(unhosted-_read.o)
 .gnu.warning   0x00000000        0x0 /opt/york/cs/net/sourcery-g++-lite-arm-eabi-2010.09.51-i686-1/arm-none-eabi/lib/thumb2/libcs3unhosted.a(unhosted-_write.o)
 *(.glue_7t)
 .glue_7t       0x00000000        0x0 linker stubs
 *(.glue_7)
 .glue_7        0x00000000        0x0 linker stubs
 *(.vfp11_veneer)
 .vfp11_veneer  0x00000000        0x0 linker stubs
 *(.rodata .rodata.* .gnu.linkonce.r.*)
 .rodata        0x0001a284       0xe4 game.o
 .rodata        0x0001a368      0x1c8 main.o
 .rodata        0x0001a530       0x64 music.o
 .rodata        0x0001a594       0x1c packet-manager.o
 .rodata        0x0001a5b0       0x1c sequence-manager.o
 .rodata        0x0001a5cc       0x14 lib/serial-dmx.o
 .rodata._ZZ13setup_displayvE3C.2
                0x0001a5e0        0xc lib/display.o
 .rodata._ZZ5resetvE3C.3
                0x0001a5ec        0x4 lib/display.o
 .rodata        0x0001a5f0       0x20 /opt/york/cs/net/sourcery-g++-lite-arm-eabi-2010.09.51-i686-1/arm-none-eabi/lib/thumb2/libg.a(lib_a-svfprintf.o)
 .rodata.str1.4
                0x0001a610       0x42 /opt/york/cs/net/sourcery-g++-lite-arm-eabi-2010.09.51-i686-1/arm-none-eabi/lib/thumb2/libg.a(lib_a-svfprintf.o)
                                 0x44 (size before relaxing)
 *fill*         0x0001a652        0x2 00
 .rodata        0x0001a654      0x104 /opt/york/cs/net/sourcery-g++-lite-arm-eabi-2010.09.51-i686-1/arm-none-eabi/lib/thumb2/libg.a(lib_a-ctype_.o)
                0x0001a654                _ctype_
 .rodata.str1.4
                0x0001a758       0x10 /opt/york/cs/net/sourcery-g++-lite-arm-eabi-2010.09.51-i686-1/arm-none-eabi/lib/thumb2/libg.a(lib_a-dtoa.o)
                                 0x14 (size before relaxing)
 .rodata        0x0001a768        0x4 /opt/york/cs/net/sourcery-g++-lite-arm-eabi-2010.09.51-i686-1/arm-none-eabi/lib/thumb2/libg.a(lib_a-impure.o)
                0x0001a768                _global_impure_ptr
 .rodata.str1.4
                0x0001a76c        0x2 /opt/york/cs/net/sourcery-g++-lite-arm-eabi-2010.09.51-i686-1/arm-none-eabi/lib/thumb2/libg.a(lib_a-impure.o)
                                  0x4 (size before relaxing)
 *fill*         0x0001a76e        0x2 00
 .rodata.str1.4