Archive member included because of file (symbol)

/opt/york/cs/net/sourcery-g++-lite-arm-eabi-2010.09.51-i686-1/arm-none-eabi/lib/thumb2/libg.a(lib_a-atoi.o)
                              main.o (atoi)
/opt/york/cs/net/sourcery-g++-lite-arm-eabi-2010.09.51-i686-1/arm-none-eabi/lib/thumb2/libg.a(lib_a-malloc.o)
                              packet-manager.o (malloc)
/opt/york/cs/net/sourcery-g++-lite-arm-eabi-2010.09.51-i686-1/arm-none-eabi/lib/thumb2/libg.a(lib_a-mallocr.o)
                              /opt/york/cs/net/sourcery-g++-lite-arm-eabi-2010.09.51-i686-1/arm-none-eabi/lib/thumb2/libg.a(lib_a-malloc.o) (_malloc_r)
/opt/york/cs/net/sourcery-g++-lite-arm-eabi-2010.09.51-i686-1/arm-none-eabi/lib/thumb2/libg.a(lib_a-memcpy.o)
                              lib/serial-dmx.o (memcpy)
/opt/york/cs/net/sourcery-g++-lite-arm-eabi-2010.09.51-i686-1/arm-none-eabi/lib/thumb2/libg.a(lib_a-memset.o)
                              queue.o (memset)
/opt/york/cs/net/sourcery-g++-lite-arm-eabi-2010.09.51-i686-1/arm-none-eabi/lib/thumb2/libg.a(lib_a-mlock.o)
                              /opt/york/cs/net/sourcery-g++-lite-arm-eabi-2010.09.51-i686-1/arm-none-eabi/lib/thumb2/libg.a(lib_a-mallocr.o) (__malloc_lock)
/opt/york/cs/net/sourcery-g++-lite-arm-eabi-2010.09.51-i686-1/arm-none-eabi/lib/thumb2/libg.a(lib_a-sbrkr.o)
                              /opt/york/cs/net/sourcery-g++-lite-arm-eabi-2010.09.51-i686-1/arm-none-eabi/lib/thumb2/libg.a(lib_a-mallocr.o) (_sbrk_r)
/opt/york/cs/net/sourcery-g++-lite-arm-eabi-2010.09.51-i686-1/arm-none-eabi/lib/thumb2/libg.a(lib_a-sprintf.o)
                              main.o (sprintf)
/opt/york/cs/net/sourcery-g++-lite-arm-eabi-2010.09.51-i686-1/arm-none-eabi/lib/thumb2/libg.a(lib_a-strlen.o)
                              main.o (strlen)
/opt/york/cs/net/sourcery-g++-lite-arm-eabi-2010.09.51-i686-1/arm-none-eabi/lib/thumb2/libg.a(lib_a-strtol.o)
                              /opt/york/cs/net/sourcery-g++-lite-arm-eabi-2010.09.51-i686-1/arm-none-eabi/lib/thumb2/libg.a(lib_a-atoi.o) (_strtol_r)
/opt/york/cs/net/sourcery-g++-lite-arm-eabi-2010.09.51-i686-1/arm-none-eabi/lib/thumb2/libg.a(lib_a-svfprintf.o)
                              /opt/york/cs/net/sourcery-g++-lite-arm-eabi-2010.09.51-i686-1/arm-none-eabi/lib/thumb2/libg.a(lib_a-sprintf.o) (_svfprintf_r)
/opt/york/cs/net/sourcery-g++-lite-arm-eabi-2010.09.51-i686-1/arm-none-eabi/lib/thumb2/libg.a(lib_a-vsprintf.o)
                              lib/serial.o (vsprintf)
/opt/york/cs/net/sourcery-g++-lite-arm-eabi-2010.09.51-i686-1/arm-none-eabi/lib/thumb2/libg.a(lib_a-ctype_.o)
                              /opt/york/cs/net/sourcery-g++-lite-arm-eabi-2010.09.51-i686-1/arm-none-eabi/lib/thumb2/libg.a(lib_a-strtol.o) (__ctype_ptr__)
/opt/york/cs/net/sourcery-g++-lite-arm-eabi-2010.09.51-i686-1/arm-none-eabi/lib/thumb2/libg.a(lib_a-dtoa.o)
                              /opt/york/cs/net/sourcery-g++-lite-arm-eabi-2010.09.51-i686-1/arm-none-eabi/lib/thumb2/libg.a(lib_a-svfprintf.o) (_dtoa_r)
/opt/york/cs/net/sourcery-g++-lite-arm-eabi-2010.09.51-i686-1/arm-none-eabi/lib/thumb2/libg.a(lib_a-freer.o)
                              /opt/york/cs/net/sourcery-g++-lite-arm-eabi-2010.09.51-i686-1/arm-none-eabi/lib/thumb2/libg.a(lib_a-malloc.o) (_free_r)
/opt/york/cs/net/sourcery-g++-lite-arm-eabi-2010.09.51-i686-1/arm-none-eabi/lib/thumb2/libg.a(lib_a-impure.o)
                              /opt/york/cs/net/sourcery-g++-lite-arm-eabi-2010.09.51-i686-1/arm-none-eabi/lib/thumb2/libg.a(lib_a-malloc.o) (_impure_ptr)
/opt/york/cs/net/sourcery-g++-lite-arm-eabi-2010.09.51-i686-1/arm-none-eabi/lib/thumb2/libg.a(lib_a-locale.o)
                              /opt/york/cs/net/sourcery-g++-lite-arm-eabi-2010.09.51-i686-1/arm-none-eabi/lib/thumb2/libg.a(lib_a-svfprintf.o) (_localeconv_r)
/opt/york/cs/net/sourcery-g++-lite-arm-eabi-2010.09.51-i686-1/arm-none-eabi/lib/thumb2/libg.a(lib_a-memchr.o)
                              /opt/york/cs/net/sourcery-g++-lite-arm-eabi-2010.09.51-i686-1/arm-none-eabi/lib/thumb2/libg.a(lib_a-svfprintf.o) (memchr)
/opt/york/cs/net/sourcery-g++-lite-arm-eabi-2010.09.51-i686-1/arm-none-eabi/lib/thumb2/libg.a(lib_a-mprec.o)
                              /opt/york/cs/net/sourcery-g++-lite-arm-eabi-2010.09.51-i686-1/arm-none-eabi/lib/thumb2/libg.a(lib_a-dtoa.o) (_Balloc)
/opt/york/cs/net/sourcery-g++-lite-arm-eabi-2010.09.51-i686-1/arm-none-eabi/lib/thumb2/libg.a(lib_a-reent.o)
                              /opt/york/cs/net/sourcery-g++-lite-arm-eabi-2010.09.51-i686-1/arm-none-eabi/lib/thumb2/libg.a(lib_a-sbrkr.o) (errno)
/opt/york/cs/net/sourcery-g++-lite-arm-eabi-2010.09.51-i686-1/arm-none-eabi/lib/thumb2/libg.a(lib_a-s_fpclassify.o)
                              /opt/york/cs/net/sourcery-g++-lite-arm-eabi-2010.09.51-i686-1/arm-none-eabi/lib/thumb2/libg.a(lib_a-svfprintf.o) (__fpclassifyd)
/opt/york/cs/net/sourcery-g++-lite-arm-eabi-2010.09.51-i686-1/arm-none-eabi/lib/thumb2/libg.a(lib_a-strcmp.o)
[...]
Memory Configuration

Name             Origin             Length             Attributes
rom              0x00000000         0x00080000         xr
ram              0x10000000         0x00008000         xrw
ram1             0x2007c000         0x00004000         xrw
ram2             0x20080000         0x00004000         xrw
*default*        0x00000000         0xffffffff

Linker script and memory map

LOAD /opt/york/cs/net/sourcery-g++-lite-arm-eabi-2010.09.51-i686-1/bin/../lib/gcc/arm-none-eabi/4.5.1/thumb2/crti.o
LOAD /opt/york/cs/net/sourcery-g++-lite-arm-eabi-2010.09.51-i686-1/bin/../lib/gcc/arm-none-eabi/4.5.1/thumb2/crtbegin.o
LOAD game.o
LOAD game_class.o
LOAD queue.o
LOAD main.o
LOAD music.o
LOAD packet-manager.o
LOAD sequence-manager.o
LOAD lib/serial.o
LOAD lib/pindef.o
LOAD lib/i2c.o
LOAD lib/serial-dmx.o
LOAD lib/utilities.o
LOAD lib/keypad.o
LOAD lib/display.o
LOAD lib/analog.o
LOAD /opt/york/cs/net/lpc1700-cmsis-lite-2011.01.26-i686-1/lib/core_cm3.o
LOAD /opt/york/cs/net/lpc1700-cmsis-lite-2011.01.26-i686-1/lib/system_LPC17xx.o
LOAD /opt/york/cs/net/lpc1700-cmsis-lite-2011.01.26-i686-1/lib/startup_LPC17xx.o
START GROUP
LOAD /opt/york/cs/net/sourcery-g++-lite-arm-eabi-2010.09.51-i686-1/arm-none-eabi/lib/thumb2/libg.a
LOAD /opt/york/cs/net/sourcery-g++-lite-arm-eabi-2010.09.51-i686-1/arm-none-eabi/lib/thumb2/libstdc++.a
LOAD /opt/york/cs/net/sourcery-g++-lite-arm-eabi-2010.09.51-i686-1/arm-none-eabi/lib/thumb2/libsupc++.a
LOAD /opt/york/cs/net/sourcery-g++-lite-arm-eabi-2010.09.51-i686-1/bin/../lib/gcc/arm-none-eabi/4.5.1/thumb2/libgcc.a
END GROUP
START GROUP
LOAD /opt/york/cs/net/sourcery-g++-lite-arm-eabi-2010.09.51-i686-1/bin/../lib/gcc/arm-none-eabi/4.5.1/thumb2/libgcc.a
LOAD /opt/york/cs/net/sourcery-g++-lite-arm-eabi-2010.09.51-i686-1/arm-none-eabi/lib/thumb2/libc.a
LOAD /opt/york/cs/net/sourcery-g++-lite-arm-eabi-2010.09.51-i686-1/arm-none-eabi/lib/thumb2/libcs3.a
LOAD /opt/york/cs/net/sourcery-g++-lite-arm-eabi-2010.09.51-i686-1/arm-none-eabi/lib/thumb2/libcs3unhosted.a
LOAD /opt/york/cs/net/sourcery-g++-lite-arm-eabi-2010.09.51-i686-1/arm-none-eabi/lib/thumb2/libcs3micro.a
END GROUP
                0x10008000                PROVIDE (__cs3_stack, (__cs3_region_start_ram + __cs3_region_size_ram))
                0x00006df8                PROVIDE (__cs3_stack_size, ((__cs3_region_start_ram + __cs3_region_size_ram) - _end))
                0x10001208                PROVIDE (__cs3_heap_start, _end)
                0x10008000                PROVIDE (__cs3_heap_end, (__cs3_region_start_ram + __cs3_region_size_ram))

.text           0x00000000    0x1c084
 CREATE_OBJECT_SYMBOLS
                0x00000000                __cs3_region_start_rom = .
 *(.cs3.region-head.rom)
                0x00000000                __cs3_interrupt_vector = __cs3_interrupt_vector_cortex_m
 *(.cs3.interrupt_vector)
 .cs3.interrupt_vector
                0x00000000       0xcc /opt/york/cs/net/lpc1700-cmsis-lite-2011.01.26-i686-1/lib/startup_LPC17xx.o
                0x00000000                __cs3_interrupt_vector_cortex_m
                0x00000001                ASSERT ((. != __cs3_interrupt_vector_cortex_m), No interrupt vector)
 *(.rom)
 *(.rom.b)
                0x000000cc                __cs3_reset = __cs3_reset_cortex_m
 *(.cs3.reset)
 .cs3.reset     0x000000cc       0x10 /opt/york/cs/net/lpc1700-cmsis-lite-2011.01.26-i686-1/lib/startup_LPC17xx.o
                0x000000cc                __cs3_reset_cortex_m
                0x00000001                ASSERT ((. != __cs3_reset), No reset code)
 *(.text .text.* .gnu.linkonce.t.*)
 .text          0x000000dc        0x0 /opt/york/cs/net/sourcery-g++-lite-arm-eabi-2010.09.51-i686-1/bin/../lib/gcc/arm-none-eabi/4.5.1/thumb2/crti.o
 .text          0x000000dc       0x30 /opt/york/cs/net/sourcery-g++-lite-arm-eabi-2010.09.51-i686-1/bin/../lib/gcc/arm-none-eabi/4.5.1/thumb2/crtbegin.o
 .text          0x0000010c        0x0 game.o
 .text._Z15display_optionsi
                0x0000010c       0xfc game.o
                0x0000010c                _Z15display_optionsi
 .text._Z11game_actioni
                0x00000208       0x98 game.o
                0x00000208                _Z11game_actioni
 .text._Z11level_starti
                0x000002a0       0x70 game.o
                0x000002a0                _Z11level_starti
 .text._Z6buzzeri
                0x00000310       0x6c game.o
                0x00000310                _Z6buzzeri
 .text._Z18difficulty_displayv
                0x0000037c       0x28 game.o
                0x0000037c                _Z18difficulty_displayv
 .text._Z10game_starti
                0x000003a4      0x110 game.o
                0x000003a4                _Z10game_starti
 .text          0x000004b4        0x0 game_class.o
 .text._ZN4GAMEC2Ev
                0x000004b4       0x94 game_class.o
                0x000004b4                _ZN4GAMEC2Ev
                0x000004b4                _ZN4GAMEC1Ev
 .text._ZN4GAME12set_sequenceEi
                0x00000548       0x6c game_class.o
                0x00000548                _ZN4GAME12set_sequenceEi
 .text._ZN4GAME13test_sequenceEv
                0x000005b4       0x60 game_class.o
                0x000005b4                _ZN4GAME13test_sequenceEv
 .text._ZN4GAME18edit_user_sequenceEi
                0x00000614       0x60 game_class.o
                0x00000614                _ZN4GAME18edit_user_sequenceEi
 .text._ZN4GAME10check_flagEv
                0x00000674       0x30 game_class.o
                0x00000674                _ZN4GAME10check_flagEv
 .text._ZN4GAME13send_sequenceEv
                0x000006a4      0x134 game_class.o
                0x000006a4                _ZN4GAME13send_sequenceEv
 .text          0x000007d8        0x0 queue.o
 .text._ZN5QueueC2Ei
                0x000007d8       0x30 queue.o
                0x000007d8                _ZN5QueueC1Ei
                0x000007d8                _ZN5QueueC2Ei
 .text._ZN5Queue3addEi
                0x00000808       0x54 queue.o
                0x00000808                _ZN5Queue3addEi
 .text._ZN5Queue3avgEv
                0x0000085c       0x68 queue.o
                0x0000085c                _ZN5Queue3avgEv
 .text          0x000008c4        0x0 main.o
 .text._Z10do_nothingv
                0x000008c4        0xc main.o
                0x000008c4                _Z10do_nothingv
 .text._Z4testv
                0x000008d0       0x8c main.o
                0x000008d0                _Z4testv
 .text._Z4menui
                0x0000095c       0xc8 main.o
                0x0000095c                _Z4menui
 .text._Z15sequence_senderi
                0x00000a24       0xdc main.o
                0x00000a24                _Z15sequence_senderi
 .text._Z8selectori
                0x00000b00       0x64 main.o
                0x00000b00                _Z8selectori
 .text._Z6editorii
                0x00000b64      0x108 main.o
                0x00000b64                _Z6editorii
 .text._Z9sequencerii
                0x00000c6c      0x100 main.o
                0x00000c6c                _Z9sequencerii
 .text._Z5errori
                0x00000d6c       0xc0 main.o
                0x00000d6c                _Z5errori
 .text._Z6actioni
                0x00000e2c      0xa18 main.o
                0x00000e2c                _Z6actioni
 .text.main     0x00001844       0xd8 main.o
                0x00001844                main
 .text._Z41__static_initialization_and_destruction_0ii
                0x0000191c       0x78 main.o
 .text._GLOBAL__I_pc
                0x00001994       0x14 main.o
 .text          0x000019a8        0x0 music.o
 .text._Z10music_menui
                0x000019a8       0xdc music.o
                0x000019a8                _Z10music_menui
 .text._Z12music_buttoni
                0x00001a84       0xb8 music.o
                0x00001a84                _Z12music_buttoni
 .text._Z12music_repeatv
                0x00001b3c       0x2c music.o
                0x00001b3c                _Z12music_repeatv
 .text._Z11music_startv
                0x00001b68       0x10 music.o
                0x00001b68                _Z11music_startv
 .text._Z6volumev
                0x00001b78      0x1d8 music.o
                0x00001b78                _Z6volumev
 .text._Z6rhythmv
                0x00001d50       0x20 music.o
                0x00001d50                _Z6rhythmv
 .text._Z7maximumii
                0x00001d70       0x24 music.o
                0x00001d70                _Z7maximumii
 .text._Z6getvolv
                0x00001d94       0x98 music.o
                0x00001d94                _Z6getvolv
 .text._Z41__static_initialization_and_destruction_0ii
                0x00001e2c       0x34 music.o
 .text._GLOBAL__I_music_mode
                0x00001e60       0x14 music.o
 .text          0x00001e74        0x0 packet-manager.o
 .text._ZN14packet_managerC2Ev
                0x00001e74       0x18 packet-manager.o
                0x00001e74                _ZN14packet_managerC2Ev
                0x00001e74                _ZN14packet_managerC1Ev
 .text._ZN14packet_manager4initEv
                0x00001e8c       0x64 packet-manager.o
                0x00001e8c                _ZN14packet_manager4initEv
 .text._ZN14packet_manager6getptrEi
                0x00001ef0       0x2c packet-manager.o
                0x00001ef0                _ZN14packet_manager6getptrEi
 .text          0x00001f1c        0x0 sequence-manager.o
 .text._ZN16sequence_managerC2Ev
                0x00001f1c       0x18 sequence-manager.o
                0x00001f1c                _ZN16sequence_managerC2Ev
                0x00001f1c                _ZN16sequence_managerC1Ev
 .text._ZN16sequence_manager4initEv
                0x00001f34       0x64 sequence-manager.o
                0x00001f34                _ZN16sequence_manager4initEv
 .text._ZN16sequence_manager6getptrEi
                0x00001f98       0x2c sequence-manager.o
                0x00001f98                _ZN16sequence_manager6getptrEi
 .text          0x00001fc4        0x0 lib/serial.o
 .text._ZN6SerialC2Ev
                0x00001fc4       0x98 lib/serial.o
                0x00001fc4                _ZN6SerialC2Ev
                0x00001fc4                _ZN6SerialC1Ev
 .text._ZN6Serial4initEv
                0x0000205c       0x58 lib/serial.o
                0x0000205c                _ZN6Serial4initEv
 .text._ZN6Serial6printfEPcz
                0x000020b4       0x48 lib/serial.o
                0x000020b4                _ZN6Serial6printfEPcz
 .text._ZN6Serial5writeEPc
                0x000020fc       0x38 lib/serial.o
                0x000020fc                _ZN6Serial5writeEPc
 .text          0x00002134        0x0 lib/pindef.o
 .text._Z7pinconf15PINSEL_CFG_Type
                0x00002134       0x1c lib/pindef.o
                0x00002134                _Z7pinconf15PINSEL_CFG_Type
 .text          0x00002150        0x0 lib/i2c.o
 .text._ZN3I2CC2E15PINSEL_CFG_TypeS0_
                0x00002150       0x44 lib/i2c.o
                0x00002150                _ZN3I2CC1E15PINSEL_CFG_TypeS0_
                0x00002150                _ZN3I2CC2E15PINSEL_CFG_TypeS0_
 .text._ZN3I2C4initEv
                0x00002194       0x34 lib/i2c.o
                0x00002194                _ZN3I2C4initEv
 .text._ZN3I2C5writeEmPhm
                0x000021c8       0xb0 lib/i2c.o
                0x000021c8                _ZN3I2C5writeEmPhm
 .text._ZN3I2C4readEmPhm
                0x00002278       0xb0 lib/i2c.o
                0x00002278                _ZN3I2C4readEmPhm
 .text          0x00002328        0x0 lib/serial-dmx.o
 .text._ZN3DMXC2Ev
                0x00002328       0x98 lib/serial-dmx.o
                0x00002328                _ZN3DMXC2Ev
                0x00002328                _ZN3DMXC1Ev
 .text._ZN3DMX4initEv
                0x000023c0       0x78 lib/serial-dmx.o
                0x000023c0                _ZN3DMX4initEv
 .text._ZN3DMX3padEPci
                0x00002438       0x6c lib/serial-dmx.o
                0x00002438                _ZN3DMX3padEPci
 .text._ZN3DMX4sendEPci
                0x000024a4       0x58 lib/serial-dmx.o
                0x000024a4                _ZN3DMX4sendEPci
 .text._ZN3DMX5writeEPci
                0x000024fc       0x30 lib/serial-dmx.o
                0x000024fc                _ZN3DMX5writeEPci
 .text._ZN3DMX10send_breakEv
                0x0000252c       0x30 lib/serial-dmx.o
                0x0000252c                _ZN3DMX10send_breakEv
 .text._ZN3DMX9end_breakEv
                0x0000255c       0x30 lib/serial-dmx.o
                0x0000255c                _ZN3DMX9end_breakEv
 .text          0x0000258c        0x0 lib/utilities.o
 .text._Z5delayi
                0x0000258c       0x34 lib/utilities.o
                0x0000258c                _Z5delayi
 .text._Z41__static_initialization_and_destruction_0ii
                0x000025c0       0x9c lib/utilities.o
 .text._GLOBAL__I_i2c
                0x0000265c       0x14 lib/utilities.o
 .text          0x00002670        0x0 lib/keypad.o
 .text._Z8checkrowcciPFviE
                0x00002670      0x124 lib/keypad.o
                0x00002670                _Z8checkrowcciPFviE
 .text._Z12keypad_checkPFviE
                0x00002794       0x88 lib/keypad.o
                0x00002794                _Z12keypad_checkPFviE
 .text          0x0000281c        0x0 lib/display.o
 .text._Z5resetv
                0x0000281c       0x44 lib/display.o
                0x0000281c                _Z5resetv
 .text._Z13setup_displayv
                0x00002860       0x3c lib/display.o
                0x00002860                _Z13setup_displayv
 .text._Z11return_homev
                0x0000289c       0x34 lib/display.o
                0x0000289c                _Z11return_homev
 .text._Z10shift_linev
                0x000028d0       0x34 lib/display.o
                0x000028d0                _Z10shift_linev
 .text._Z12cursor_shift10Shift_Typei
                0x00002904       0xb0 lib/display.o
                0x00002904                _Z12cursor_shift10Shift_Typei
 .text._Z9printcharc
                0x000029b4       0x44 lib/display.o
                0x000029b4                _Z9printcharc
 .text._Z9putcustomc
                0x000029f8       0x3c lib/display.o
                0x000029f8                _Z9putcustomc
 .text._Z8printstrPc
                0x00002a34       0x44 lib/display.o
                0x00002a34                _Z8printstrPc
 .text._Z13clear_displayv
                0x00002a78       0x70 lib/display.o
                0x00002a78                _Z13clear_displayv
 .text          0x00002ae8        0x0 lib/analog.o
 .text._ZN8AnalogInC2Ev
                0x00002ae8       0x58 lib/analog.o
                0x00002ae8                _ZN8AnalogInC2Ev
                0x00002ae8                _ZN8AnalogInC1Ev
 .text._ZN9AnalogOutC2Ev
                0x00002b40       0x58 lib/analog.o
                0x00002b40                _ZN9AnalogOutC1Ev
                0x00002b40                _ZN9AnalogOutC2Ev
 .text._ZN8AnalogIn4initEv
                0x00002b98       0x4c lib/analog.o
                0x00002b98                _ZN8AnalogIn4initEv
 .text._ZN9AnalogOut4initEv
                0x00002be4       0x1c lib/analog.o
                0x00002be4                _ZN9AnalogOut4initEv
 .text._ZN8AnalogIn4readEv
                0x00002c00       0x5c lib/analog.o
                0x00002c00                _ZN8AnalogIn4readEv
 .text._ZN9AnalogOut5writeEm
                0x00002c5c       0x20 lib/analog.o
                0x00002c5c                _ZN9AnalogOut5writeEm
 .text          0x00002c7c        0x0 /opt/york/cs/net/lpc1700-cmsis-lite-2011.01.26-i686-1/lib/core_cm3.o
 .text          0x00002c7c        0x0 /opt/york/cs/net/lpc1700-cmsis-lite-2011.01.26-i686-1/lib/system_LPC17xx.o
 .text.SystemCoreClockUpdate
                0x00002c7c      0x228 /opt/york/cs/net/lpc1700-cmsis-lite-2011.01.26-i686-1/lib/system_LPC17xx.o
                0x00002c7c                SystemCoreClockUpdate
 .text.SystemInit
                0x00002ea4      0x240 /opt/york/cs/net/lpc1700-cmsis-lite-2011.01.26-i686-1/lib/system_LPC17xx.o
                0x00002ea4                SystemInit
 .text          0x000030e4       0x14 /opt/york/cs/net/lpc1700-cmsis-lite-2011.01.26-i686-1/lib/startup_LPC17xx.o
                0x000030e4                NMI_Handler
                0x000030e6                HardFault_Handler
                0x000030e8                MemManage_Handler
                0x000030ea                BusFault_Handler
                0x000030ec                UsageFault_Handler
                0x000030ee                SVC_Handler
                0x000030f0                DebugMon_Handler
                0x000030f2                PendSV_Handler
                0x000030f4                SysTick_Handler
                0x000030f6                TIMER2_IRQHandler
                0x000030f6                RIT_IRQHandler
                0x000030f6                I2C0_IRQHandler
                0x000030f6                USBActivity_IRQHandler
                0x000030f6                PWM1_IRQHandler
                0x000030f6                I2C1_IRQHandler
                0x000030f6                EINT2_IRQHandler
                0x000030f6                UART1_IRQHandler
                0x000030f6                EINT3_IRQHandler
                0x000030f6                CANActivity_IRQHandler
                0x000030f6                TIMER3_IRQHandler
                0x000030f6                UART0_IRQHandler
                0x000030f6                PLL0_IRQHandler
                0x000030f6                CAN_IRQHandler
                0x000030f6                PLL1_IRQHandler
                0x000030f6                SSP0_IRQHandler
                0x000030f6                I2S_IRQHandler
                0x000030f6                I2C2_IRQHandler
                0x000030f6                RTC_IRQHandler
                0x000030f6                TIMER0_IRQHandler
                0x000030f6                SPI_IRQHandler
                0x000030f6                EINT1_IRQHandler
                0x000030f6                TIMER1_IRQHandler
                0x000030f6                UART2_IRQHandler
                0x000030f6                Default_Handler
                0x000030f6                ADC_IRQHandler
                0x000030f6                SSP1_IRQHandler
                0x000030f6                USB_IRQHandler
                0x000030f6                BOD_IRQHandler
                0x000030f6                WDT_IRQHandler
                0x000030f6                QEI_IRQHandler
                0x000030f6                EINT0_IRQHandler
                0x000030f6                DMA_IRQHandler
                0x000030f6                UART3_IRQHandler
                0x000030f6                MCPWM_IRQHandler
                0x000030f6                ENET_IRQHandler
 .text          0x000030f8       0x10 /opt/york/cs/net/sourcery-g++-lite-arm-eabi-2010.09.51-i686-1/arm-none-eabi/lib/thumb2/libg.a(lib_a-atoi.o)
                0x000030f8                atoi
                0x00003100                _atoi_r
 .text          0x00003108       0x20 /opt/york/cs/net/sourcery-g++-lite-arm-eabi-2010.09.51-i686-1/arm-none-eabi/lib/thumb2/libg.a(lib_a-malloc.o)
                0x00003108                malloc
                0x00003118                free
 .text          0x00003128      0x57c /opt/york/cs/net/sourcery-g++-lite-arm-eabi-2010.09.51-i686-1/arm-none-eabi/lib/thumb2/libg.a(lib_a-mallocr.o)
                0x00003128                _malloc_r
 .text          0x000036a4      0x150 /opt/york/cs/net/sourcery-g++-lite-arm-eabi-2010.09.51-i686-1/arm-none-eabi/lib/thumb2/libg.a(lib_a-memcpy.o)
                0x000036a4                memcpy
 .text          0x000037f4       0xb4 /opt/york/cs/net/sourcery-g++-lite-arm-eabi-2010.09.51-i686-1/arm-none-eabi/lib/thumb2/libg.a(lib_a-memset.o)
                0x000037f4                memset
 .text          0x000038a8        0x8 /opt/york/cs/net/sourcery-g++-lite-arm-eabi-2010.09.51-i686-1/arm-none-eabi/lib/thumb2/libg.a(lib_a-mlock.o)
                0x000038a8                __malloc_lock
                0x000038ac                __malloc_unlock
 .text          0x000038b0       0x28 /opt/york/cs/net/sourcery-g++-lite-arm-eabi-2010.09.51-i686-1/arm-none-eabi/lib/thumb2/libg.a(lib_a-sbrkr.o)
                0x000038b0                _sbrk_r
 .text          0x000038d8       0x94 /opt/york/cs/net/sourcery-g++-lite-arm-eabi-2010.09.51-i686-1/arm-none-eabi/lib/thumb2/libg.a(lib_a-sprintf.o)
                0x000038d8                _sprintf_r
                0x0000391c                sprintf
 .text          0x0000396c       0x60 /opt/york/cs/net/sourcery-g++-lite-arm-eabi-2010.09.51-i686-1/arm-none-eabi/lib/thumb2/libg.a(lib_a-strlen.o)
                0x0000396c                strlen
 .text          0x000039cc      0x17c /opt/york/cs/net/sourcery-g++-lite-arm-eabi-2010.09.51-i686-1/arm-none-eabi/lib/thumb2/libg.a(lib_a-strtol.o)
                0x000039cc                _strtol_r
                0x00003b30                strtol
 .text          0x00003b48     0x1658 /opt/york/cs/net/sourcery-g++-lite-arm-eabi-2010.09.51-i686-1/arm-none-eabi/lib/thumb2/libg.a(lib_a-svfprintf.o)
                0x00003b48                _svfprintf_r
 .text          0x000051a0       0x4c /opt/york/cs/net/sourcery-g++-lite-arm-eabi-2010.09.51-i686-1/arm-none-eabi/lib/thumb2/libg.a(lib_a-vsprintf.o)
                0x000051a0                _vsprintf_r
                0x000051d4                vsprintf
 .text          0x000051ec        0x0 /opt/york/cs/net/sourcery-g++-lite-arm-eabi-2010.09.51-i686-1/arm-none-eabi/lib/thumb2/libg.a(lib_a-ctype_.o)
 *fill*         0x000051ec        0x4 00
 .text          0x000051f0     0x1000 /opt/york/cs/net/sourcery-g++-lite-arm-eabi-2010.09.51-i686-1/arm-none-eabi/lib/thumb2/libg.a(lib_a-dtoa.o)
                0x0000531c                _dtoa_r
 .text          0x000061f0      0x240 /opt/york/cs/net/sourcery-g++-lite-arm-eabi-2010.09.51-i686-1/arm-none-eabi/lib/thumb2/libg.a(lib_a-freer.o)
                0x000061f0                _malloc_trim_r
                0x00006298                _free_r
 .text          0x00006430        0x0 /opt/york/cs/net/sourcery-g++-lite-arm-eabi-2010.09.51-i686-1/arm-none-eabi/lib/thumb2/libg.a(lib_a-impure.o)
 .text          0x00006430       0xa0 /opt/york/cs/net/sourcery-g++-lite-arm-eabi-2010.09.51-i686-1/arm-none-eabi/lib/thumb2/libg.a(lib_a-locale.o)
                0x00006430                _setlocale_r
                0x0000648c                __locale_charset
                0x00006498                __locale_mb_cur_max
                0x000064a4                __locale_msgcharset
                0x000064ac                __locale_cjk_lang
                0x000064b0                _localeconv_r
                0x000064b8                setlocale
                0x000064c8                localeconv
 .text          0x000064d0       0x88 /opt/york/cs/net/sourcery-g++-lite-arm-eabi-2010.09.51-i686-1/arm-none-eabi/lib/thumb2/libg.a(lib_a-memchr.o)
                0x000064d0                memchr
 .text          0x00006558      0x920 /opt/york/cs/net/sourcery-g++-lite-arm-eabi-2010.09.51-i686-1/arm-none-eabi/lib/thumb2/libg.a(lib_a-mprec.o)
                0x00006558                _Balloc
                0x000065c0                _Bfree
                0x000065f8                __multadd
                0x0000667c                __s2b
                0x00006710                __hi0bits
                0x00006750                __lo0bits
                0x000067b4                __i2b
                0x000067c8                __multiply
                0x000068f0                __pow5mult
                0x00006994                __lshift
                0x00006a40                __mcmp
                0x00006a7c                __mdiff
                0x00006b74                __ulp
                0x00006bbc                __b2d
                0x00006c68                __d2b
                0x00006d30                __ratio
                0x00006da0                _mprec_log10
                0x00006dd4                __copybits
                0x00006e1c                __any_on
 .text          0x00006e78      0x114 /opt/york/cs/net/sourcery-g++-lite-arm-eabi-2010.09.51-i686-1/arm-none-eabi/lib/thumb2/libg.a(lib_a-reent.o)
                0x00006e78                cleanup_glue
                0x00006e94                _reclaim_reent
                0x00006f54                _wrapup_reent
 .text          0x00006f8c       0x90 /opt/york/cs/net/sourcery-g++-lite-arm-eabi-2010.09.51-i686-1/arm-none-eabi/lib/thumb2/libg.a(lib_a-s_fpclassify.o)
                0x00006f8c                __fpclassifyd
 .text          0x0000701c      0x1dc /opt/york/cs/net/sourcery-g++-lite-arm-eabi-2010.09.51-i686-1/arm-none-eabi/lib/thumb2/libg.a(lib_a-strcmp.o)
                0x0000701c                strcmp
 .text          0x000071f8      0xbe4 /opt/york/cs/net/sourcery-g++-lite-arm-eabi-2010.09.51-i686-1/arm-none-eabi/lib/thumb2/libg.a(lib_a-svfiprintf.o)
                0x000071f8                __ssprint_r
                0x00007300                _svfiprintf_r
 .text          0x00007ddc       0x5c /opt/york/cs/net/sourcery-g++-lite-arm-eabi-2010.09.51-i686-1/arm-none-eabi/lib/thumb2/libg.a(lib_a-callocr.o)
                0x00007ddc                _calloc_r
 .text          0x00007e38       0xa0 /opt/york/cs/net/sourcery-g++-lite-arm-eabi-2010.09.51-i686-1/arm-none-eabi/lib/thumb2/libg.a(lib_a-memmove.o)
                0x00007e38                memmove
 .text          0x00007ed8      0x41c /opt/york/cs/net/sourcery-g++-lite-arm-eabi-2010.09.51-i686-1/arm-none-eabi/lib/thumb2/libg.a(lib_a-reallocr.o)
                0x00007ed8                _realloc_r
 .text          0x000082f4        0xc /opt/york/cs/net/sourcery-g++-lite-arm-eabi-2010.09.51-i686-1/arm-none-eabi/lib/thumb2/libstdc++.a(eh_arm.o)
                0x000082f4                __cxa_end_cleanup
 .text.__cxa_type_match
                0x00008300       0xfc /opt/york/cs/net/sourcery-g++-lite-arm-eabi-2010.09.51-i686-1/arm-none-eabi/lib/thumb2/libstdc++.a(eh_arm.o)
                0x00008300                __cxa_type_match
 .text.__cxa_begin_cleanup
                0x000083fc       0x70 /opt/york/cs/net/sourcery-g++-lite-arm-eabi-2010.09.51-i686-1/arm-none-eabi/lib/thumb2/libstdc++.a(eh_arm.o)
                0x000083fc                __cxa_begin_cleanup
 .text.__gnu_end_cleanup
                0x0000846c       0x7c /opt/york/cs/net/sourcery-g++-lite-arm-eabi-2010.09.51-i686-1/arm-none-eabi/lib/thumb2/libstdc++.a(eh_arm.o)
                0x0000846c                __gnu_end_cleanup
 .text          0x000084e8        0x0 /opt/york/cs/net/sourcery-g++-lite-arm-eabi-2010.09.51-i686-1/arm-none-eabi/lib/thumb2/libstdc++.a(fundamental_type_info.o)
 .text._ZN10__cxxabiv123__fundamental_type_infoD2Ev
                0x000084e8       0x14 /opt/york/cs/net/sourcery-g++-lite-arm-eabi-2010.09.51-i686-1/arm-none-eabi/lib/thumb2/libstdc++.a(fundamental_type_info.o)
                0x000084e8                _ZN10__cxxabiv123__fundamental_type_infoD1Ev
                0x000084e8                _ZN10__cxxabiv123__fundamental_type_infoD2Ev
 .text._ZN10__cxxabiv123__fundamental_type_infoD0Ev
                0x000084fc       0x1c /opt/york/cs/net/sourcery-g++-lite-arm-eabi-2010.09.51-i686-1/arm-none-eabi/lib/thumb2/libstdc++.a(fundamental_type_info.o)
                0x000084fc                _ZN10__cxxabiv123__fundamental_type_infoD0Ev
 .text          0x00008518        0x0 /opt/york/cs/net/sourcery-g++-lite-arm-eabi-2010.09.51-i686-1/arm-none-eabi/lib/thumb2/libstdc++.a(pointer_type_info.o)
 .text._ZNK10__cxxabiv119__pointer_type_info14__is_pointer_pEv
                0x00008518        0x4 /opt/york/cs/net/sourcery-g++-lite-arm-eabi-2010.09.51-i686-1/arm-none-eabi/lib/thumb2/libstdc++.a(pointer_type_info.o)
                0x00008518                _ZNK10__cxxabiv119__pointer_type_info14__is_pointer_pEv
 .text._ZNK10__cxxabiv119__pointer_type_info15__pointer_catchEPKNS_17__pbase_type_infoEPPvj
                0x0000851c       0x4c /opt/york/cs/net/sourcery-g++-lite-arm-eabi-2010.09.51-i686-1/arm-none-eabi/lib/thumb2/libstdc++.a(pointer_type_info.o)
                0x0000851c                _ZNK10__cxxabiv119__pointer_type_info15__pointer_catchEPKNS_17__pbase_type_infoEPPvj
 .text._ZN10__cxxabiv119__pointer_type_infoD2Ev
                0x00008568       0x14 /opt/york/cs/net/sourcery-g++-lite-arm-eabi-2010.09.51-i686-1/arm-none-eabi/lib/thumb2/libstdc++.a(pointer_type_info.o)
                0x00008568                _ZN10__cxxabiv119__pointer_type_infoD1Ev
                0x00008568                _ZN10__cxxabiv119__pointer_type_infoD2Ev
 .text._ZN10__cxxabiv119__pointer_type_infoD0Ev
                0x0000857c       0x1c /opt/york/cs/net/sourcery-g++-lite-arm-eabi-2010.09.51-i686-1/arm-none-eabi/lib/thumb2/libstdc++.a(pointer_type_info.o)
                0x0000857c                _ZN10__cxxabiv119__pointer_type_infoD0Ev
 .text          0x00008598        0x0 /opt/york/cs/net/sourcery-g++-lite-arm-eabi-2010.09.51-i686-1/arm-none-eabi/lib/thumb2/libstdc++.a(eh_alloc.o)
 .text.__cxa_allocate_exception
                0x00008598       0x7c /opt/york/cs/net/sourcery-g++-lite-arm-eabi-2010.09.51-i686-1/arm-none-eabi/lib/thumb2/libstdc++.a(eh_alloc.o)
                0x00008598                __cxa_allocate_exception
 .text.__cxa_free_exception
                0x00008614       0x3c /opt/york/cs/net/sourcery-g++-lite-arm-eabi-2010.09.51-i686-1/arm-none-eabi/lib/thumb2/libstdc++.a(eh_alloc.o)
                0x00008614                __cxa_free_exception
 .text.__cxa_allocate_dependent_exception
                0x00008650       0x78 /opt/york/cs/net/sourcery-g++-lite-arm-eabi-2010.09.51-i686-1/arm-none-eabi/lib/thumb2/libstdc++.a(eh_alloc.o)
                0x00008650                __cxa_allocate_dependent_exception
 .text.__cxa_free_dependent_exception
                0x000086c8       0x4c /opt/york/cs/net/sourcery-g++-lite-arm-eabi-2010.09.51-i686-1/arm-none-eabi/lib/thumb2/libstdc++.a(eh_alloc.o)
                0x000086c8                __cxa_free_dependent_exception
 .text._GLOBAL__I___cxa_allocate_exception
                0x00008714        0x4 /opt/york/cs/net/sourcery-g++-lite-arm-eabi-2010.09.51-i686-1/arm-none-eabi/lib/thumb2/libstdc++.a(eh_alloc.o)
 .text          0x00008718        0x0 /opt/york/cs/net/sourcery-g++-lite-arm-eabi-2010.09.51-i686-1/arm-none-eabi/lib/thumb2/libstdc++.a(tinfo.o)
 .text._ZNSt9type_infoD2Ev
                0x00008718        0xc /opt/york/cs/net/sourcery-g++-lite-arm-eabi-2010.09.51-i686-1/arm-none-eabi/lib/thumb2/libstdc++.a(tinfo.o)
                0x00008718                _ZNSt9type_infoD1Ev
                0x00008718                _ZNSt9type_infoD2Ev
 .text._ZNKSt9type_info14__is_pointer_pEv
                0x00008724        0x4 /opt/york/cs/net/sourcery-g++-lite-arm-eabi-2010.09.51-i686-1/arm-none-eabi/lib/thumb2/libstdc++.a(tinfo.o)
                0x00008724                _ZNKSt9type_info14__is_pointer_pEv
 .text._ZNKSt9type_info15__is_function_pEv
                0x00008728        0x4 /opt/york/cs/net/sourcery-g++-lite-arm-eabi-2010.09.51-i686-1/arm-none-eabi/lib/thumb2/libstdc++.a(tinfo.o)
                0x00008728                _ZNKSt9type_info15__is_function_pEv
 .text._ZNKSt9type_info11__do_upcastEPKN10__cxxabiv117__class_type_infoEPPv
                0x0000872c        0x4 /opt/york/cs/net/sourcery-g++-lite-arm-eabi-2010.09.51-i686-1/arm-none-eabi/lib/thumb2/libstdc++.a(tinfo.o)
                0x0000872c                _ZNKSt9type_info11__do_upcastEPKN10__cxxabiv117__class_type_infoEPPv
 .text._ZNSt9type_infoD0Ev
                0x00008730       0x14 /opt/york/cs/net/sourcery-g++-lite-arm-eabi-2010.09.51-i686-1/arm-none-eabi/lib/thumb2/libstdc++.a(tinfo.o)
                0x00008730                _ZNSt9type_infoD0Ev
 .text._ZNKSt9type_infoeqERKS_
                0x00008744       0x3c /opt/york/cs/net/sourcery-g++-lite-arm-eabi-2010.09.51-i686-1/arm-none-eabi/lib/thumb2/libstdc++.a(tinfo.o)
                0x00008744                _ZNKSt9type_infoeqERKS_
 .text._ZNKSt9type_info10__do_catchEPKS_PPvj
                0x00008780        0x4 /opt/york/cs/net/sourcery-g++-lite-arm-eabi-2010.09.51-i686-1/arm-none-eabi/lib/thumb2/libstdc++.a(tinfo.o)
                0x00008780                _ZNKSt9type_info10__do_catchEPKS_PPvj
 .text          0x00008784        0x0 /opt/york/cs/net/sourcery-g++-lite-arm-eabi-2010.09.51-i686-1/arm-none-eabi/lib/thumb2/libstdc++.a(class_type_info.o)
 .text._ZNK10__cxxabiv117__class_type_info11__do_upcastEPKS0_PPv
                0x00008784       0x38 /opt/york/cs/net/sourcery-g++-lite-arm-eabi-2010.09.51-i686-1/arm-none-eabi/lib/thumb2/libstdc++.a(class_type_info.o)
                0x00008784                _ZNK10__cxxabiv117__class_type_info11__do_upcastEPKS0_PPv
 .text._ZNK10__cxxabiv117__class_type_info20__do_find_public_srcEiPKvPKS0_S2_
                0x000087bc        0xc /opt/york/cs/net/sourcery-g++-lite-arm-eabi-2010.09.51-i686-1/arm-none-eabi/lib/thumb2/libstdc++.a(class_type_info.o)
                0x000087bc                _ZNK10__cxxabiv117__class_type_info20__do_find_public_srcEiPKvPKS0_S2_
 .text._ZNK10__cxxabiv117__class_type_info11__do_upcastEPKS0_PKvRNS0_15__upcast_resultE
                0x000087c8       0x1c /opt/york/cs/net/sourcery-g++-lite-arm-eabi-2010.09.51-i686-1/arm-none-eabi/lib/thumb2/libstdc++.a(class_type_info.o)
                0x000087c8                _ZNK10__cxxabiv117__class_type_info11__do_upcastEPKS0_PKvRNS0_15__upcast_resultE
 .text._ZNK10__cxxabiv117__class_type_info12__do_dyncastEiNS0_10__sub_kindEPKS0_PKvS3_S5_RNS0_16__dyncast_resultE
                0x000087e4       0x3c /opt/york/cs/net/sourcery-g++-lite-arm-eabi-2010.09.51-i686-1/arm-none-eabi/lib/thumb2/libstdc++.a(class_type_info.o)
                0x000087e4                _ZNK10__cxxabiv117__class_type_info12__do_dyncastEiNS0_10__sub_kindEPKS0_PKvS3_S5_RNS0_16__dyncast_resultE
 .text._ZNK10__cxxabiv117__class_type_info10__do_catchEPKSt9type_infoPPvj
                0x00008820       0x28 /opt/york/cs/net/sourcery-g++-lite-arm-eabi-2010.09.51-i686-1/arm-none-eabi/lib/thumb2/libstdc++.a(class_type_info.o)
                0x00008820                _ZNK10__cxxabiv117__class_type_info10__do_catchEPKSt9type_infoPPvj
 .text._ZN10__cxxabiv117__class_type_infoD2Ev
                0x00008848       0x14 /opt/york/cs/net/sourcery-g++-lite-arm-eabi-2010.09.51-i686-1/arm-none-eabi/lib/thumb2/libstdc++.a(class_type_info.o)
                0x00008848                _ZN10__cxxabiv117__class_type_infoD1Ev
                0x00008848                _ZN10__cxxabiv117__class_type_infoD2Ev
 .text._ZN10__cxxabiv117__class_type_infoD0Ev
                0x0000885c       0x1c /opt/york/cs/net/sourcery-g++-lite-arm-eabi-2010.09.51-i686-1/arm-none-eabi/lib/thumb2/libstdc++.a(class_type_info.o)
                0x0000885c                _ZN10__cxxabiv117__class_type_infoD0Ev
 .text          0x00008878        0x0 /opt/york/cs/net/sourcery-g++-lite-arm-eabi-2010.09.51-i686-1/arm-none-eabi/lib/thumb2/libstdc++.a(eh_personality.o)
 .text._ZL12read_sleb128PKhPl
                0x00008878       0x3c /opt/york/cs/net/sourcery-g++-lite-arm-eabi-2010.09.51-i686-1/arm-none-eabi/lib/thumb2/libstdc++.a(eh_personality.o)
 .text._ZL28read_encoded_value_with_basehjPKhPj
                0x000088b4       0xcc /opt/york/cs/net/sourcery-g++-lite-arm-eabi-2010.09.51-i686-1/arm-none-eabi/lib/thumb2/libstdc++.a(eh_personality.o)
 .text._ZL21base_of_encoded_valuehP15_Unwind_Context
                0x00008980       0x4c /opt/york/cs/net/sourcery-g++-lite-arm-eabi-2010.09.51-i686-1/arm-none-eabi/lib/thumb2/libstdc++.a(eh_personality.o)
 .text._ZL17parse_lsda_headerP15_Unwind_ContextPKhP16lsda_header_info
                0x000089cc       0x8c /opt/york/cs/net/sourcery-g++-lite-arm-eabi-2010.09.51-i686-1/arm-none-eabi/lib/thumb2/libstdc++.a(eh_personality.o)
 .text.__gxx_personality_v0
                0x00008a58      0x3dc /opt/york/cs/net/sourcery-g++-lite-arm-eabi-2010.09.51-i686-1/arm-none-eabi/lib/thumb2/libstdc++.a(eh_personality.o)
                0x00008a58                __gxx_personality_v0
 .text          0x00008e34        0x0 /opt/york/cs/net/sourcery-g++-lite-arm-eabi-2010.09.51-i686-1/arm-none-eabi/lib/thumb2/libstdc++.a(eh_throw.o)
 .text._ZL23__gxx_exception_cleanup19_Unwind_Reason_CodeP21_Unwind_Control_Block
                0x00008e34       0x4c /opt/york/cs/net/sourcery-g++-lite-arm-eabi-2010.09.51-i686-1/arm-none-eabi/lib/thumb2/libstdc++.a(eh_throw.o)
 .text.__cxa_throw
                0x00008e80       0x80 /opt/york/cs/net/sourcery-g++-lite-arm-eabi-2010.09.51-i686-1/arm-none-eabi/lib/thumb2/libstdc++.a(eh_throw.o)
                0x00008e80                __cxa_throw
 .text.__cxa_rethrow
                0x00008f00       0x78 /opt/york/cs/net/sourcery-g++-lite-arm-eabi-2010.09.51-i686-1/arm-none-eabi/lib/thumb2/libstdc++.a(eh_throw.o)
                0x00008f00                __cxa_rethrow
 .text          0x00008f78        0x0 /opt/york/cs/net/sourcery-g++-lite-arm-eabi-2010.09.51-i686-1/arm-none-eabi/lib/thumb2/libstdc++.a(eh_globals.o)
 .text.__cxa_get_globals_fast
                0x00008f78        0xc /opt/york/cs/net/sourcery-g++-lite-arm-eabi-2010.09.51-i686-1/arm-none-eabi/lib/thumb2/libstdc++.a(eh_globals.o)
                0x00008f78                __cxa_get_globals_fast
 .text.__cxa_get_globals
                0x00008f84        0xc /opt/york/cs/net/sourcery-g++-lite-arm-eabi-2010.09.51-i686-1/arm-none-eabi/lib/thumb2/libstdc++.a(eh_globals.o)
                0x00008f84                __cxa_get_globals
 .text          0x00008f90        0x0 /opt/york/cs/net/sourcery-g++-lite-arm-eabi-2010.09.51-i686-1/arm-none-eabi/lib/thumb2/libstdc++.a(del_op.o)
 .text._ZdlPv   0x00008f90        0x8 /opt/york/cs/net/sourcery-g++-lite-arm-eabi-2010.09.51-i686-1/arm-none-eabi/lib/thumb2/libstdc++.a(del_op.o)
                0x00008f90                _ZdlPv
 .text          0x00008f98        0x0 /opt/york/cs/net/sourcery-g++-lite-arm-eabi-2010.09.51-i686-1/arm-none-eabi/lib/thumb2/libstdc++.a(eh_catch.o)
 .text.__cxa_get_exception_ptr
                0x00008f98        0x4 /opt/york/cs/net/sourcery-g++-lite-arm-eabi-2010.09.51-i686-1/arm-none-eabi/lib/thumb2/libstdc++.a(eh_catch.o)
                0x00008f98                __cxa_get_exception_ptr
 .text.__cxa_begin_catch
                0x00008f9c       0x9c /opt/york/cs/net/sourcery-g++-lite-arm-eabi-2010.09.51-i686-1/arm-none-eabi/lib/thumb2/libstdc++.a(eh_catch.o)
                0x00008f9c                __cxa_begin_catch
 .text.__cxa_end_catch
                0x00009038       0x98 /opt/york/cs/net/sourcery-g++-lite-arm-eabi-2010.09.51-i686-1/arm-none-eabi/lib/thumb2/libstdc++.a(eh_catch.o)
                0x00009038                __cxa_end_catch
 .text._ZSt18uncaught_exceptionv
                0x000090d0       0x10 /opt/york/cs/net/sourcery-g++-lite-arm-eabi-2010.09.51-i686-1/arm-none-eabi/lib/thumb2/libstdc++.a(eh_catch.o)
                0x000090d0                _ZSt18uncaught_exceptionv
 .text          0x000090e0        0x0 /opt/york/cs/net/sourcery-g++-lite-arm-eabi-2010.09.51-i686-1/arm-none-eabi/lib/thumb2/libstdc++.a(eh_aux_runtime.o)
 .text.__cxa_bad_cast
                0x000090e0       0x24 /opt/york/cs/net/sourcery-g++-lite-arm-eabi-2010.09.51-i686-1/arm-none-eabi/lib/thumb2/libstdc++.a(eh_aux_runtime.o)
                0x000090e0                __cxa_bad_cast
 .text.__cxa_bad_typeid
                0x00009104       0x24 /opt/york/cs/net/sourcery-g++-lite-arm-eabi-2010.09.51-i686-1/arm-none-eabi/lib/thumb2/libstdc++.a(eh_aux_runtime.o)
                0x00009104                __cxa_bad_typeid
 .text          0x00009128        0x0 /opt/york/cs/net/sourcery-g++-lite-arm-eabi-2010.09.51-i686-1/arm-none-eabi/lib/thumb2/libstdc++.a(si_class_type_info.o)
 .text._ZNK10__cxxabiv120__si_class_type_info11__do_upcastEPKNS_17__class_type_infoEPKvRNS1_15__upcast_resultE
                0x00009128       0x28 /opt/york/cs/net/sourcery-g++-lite-arm-eabi-2010.09.51-i686-1/arm-none-eabi/lib/thumb2/libstdc++.a(si_class_type_info.o)
                0x00009128                _ZNK10__cxxabiv120__si_class_type_info11__do_upcastEPKNS_17__class_type_infoEPKvRNS1_15__upcast_resultE
 .text._ZNK10__cxxabiv120__si_class_type_info12__do_dyncastEiNS_17__class_type_info10__sub_kindEPKS1_PKvS4_S6_RNS1_16__dyncast_resultE
                0x00009150       0x90 /opt/york/cs/net/sourcery-g++-lite-arm-eabi-2010.09.51-i686-1/arm-none-eabi/lib/thumb2/libstdc++.a(si_class_type_info.o)
                0x00009150                _ZNK10__cxxabiv120__si_class_type_info12__do_dyncastEiNS_17__class_type_info10__sub_kindEPKS1_PKvS4_S6_RNS1_16__dyncast_resultE
 .text._ZNK10__cxxabiv120__si_class_type_info20__do_find_public_srcEiPKvPKNS_17__class_type_infoES2_
                0x000091e0       0x38 /opt/york/cs/net/sourcery-g++-lite-arm-eabi-2010.09.51-i686-1/arm-none-eabi/lib/thumb2/libstdc++.a(si_class_type_info.o)
                0x000091e0                _ZNK10__cxxabiv120__si_class_type_info20__do_find_public_srcEiPKvPKNS_17__class_type_infoES2_
 .text._ZN10__cxxabiv120__si_class_type_infoD2Ev
                0x00009218       0x14 /opt/york/cs/net/sourcery-g++-lite-arm-eabi-2010.09.51-i686-1/arm-none-eabi/lib/thumb2/libstdc++.a(si_class_type_info.o)
                0x00009218                _ZN10__cxxabiv120__si_class_type_infoD2Ev
                0x00009218                _ZN10__cxxabiv120__si_class_type_infoD1Ev
 .text._ZN10__cxxabiv120__si_class_type_infoD0Ev
                0x0000922c       0x1c /opt/york/cs/net/sourcery-g++-lite-arm-eabi-2010.09.51-i686-1/arm-none-eabi/lib/thumb2/libstdc++.a(si_class_type_info.o)
                0x0000922c                _ZN10__cxxabiv120__si_class_type_infoD0Ev
 .text          0x00009248        0x0 /opt/york/cs/net/sourcery-g++-lite-arm-eabi-2010.09.51-i686-1/arm-none-eabi/lib/thumb2/libstdc++.a(bad_cast.o)
 .text._ZNKSt8bad_cast4whatEv
                0x00009248        0xc /opt/york/cs/net/sourcery-g++-lite-arm-eabi-2010.09.51-i686-1/arm-none-eabi/lib/thumb2/libstdc++.a(bad_cast.o)
                0x00009248                _ZNKSt8bad_cast4whatEv
 .text._ZNSt8bad_castD2Ev
                0x00009254       0x14 /opt/york/cs/net/sourcery-g++-lite-arm-eabi-2010.09.51-i686-1/arm-none-eabi/lib/thumb2/libstdc++.a(bad_cast.o)
                0x00009254                _ZNSt8bad_castD1Ev
                0x00009254                _ZNSt8bad_castD2Ev
 .text._ZNSt8bad_castD0Ev
                0x00009268       0x1c /opt/york/cs/net/sourcery-g++-lite-arm-eabi-2010.09.51-i686-1/arm-none-eabi/lib/thumb2/libstdc++.a(bad_cast.o)
                0x00009268                _ZNSt8bad_castD0Ev
 .text          0x00009284        0x0 /opt/york/cs/net/sourcery-g++-lite-arm-eabi-2010.09.51-i686-1/arm-none-eabi/lib/thumb2/libstdc++.a(eh_terminate.o)
 .text._ZN10__cxxabiv111__terminateEPFvvE
                0x00009284       0x28 /opt/york/cs/net/sourcery-g++-lite-arm-eabi-2010.09.51-i686-1/arm-none-eabi/lib/thumb2/libstdc++.a(eh_terminate.o)
                0x00009284                _ZN10__cxxabiv111__terminateEPFvvE
 .text._ZSt9terminatev
                0x000092ac       0x10 /opt/york/cs/net/sourcery-g++-lite-arm-eabi-2010.09.51-i686-1/arm-none-eabi/lib/thumb2/libstdc++.a(eh_terminate.o)
                0x000092ac                _ZSt9terminatev
 .text._ZN10__cxxabiv112__unexpectedEPFvvE
                0x000092bc        0x8 /opt/york/cs/net/sourcery-g++-lite-arm-eabi-2010.09.51-i686-1/arm-none-eabi/lib/thumb2/libstdc++.a(eh_terminate.o)
                0x000092bc                _ZN10__cxxabiv112__unexpectedEPFvvE
 .text._ZSt10unexpectedv
                0x000092c4       0x14 /opt/york/cs/net/sourcery-g++-lite-arm-eabi-2010.09.51-i686-1/arm-none-eabi/lib/thumb2/libstdc++.a(eh_terminate.o)
                0x000092c4                _ZSt10unexpectedv
 .text._ZSt13set_terminatePFvvE
                0x000092d8       0x10 /opt/york/cs/net/sourcery-g++-lite-arm-eabi-2010.09.51-i686-1/arm-none-eabi/lib/thumb2/libstdc++.a(eh_terminate.o)
                0x000092d8                _ZSt13set_terminatePFvvE
 .text._ZSt14set_unexpectedPFvvE
                0x000092e8       0x10 /opt/york/cs/net/sourcery-g++-lite-arm-eabi-2010.09.51-i686-1/arm-none-eabi/lib/thumb2/libstdc++.a(eh_terminate.o)
                0x000092e8                _ZSt14set_unexpectedPFvvE
 .text          0x000092f8        0x0 /opt/york/cs/net/sourcery-g++-lite-arm-eabi-2010.09.51-i686-1/arm-none-eabi/lib/thumb2/libstdc++.a(pbase_type_info.o)
 .text._ZNK10__cxxabiv117__pbase_type_info15__pointer_catchEPKS0_PPvj
                0x000092f8       0x14 /opt/york/cs/net/sourcery-g++-lite-arm-eabi-2010.09.51-i686-1/arm-none-eabi/lib/thumb2/libstdc++.a(pbase_type_info.o)
                0x000092f8                _ZNK10__cxxabiv117__pbase_type_info15__pointer_catchEPKS0_PPvj
 .text._ZNK10__cxxabiv117__pbase_type_info10__do_catchEPKSt9type_infoPPvj
                0x0000930c       0x70 /opt/york/cs/net/sourcery-g++-lite-arm-eabi-2010.09.51-i686-1/arm-none-eabi/lib/thumb2/libstdc++.a(pbase_type_info.o)
                0x0000930c                _ZNK10__cxxabiv117__pbase_type_info10__do_catchEPKSt9type_infoPPvj
 .text._ZN10__cxxabiv117__pbase_type_infoD2Ev
                0x0000937c       0x14 /opt/york/cs/net/sourcery-g++-lite-arm-eabi-2010.09.51-i686-1/arm-none-eabi/lib/thumb2/libstdc++.a(pbase_type_info.o)
                0x0000937c                _ZN10__cxxabiv117__pbase_type_infoD1Ev
                0x0000937c                _ZN10__cxxabiv117__pbase_type_infoD2Ev
 .text._ZN10__cxxabiv117__pbase_type_infoD0Ev
                0x00009390       0x1c /opt/york/cs/net/sourcery-g++-lite-arm-eabi-2010.09.51-i686-1/arm-none-eabi/lib/thumb2/libstdc++.a(pbase_type_info.o)
                0x00009390                _ZN10__cxxabiv117__pbase_type_infoD0Ev
 .text          0x000093ac        0x0 /opt/york/cs/net/sourcery-g++-lite-arm-eabi-2010.09.51-i686-1/arm-none-eabi/lib/thumb2/libstdc++.a(eh_call.o)
 .text.__cxa_call_terminate
                0x000093ac       0x50 /opt/york/cs/net/sourcery-g++-lite-arm-eabi-2010.09.51-i686-1/arm-none-eabi/lib/thumb2/libstdc++.a(eh_call.o)
                0x000093ac                __cxa_call_terminate
 .text.__cxa_call_unexpected
                0x000093fc      0x130 /opt/york/cs/net/sourcery-g++-lite-arm-eabi-2010.09.51-i686-1/arm-none-eabi/lib/thumb2/libstdc++.a(eh_call.o)
                0x000093fc                __cxa_call_unexpected
 .text          0x0000952c        0x0 /opt/york/cs/net/sourcery-g++-lite-arm-eabi-2010.09.51-i686-1/arm-none-eabi/lib/thumb2/libstdc++.a(bad_typeid.o)
 .text._ZNKSt10bad_typeid4whatEv
                0x0000952c        0xc /opt/york/cs/net/sourcery-g++-lite-arm-eabi-2010.09.51-i686-1/arm-none-eabi/lib/thumb2/libstdc++.a(bad_typeid.o)
                0x0000952c                _ZNKSt10bad_typeid4whatEv
 .text._ZNSt10bad_typeidD2Ev
                0x00009538       0x14 /opt/york/cs/net/sourcery-g++-lite-arm-eabi-2010.09.51-i686-1/arm-none-eabi/lib/thumb2/libstdc++.a(bad_typeid.o)
                0x00009538                _ZNSt10bad_typeidD1Ev
                0x00009538                _ZNSt10bad_typeidD2Ev
 .text._ZNSt10bad_typeidD0Ev
                0x0000954c       0x1c /opt/york/cs/net/sourcery-g++-lite-arm-eabi-2010.09.51-i686-1/arm-none-eabi/lib/thumb2/libstdc++.a(bad_typeid.o)
                0x0000954c                _ZNSt10bad_typeidD0Ev
 .text          0x00009568        0x0 /opt/york/cs/net/sourcery-g++-lite-arm-eabi-2010.09.51-i686-1/arm-none-eabi/lib/thumb2/libstdc++.a(eh_exception.o)
 .text._ZNSt9exceptionD2Ev
                0x00009568        0xc /opt/york/cs/net/sourcery-g++-lite-arm-eabi-2010.09.51-i686-1/arm-none-eabi/lib/thumb2/libstdc++.a(eh_exception.o)
                0x00009568                _ZNSt9exceptionD2Ev
                0x00009568                _ZNSt9exceptionD1Ev
 .text._ZNSt13bad_exceptionD2Ev
                0x00009574        0xc /opt/york/cs/net/sourcery-g++-lite-arm-eabi-2010.09.51-i686-1/arm-none-eabi/lib/thumb2/libstdc++.a(eh_exception.o)
                0x00009574                _ZNSt13bad_exceptionD2Ev
                0x00009574                _ZNSt13bad_exceptionD1Ev
 .text._ZN10__cxxabiv115__forced_unwindD2Ev
                0x00009580        0xc /opt/york/cs/net/sourcery-g++-lite-arm-eabi-2010.09.51-i686-1/arm-none-eabi/lib/thumb2/libstdc++.a(eh_exception.o)
                0x00009580                _ZN10__cxxabiv115__forced_unwindD1Ev
                0x00009580                _ZN10__cxxabiv115__forced_unwindD2Ev
 .text._ZN10__cxxabiv119__foreign_exceptionD2Ev
                0x0000958c        0xc /opt/york/cs/net/sourcery-g++-lite-arm-eabi-2010.09.51-i686-1/arm-none-eabi/lib/thumb2/libstdc++.a(eh_exception.o)
                0x0000958c                _ZN10__cxxabiv119__foreign_exceptionD2Ev
                0x0000958c                _ZN10__cxxabiv119__foreign_exceptionD1Ev
 .text._ZNKSt9exception4whatEv
                0x00009598        0xc /opt/york/cs/net/sourcery-g++-lite-arm-eabi-2010.09.51-i686-1/arm-none-eabi/lib/thumb2/libstdc++.a(eh_exception.o)
                0x00009598                _ZNKSt9exception4whatEv
 .text._ZNKSt13bad_exception4whatEv
                0x000095a4        0xc /opt/york/cs/net/sourcery-g++-lite-arm-eabi-2010.09.51-i686-1/arm-none-eabi/lib/thumb2/libstdc++.a(eh_exception.o)
                0x000095a4                _ZNKSt13bad_exception4whatEv
 .text._ZN10__cxxabiv119__foreign_exceptionD0Ev
                0x000095b0       0x14 /opt/york/cs/net/sourcery-g++-lite-arm-eabi-2010.09.51-i686-1/arm-none-eabi/lib/thumb2/libstdc++.a(eh_exception.o)
                0x000095b0                _ZN10__cxxabiv119__foreign_exceptionD0Ev
 .text._ZN10__cxxabiv115__forced_unwindD0Ev
                0x000095c4       0x14 /opt/york/cs/net/sourcery-g++-lite-arm-eabi-2010.09.51-i686-1/arm-none-eabi/lib/thumb2/libstdc++.a(eh_exception.o)
                0x000095c4                _ZN10__cxxabiv115__forced_unwindD0Ev
 .text._ZNSt13bad_exceptionD0Ev
                0x000095d8       0x14 /opt/york/cs/net/sourcery-g++-lite-arm-eabi-2010.09.51-i686-1/arm-none-eabi/lib/thumb2/libstdc++.a(eh_exception.o)
                0x000095d8                _ZNSt13bad_exceptionD0Ev
 .text._ZNSt9exceptionD0Ev
                0x000095ec       0x14 /opt/york/cs/net/sourcery-g++-lite-arm-eabi-2010.09.51-i686-1/arm-none-eabi/lib/thumb2/libstdc++.a(eh_exception.o)
                0x000095ec                _ZNSt9exceptionD0Ev
 .text          0x00009600        0x0 /opt/york/cs/net/sourcery-g++-lite-arm-eabi-2010.09.51-i686-1/arm-none-eabi/lib/thumb2/libstdc++.a(pure.o)
 .text.__cxa_pure_virtual
                0x00009600       0x18 /opt/york/cs/net/sourcery-g++-lite-arm-eabi-2010.09.51-i686-1/arm-none-eabi/lib/thumb2/libstdc++.a(pure.o)
                0x00009600                __cxa_pure_virtual
 .text          0x00009618        0x0 /opt/york/cs/net/sourcery-g++-lite-arm-eabi-2010.09.51-i686-1/arm-none-eabi/lib/thumb2/libstdc++.a(eh_unex_handler.o)
 .text          0x00009618        0x0 /opt/york/cs/net/sourcery-g++-lite-arm-eabi-2010.09.51-i686-1/arm-none-eabi/lib/thumb2/libstdc++.a(eh_term_handler.o)
 .text          0x00009618        0x0 /opt/york/cs/net/sourcery-g++-lite-arm-eabi-2010.09.51-i686-1/arm-none-eabi/lib/thumb2/libstdc++.a(vterminate.o)
 .text._ZN9__gnu_cxx27__verbose_terminate_handlerEv
                0x00009618      0x148 /opt/york/cs/net/sourcery-g++-lite-arm-eabi-2010.09.51-i686-1/arm-none-eabi/lib/thumb2/libstdc++.a(vterminate.o)
                0x00009618                _ZN9__gnu_cxx27__verbose_terminate_handlerEv
 .text          0x00009760        0x0 /opt/york/cs/net/sourcery-g++-lite-arm-eabi-2010.09.51-i686-1/arm-none-eabi/lib/thumb2/libstdc++.a(eh_type.o)
 .text.__cxa_current_exception_type
                0x00009760       0x1c /opt/york/cs/net/sourcery-g++-lite-arm-eabi-2010.09.51-i686-1/arm-none-eabi/lib/thumb2/libstdc++.a(eh_type.o)
                0x00009760                __cxa_current_exception_type
 .text          0x0000977c     0x91e0 /opt/york/cs/net/sourcery-g++-lite-arm-eabi-2010.09.51-i686-1/arm-none-eabi/lib/thumb2/libstdc++.a(cp-demangle.o)
                0x00012858                __cxa_demangle
                0x00012930                __gcclibcxx_demangle_callback
 *fill*         0x0001295c        0x4 00
 .text          0x00012960      0x278 /opt/york/cs/net/sourcery-g++-lite-arm-eabi-2010.09.51-i686-1/bin/../lib/gcc/arm-none-eabi/4.5.1/thumb2/libgcc.a(_udivsi3.o)
                0x00012960                __udivsi3
                0x00012960                __aeabi_uidiv
                0x00012bbc                __aeabi_uidivmod
 .text          0x00012bd8        0x4 /opt/york/cs/net/sourcery-g++-lite-arm-eabi-2010.09.51-i686-1/bin/../lib/gcc/arm-none-eabi/4.5.1/thumb2/libgcc.a(_dvmd_tls.o)
                0x00012bd8                __aeabi_ldiv0
                0x00012bd8                __aeabi_idiv0
 .text          0x00012bdc      0x370 /opt/york/cs/net/sourcery-g++-lite-arm-eabi-2010.09.51-i686-1/bin/../lib/gcc/arm-none-eabi/4.5.1/thumb2/libgcc.a(_arm_addsubdf3.o)
                0x00012bdc                __aeabi_drsub
                0x00012be4                __aeabi_dsub
                0x00012be4                __subdf3
                0x00012be8                __adddf3
                0x00012be8                __aeabi_dadd
                0x00012e60                __aeabi_ui2d
                0x00012e60                __floatunsidf
                0x00012e80                __floatsidf
                0x00012e80                __aeabi_i2d
                0x00012ea4                __extendsfdf2
                0x00012ea4                __aeabi_f2d
                0x00012ee0                __aeabi_ul2d
                0x00012ee0                __floatundidf
                0x00012ef0                __floatdidf
                0x00012ef0                __aeabi_l2d
 .text          0x00012f4c      0x424 /opt/york/cs/net/sourcery-g++-lite-arm-eabi-2010.09.51-i686-1/bin/../lib/gcc/arm-none-eabi/4.5.1/thumb2/libgcc.a(_arm_muldivdf3.o)
                0x00012f4c                __aeabi_dmul
                0x00012f4c                __muldf3
                0x000131a0                __aeabi_ddiv
                0x000131a0                __divdf3
 .text          0x00013370      0x110 /opt/york/cs/net/sourcery-g++-lite-arm-eabi-2010.09.51-i686-1/bin/../lib/gcc/arm-none-eabi/4.5.1/thumb2/libgcc.a(_arm_cmpdf2.o)
                0x00013370                __gtdf2
                0x00013370                __gedf2
                0x00013378                __ltdf2
                0x00013378                __ledf2
                0x00013380                __cmpdf2
                0x00013380                __eqdf2
                0x00013380                __nedf2
                0x000133fc                __aeabi_cdrcmple
                0x0001340c                __aeabi_cdcmple
                0x0001340c                __aeabi_cdcmpeq
                0x0001341c                __aeabi_dcmpeq
                0x00013430                __aeabi_dcmplt
                0x00013444                __aeabi_dcmple
                0x00013458                __aeabi_dcmpge
                0x0001346c                __aeabi_dcmpgt
 .text          0x00013480       0x50 /opt/york/cs/net/sourcery-g++-lite-arm-eabi-2010.09.51-i686-1/bin/../lib/gcc/arm-none-eabi/4.5.1/thumb2/libgcc.a(_arm_fixdfsi.o)
                0x00013480                __fixdfsi
                0x00013480                __aeabi_d2iz
 .text          0x000134d0      0x21c /opt/york/cs/net/sourcery-g++-lite-arm-eabi-2010.09.51-i686-1/bin/../lib/gcc/arm-none-eabi/4.5.1/thumb2/libgcc.a(_arm_addsubsf3.o)
                0x000134d0                __aeabi_frsub
                0x000134d8                __subsf3
                0x000134d8                __aeabi_fsub
                0x000134dc                __aeabi_fadd
                0x000134dc                __addsf3
                0x0001363c                __aeabi_ui2f
                0x0001363c                __floatunsisf
                0x00013644                __aeabi_i2f
                0x00013644                __floatsisf
                0x00013660                __floatundisf
                0x00013660                __aeabi_ul2f
                0x00013670                __floatdisf
                0x00013670                __aeabi_l2f
 .text          0x000136ec      0x2a0 /opt/york/cs/net/sourcery-g++-lite-arm-eabi-2010.09.51-i686-1/bin/../lib/gcc/arm-none-eabi/4.5.1/thumb2/libgcc.a(_arm_muldivsf3.o)
                0x000136ec                __mulsf3
                0x000136ec                __aeabi_fmul
                0x00013854                __divsf3
                0x00013854                __aeabi_fdiv
 .text          0x0001398c       0x40 /opt/york/cs/net/sourcery-g++-lite-arm-eabi-2010.09.51-i686-1/bin/../lib/gcc/arm-none-eabi/4.5.1/thumb2/libgcc.a(_arm_fixunssfsi.o)
                0x0001398c                __aeabi_f2uiz
                0x0001398c                __fixunssfsi
 .text          0x000139cc       0x2c /opt/york/cs/net/sourcery-g++-lite-arm-eabi-2010.09.51-i686-1/bin/../lib/gcc/arm-none-eabi/4.5.1/thumb2/libgcc.a(_aeabi_uldivmod.o)
                0x000139cc                __aeabi_uldivmod
 .text          0x000139f8       0x60 /opt/york/cs/net/sourcery-g++-lite-arm-eabi-2010.09.51-i686-1/bin/../lib/gcc/arm-none-eabi/4.5.1/thumb2/libgcc.a(bpabi.o)
                0x000139f8                __gnu_ldivmod_helper
                0x00013a28                __gnu_uldivmod_helper
 .text          0x00013a58      0xc14 /opt/york/cs/net/sourcery-g++-lite-arm-eabi-2010.09.51-i686-1/bin/../lib/gcc/arm-none-eabi/4.5.1/thumb2/libgcc.a(unwind-arm.o)
                0x00013d3c                _Unwind_VRS_Get
                0x00013d88                _Unwind_VRS_Set
                0x000140f4                __aeabi_unwind_cpp_pr2
                0x000140f8                __aeabi_unwind_cpp_pr1
                0x000140fc                __aeabi_unwind_cpp_pr0
                0x00014100                _Unwind_VRS_Pop
                0x000144e8                _Unwind_GetCFA
                0x000144ec                __gnu_Unwind_RaiseException
                0x0001455c                __gnu_Unwind_ForcedUnwind
                0x00014574                __gnu_Unwind_Resume
                0x000145b0                __gnu_Unwind_Resume_or_Rethrow
                0x000145c8                _Unwind_Complete
                0x000145cc                _Unwind_DeleteException
                0x000145dc                __gnu_Unwind_Backtrace
 .text          0x0001466c      0x1ac /opt/york/cs/net/sourcery-g++-lite-arm-eabi-2010.09.51-i686-1/bin/../lib/gcc/arm-none-eabi/4.5.1/thumb2/libgcc.a(libunwind.o)
                0x0001466c                __restore_core_regs
                0x0001466c                restore_core_regs
                0x00014684                __gnu_Unwind_Restore_VFP
                0x0001468c                __gnu_Unwind_Save_VFP
                0x00014694                __gnu_Unwind_Restore_VFP_D
                0x0001469c                __gnu_Unwind_Save_VFP_D
                0x000146a4                __gnu_Unwind_Restore_VFP_D_16_to_31
                0x000146ac                __gnu_Unwind_Save_VFP_D_16_to_31
                0x000146b4                __gnu_Unwind_Restore_WMMXD
                0x000146f8                __gnu_Unwind_Save_WMMXD
                0x0001473c                __gnu_Unwind_Restore_WMMXC
                0x00014750                __gnu_Unwind_Save_WMMXC
                0x00014764                ___Unwind_RaiseException
                0x00014764                _Unwind_RaiseException
                0x00014788                ___Unwind_Resume
                0x00014788                _Unwind_Resume
                0x000147ac                _Unwind_Resume_or_Rethrow
                0x000147ac                ___Unwind_Resume_or_Rethrow
                0x000147d0                ___Unwind_ForcedUnwind
                0x000147d0                _Unwind_ForcedUnwind
                0x000147f4                _Unwind_Backtrace
                0x000147f4                ___Unwind_Backtrace
 .text          0x00014818      0x3b4 /opt/york/cs/net/sourcery-g++-lite-arm-eabi-2010.09.51-i686-1/bin/../lib/gcc/arm-none-eabi/4.5.1/thumb2/libgcc.a(pr-support.o)
                0x0001486c                __gnu_unwind_execute
                0x00014b70                __gnu_unwind_frame
                0x00014b9c                _Unwind_GetRegionStart
                0x00014ba8                _Unwind_GetLanguageSpecificData
                0x00014bbc                _Unwind_GetDataRelBase
                0x00014bc4                _Unwind_GetTextRelBase
 .text          0x00014bcc      0x364 /opt/york/cs/net/sourcery-g++-lite-arm-eabi-2010.09.51-i686-1/bin/../lib/gcc/arm-none-eabi/4.5.1/thumb2/libgcc.a(_divdi3.o)
                0x00014bcc                __divdi3
 .text          0x00014f30      0x314 /opt/york/cs/net/sourcery-g++-lite-arm-eabi-2010.09.51-i686-1/bin/../lib/gcc/arm-none-eabi/4.5.1/thumb2/libgcc.a(_udivdi3.o)
                0x00014f30                __udivdi3
 .text          0x00015244       0x10 /opt/york/cs/net/sourcery-g++-lite-arm-eabi-2010.09.51-i686-1/arm-none-eabi/lib/thumb2/libg.a(lib_a-abort.o)
                0x00015244                abort
 .text          0x00015254       0xac /opt/york/cs/net/sourcery-g++-lite-arm-eabi-2010.09.51-i686-1/arm-none-eabi/lib/thumb2/libg.a(lib_a-fputc.o)
                0x00015254                _fputc_r
                0x000152a8                fputc
 .text          0x00015300       0x90 /opt/york/cs/net/sourcery-g++-lite-arm-eabi-2010.09.51-i686-1/arm-none-eabi/lib/thumb2/libg.a(lib_a-fputs.o)
                0x00015300                _fputs_r
                0x00015380                fputs
 .text          0x00015390      0x338 /opt/york/cs/net/sourcery-g++-lite-arm-eabi-2010.09.51-i686-1/arm-none-eabi/lib/thumb2/libg.a(lib_a-fvwrite.o)
                0x00015390                __sfvwrite_r
 .text          0x000156c8       0xc0 /opt/york/cs/net/sourcery-g++-lite-arm-eabi-2010.09.51-i686-1/arm-none-eabi/lib/thumb2/libg.a(lib_a-fwrite.o)
                0x000156c8                _fwrite_r
                0x00015764                fwrite
 .text          0x00015788       0x58 /opt/york/cs/net/sourcery-g++-lite-arm-eabi-2010.09.51-i686-1/arm-none-eabi/lib/thumb2/libg.a(lib_a-memcmp.o)
                0x00015788                memcmp
 .text          0x000157e0      0x138 /opt/york/cs/net/sourcery-g++-lite-arm-eabi-2010.09.51-i686-1/arm-none-eabi/lib/thumb2/libg.a(lib_a-putc.o)
                0x000157e0                _putc_r
                0x00015870                putc
 .text          0x00015918       0x14 /opt/york/cs/net/sourcery-g++-lite-arm-eabi-2010.09.51-i686-1/arm-none-eabi/lib/thumb2/libg.a(lib_a-realloc.o)
                0x00015918                realloc
 .text          0x0001592c      0x154 /opt/york/cs/net/sourcery-g++-lite-arm-eabi-2010.09.51-i686-1/arm-none-eabi/lib/thumb2/libg.a(lib_a-signal.o)
                0x0001592c                _init_signal_r
                0x0001595c                _signal_r
                0x00015998                _raise_r
                0x000159f0                __sigtramp_r
                0x00015a44                raise
                0x00015a54                signal
                0x00015a64                _init_signal
                0x00015a70                __sigtramp
 .text          0x00015a80       0x30 /opt/york/cs/net/sourcery-g++-lite-arm-eabi-2010.09.51-i686-1/arm-none-eabi/lib/thumb2/libg.a(lib_a-signalr.o)
                0x00015a80                _kill_r
                0x00015aac                _getpid_r
 .text          0x00015ab0       0xbc /opt/york/cs/net/sourcery-g++-lite-arm-eabi-2010.09.51-i686-1/arm-none-eabi/lib/thumb2/libg.a(lib_a-strcpy.o)
                0x00015ab0                strcpy
 .text          0x00015b6c       0xa0 /opt/york/cs/net/sourcery-g++-lite-arm-eabi-2010.09.51-i686-1/arm-none-eabi/lib/thumb2/libg.a(lib_a-strncmp.o)
                0x00015b6c                strncmp
 .text          0x00015c0c       0x1c /opt/york/cs/net/sourcery-g++-lite-arm-eabi-2010.09.51-i686-1/arm-none-eabi/lib/thumb2/libg.a(lib_a-syswrite.o)
                0x00015c0c                write
 .text          0x00015c28       0xfc /opt/york/cs/net/sourcery-g++-lite-arm-eabi-2010.09.51-i686-1/arm-none-eabi/lib/thumb2/libg.a(lib_a-wbuf.o)
                0x00015c28                __swbuf_r
                0x00015d14                __swbuf
 .text          0x00015d24       0x2c /opt/york/cs/net/sourcery-g++-lite-arm-eabi-2010.09.51-i686-1/arm-none-eabi/lib/thumb2/libg.a(lib_a-writer.o)
                0x00015d24                _write_r
 .text          0x00015d50      0x104 /opt/york/cs/net/sourcery-g++-lite-arm-eabi-2010.09.51-i686-1/arm-none-eabi/lib/thumb2/libg.a(lib_a-wsetup.o)
                0x00015d50                __swsetup_r
 .text          0x00015e54      0x1f4 /opt/york/cs/net/sourcery-g++-lite-arm-eabi-2010.09.51-i686-1/arm-none-eabi/lib/thumb2/libg.a(lib_a-fflush.o)
                0x00015e54                _fflush_r
                0x00016020                fflush
 .text          0x00016048      0x220 /opt/york/cs/net/sourcery-g++-lite-arm-eabi-2010.09.51-i686-1/arm-none-eabi/lib/thumb2/libg.a(lib_a-findfp.o)
                0x00016050                _cleanup_r
                0x0001605c                __sfmoreglue
                0x0001608c                _cleanup
                0x00016098                __sinit
                0x000161a0                __sfp
                0x00016228                __sfp_lock_acquire
                0x0001622c                __sfp_lock_release
                0x00016230                __sinit_lock_acquire
                0x00016234                __sinit_lock_release
                0x00016238                __fp_lock_all
                0x00016250                __fp_unlock_all
 .text          0x00016268       0xa0 /opt/york/cs/net/sourcery-g++-lite-arm-eabi-2010.09.51-i686-1/arm-none-eabi/lib/thumb2/libg.a(lib_a-fwalk.o)
                0x00016268                _fwalk
                0x000162b4                _fwalk_reent
 .text          0x00016308       0xec /opt/york/cs/net/sourcery-g++-lite-arm-eabi-2010.09.51-i686-1/arm-none-eabi/lib/thumb2/libg.a(lib_a-makebuf.o)
                0x00016308                __smakebuf_r
 .text          0x000163f4       0x94 /opt/york/cs/net/sourcery-g++-lite-arm-eabi-2010.09.51-i686-1/arm-none-eabi/lib/thumb2/libg.a(lib_a-stdio.o)
                0x000163f4                __sread
                0x00016418                __seofread
                0x0001641c                __swrite
                0x00016458                __sseek
                0x00016480                __sclose
 .text          0x00016488       0x28 /opt/york/cs/net/sourcery-g++-lite-arm-eabi-2010.09.51-i686-1/arm-none-eabi/lib/thumb2/libg.a(lib_a-closer.o)
                0x00016488                _close_r
 .text          0x000164b0       0xc4 /opt/york/cs/net/sourcery-g++-lite-arm-eabi-2010.09.51-i686-1/arm-none-eabi/lib/thumb2/libg.a(lib_a-fclose.o)
                0x000164b0                _fclose_r
                0x00016564                fclose
 .text          0x00016574       0x2c /opt/york/cs/net/sourcery-g++-lite-arm-eabi-2010.09.51-i686-1/arm-none-eabi/lib/thumb2/libg.a(lib_a-fstatr.o)
                0x00016574                _fstat_r
 .text          0x000165a0       0x28 /opt/york/cs/net/sourcery-g++-lite-arm-eabi-2010.09.51-i686-1/arm-none-eabi/lib/thumb2/libg.a(lib_a-isattyr.o)
                0x000165a0                _isatty_r
 .text          0x000165c8       0x2c /opt/york/cs/net/sourcery-g++-lite-arm-eabi-2010.09.51-i686-1/arm-none-eabi/lib/thumb2/libg.a(lib_a-lseekr.o)
                0x000165c8                _lseek_r
 .text          0x000165f4       0x2c /opt/york/cs/net/sourcery-g++-lite-arm-eabi-2010.09.51-i686-1/arm-none-eabi/lib/thumb2/libg.a(lib_a-readr.o)
                0x000165f4                _read_r
 .text          0x00016620       0x30 /opt/york/cs/net/sourcery-g++-lite-arm-eabi-2010.09.51-i686-1/arm-none-eabi/lib/thumb2/libcs3.a(start_c.o)
                0x00016620                __cs3_premain
 .text.cs3.init
                0x00016650       0x50 /opt/york/cs/net/sourcery-g++-lite-arm-eabi-2010.09.51-i686-1/arm-none-eabi/lib/thumb2/libcs3.a(start_c.o)
                0x00016650                __cs3_start_c
 .text          0x000166a0       0x10 /opt/york/cs/net/sourcery-g++-lite-arm-eabi-2010.09.51-i686-1/arm-none-eabi/lib/thumb2/libcs3unhosted.a(unhosted-_close.o)
                0x000166a0                _close
 .text          0x000166b0        0x2 /opt/york/cs/net/sourcery-g++-lite-arm-eabi-2010.09.51-i686-1/arm-none-eabi/lib/thumb2/libcs3unhosted.a(unhosted-_exit.o)
                0x000166b0                _exit
 .text          0x000166b2       0x10 /opt/york/cs/net/sourcery-g++-lite-arm-eabi-2010.09.51-i686-1/arm-none-eabi/lib/thumb2/libcs3unhosted.a(unhosted-_fstat.o)
                0x000166b2                _fstat
 .text          0x000166c2        0xe /opt/york/cs/net/sourcery-g++-lite-arm-eabi-2010.09.51-i686-1/arm-none-eabi/lib/thumb2/libcs3unhosted.a(unhosted-isatty.o)
                0x000166c2                _isatty
 .text          0x000166d0        0xa /opt/york/cs/net/sourcery-g++-lite-arm-eabi-2010.09.51-i686-1/arm-none-eabi/lib/thumb2/libcs3unhosted.a(unhosted-_kill.o)
                0x000166d0                _kill
 .text          0x000166da       0x10 /opt/york/cs/net/sourcery-g++-lite-arm-eabi-2010.09.51-i686-1/arm-none-eabi/lib/thumb2/libcs3unhosted.a(unhosted-_lseek.o)
                0x000166da                _lseek
 .text          0x000166ea       0x10 /opt/york/cs/net/sourcery-g++-lite-arm-eabi-2010.09.51-i686-1/arm-none-eabi/lib/thumb2/libcs3unhosted.a(unhosted-_read.o)
                0x000166ea                _read
 .text          0x000166fa       0x10 /opt/york/cs/net/sourcery-g++-lite-arm-eabi-2010.09.51-i686-1/arm-none-eabi/lib/thumb2/libcs3unhosted.a(unhosted-_write.o)
                0x000166fa                _write
 *fill*         0x0001670a        0x2 00
 .text          0x0001670c       0x40 /opt/york/cs/net/sourcery-g++-lite-arm-eabi-2010.09.51-i686-1/arm-none-eabi/lib/thumb2/libcs3unhosted.a(unhosted-sbrk.o)
                0x0001670c                _sbrk
 .text          0x0001674c        0x4 /opt/york/cs/net/sourcery-g++-lite-arm-eabi-2010.09.51-i686-1/arm-none-eabi/lib/thumb2/libcs3unhosted.a(unhosted-_getpid.o)
                0x0001674c                _getpid
 .text          0x00016750        0x0 /opt/york/cs/net/sourcery-g++-lite-arm-eabi-2010.09.51-i686-1/arm-none-eabi/lib/thumb2/libcs3unhosted.a(unhosted-start.o)
 .text.cs3.init
                0x00016750       0x10 /opt/york/cs/net/sourcery-g++-lite-arm-eabi-2010.09.51-i686-1/arm-none-eabi/lib/thumb2/libcs3unhosted.a(unhosted-start.o)
                0x00016750                _start
 .text          0x00016760        0xc /opt/york/cs/net/sourcery-g++-lite-arm-eabi-2010.09.51-i686-1/arm-none-eabi/lib/thumb2/libc.a(lib_a-errno.o)
                0x00016760                __errno
 .text          0x0001676c       0x50 /opt/york/cs/net/sourcery-g++-lite-arm-eabi-2010.09.51-i686-1/arm-none-eabi/lib/thumb2/libc.a(lib_a-init.o)
                0x0001676c                __libc_init_array
 .text          0x000167bc        0x0 /opt/york/cs/net/sourcery-g++-lite-arm-eabi-2010.09.51-i686-1/arm-none-eabi/lib/thumb2/libcs3.a(heap.o)
 .text          0x000167bc        0x0 /opt/york/cs/net/lpc1700-cmsis-lite-2011.01.26-i686-1/lib/libDriversLPC17xxgnu.a(lpc17xx_adc.o)
 .text.ADC_Init
                0x000167bc       0xa4 /opt/york/cs/net/lpc1700-cmsis-lite-2011.01.26-i686-1/lib/libDriversLPC17xxgnu.a(lpc17xx_adc.o)
                0x000167bc                ADC_Init
 .text.ADC_DeInit
                0x00016860       0x48 /opt/york/cs/net/lpc1700-cmsis-lite-2011.01.26-i686-1/lib/libDriversLPC17xxgnu.a(lpc17xx_adc.o)
                0x00016860                ADC_DeInit
 .text.ADC_GetData
                0x000168a8       0x38 /opt/york/cs/net/lpc1700-cmsis-lite-2011.01.26-i686-1/lib/libDriversLPC17xxgnu.a(lpc17xx_adc.o)
                0x000168a8                ADC_GetData
 .text.ADC_StartCmd
                0x000168e0       0x90 /opt/york/cs/net/lpc1700-cmsis-lite-2011.01.26-i686-1/lib/libDriversLPC17xxgnu.a(lpc17xx_adc.o)
                0x000168e0                ADC_StartCmd
 .text.ADC_BurstCmd
                0x00016970       0x50 /opt/york/cs/net/lpc1700-cmsis-lite-2011.01.26-i686-1/lib/libDriversLPC17xxgnu.a(lpc17xx_adc.o)
                0x00016970                ADC_BurstCmd
 .text.ADC_PowerdownCmd
                0x000169c0       0x50 /opt/york/cs/net/lpc1700-cmsis-lite-2011.01.26-i686-1/lib/libDriversLPC17xxgnu.a(lpc17xx_adc.o)
                0x000169c0                ADC_PowerdownCmd
 .text.ADC_EdgeStartConfig
                0x00016a10       0x6c /opt/york/cs/net/lpc1700-cmsis-lite-2011.01.26-i686-1/lib/libDriversLPC17xxgnu.a(lpc17xx_adc.o)
                0x00016a10                ADC_EdgeStartConfig
 .text.ADC_IntConfig
                0x00016a7c       0xb4 /opt/york/cs/net/lpc1700-cmsis-lite-2011.01.26-i686-1/lib/libDriversLPC17xxgnu.a(lpc17xx_adc.o)
                0x00016a7c                ADC_IntConfig
 .text.ADC_ChannelCmd
                0x00016b30       0x70 /opt/york/cs/net/lpc1700-cmsis-lite-2011.01.26-i686-1/lib/libDriversLPC17xxgnu.a(lpc17xx_adc.o)
                0x00016b30                ADC_ChannelCmd
 .text.ADC_ChannelGetData
                0x00016ba0       0x58 /opt/york/cs/net/lpc1700-cmsis-lite-2011.01.26-i686-1/lib/libDriversLPC17xxgnu.a(lpc17xx_adc.o)
                0x00016ba0                ADC_ChannelGetData
 .text.ADC_ChannelGetStatus
                0x00016bf8       0x8c /opt/york/cs/net/lpc1700-cmsis-lite-2011.01.26-i686-1/lib/libDriversLPC17xxgnu.a(lpc17xx_adc.o)
                0x00016bf8                ADC_ChannelGetStatus
 .text.ADC_GlobalGetData
                0x00016c84       0x34 /opt/york/cs/net/lpc1700-cmsis-lite-2011.01.26-i686-1/lib/libDriversLPC17xxgnu.a(lpc17xx_adc.o)
                0x00016c84                ADC_GlobalGetData
 .text.ADC_GlobalGetStatus
                0x00016cb8       0x7c /opt/york/cs/net/lpc1700-cmsis-lite-2011.01.26-i686-1/lib/libDriversLPC17xxgnu.a(lpc17xx_adc.o)
                0x00016cb8                ADC_GlobalGetStatus
 .text          0x00016d34        0x0 /opt/york/cs/net/lpc1700-cmsis-lite-2011.01.26-i686-1/lib/libDriversLPC17xxgnu.a(lpc17xx_clkpwr.o)
 .text.CLKPWR_SetPCLKDiv
                0x00016d34       0xd4 /opt/york/cs/net/lpc1700-cmsis-lite-2011.01.26-i686-1/lib/libDriversLPC17xxgnu.a(lpc17xx_clkpwr.o)
                0x00016d34                CLKPWR_SetPCLKDiv
 .text.CLKPWR_GetPCLKSEL
                0x00016e08       0x54 /opt/york/cs/net/lpc1700-cmsis-lite-2011.01.26-i686-1/lib/libDriversLPC17xxgnu.a(lpc17xx_clkpwr.o)
                0x00016e08                CLKPWR_GetPCLKSEL
 .text.CLKPWR_GetPCLK
                0x00016e5c       0x70 /opt/york/cs/net/lpc1700-cmsis-lite-2011.01.26-i686-1/lib/libDriversLPC17xxgnu.a(lpc17xx_clkpwr.o)
                0x00016e5c                CLKPWR_GetPCLK
 .text.CLKPWR_ConfigPPWR
                0x00016ecc       0x80 /opt/york/cs/net/lpc1700-cmsis-lite-2011.01.26-i686-1/lib/libDriversLPC17xxgnu.a(lpc17xx_clkpwr.o)
                0x00016ecc                CLKPWR_ConfigPPWR
 .text.CLKPWR_Sleep
                0x00016f4c       0x1c /opt/york/cs/net/lpc1700-cmsis-lite-2011.01.26-i686-1/lib/libDriversLPC17xxgnu.a(lpc17xx_clkpwr.o)
                0x00016f4c                CLKPWR_Sleep
 .text.CLKPWR_DeepSleep
                0x00016f68       0x2c /opt/york/cs/net/lpc1700-cmsis-lite-2011.01.26-i686-1/lib/libDriversLPC17xxgnu.a(lpc17xx_clkpwr.o)
                0x00016f68                CLKPWR_DeepSleep
 .text.CLKPWR_PowerDown
                0x00016f94       0x2c /opt/york/cs/net/lpc1700-cmsis-lite-2011.01.26-i686-1/lib/libDriversLPC17xxgnu.a(lpc17xx_clkpwr.o)
                0x00016f94                CLKPWR_PowerDown
 .text.CLKPWR_DeepPowerDown
                0x00016fc0       0x2c /opt/york/cs/net/lpc1700-cmsis-lite-2011.01.26-i686-1/lib/libDriversLPC17xxgnu.a(lpc17xx_clkpwr.o)
                0x00016fc0                CLKPWR_DeepPowerDown
 .text          0x00016fec        0x0 /opt/york/cs/net/lpc1700-cmsis-lite-2011.01.26-i686-1/lib/libDriversLPC17xxgnu.a(lpc17xx_dac.o)
 .text.DAC_Init
                0x00016fec       0x40 /opt/york/cs/net/lpc1700-cmsis-lite-2011.01.26-i686-1/lib/libDriversLPC17xxgnu.a(lpc17xx_dac.o)
                0x00016fec                DAC_Init
 .text.DAC_UpdateValue
                0x0001702c       0x58 /opt/york/cs/net/lpc1700-cmsis-lite-2011.01.26-i686-1/lib/libDriversLPC17xxgnu.a(lpc17xx_dac.o)
                0x0001702c                DAC_UpdateValue
 .text.DAC_SetBias
                0x00017084       0x4c /opt/york/cs/net/lpc1700-cmsis-lite-2011.01.26-i686-1/lib/libDriversLPC17xxgnu.a(lpc17xx_dac.o)
                0x00017084                DAC_SetBias
 .text.DAC_ConfigDAConverterControl
                0x000170d0       0x78 /opt/york/cs/net/lpc1700-cmsis-lite-2011.01.26-i686-1/lib/libDriversLPC17xxgnu.a(lpc17xx_dac.o)
                0x000170d0                DAC_ConfigDAConverterControl
 .text.DAC_SetDMATimeOut
                0x00017148       0x38 /opt/york/cs/net/lpc1700-cmsis-lite-2011.01.26-i686-1/lib/libDriversLPC17xxgnu.a(lpc17xx_dac.o)
                0x00017148                DAC_SetDMATimeOut
 .text          0x00017180        0x0 /opt/york/cs/net/lpc1700-cmsis-lite-2011.01.26-i686-1/lib/libDriversLPC17xxgnu.a(lpc17xx_i2c.o)
 .text.NVIC_EnableIRQ
                0x00017180       0x38 /opt/york/cs/net/lpc1700-cmsis-lite-2011.01.26-i686-1/lib/libDriversLPC17xxgnu.a(lpc17xx_i2c.o)
 .text.NVIC_DisableIRQ
                0x000171b8       0x3c /opt/york/cs/net/lpc1700-cmsis-lite-2011.01.26-i686-1/lib/libDriversLPC17xxgnu.a(lpc17xx_i2c.o)
 .text.I2C_getNum
                0x000171f4       0x54 /opt/york/cs/net/lpc1700-cmsis-lite-2011.01.26-i686-1/lib/libDriversLPC17xxgnu.a(lpc17xx_i2c.o)
 .text.I2C_Start
                0x00017248       0x44 /opt/york/cs/net/lpc1700-cmsis-lite-2011.01.26-i686-1/lib/libDriversLPC17xxgnu.a(lpc17xx_i2c.o)
 .text.I2C_Stop
                0x0001728c       0x38 /opt/york/cs/net/lpc1700-cmsis-lite-2011.01.26-i686-1/lib/libDriversLPC17xxgnu.a(lpc17xx_i2c.o)
 .text.I2C_SendByte
                0x000172c4       0x50 /opt/york/cs/net/lpc1700-cmsis-lite-2011.01.26-i686-1/lib/libDriversLPC17xxgnu.a(lpc17xx_i2c.o)
 .text.I2C_GetByte
                0x00017314       0x5c /opt/york/cs/net/lpc1700-cmsis-lite-2011.01.26-i686-1/lib/libDriversLPC17xxgnu.a(lpc17xx_i2c.o)
 .text.I2C_SetClock
                0x00017370       0xc8 /opt/york/cs/net/lpc1700-cmsis-lite-2011.01.26-i686-1/lib/libDriversLPC17xxgnu.a(lpc17xx_i2c.o)
 .text.I2C_Init
                0x00017438       0xd8 /opt/york/cs/net/lpc1700-cmsis-lite-2011.01.26-i686-1/lib/libDriversLPC17xxgnu.a(lpc17xx_i2c.o)
                0x00017438                I2C_Init
 .text.I2C_DeInit
                0x00017510       0xa4 /opt/york/cs/net/lpc1700-cmsis-lite-2011.01.26-i686-1/lib/libDriversLPC17xxgnu.a(lpc17xx_i2c.o)
                0x00017510                I2C_DeInit
 .text.I2C_Cmd  0x000175b4       0x84 /opt/york/cs/net/lpc1700-cmsis-lite-2011.01.26-i686-1/lib/libDriversLPC17xxgnu.a(lpc17xx_i2c.o)
                0x000175b4                I2C_Cmd
 .text.I2C_IntCmd
                0x00017638       0xa8 /opt/york/cs/net/lpc1700-cmsis-lite-2011.01.26-i686-1/lib/libDriversLPC17xxgnu.a(lpc17xx_i2c.o)
                0x00017638                I2C_IntCmd
 .text.I2C_MasterHandler
                0x000176e0      0x3d8 /opt/york/cs/net/lpc1700-cmsis-lite-2011.01.26-i686-1/lib/libDriversLPC17xxgnu.a(lpc17xx_i2c.o)
                0x000176e0                I2C_MasterHandler
 .text.I2C_SlaveHandler
                0x00017ab8      0x1d8 /opt/york/cs/net/lpc1700-cmsis-lite-2011.01.26-i686-1/lib/libDriversLPC17xxgnu.a(lpc17xx_i2c.o)
                0x00017ab8                I2C_SlaveHandler
 .text.I2C_MasterTransferData
                0x00017c90      0x33c /opt/york/cs/net/lpc1700-cmsis-lite-2011.01.26-i686-1/lib/libDriversLPC17xxgnu.a(lpc17xx_i2c.o)
                0x00017c90                I2C_MasterTransferData
 .text.I2C_SlaveTransferData
                0x00017fcc      0x268 /opt/york/cs/net/lpc1700-cmsis-lite-2011.01.26-i686-1/lib/libDriversLPC17xxgnu.a(lpc17xx_i2c.o)
                0x00017fcc                I2C_SlaveTransferData
 .text.I2C_SetOwnSlaveAddr
                0x00018234      0x118 /opt/york/cs/net/lpc1700-cmsis-lite-2011.01.26-i686-1/lib/libDriversLPC17xxgnu.a(lpc17xx_i2c.o)
                0x00018234                I2C_SetOwnSlaveAddr
 .text.I2C_MonitorModeConfig
                0x0001834c       0x9c /opt/york/cs/net/lpc1700-cmsis-lite-2011.01.26-i686-1/lib/libDriversLPC17xxgnu.a(lpc17xx_i2c.o)
                0x0001834c                I2C_MonitorModeConfig
 .text.I2C_MonitorModeCmd
                0x000183e8       0xb0 /opt/york/cs/net/lpc1700-cmsis-lite-2011.01.26-i686-1/lib/libDriversLPC17xxgnu.a(lpc17xx_i2c.o)
                0x000183e8                I2C_MonitorModeCmd
 .text.I2C_MonitorGetDatabuffer
                0x00018498       0x54 /opt/york/cs/net/lpc1700-cmsis-lite-2011.01.26-i686-1/lib/libDriversLPC17xxgnu.a(lpc17xx_i2c.o)
                0x00018498                I2C_MonitorGetDatabuffer
 .text.I2C_MonitorHandler
                0x000184ec       0x6c /opt/york/cs/net/lpc1700-cmsis-lite-2011.01.26-i686-1/lib/libDriversLPC17xxgnu.a(lpc17xx_i2c.o)
                0x000184ec                I2C_MonitorHandler
 .text.I2C_MasterTransferComplete
                0x00018558       0x40 /opt/york/cs/net/lpc1700-cmsis-lite-2011.01.26-i686-1/lib/libDriversLPC17xxgnu.a(lpc17xx_i2c.o)
                0x00018558                I2C_MasterTransferComplete
 .text.I2C_SlaveTransferComplete
                0x00018598       0x40 /opt/york/cs/net/lpc1700-cmsis-lite-2011.01.26-i686-1/lib/libDriversLPC17xxgnu.a(lpc17xx_i2c.o)
                0x00018598                I2C_SlaveTransferComplete
 .text          0x000185d8        0x0 /opt/york/cs/net/lpc1700-cmsis-lite-2011.01.26-i686-1/lib/libDriversLPC17xxgnu.a(lpc17xx_libcfg_default.o)
 .text.check_failed
                0x000185d8        0xc /opt/york/cs/net/lpc1700-cmsis-lite-2011.01.26-i686-1/lib/libDriversLPC17xxgnu.a(lpc17xx_libcfg_default.o)
                0x000185d8                check_failed
 .text          0x000185e4        0x0 /opt/york/cs/net/lpc1700-cmsis-lite-2011.01.26-i686-1/lib/libDriversLPC17xxgnu.a(lpc17xx_pinsel.o)
 .text.set_PinFunc
                0x000185e4       0xa0 /opt/york/cs/net/lpc1700-cmsis-lite-2011.01.26-i686-1/lib/libDriversLPC17xxgnu.a(lpc17xx_pinsel.o)
 .text.set_ResistorMode
                0x00018684       0xa0 /opt/york/cs/net/lpc1700-cmsis-lite-2011.01.26-i686-1/lib/libDriversLPC17xxgnu.a(lpc17xx_pinsel.o)
 .text.set_OpenDrainMode
                0x00018724       0x80 /opt/york/cs/net/lpc1700-cmsis-lite-2011.01.26-i686-1/lib/libDriversLPC17xxgnu.a(lpc17xx_pinsel.o)
 .text.PINSEL_ConfigTraceFunc
                0x000187a4       0x54 /opt/york/cs/net/lpc1700-cmsis-lite-2011.01.26-i686-1/lib/libDriversLPC17xxgnu.a(lpc17xx_pinsel.o)
                0x000187a4                PINSEL_ConfigTraceFunc
 .text.PINSEL_SetI2C0Pins
                0x000187f8       0x3c /opt/york/cs/net/lpc1700-cmsis-lite-2011.01.26-i686-1/lib/libDriversLPC17xxgnu.a(lpc17xx_pinsel.o)
                0x000187f8                PINSEL_SetI2C0Pins
 .text.PINSEL_ConfigPin
                0x00018834       0x54 /opt/york/cs/net/lpc1700-cmsis-lite-2011.01.26-i686-1/lib/libDriversLPC17xxgnu.a(lpc17xx_pinsel.o)
                0x00018834                PINSEL_ConfigPin
 .text          0x00018888        0x0 /opt/york/cs/net/lpc1700-cmsis-lite-2011.01.26-i686-1/lib/libDriversLPC17xxgnu.a(lpc17xx_uart.o)
 .text.uart_set_divisors
                0x00018888      0x26c /opt/york/cs/net/lpc1700-cmsis-lite-2011.01.26-i686-1/lib/libDriversLPC17xxgnu.a(lpc17xx_uart.o)
 .text.UART_Init
                0x00018af4      0x368 /opt/york/cs/net/lpc1700-cmsis-lite-2011.01.26-i686-1/lib/libDriversLPC17xxgnu.a(lpc17xx_uart.o)
                0x00018af4                UART_Init
 .text.UART_DeInit
                0x00018e5c       0xcc /opt/york/cs/net/lpc1700-cmsis-lite-2011.01.26-i686-1/lib/libDriversLPC17xxgnu.a(lpc17xx_uart.o)
                0x00018e5c                UART_DeInit
 .text.UART_ConfigStructInit
                0x00018f28       0x34 /opt/york/cs/net/lpc1700-cmsis-lite-2011.01.26-i686-1/lib/libDriversLPC17xxgnu.a(lpc17xx_uart.o)
                0x00018f28                UART_ConfigStructInit
 .text.UART_SendByte
                0x00018f5c       0x78 /opt/york/cs/net/lpc1700-cmsis-lite-2011.01.26-i686-1/lib/libDriversLPC17xxgnu.a(lpc17xx_uart.o)
                0x00018f5c                UART_SendByte
 .text.UART_ReceiveByte
                0x00018fd4       0x78 /opt/york/cs/net/lpc1700-cmsis-lite-2011.01.26-i686-1/lib/libDriversLPC17xxgnu.a(lpc17xx_uart.o)
                0x00018fd4                UART_ReceiveByte
 .text.UART_Send
                0x0001904c      0x10c /opt/york/cs/net/lpc1700-cmsis-lite-2011.01.26-i686-1/lib/libDriversLPC17xxgnu.a(lpc17xx_uart.o)
                0x0001904c                UART_Send
 .text.UART_Receive
                0x00019158       0xd8 /opt/york/cs/net/lpc1700-cmsis-lite-2011.01.26-i686-1/lib/libDriversLPC17xxgnu.a(lpc17xx_uart.o)
                0x00019158                UART_Receive
 .text.UART_ForceBreak
                0x00019230       0x88 /opt/york/cs/net/lpc1700-cmsis-lite-2011.01.26-i686-1/lib/libDriversLPC17xxgnu.a(lpc17xx_uart.o)
                0x00019230                UART_ForceBreak
 .text.UART_IntConfig
                0x000192b8      0x1d0 /opt/york/cs/net/lpc1700-cmsis-lite-2011.01.26-i686-1/lib/libDriversLPC17xxgnu.a(lpc17xx_uart.o)
                0x000192b8                UART_IntConfig
 .text.UART_GetLineStatus
                0x00019488       0x7c /opt/york/cs/net/lpc1700-cmsis-lite-2011.01.26-i686-1/lib/libDriversLPC17xxgnu.a(lpc17xx_uart.o)
                0x00019488                UART_GetLineStatus
 .text.UART_GetIntId
                0x00019504       0x68 /opt/york/cs/net/lpc1700-cmsis-lite-2011.01.26-i686-1/lib/libDriversLPC17xxgnu.a(lpc17xx_uart.o)
                0x00019504                UART_GetIntId
 .text.UART_CheckBusy
                0x0001956c       0x2c /opt/york/cs/net/lpc1700-cmsis-lite-2011.01.26-i686-1/lib/libDriversLPC17xxgnu.a(lpc17xx_uart.o)
                0x0001956c                UART_CheckBusy
 .text.UART_FIFOConfig
                0x00019598      0x184 /opt/york/cs/net/lpc1700-cmsis-lite-2011.01.26-i686-1/lib/libDriversLPC17xxgnu.a(lpc17xx_uart.o)
                0x00019598                UART_FIFOConfig
 .text.UART_FIFOConfigStructInit
                0x0001971c       0x34 /opt/york/cs/net/lpc1700-cmsis-lite-2011.01.26-i686-1/lib/libDriversLPC17xxgnu.a(lpc17xx_uart.o)
                0x0001971c                UART_FIFOConfigStructInit
 .text.UART_ABCmd
                0x00019750      0x15c /opt/york/cs/net/lpc1700-cmsis-lite-2011.01.26-i686-1/lib/libDriversLPC17xxgnu.a(lpc17xx_uart.o)
                0x00019750                UART_ABCmd
 .text.UART_ABClearIntPending
                0x000198ac       0x88 /opt/york/cs/net/lpc1700-cmsis-lite-2011.01.26-i686-1/lib/libDriversLPC17xxgnu.a(lpc17xx_uart.o)
                0x000198ac                UART_ABClearIntPending
 .text.UART_TxCmd
                0x00019934       0xe8 /opt/york/cs/net/lpc1700-cmsis-lite-2011.01.26-i686-1/lib/libDriversLPC17xxgnu.a(lpc17xx_uart.o)
                0x00019934                UART_TxCmd
 .text.UART_IrDAInvtInputCmd
                0x00019a1c       0x84 /opt/york/cs/net/lpc1700-cmsis-lite-2011.01.26-i686-1/lib/libDriversLPC17xxgnu.a(lpc17xx_uart.o)
                0x00019a1c                UART_IrDAInvtInputCmd
 .text.UART_IrDACmd
                0x00019aa0       0x80 /opt/york/cs/net/lpc1700-cmsis-lite-2011.01.26-i686-1/lib/libDriversLPC17xxgnu.a(lpc17xx_uart.o)
                0x00019aa0                UART_IrDACmd
 .text.UART_IrDAPulseDivConfig
                0x00019b20       0xac /opt/york/cs/net/lpc1700-cmsis-lite-2011.01.26-i686-1/lib/libDriversLPC17xxgnu.a(lpc17xx_uart.o)
                0x00019b20                UART_IrDAPulseDivConfig
 .text.UART_FullModemForcePinState
                0x00019bcc       0xcc /opt/york/cs/net/lpc1700-cmsis-lite-2011.01.26-i686-1/lib/libDriversLPC17xxgnu.a(lpc17xx_uart.o)
                0x00019bcc                UART_FullModemForcePinState
 .text.UART_FullModemConfigMode
                0x00019c98       0xd8 /opt/york/cs/net/lpc1700-cmsis-lite-2011.01.26-i686-1/lib/libDriversLPC17xxgnu.a(lpc17xx_uart.o)
                0x00019c98                UART_FullModemConfigMode
 .text.UART_FullModemGetStatus
                0x00019d70       0x38 /opt/york/cs/net/lpc1700-cmsis-lite-2011.01.26-i686-1/lib/libDriversLPC17xxgnu.a(lpc17xx_uart.o)
                0x00019d70                UART_FullModemGetStatus
 .text.UART_RS485Config
                0x00019da8      0x1bc /opt/york/cs/net/lpc1700-cmsis-lite-2011.01.26-i686-1/lib/libDriversLPC17xxgnu.a(lpc17xx_uart.o)
                0x00019da8                UART_RS485Config
 .text.UART_RS485ReceiverCmd
                0x00019f64       0x48 /opt/york/cs/net/lpc1700-cmsis-lite-2011.01.26-i686-1/lib/libDriversLPC17xxgnu.a(lpc17xx_uart.o)
                0x00019f64                UART_RS485ReceiverCmd
 .text.UART_RS485Send
                0x00019fac       0x84 /opt/york/cs/net/lpc1700-cmsis-lite-2011.01.26-i686-1/lib/libDriversLPC17xxgnu.a(lpc17xx_uart.o)
                0x00019fac                UART_RS485Send
 .text.UART_RS485SendSlvAddr
                0x0001a030       0x28 /opt/york/cs/net/lpc1700-cmsis-lite-2011.01.26-i686-1/lib/libDriversLPC17xxgnu.a(lpc17xx_uart.o)
                0x0001a030                UART_RS485SendSlvAddr
 .text.UART_RS485SendData
                0x0001a058       0x28 /opt/york/cs/net/lpc1700-cmsis-lite-2011.01.26-i686-1/lib/libDriversLPC17xxgnu.a(lpc17xx_uart.o)
                0x0001a058                UART_RS485SendData
 .text          0x0001a080        0x0 /opt/york/cs/net/sourcery-g++-lite-arm-eabi-2010.09.51-i686-1/bin/../lib/gcc/arm-none-eabi/4.5.1/thumb2/crtend.o
 .text          0x0001a080        0x0 /opt/york/cs/net/sourcery-g++-lite-arm-eabi-2010.09.51-i686-1/bin/../lib/gcc/arm-none-eabi/4.5.1/thumb2/crtn.o
 *(.plt)
 *(.gnu.warning)
 .gnu.warning   0x00000000        0x0 /opt/york/cs/net/sourcery-g++-lite-arm-eabi-2010.09.51-i686-1/arm-none-eabi/lib/thumb2/libcs3unhosted.a(unhosted-_close.o)
 .gnu.warning   0x00000000        0x0 /opt/york/cs/net/sourcery-g++-lite-arm-eabi-2010.09.51-i686-1/arm-none-eabi/lib/thumb2/libcs3unhosted.a(unhosted-_fstat.o)
 .gnu.warning   0x00000000        0x0 /opt/york/cs/net/sourcery-g++-lite-arm-eabi-2010.09.51-i686-1/arm-none-eabi/lib/thumb2/libcs3unhosted.a(unhosted-isatty.o)
 .gnu.warning   0x00000000        0x0 /opt/york/cs/net/sourcery-g++-lite-arm-eabi-2010.09.51-i686-1/arm-none-eabi/lib/thumb2/libcs3unhosted.a(unhosted-_kill.o)
 .gnu.warning   0x00000000        0x0 /opt/york/cs/net/sourcery-g++-lite-arm-eabi-2010.09.51-i686-1/arm-none-eabi/lib/thumb2/libcs3unhosted.a(unhosted-_lseek.o)
 .gnu.warning   0x00000000        0x0 /opt/york/cs/net/sourcery-g++-lite-arm-eabi-2010.09.51-i686-1/arm-none-eabi/lib/thumb2/libcs3unhosted.a(unhosted-_read.o)
 .gnu.warning   0x00000000        0x0 /opt/york/cs/net/sourcery-g++-lite-arm-eabi-2010.09.51-i686-1/arm-none-eabi/lib/thumb2/libcs3unhosted.a(unhosted-_write.o)
 *(.glue_7t)
 .glue_7t       0x00000000        0x0 linker stubs
 *(.glue_7)
 .glue_7        0x00000000        0x0 linker stubs
 *(.vfp11_veneer)
 .vfp11_veneer  0x00000000        0x0 linker stubs
 *(.rodata .rodata.* .gnu.linkonce.r.*)
 .rodata        0x0001a080       0xe0 game.o
 .rodata        0x0001a160      0x1cc main.o
 .rodata        0x0001a32c       0x5c music.o
 .rodata        0x0001a388       0x1c packet-manager.o
 .rodata        0x0001a3a4       0x1c sequence-manager.o
 .rodata        0x0001a3c0       0x14 lib/serial-dmx.o
 .rodata._ZZ13setup_displayvE3C.2
                0x0001a3d4        0xc lib/display.o
 .rodata._ZZ5resetvE3C.3
                0x0001a3e0        0x4 lib/display.o
 .rodata        0x0001a3e4       0x20 /opt/york/cs/net/sourcery-g++-lite-arm-eabi-2010.09.51-i686-1/arm-none-eabi/lib/thumb2/libg.a(lib_a-svfprintf.o)
 .rodata.str1.4
                0x0001a404       0x42 /opt/york/cs/net/sourcery-g++-lite-arm-eabi-2010.09.51-i686-1/arm-none-eabi/lib/thumb2/libg.a(lib_a-svfprintf.o)
                                 0x44 (size before relaxing)
 *fill*         0x0001a446        0x2 00
 .rodata        0x0001a448      0x104 /opt/york/cs/net/sourcery-g++-lite-arm-eabi-2010.09.51-i686-1/arm-none-eabi/lib/thumb2/libg.a(lib_a-ctype_.o)
                0x0001a448                _ctype_
 .rodata.str1.4
                0x0001a54c       0x10 /opt/york/cs/net/sourcery-g++-lite-arm-eabi-2010.09.51-i686-1/arm-none-eabi/lib/thumb2/libg.a(lib_a-dtoa.o)
                                 0x14 (size before relaxing)
 .rodata        0x0001a55c        0x4 /opt/york/cs/net/sourcery-g++-lite-arm-eabi-2010.09.51-i686-1/arm-none-eabi/lib/thumb2/libg.a(lib_a-impure.o)
                0x0001a55c                _global_impure_ptr
 .rodata.str1.4
                0x0001a560        0x2 /opt/york/cs/net/sourcery-g++-lite-arm-eabi-2010.09.51-i686-1/arm-none-eabi/lib/thumb2/libg.a(lib_a-impure.o)
                                  0x4 (size before relaxing)
 *fill*         0x0001a562        0x2 00
 .rodata.str1.4
                0x0001a564        0xa /opt/york/cs/net/sourcery-g++-lite-arm-eabi-2010.09.51-i686-1/arm-none-eabi/lib/thumb2/libg.a(lib_a-locale.o)
                                 0x14 (size before relaxing)
 *fill*         0x0001a56e        0x2 00
 .rodata        0x0001a570      0x128 /opt/york/cs/net/sourcery-g++-lite-arm-eabi-2010.09.51-i686-1/arm-none-eabi/lib/thumb2/libg.a(lib_a-mprec.o)
                0x0001a580                __mprec_tens
                0x0001a648                __mprec_bigtens
                0x0001a670                __mprec_tinytens
 .rodata        0x0001a698       0x20 /opt/york/cs/net/sourcery-g++-lite-arm-eabi-2010.09.51-i686-1/arm-none-eabi/lib/thumb2/libg.a(lib_a-svfiprintf.o)
 .rodata.str1.4