Archive member included because of file (symbol)

/opt/york/cs/net/sourcery-g++-lite-arm-eabi-2010.09.51-i686-1/arm-none-eabi/lib/thumb2/libg.a(lib_a-atoi.o)
                              main.o (atoi)
/opt/york/cs/net/sourcery-g++-lite-arm-eabi-2010.09.51-i686-1/arm-none-eabi/lib/thumb2/libg.a(lib_a-malloc.o)
                              packet-manager.o (malloc)
/opt/york/cs/net/sourcery-g++-lite-arm-eabi-2010.09.51-i686-1/arm-none-eabi/lib/thumb2/libg.a(lib_a-mallocr.o)
                              /opt/york/cs/net/sourcery-g++-lite-arm-eabi-2010.09.51-i686-1/arm-none-eabi/lib/thumb2/libg.a(lib_a-malloc.o) (_malloc_r)
/opt/york/cs/net/sourcery-g++-lite-arm-eabi-2010.09.51-i686-1/arm-none-eabi/lib/thumb2/libg.a(lib_a-memcpy.o)
                              lib/serial-dmx.o (memcpy)
/opt/york/cs/net/sourcery-g++-lite-arm-eabi-2010.09.51-i686-1/arm-none-eabi/lib/thumb2/libg.a(lib_a-memset.o)
                              packet-manager.o (memset)
/opt/york/cs/net/sourcery-g++-lite-arm-eabi-2010.09.51-i686-1/arm-none-eabi/lib/thumb2/libg.a(lib_a-mlock.o)
                              /opt/york/cs/net/sourcery-g++-lite-arm-eabi-2010.09.51-i686-1/arm-none-eabi/lib/thumb2/libg.a(lib_a-mallocr.o) (__malloc_lock)
/opt/york/cs/net/sourcery-g++-lite-arm-eabi-2010.09.51-i686-1/arm-none-eabi/lib/thumb2/libg.a(lib_a-sbrkr.o)
                              /opt/york/cs/net/sourcery-g++-lite-arm-eabi-2010.09.51-i686-1/arm-none-eabi/lib/thumb2/libg.a(lib_a-mallocr.o) (_sbrk_r)
/opt/york/cs/net/sourcery-g++-lite-arm-eabi-2010.09.51-i686-1/arm-none-eabi/lib/thumb2/libg.a(lib_a-sprintf.o)
                              main.o (sprintf)
/opt/york/cs/net/sourcery-g++-lite-arm-eabi-2010.09.51-i686-1/arm-none-eabi/lib/thumb2/libg.a(lib_a-strlen.o)
                              main.o (strlen)
/opt/york/cs/net/sourcery-g++-lite-arm-eabi-2010.09.51-i686-1/arm-none-eabi/lib/thumb2/libg.a(lib_a-strtol.o)
                              /opt/york/cs/net/sourcery-g++-lite-arm-eabi-2010.09.51-i686-1/arm-none-eabi/lib/thumb2/libg.a(lib_a-atoi.o) (_strtol_r)
/opt/york/cs/net/sourcery-g++-lite-arm-eabi-2010.09.51-i686-1/arm-none-eabi/lib/thumb2/libg.a(lib_a-svfprintf.o)
                              /opt/york/cs/net/sourcery-g++-lite-arm-eabi-2010.09.51-i686-1/arm-none-eabi/lib/thumb2/libg.a(lib_a-sprintf.o) (_svfprintf_r)
/opt/york/cs/net/sourcery-g++-lite-arm-eabi-2010.09.51-i686-1/arm-none-eabi/lib/thumb2/libg.a(lib_a-vsprintf.o)
                              lib/serial.o (vsprintf)
/opt/york/cs/net/sourcery-g++-lite-arm-eabi-2010.09.51-i686-1/arm-none-eabi/lib/thumb2/libg.a(lib_a-ctype_.o)
                              /opt/york/cs/net/sourcery-g++-lite-arm-eabi-2010.09.51-i686-1/arm-none-eabi/lib/thumb2/libg.a(lib_a-strtol.o) (__ctype_ptr__)
/opt/york/cs/net/sourcery-g++-lite-arm-eabi-2010.09.51-i686-1/arm-none-eabi/lib/thumb2/libg.a(lib_a-dtoa.o)
                              /opt/york/cs/net/sourcery-g++-lite-arm-eabi-2010.09.51-i686-1/arm-none-eabi/lib/thumb2/libg.a(lib_a-svfprintf.o) (_dtoa_r)
/opt/york/cs/net/sourcery-g++-lite-arm-eabi-2010.09.51-i686-1/arm-none-eabi/lib/thumb2/libg.a(lib_a-freer.o)
                              /opt/york/cs/net/sourcery-g++-lite-arm-eabi-2010.09.51-i686-1/arm-none-eabi/lib/thumb2/libg.a(lib_a-malloc.o) (_free_r)
/opt/york/cs/net/sourcery-g++-lite-arm-eabi-2010.09.51-i686-1/arm-none-eabi/lib/thumb2/libg.a(lib_a-impure.o)
                              /opt/york/cs/net/sourcery-g++-lite-arm-eabi-2010.09.51-i686-1/arm-none-eabi/lib/thumb2/libg.a(lib_a-malloc.o) (_impure_ptr)
/opt/york/cs/net/sourcery-g++-lite-arm-eabi-2010.09.51-i686-1/arm-none-eabi/lib/thumb2/libg.a(lib_a-locale.o)
                              /opt/york/cs/net/sourcery-g++-lite-arm-eabi-2010.09.51-i686-1/arm-none-eabi/lib/thumb2/libg.a(lib_a-svfprintf.o) (_localeconv_r)
/opt/york/cs/net/sourcery-g++-lite-arm-eabi-2010.09.51-i686-1/arm-none-eabi/lib/thumb2/libg.a(lib_a-memchr.o)
                              /opt/york/cs/net/sourcery-g++-lite-arm-eabi-2010.09.51-i686-1/arm-none-eabi/lib/thumb2/libg.a(lib_a-svfprintf.o) (memchr)
/opt/york/cs/net/sourcery-g++-lite-arm-eabi-2010.09.51-i686-1/arm-none-eabi/lib/thumb2/libg.a(lib_a-mprec.o)
                              /opt/york/cs/net/sourcery-g++-lite-arm-eabi-2010.09.51-i686-1/arm-none-eabi/lib/thumb2/libg.a(lib_a-dtoa.o) (_Balloc)
/opt/york/cs/net/sourcery-g++-lite-arm-eabi-2010.09.51-i686-1/arm-none-eabi/lib/thumb2/libg.a(lib_a-reent.o)
                              /opt/york/cs/net/sourcery-g++-lite-arm-eabi-2010.09.51-i686-1/arm-none-eabi/lib/thumb2/libg.a(lib_a-sbrkr.o) (errno)
/opt/york/cs/net/sourcery-g++-lite-arm-eabi-2010.09.51-i686-1/arm-none-eabi/lib/thumb2/libg.a(lib_a-s_fpclassify.o)
                              /opt/york/cs/net/sourcery-g++-lite-arm-eabi-2010.09.51-i686-1/arm-none-eabi/lib/thumb2/libg.a(lib_a-svfprintf.o) (__fpclassifyd)
/opt/york/cs/net/sourcery-g++-lite-arm-eabi-2010.09.51-i686-1/arm-none-eabi/lib/thumb2/libg.a(lib_a-strcmp.o)
[...]
Memory Configuration

Name             Origin             Length             Attributes
rom              0x00000000         0x00080000         xr
ram              0x10000000         0x00008000         xrw
ram1             0x2007c000         0x00004000         xrw
ram2             0x20080000         0x00004000         xrw
*default*        0x00000000         0xffffffff

Linker script and memory map

LOAD /opt/york/cs/net/sourcery-g++-lite-arm-eabi-2010.09.51-i686-1/bin/../lib/gcc/arm-none-eabi/4.5.1/thumb2/crti.o
LOAD /opt/york/cs/net/sourcery-g++-lite-arm-eabi-2010.09.51-i686-1/bin/../lib/gcc/arm-none-eabi/4.5.1/thumb2/crtbegin.o
LOAD main.o
LOAD packet-manager.o
LOAD sequence-manager.o
LOAD lib/serial.o
LOAD lib/pindef.o
LOAD lib/i2c.o
LOAD lib/serial-dmx.o
LOAD lib/utilities.o
LOAD lib/keypad.o
LOAD lib/display.o
LOAD lib/analog.o
LOAD /opt/york/cs/net/lpc1700-cmsis-lite-2011.01.26-i686-1/lib/core_cm3.o
LOAD /opt/york/cs/net/lpc1700-cmsis-lite-2011.01.26-i686-1/lib/system_LPC17xx.o
LOAD /opt/york/cs/net/lpc1700-cmsis-lite-2011.01.26-i686-1/lib/startup_LPC17xx.o
START GROUP
LOAD /opt/york/cs/net/sourcery-g++-lite-arm-eabi-2010.09.51-i686-1/arm-none-eabi/lib/thumb2/libg.a
LOAD /opt/york/cs/net/sourcery-g++-lite-arm-eabi-2010.09.51-i686-1/arm-none-eabi/lib/thumb2/libstdc++.a
LOAD /opt/york/cs/net/sourcery-g++-lite-arm-eabi-2010.09.51-i686-1/arm-none-eabi/lib/thumb2/libsupc++.a
LOAD /opt/york/cs/net/sourcery-g++-lite-arm-eabi-2010.09.51-i686-1/bin/../lib/gcc/arm-none-eabi/4.5.1/thumb2/libgcc.a
END GROUP
START GROUP
LOAD /opt/york/cs/net/sourcery-g++-lite-arm-eabi-2010.09.51-i686-1/bin/../lib/gcc/arm-none-eabi/4.5.1/thumb2/libgcc.a
LOAD /opt/york/cs/net/sourcery-g++-lite-arm-eabi-2010.09.51-i686-1/arm-none-eabi/lib/thumb2/libc.a
LOAD /opt/york/cs/net/sourcery-g++-lite-arm-eabi-2010.09.51-i686-1/arm-none-eabi/lib/thumb2/libcs3.a
LOAD /opt/york/cs/net/sourcery-g++-lite-arm-eabi-2010.09.51-i686-1/arm-none-eabi/lib/thumb2/libcs3unhosted.a
LOAD /opt/york/cs/net/sourcery-g++-lite-arm-eabi-2010.09.51-i686-1/arm-none-eabi/lib/thumb2/libcs3micro.a
END GROUP
                0x10008000                PROVIDE (__cs3_stack, (__cs3_region_start_ram + __cs3_region_size_ram))
                0x00006f08                PROVIDE (__cs3_stack_size, ((__cs3_region_start_ram + __cs3_region_size_ram) - _end))
                0x100010f8                PROVIDE (__cs3_heap_start, _end)
                0x10008000                PROVIDE (__cs3_heap_end, (__cs3_region_start_ram + __cs3_region_size_ram))

.text           0x00000000    0x1ac64
 CREATE_OBJECT_SYMBOLS
                0x00000000                __cs3_region_start_rom = .
 *(.cs3.region-head.rom)
                0x00000000                __cs3_interrupt_vector = __cs3_interrupt_vector_cortex_m
 *(.cs3.interrupt_vector)
 .cs3.interrupt_vector
                0x00000000       0xcc /opt/york/cs/net/lpc1700-cmsis-lite-2011.01.26-i686-1/lib/startup_LPC17xx.o
                0x00000000                __cs3_interrupt_vector_cortex_m
                0x00000001                ASSERT ((. != __cs3_interrupt_vector_cortex_m), No interrupt vector)
 *(.rom)
 *(.rom.b)
                0x000000cc                __cs3_reset = __cs3_reset_cortex_m
 *(.cs3.reset)
 .cs3.reset     0x000000cc       0x10 /opt/york/cs/net/lpc1700-cmsis-lite-2011.01.26-i686-1/lib/startup_LPC17xx.o
                0x000000cc                __cs3_reset_cortex_m
                0x00000001                ASSERT ((. != __cs3_reset), No reset code)
 *(.text .text.* .gnu.linkonce.t.*)
 .text          0x000000dc        0x0 /opt/york/cs/net/sourcery-g++-lite-arm-eabi-2010.09.51-i686-1/bin/../lib/gcc/arm-none-eabi/4.5.1/thumb2/crti.o
 .text          0x000000dc       0x30 /opt/york/cs/net/sourcery-g++-lite-arm-eabi-2010.09.51-i686-1/bin/../lib/gcc/arm-none-eabi/4.5.1/thumb2/crtbegin.o
 .text          0x0000010c        0x0 main.o
 .text._Z4testv
                0x0000010c       0x8c main.o
                0x0000010c                _Z4testv
 .text._Z4menui
                0x00000198       0xc8 main.o
                0x00000198                _Z4menui
 .text._Z15sequence_senderi
                0x00000260       0xe8 main.o
                0x00000260                _Z15sequence_senderi
 .text._Z8selectori
                0x00000348       0x64 main.o
                0x00000348                _Z8selectori
 .text._Z6editorii
                0x000003ac      0x108 main.o
                0x000003ac                _Z6editorii
 .text._Z9sequencerii
                0x000004b4      0x100 main.o
                0x000004b4                _Z9sequencerii
 .text._Z5errori
                0x000005b4       0xc0 main.o
                0x000005b4                _Z5errori
 .text._Z5musicv
                0x00000674       0xf0 main.o
                0x00000674                _Z5musicv
 .text._Z6actioni
                0x00000764      0x8b0 main.o
                0x00000764                _Z6actioni
 .text.main     0x00001014       0xb8 main.o
                0x00001014                main
 .text._Z41__static_initialization_and_destruction_0ii
                0x000010cc       0x60 main.o
 .text._GLOBAL__I_pc
                0x0000112c       0x14 main.o
 .text          0x00001140        0x0 packet-manager.o
 .text._ZN14packet_managerC2Ev
                0x00001140       0x18 packet-manager.o
                0x00001140                _ZN14packet_managerC2Ev
                0x00001140                _ZN14packet_managerC1Ev
 .text._ZN14packet_manager4initEv
                0x00001158       0x64 packet-manager.o
                0x00001158                _ZN14packet_manager4initEv
 .text._ZN14packet_manager6getptrEi
                0x000011bc       0x2c packet-manager.o
                0x000011bc                _ZN14packet_manager6getptrEi
 .text          0x000011e8        0x0 sequence-manager.o
 .text._ZN16sequence_managerC2Ev
                0x000011e8       0x18 sequence-manager.o
                0x000011e8                _ZN16sequence_managerC2Ev
                0x000011e8                _ZN16sequence_managerC1Ev
 .text._ZN16sequence_manager4initEv
                0x00001200       0x64 sequence-manager.o
                0x00001200                _ZN16sequence_manager4initEv
 .text._ZN16sequence_manager6getptrEi
                0x00001264       0x2c sequence-manager.o
                0x00001264                _ZN16sequence_manager6getptrEi
 .text          0x00001290        0x0 lib/serial.o
 .text._ZN6SerialC2Ev
                0x00001290       0x98 lib/serial.o
                0x00001290                _ZN6SerialC2Ev
                0x00001290                _ZN6SerialC1Ev
 .text._ZN6Serial4initEv
                0x00001328       0x58 lib/serial.o
                0x00001328                _ZN6Serial4initEv
 .text._ZN6Serial6printfEPcz
                0x00001380       0x48 lib/serial.o
                0x00001380                _ZN6Serial6printfEPcz
 .text._ZN6Serial5writeEPc
                0x000013c8       0x38 lib/serial.o
                0x000013c8                _ZN6Serial5writeEPc
 .text          0x00001400        0x0 lib/pindef.o
 .text._Z7pinconf15PINSEL_CFG_Type
                0x00001400       0x1c lib/pindef.o
                0x00001400                _Z7pinconf15PINSEL_CFG_Type
 .text          0x0000141c        0x0 lib/i2c.o
 .text._ZN3I2CC2E15PINSEL_CFG_TypeS0_
                0x0000141c       0x44 lib/i2c.o
                0x0000141c                _ZN3I2CC1E15PINSEL_CFG_TypeS0_
                0x0000141c                _ZN3I2CC2E15PINSEL_CFG_TypeS0_
 .text._ZN3I2C4initEv
                0x00001460       0x34 lib/i2c.o
                0x00001460                _ZN3I2C4initEv
 .text._ZN3I2C5writeEmPhm
                0x00001494       0xb0 lib/i2c.o
                0x00001494                _ZN3I2C5writeEmPhm
 .text._ZN3I2C4readEmPhm
                0x00001544       0xb0 lib/i2c.o
                0x00001544                _ZN3I2C4readEmPhm
 .text          0x000015f4        0x0 lib/serial-dmx.o
 .text._ZN3DMXC2Ev
                0x000015f4       0x98 lib/serial-dmx.o
                0x000015f4                _ZN3DMXC2Ev
                0x000015f4                _ZN3DMXC1Ev
 .text._ZN3DMX4initEv
                0x0000168c       0x78 lib/serial-dmx.o
                0x0000168c                _ZN3DMX4initEv
 .text._ZN3DMX3padEPci
                0x00001704       0x6c lib/serial-dmx.o
                0x00001704                _ZN3DMX3padEPci
 .text._ZN3DMX4sendEPci
                0x00001770       0x58 lib/serial-dmx.o
                0x00001770                _ZN3DMX4sendEPci
 .text._ZN3DMX5writeEPci
                0x000017c8       0x30 lib/serial-dmx.o
                0x000017c8                _ZN3DMX5writeEPci
 .text._ZN3DMX10send_breakEv
                0x000017f8       0x30 lib/serial-dmx.o
                0x000017f8                _ZN3DMX10send_breakEv
 .text._ZN3DMX9end_breakEv
                0x00001828       0x30 lib/serial-dmx.o
                0x00001828                _ZN3DMX9end_breakEv
 .text          0x00001858        0x0 lib/utilities.o
 .text._Z5delayi
                0x00001858       0x34 lib/utilities.o
                0x00001858                _Z5delayi
 .text._Z41__static_initialization_and_destruction_0ii
                0x0000188c       0x9c lib/utilities.o
 .text._GLOBAL__I_i2c
                0x00001928       0x14 lib/utilities.o
 .text          0x0000193c        0x0 lib/keypad.o
 .text._Z8checkrowcciPFviE
                0x0000193c      0x124 lib/keypad.o
                0x0000193c                _Z8checkrowcciPFviE
 .text._Z12keypad_checkPFviE
                0x00001a60       0x88 lib/keypad.o
                0x00001a60                _Z12keypad_checkPFviE
 .text          0x00001ae8        0x0 lib/display.o
 .text._Z5resetv
                0x00001ae8       0x44 lib/display.o
                0x00001ae8                _Z5resetv
 .text._Z13setup_displayv
                0x00001b2c       0x3c lib/display.o
                0x00001b2c                _Z13setup_displayv
 .text._Z11return_homev
                0x00001b68       0x34 lib/display.o
                0x00001b68                _Z11return_homev
 .text._Z10shift_linev
                0x00001b9c       0x34 lib/display.o
                0x00001b9c                _Z10shift_linev
 .text._Z12cursor_shift10Shift_Typei
                0x00001bd0       0xb0 lib/display.o
                0x00001bd0                _Z12cursor_shift10Shift_Typei
 .text._Z9printcharc
                0x00001c80       0x44 lib/display.o
                0x00001c80                _Z9printcharc
 .text._Z9putcustomc
                0x00001cc4       0x3c lib/display.o
                0x00001cc4                _Z9putcustomc
 .text._Z8printstrPc
                0x00001d00       0x44 lib/display.o
                0x00001d00                _Z8printstrPc
 .text._Z13clear_displayv
                0x00001d44       0x70 lib/display.o
                0x00001d44                _Z13clear_displayv
 .text          0x00001db4        0x0 lib/analog.o
 .text._ZN8AnalogInC2Ev
                0x00001db4       0x58 lib/analog.o
                0x00001db4                _ZN8AnalogInC2Ev
                0x00001db4                _ZN8AnalogInC1Ev
 .text._ZN9AnalogOutC2Ev
                0x00001e0c       0x58 lib/analog.o
                0x00001e0c                _ZN9AnalogOutC1Ev
                0x00001e0c                _ZN9AnalogOutC2Ev
 .text._ZN8AnalogIn4initEv
                0x00001e64       0x4c lib/analog.o
                0x00001e64                _ZN8AnalogIn4initEv
 .text._ZN9AnalogOut4initEv
                0x00001eb0       0x1c lib/analog.o
                0x00001eb0                _ZN9AnalogOut4initEv
 .text._ZN8AnalogIn4readEv
                0x00001ecc       0x5c lib/analog.o
                0x00001ecc                _ZN8AnalogIn4readEv
 .text._ZN9AnalogOut5writeEm
                0x00001f28       0x20 lib/analog.o
                0x00001f28                _ZN9AnalogOut5writeEm
 .text          0x00001f48        0x0 /opt/york/cs/net/lpc1700-cmsis-lite-2011.01.26-i686-1/lib/core_cm3.o
 .text          0x00001f48        0x0 /opt/york/cs/net/lpc1700-cmsis-lite-2011.01.26-i686-1/lib/system_LPC17xx.o
 .text.SystemCoreClockUpdate
                0x00001f48      0x228 /opt/york/cs/net/lpc1700-cmsis-lite-2011.01.26-i686-1/lib/system_LPC17xx.o
                0x00001f48                SystemCoreClockUpdate
 .text.SystemInit
                0x00002170      0x240 /opt/york/cs/net/lpc1700-cmsis-lite-2011.01.26-i686-1/lib/system_LPC17xx.o
                0x00002170                SystemInit
 .text          0x000023b0       0x14 /opt/york/cs/net/lpc1700-cmsis-lite-2011.01.26-i686-1/lib/startup_LPC17xx.o
                0x000023b0                NMI_Handler
                0x000023b2                HardFault_Handler
                0x000023b4                MemManage_Handler
                0x000023b6                BusFault_Handler
                0x000023b8                UsageFault_Handler
                0x000023ba                SVC_Handler
                0x000023bc                DebugMon_Handler
                0x000023be                PendSV_Handler
                0x000023c0                SysTick_Handler
                0x000023c2                TIMER2_IRQHandler
                0x000023c2                RIT_IRQHandler
                0x000023c2                I2C0_IRQHandler
                0x000023c2                USBActivity_IRQHandler
                0x000023c2                PWM1_IRQHandler
                0x000023c2                I2C1_IRQHandler
                0x000023c2                EINT2_IRQHandler
                0x000023c2                UART1_IRQHandler
                0x000023c2                EINT3_IRQHandler
                0x000023c2                CANActivity_IRQHandler
                0x000023c2                TIMER3_IRQHandler
                0x000023c2                UART0_IRQHandler
                0x000023c2                PLL0_IRQHandler
                0x000023c2                CAN_IRQHandler
                0x000023c2                PLL1_IRQHandler
                0x000023c2                SSP0_IRQHandler
                0x000023c2                I2S_IRQHandler
                0x000023c2                I2C2_IRQHandler
                0x000023c2                RTC_IRQHandler
                0x000023c2                TIMER0_IRQHandler
                0x000023c2                SPI_IRQHandler
                0x000023c2                EINT1_IRQHandler
                0x000023c2                TIMER1_IRQHandler
                0x000023c2                UART2_IRQHandler
                0x000023c2                Default_Handler
                0x000023c2                ADC_IRQHandler
                0x000023c2                SSP1_IRQHandler
                0x000023c2                USB_IRQHandler
                0x000023c2                BOD_IRQHandler
                0x000023c2                WDT_IRQHandler
                0x000023c2                QEI_IRQHandler
                0x000023c2                EINT0_IRQHandler
                0x000023c2                DMA_IRQHandler
                0x000023c2                UART3_IRQHandler
                0x000023c2                MCPWM_IRQHandler
                0x000023c2                ENET_IRQHandler
 .text          0x000023c4       0x10 /opt/york/cs/net/sourcery-g++-lite-arm-eabi-2010.09.51-i686-1/arm-none-eabi/lib/thumb2/libg.a(lib_a-atoi.o)
                0x000023c4                atoi
                0x000023cc                _atoi_r
 .text          0x000023d4       0x20 /opt/york/cs/net/sourcery-g++-lite-arm-eabi-2010.09.51-i686-1/arm-none-eabi/lib/thumb2/libg.a(lib_a-malloc.o)
                0x000023d4                malloc
                0x000023e4                free
 .text          0x000023f4      0x57c /opt/york/cs/net/sourcery-g++-lite-arm-eabi-2010.09.51-i686-1/arm-none-eabi/lib/thumb2/libg.a(lib_a-mallocr.o)
                0x000023f4                _malloc_r
 .text          0x00002970      0x150 /opt/york/cs/net/sourcery-g++-lite-arm-eabi-2010.09.51-i686-1/arm-none-eabi/lib/thumb2/libg.a(lib_a-memcpy.o)
                0x00002970                memcpy
 .text          0x00002ac0       0xb4 /opt/york/cs/net/sourcery-g++-lite-arm-eabi-2010.09.51-i686-1/arm-none-eabi/lib/thumb2/libg.a(lib_a-memset.o)
                0x00002ac0                memset
 .text          0x00002b74        0x8 /opt/york/cs/net/sourcery-g++-lite-arm-eabi-2010.09.51-i686-1/arm-none-eabi/lib/thumb2/libg.a(lib_a-mlock.o)
                0x00002b74                __malloc_lock
                0x00002b78                __malloc_unlock
 .text          0x00002b7c       0x28 /opt/york/cs/net/sourcery-g++-lite-arm-eabi-2010.09.51-i686-1/arm-none-eabi/lib/thumb2/libg.a(lib_a-sbrkr.o)
                0x00002b7c                _sbrk_r
 .text          0x00002ba4       0x94 /opt/york/cs/net/sourcery-g++-lite-arm-eabi-2010.09.51-i686-1/arm-none-eabi/lib/thumb2/libg.a(lib_a-sprintf.o)
                0x00002ba4                _sprintf_r
                0x00002be8                sprintf
 .text          0x00002c38       0x60 /opt/york/cs/net/sourcery-g++-lite-arm-eabi-2010.09.51-i686-1/arm-none-eabi/lib/thumb2/libg.a(lib_a-strlen.o)
                0x00002c38                strlen
 .text          0x00002c98      0x17c /opt/york/cs/net/sourcery-g++-lite-arm-eabi-2010.09.51-i686-1/arm-none-eabi/lib/thumb2/libg.a(lib_a-strtol.o)
                0x00002c98                _strtol_r
                0x00002dfc                strtol
 .text          0x00002e14     0x1658 /opt/york/cs/net/sourcery-g++-lite-arm-eabi-2010.09.51-i686-1/arm-none-eabi/lib/thumb2/libg.a(lib_a-svfprintf.o)
                0x00002e14                _svfprintf_r
 .text          0x0000446c       0x4c /opt/york/cs/net/sourcery-g++-lite-arm-eabi-2010.09.51-i686-1/arm-none-eabi/lib/thumb2/libg.a(lib_a-vsprintf.o)
                0x0000446c                _vsprintf_r
                0x000044a0                vsprintf
 .text          0x000044b8        0x0 /opt/york/cs/net/sourcery-g++-lite-arm-eabi-2010.09.51-i686-1/arm-none-eabi/lib/thumb2/libg.a(lib_a-ctype_.o)
 .text          0x000044b8     0x1000 /opt/york/cs/net/sourcery-g++-lite-arm-eabi-2010.09.51-i686-1/arm-none-eabi/lib/thumb2/libg.a(lib_a-dtoa.o)
                0x000045e4                _dtoa_r
 .text          0x000054b8      0x240 /opt/york/cs/net/sourcery-g++-lite-arm-eabi-2010.09.51-i686-1/arm-none-eabi/lib/thumb2/libg.a(lib_a-freer.o)
                0x000054b8                _malloc_trim_r
                0x00005560                _free_r
 .text          0x000056f8        0x0 /opt/york/cs/net/sourcery-g++-lite-arm-eabi-2010.09.51-i686-1/arm-none-eabi/lib/thumb2/libg.a(lib_a-impure.o)
 .text          0x000056f8       0xa0 /opt/york/cs/net/sourcery-g++-lite-arm-eabi-2010.09.51-i686-1/arm-none-eabi/lib/thumb2/libg.a(lib_a-locale.o)
                0x000056f8                _setlocale_r
                0x00005754                __locale_charset
                0x00005760                __locale_mb_cur_max
                0x0000576c                __locale_msgcharset
                0x00005774                __locale_cjk_lang
                0x00005778                _localeconv_r
                0x00005780                setlocale
                0x00005790                localeconv
 .text          0x00005798       0x88 /opt/york/cs/net/sourcery-g++-lite-arm-eabi-2010.09.51-i686-1/arm-none-eabi/lib/thumb2/libg.a(lib_a-memchr.o)
                0x00005798                memchr
 .text          0x00005820      0x920 /opt/york/cs/net/sourcery-g++-lite-arm-eabi-2010.09.51-i686-1/arm-none-eabi/lib/thumb2/libg.a(lib_a-mprec.o)
                0x00005820                _Balloc
                0x00005888                _Bfree
                0x000058c0                __multadd
                0x00005944                __s2b
                0x000059d8                __hi0bits
                0x00005a18                __lo0bits
                0x00005a7c                __i2b
                0x00005a90                __multiply
                0x00005bb8                __pow5mult
                0x00005c5c                __lshift
                0x00005d08                __mcmp
                0x00005d44                __mdiff
                0x00005e3c                __ulp
                0x00005e84                __b2d
                0x00005f30                __d2b
                0x00005ff8                __ratio
                0x00006068                _mprec_log10
                0x0000609c                __copybits
                0x000060e4                __any_on
 .text          0x00006140      0x114 /opt/york/cs/net/sourcery-g++-lite-arm-eabi-2010.09.51-i686-1/arm-none-eabi/lib/thumb2/libg.a(lib_a-reent.o)
                0x00006140                cleanup_glue
                0x0000615c                _reclaim_reent
                0x0000621c                _wrapup_reent
 .text          0x00006254       0x90 /opt/york/cs/net/sourcery-g++-lite-arm-eabi-2010.09.51-i686-1/arm-none-eabi/lib/thumb2/libg.a(lib_a-s_fpclassify.o)
                0x00006254                __fpclassifyd
 .text          0x000062e4      0x1dc /opt/york/cs/net/sourcery-g++-lite-arm-eabi-2010.09.51-i686-1/arm-none-eabi/lib/thumb2/libg.a(lib_a-strcmp.o)
                0x000062e4                strcmp
 .text          0x000064c0      0xbe4 /opt/york/cs/net/sourcery-g++-lite-arm-eabi-2010.09.51-i686-1/arm-none-eabi/lib/thumb2/libg.a(lib_a-svfiprintf.o)
                0x000064c0                __ssprint_r
                0x000065c8                _svfiprintf_r
 .text          0x000070a4       0x5c /opt/york/cs/net/sourcery-g++-lite-arm-eabi-2010.09.51-i686-1/arm-none-eabi/lib/thumb2/libg.a(lib_a-callocr.o)
                0x000070a4                _calloc_r
 .text          0x00007100       0xa0 /opt/york/cs/net/sourcery-g++-lite-arm-eabi-2010.09.51-i686-1/arm-none-eabi/lib/thumb2/libg.a(lib_a-memmove.o)
                0x00007100                memmove
 .text          0x000071a0      0x41c /opt/york/cs/net/sourcery-g++-lite-arm-eabi-2010.09.51-i686-1/arm-none-eabi/lib/thumb2/libg.a(lib_a-reallocr.o)
                0x000071a0                _realloc_r
 .text          0x000075bc        0xc /opt/york/cs/net/sourcery-g++-lite-arm-eabi-2010.09.51-i686-1/arm-none-eabi/lib/thumb2/libstdc++.a(eh_arm.o)
                0x000075bc                __cxa_end_cleanup
 .text.__cxa_type_match
                0x000075c8       0xfc /opt/york/cs/net/sourcery-g++-lite-arm-eabi-2010.09.51-i686-1/arm-none-eabi/lib/thumb2/libstdc++.a(eh_arm.o)
                0x000075c8                __cxa_type_match
 .text.__cxa_begin_cleanup
                0x000076c4       0x70 /opt/york/cs/net/sourcery-g++-lite-arm-eabi-2010.09.51-i686-1/arm-none-eabi/lib/thumb2/libstdc++.a(eh_arm.o)
                0x000076c4                __cxa_begin_cleanup
 .text.__gnu_end_cleanup
                0x00007734       0x7c /opt/york/cs/net/sourcery-g++-lite-arm-eabi-2010.09.51-i686-1/arm-none-eabi/lib/thumb2/libstdc++.a(eh_arm.o)
                0x00007734                __gnu_end_cleanup
 .text          0x000077b0        0x0 /opt/york/cs/net/sourcery-g++-lite-arm-eabi-2010.09.51-i686-1/arm-none-eabi/lib/thumb2/libstdc++.a(fundamental_type_info.o)
 .text._ZN10__cxxabiv123__fundamental_type_infoD2Ev
                0x000077b0       0x14 /opt/york/cs/net/sourcery-g++-lite-arm-eabi-2010.09.51-i686-1/arm-none-eabi/lib/thumb2/libstdc++.a(fundamental_type_info.o)
                0x000077b0                _ZN10__cxxabiv123__fundamental_type_infoD1Ev
                0x000077b0                _ZN10__cxxabiv123__fundamental_type_infoD2Ev
 .text._ZN10__cxxabiv123__fundamental_type_infoD0Ev
                0x000077c4       0x1c /opt/york/cs/net/sourcery-g++-lite-arm-eabi-2010.09.51-i686-1/arm-none-eabi/lib/thumb2/libstdc++.a(fundamental_type_info.o)
                0x000077c4                _ZN10__cxxabiv123__fundamental_type_infoD0Ev
 .text          0x000077e0        0x0 /opt/york/cs/net/sourcery-g++-lite-arm-eabi-2010.09.51-i686-1/arm-none-eabi/lib/thumb2/libstdc++.a(pointer_type_info.o)
 .text._ZNK10__cxxabiv119__pointer_type_info14__is_pointer_pEv
                0x000077e0        0x4 /opt/york/cs/net/sourcery-g++-lite-arm-eabi-2010.09.51-i686-1/arm-none-eabi/lib/thumb2/libstdc++.a(pointer_type_info.o)
                0x000077e0                _ZNK10__cxxabiv119__pointer_type_info14__is_pointer_pEv
 .text._ZNK10__cxxabiv119__pointer_type_info15__pointer_catchEPKNS_17__pbase_type_infoEPPvj
                0x000077e4       0x4c /opt/york/cs/net/sourcery-g++-lite-arm-eabi-2010.09.51-i686-1/arm-none-eabi/lib/thumb2/libstdc++.a(pointer_type_info.o)
                0x000077e4                _ZNK10__cxxabiv119__pointer_type_info15__pointer_catchEPKNS_17__pbase_type_infoEPPvj
 .text._ZN10__cxxabiv119__pointer_type_infoD2Ev
                0x00007830       0x14 /opt/york/cs/net/sourcery-g++-lite-arm-eabi-2010.09.51-i686-1/arm-none-eabi/lib/thumb2/libstdc++.a(pointer_type_info.o)
                0x00007830                _ZN10__cxxabiv119__pointer_type_infoD1Ev
                0x00007830                _ZN10__cxxabiv119__pointer_type_infoD2Ev
 .text._ZN10__cxxabiv119__pointer_type_infoD0Ev
                0x00007844       0x1c /opt/york/cs/net/sourcery-g++-lite-arm-eabi-2010.09.51-i686-1/arm-none-eabi/lib/thumb2/libstdc++.a(pointer_type_info.o)
                0x00007844                _ZN10__cxxabiv119__pointer_type_infoD0Ev
 .text          0x00007860        0x0 /opt/york/cs/net/sourcery-g++-lite-arm-eabi-2010.09.51-i686-1/arm-none-eabi/lib/thumb2/libstdc++.a(eh_alloc.o)
 .text.__cxa_allocate_exception
                0x00007860       0x7c /opt/york/cs/net/sourcery-g++-lite-arm-eabi-2010.09.51-i686-1/arm-none-eabi/lib/thumb2/libstdc++.a(eh_alloc.o)
                0x00007860                __cxa_allocate_exception
 .text.__cxa_free_exception
                0x000078dc       0x3c /opt/york/cs/net/sourcery-g++-lite-arm-eabi-2010.09.51-i686-1/arm-none-eabi/lib/thumb2/libstdc++.a(eh_alloc.o)
                0x000078dc                __cxa_free_exception
 .text.__cxa_allocate_dependent_exception
                0x00007918       0x78 /opt/york/cs/net/sourcery-g++-lite-arm-eabi-2010.09.51-i686-1/arm-none-eabi/lib/thumb2/libstdc++.a(eh_alloc.o)
                0x00007918                __cxa_allocate_dependent_exception
 .text.__cxa_free_dependent_exception
                0x00007990       0x4c /opt/york/cs/net/sourcery-g++-lite-arm-eabi-2010.09.51-i686-1/arm-none-eabi/lib/thumb2/libstdc++.a(eh_alloc.o)
                0x00007990                __cxa_free_dependent_exception
 .text._GLOBAL__I___cxa_allocate_exception
                0x000079dc        0x4 /opt/york/cs/net/sourcery-g++-lite-arm-eabi-2010.09.51-i686-1/arm-none-eabi/lib/thumb2/libstdc++.a(eh_alloc.o)
 .text          0x000079e0        0x0 /opt/york/cs/net/sourcery-g++-lite-arm-eabi-2010.09.51-i686-1/arm-none-eabi/lib/thumb2/libstdc++.a(tinfo.o)
 .text._ZNSt9type_infoD2Ev
                0x000079e0        0xc /opt/york/cs/net/sourcery-g++-lite-arm-eabi-2010.09.51-i686-1/arm-none-eabi/lib/thumb2/libstdc++.a(tinfo.o)
                0x000079e0                _ZNSt9type_infoD1Ev
                0x000079e0                _ZNSt9type_infoD2Ev
 .text._ZNKSt9type_info14__is_pointer_pEv
                0x000079ec        0x4 /opt/york/cs/net/sourcery-g++-lite-arm-eabi-2010.09.51-i686-1/arm-none-eabi/lib/thumb2/libstdc++.a(tinfo.o)
                0x000079ec                _ZNKSt9type_info14__is_pointer_pEv
 .text._ZNKSt9type_info15__is_function_pEv
                0x000079f0        0x4 /opt/york/cs/net/sourcery-g++-lite-arm-eabi-2010.09.51-i686-1/arm-none-eabi/lib/thumb2/libstdc++.a(tinfo.o)
                0x000079f0                _ZNKSt9type_info15__is_function_pEv
 .text._ZNKSt9type_info11__do_upcastEPKN10__cxxabiv117__class_type_infoEPPv
                0x000079f4        0x4 /opt/york/cs/net/sourcery-g++-lite-arm-eabi-2010.09.51-i686-1/arm-none-eabi/lib/thumb2/libstdc++.a(tinfo.o)
                0x000079f4                _ZNKSt9type_info11__do_upcastEPKN10__cxxabiv117__class_type_infoEPPv
 .text._ZNSt9type_infoD0Ev
                0x000079f8       0x14 /opt/york/cs/net/sourcery-g++-lite-arm-eabi-2010.09.51-i686-1/arm-none-eabi/lib/thumb2/libstdc++.a(tinfo.o)
                0x000079f8                _ZNSt9type_infoD0Ev
 .text._ZNKSt9type_infoeqERKS_
                0x00007a0c       0x3c /opt/york/cs/net/sourcery-g++-lite-arm-eabi-2010.09.51-i686-1/arm-none-eabi/lib/thumb2/libstdc++.a(tinfo.o)
                0x00007a0c                _ZNKSt9type_infoeqERKS_
 .text._ZNKSt9type_info10__do_catchEPKS_PPvj
                0x00007a48        0x4 /opt/york/cs/net/sourcery-g++-lite-arm-eabi-2010.09.51-i686-1/arm-none-eabi/lib/thumb2/libstdc++.a(tinfo.o)
                0x00007a48                _ZNKSt9type_info10__do_catchEPKS_PPvj
 .text          0x00007a4c        0x0 /opt/york/cs/net/sourcery-g++-lite-arm-eabi-2010.09.51-i686-1/arm-none-eabi/lib/thumb2/libstdc++.a(class_type_info.o)
 .text._ZNK10__cxxabiv117__class_type_info11__do_upcastEPKS0_PPv
                0x00007a4c       0x38 /opt/york/cs/net/sourcery-g++-lite-arm-eabi-2010.09.51-i686-1/arm-none-eabi/lib/thumb2/libstdc++.a(class_type_info.o)
                0x00007a4c                _ZNK10__cxxabiv117__class_type_info11__do_upcastEPKS0_PPv
 .text._ZNK10__cxxabiv117__class_type_info20__do_find_public_srcEiPKvPKS0_S2_
                0x00007a84        0xc /opt/york/cs/net/sourcery-g++-lite-arm-eabi-2010.09.51-i686-1/arm-none-eabi/lib/thumb2/libstdc++.a(class_type_info.o)
                0x00007a84                _ZNK10__cxxabiv117__class_type_info20__do_find_public_srcEiPKvPKS0_S2_
 .text._ZNK10__cxxabiv117__class_type_info11__do_upcastEPKS0_PKvRNS0_15__upcast_resultE
                0x00007a90       0x1c /opt/york/cs/net/sourcery-g++-lite-arm-eabi-2010.09.51-i686-1/arm-none-eabi/lib/thumb2/libstdc++.a(class_type_info.o)
                0x00007a90                _ZNK10__cxxabiv117__class_type_info11__do_upcastEPKS0_PKvRNS0_15__upcast_resultE
 .text._ZNK10__cxxabiv117__class_type_info12__do_dyncastEiNS0_10__sub_kindEPKS0_PKvS3_S5_RNS0_16__dyncast_resultE
                0x00007aac       0x3c /opt/york/cs/net/sourcery-g++-lite-arm-eabi-2010.09.51-i686-1/arm-none-eabi/lib/thumb2/libstdc++.a(class_type_info.o)
                0x00007aac                _ZNK10__cxxabiv117__class_type_info12__do_dyncastEiNS0_10__sub_kindEPKS0_PKvS3_S5_RNS0_16__dyncast_resultE
 .text._ZNK10__cxxabiv117__class_type_info10__do_catchEPKSt9type_infoPPvj
                0x00007ae8       0x28 /opt/york/cs/net/sourcery-g++-lite-arm-eabi-2010.09.51-i686-1/arm-none-eabi/lib/thumb2/libstdc++.a(class_type_info.o)
                0x00007ae8                _ZNK10__cxxabiv117__class_type_info10__do_catchEPKSt9type_infoPPvj
 .text._ZN10__cxxabiv117__class_type_infoD2Ev
                0x00007b10       0x14 /opt/york/cs/net/sourcery-g++-lite-arm-eabi-2010.09.51-i686-1/arm-none-eabi/lib/thumb2/libstdc++.a(class_type_info.o)
                0x00007b10                _ZN10__cxxabiv117__class_type_infoD1Ev
                0x00007b10                _ZN10__cxxabiv117__class_type_infoD2Ev
 .text._ZN10__cxxabiv117__class_type_infoD0Ev
                0x00007b24       0x1c /opt/york/cs/net/sourcery-g++-lite-arm-eabi-2010.09.51-i686-1/arm-none-eabi/lib/thumb2/libstdc++.a(class_type_info.o)
                0x00007b24                _ZN10__cxxabiv117__class_type_infoD0Ev
 .text          0x00007b40        0x0 /opt/york/cs/net/sourcery-g++-lite-arm-eabi-2010.09.51-i686-1/arm-none-eabi/lib/thumb2/libstdc++.a(eh_personality.o)
 .text._ZL12read_sleb128PKhPl
                0x00007b40       0x3c /opt/york/cs/net/sourcery-g++-lite-arm-eabi-2010.09.51-i686-1/arm-none-eabi/lib/thumb2/libstdc++.a(eh_personality.o)
 .text._ZL28read_encoded_value_with_basehjPKhPj
                0x00007b7c       0xcc /opt/york/cs/net/sourcery-g++-lite-arm-eabi-2010.09.51-i686-1/arm-none-eabi/lib/thumb2/libstdc++.a(eh_personality.o)
 .text._ZL21base_of_encoded_valuehP15_Unwind_Context
                0x00007c48       0x4c /opt/york/cs/net/sourcery-g++-lite-arm-eabi-2010.09.51-i686-1/arm-none-eabi/lib/thumb2/libstdc++.a(eh_personality.o)
 .text._ZL17parse_lsda_headerP15_Unwind_ContextPKhP16lsda_header_info
                0x00007c94       0x8c /opt/york/cs/net/sourcery-g++-lite-arm-eabi-2010.09.51-i686-1/arm-none-eabi/lib/thumb2/libstdc++.a(eh_personality.o)
 .text.__gxx_personality_v0
                0x00007d20      0x3dc /opt/york/cs/net/sourcery-g++-lite-arm-eabi-2010.09.51-i686-1/arm-none-eabi/lib/thumb2/libstdc++.a(eh_personality.o)
                0x00007d20                __gxx_personality_v0
 .text          0x000080fc        0x0 /opt/york/cs/net/sourcery-g++-lite-arm-eabi-2010.09.51-i686-1/arm-none-eabi/lib/thumb2/libstdc++.a(eh_throw.o)
 .text._ZL23__gxx_exception_cleanup19_Unwind_Reason_CodeP21_Unwind_Control_Block
                0x000080fc       0x4c /opt/york/cs/net/sourcery-g++-lite-arm-eabi-2010.09.51-i686-1/arm-none-eabi/lib/thumb2/libstdc++.a(eh_throw.o)
 .text.__cxa_throw
                0x00008148       0x80 /opt/york/cs/net/sourcery-g++-lite-arm-eabi-2010.09.51-i686-1/arm-none-eabi/lib/thumb2/libstdc++.a(eh_throw.o)
                0x00008148                __cxa_throw
 .text.__cxa_rethrow
                0x000081c8       0x78 /opt/york/cs/net/sourcery-g++-lite-arm-eabi-2010.09.51-i686-1/arm-none-eabi/lib/thumb2/libstdc++.a(eh_throw.o)
                0x000081c8                __cxa_rethrow
 .text          0x00008240        0x0 /opt/york/cs/net/sourcery-g++-lite-arm-eabi-2010.09.51-i686-1/arm-none-eabi/lib/thumb2/libstdc++.a(eh_globals.o)
 .text.__cxa_get_globals_fast
                0x00008240        0xc /opt/york/cs/net/sourcery-g++-lite-arm-eabi-2010.09.51-i686-1/arm-none-eabi/lib/thumb2/libstdc++.a(eh_globals.o)
                0x00008240                __cxa_get_globals_fast
 .text.__cxa_get_globals
                0x0000824c        0xc /opt/york/cs/net/sourcery-g++-lite-arm-eabi-2010.09.51-i686-1/arm-none-eabi/lib/thumb2/libstdc++.a(eh_globals.o)
                0x0000824c                __cxa_get_globals
 .text          0x00008258        0x0 /opt/york/cs/net/sourcery-g++-lite-arm-eabi-2010.09.51-i686-1/arm-none-eabi/lib/thumb2/libstdc++.a(del_op.o)
 .text._ZdlPv   0x00008258        0x8 /opt/york/cs/net/sourcery-g++-lite-arm-eabi-2010.09.51-i686-1/arm-none-eabi/lib/thumb2/libstdc++.a(del_op.o)
                0x00008258                _ZdlPv
 .text          0x00008260        0x0 /opt/york/cs/net/sourcery-g++-lite-arm-eabi-2010.09.51-i686-1/arm-none-eabi/lib/thumb2/libstdc++.a(eh_catch.o)
 .text.__cxa_get_exception_ptr
                0x00008260        0x4 /opt/york/cs/net/sourcery-g++-lite-arm-eabi-2010.09.51-i686-1/arm-none-eabi/lib/thumb2/libstdc++.a(eh_catch.o)
                0x00008260                __cxa_get_exception_ptr
 .text.__cxa_begin_catch
                0x00008264       0x9c /opt/york/cs/net/sourcery-g++-lite-arm-eabi-2010.09.51-i686-1/arm-none-eabi/lib/thumb2/libstdc++.a(eh_catch.o)
                0x00008264                __cxa_begin_catch
 .text.__cxa_end_catch
                0x00008300       0x98 /opt/york/cs/net/sourcery-g++-lite-arm-eabi-2010.09.51-i686-1/arm-none-eabi/lib/thumb2/libstdc++.a(eh_catch.o)
                0x00008300                __cxa_end_catch
 .text._ZSt18uncaught_exceptionv
                0x00008398       0x10 /opt/york/cs/net/sourcery-g++-lite-arm-eabi-2010.09.51-i686-1/arm-none-eabi/lib/thumb2/libstdc++.a(eh_catch.o)
                0x00008398                _ZSt18uncaught_exceptionv
 .text          0x000083a8        0x0 /opt/york/cs/net/sourcery-g++-lite-arm-eabi-2010.09.51-i686-1/arm-none-eabi/lib/thumb2/libstdc++.a(eh_aux_runtime.o)
 .text.__cxa_bad_cast
                0x000083a8       0x24 /opt/york/cs/net/sourcery-g++-lite-arm-eabi-2010.09.51-i686-1/arm-none-eabi/lib/thumb2/libstdc++.a(eh_aux_runtime.o)
                0x000083a8                __cxa_bad_cast
 .text.__cxa_bad_typeid
                0x000083cc       0x24 /opt/york/cs/net/sourcery-g++-lite-arm-eabi-2010.09.51-i686-1/arm-none-eabi/lib/thumb2/libstdc++.a(eh_aux_runtime.o)
                0x000083cc                __cxa_bad_typeid
 .text          0x000083f0        0x0 /opt/york/cs/net/sourcery-g++-lite-arm-eabi-2010.09.51-i686-1/arm-none-eabi/lib/thumb2/libstdc++.a(si_class_type_info.o)
 .text._ZNK10__cxxabiv120__si_class_type_info11__do_upcastEPKNS_17__class_type_infoEPKvRNS1_15__upcast_resultE
                0x000083f0       0x28 /opt/york/cs/net/sourcery-g++-lite-arm-eabi-2010.09.51-i686-1/arm-none-eabi/lib/thumb2/libstdc++.a(si_class_type_info.o)
                0x000083f0                _ZNK10__cxxabiv120__si_class_type_info11__do_upcastEPKNS_17__class_type_infoEPKvRNS1_15__upcast_resultE
 .text._ZNK10__cxxabiv120__si_class_type_info12__do_dyncastEiNS_17__class_type_info10__sub_kindEPKS1_PKvS4_S6_RNS1_16__dyncast_resultE
                0x00008418       0x90 /opt/york/cs/net/sourcery-g++-lite-arm-eabi-2010.09.51-i686-1/arm-none-eabi/lib/thumb2/libstdc++.a(si_class_type_info.o)
                0x00008418                _ZNK10__cxxabiv120__si_class_type_info12__do_dyncastEiNS_17__class_type_info10__sub_kindEPKS1_PKvS4_S6_RNS1_16__dyncast_resultE
 .text._ZNK10__cxxabiv120__si_class_type_info20__do_find_public_srcEiPKvPKNS_17__class_type_infoES2_
                0x000084a8       0x38 /opt/york/cs/net/sourcery-g++-lite-arm-eabi-2010.09.51-i686-1/arm-none-eabi/lib/thumb2/libstdc++.a(si_class_type_info.o)
                0x000084a8                _ZNK10__cxxabiv120__si_class_type_info20__do_find_public_srcEiPKvPKNS_17__class_type_infoES2_
 .text._ZN10__cxxabiv120__si_class_type_infoD2Ev
                0x000084e0       0x14 /opt/york/cs/net/sourcery-g++-lite-arm-eabi-2010.09.51-i686-1/arm-none-eabi/lib/thumb2/libstdc++.a(si_class_type_info.o)
                0x000084e0                _ZN10__cxxabiv120__si_class_type_infoD2Ev
                0x000084e0                _ZN10__cxxabiv120__si_class_type_infoD1Ev
 .text._ZN10__cxxabiv120__si_class_type_infoD0Ev
                0x000084f4       0x1c /opt/york/cs/net/sourcery-g++-lite-arm-eabi-2010.09.51-i686-1/arm-none-eabi/lib/thumb2/libstdc++.a(si_class_type_info.o)
                0x000084f4                _ZN10__cxxabiv120__si_class_type_infoD0Ev
 .text          0x00008510        0x0 /opt/york/cs/net/sourcery-g++-lite-arm-eabi-2010.09.51-i686-1/arm-none-eabi/lib/thumb2/libstdc++.a(bad_cast.o)
 .text._ZNKSt8bad_cast4whatEv
                0x00008510        0xc /opt/york/cs/net/sourcery-g++-lite-arm-eabi-2010.09.51-i686-1/arm-none-eabi/lib/thumb2/libstdc++.a(bad_cast.o)
                0x00008510                _ZNKSt8bad_cast4whatEv
 .text._ZNSt8bad_castD2Ev
                0x0000851c       0x14 /opt/york/cs/net/sourcery-g++-lite-arm-eabi-2010.09.51-i686-1/arm-none-eabi/lib/thumb2/libstdc++.a(bad_cast.o)
                0x0000851c                _ZNSt8bad_castD1Ev
                0x0000851c                _ZNSt8bad_castD2Ev
 .text._ZNSt8bad_castD0Ev
                0x00008530       0x1c /opt/york/cs/net/sourcery-g++-lite-arm-eabi-2010.09.51-i686-1/arm-none-eabi/lib/thumb2/libstdc++.a(bad_cast.o)
                0x00008530                _ZNSt8bad_castD0Ev
 .text          0x0000854c        0x0 /opt/york/cs/net/sourcery-g++-lite-arm-eabi-2010.09.51-i686-1/arm-none-eabi/lib/thumb2/libstdc++.a(eh_terminate.o)
 .text._ZN10__cxxabiv111__terminateEPFvvE
                0x0000854c       0x28 /opt/york/cs/net/sourcery-g++-lite-arm-eabi-2010.09.51-i686-1/arm-none-eabi/lib/thumb2/libstdc++.a(eh_terminate.o)
                0x0000854c                _ZN10__cxxabiv111__terminateEPFvvE
 .text._ZSt9terminatev
                0x00008574       0x10 /opt/york/cs/net/sourcery-g++-lite-arm-eabi-2010.09.51-i686-1/arm-none-eabi/lib/thumb2/libstdc++.a(eh_terminate.o)
                0x00008574                _ZSt9terminatev
 .text._ZN10__cxxabiv112__unexpectedEPFvvE
                0x00008584        0x8 /opt/york/cs/net/sourcery-g++-lite-arm-eabi-2010.09.51-i686-1/arm-none-eabi/lib/thumb2/libstdc++.a(eh_terminate.o)
                0x00008584                _ZN10__cxxabiv112__unexpectedEPFvvE
 .text._ZSt10unexpectedv
                0x0000858c       0x14 /opt/york/cs/net/sourcery-g++-lite-arm-eabi-2010.09.51-i686-1/arm-none-eabi/lib/thumb2/libstdc++.a(eh_terminate.o)
                0x0000858c                _ZSt10unexpectedv
 .text._ZSt13set_terminatePFvvE
                0x000085a0       0x10 /opt/york/cs/net/sourcery-g++-lite-arm-eabi-2010.09.51-i686-1/arm-none-eabi/lib/thumb2/libstdc++.a(eh_terminate.o)
                0x000085a0                _ZSt13set_terminatePFvvE
 .text._ZSt14set_unexpectedPFvvE
                0x000085b0       0x10 /opt/york/cs/net/sourcery-g++-lite-arm-eabi-2010.09.51-i686-1/arm-none-eabi/lib/thumb2/libstdc++.a(eh_terminate.o)
                0x000085b0                _ZSt14set_unexpectedPFvvE
 .text          0x000085c0        0x0 /opt/york/cs/net/sourcery-g++-lite-arm-eabi-2010.09.51-i686-1/arm-none-eabi/lib/thumb2/libstdc++.a(pbase_type_info.o)
 .text._ZNK10__cxxabiv117__pbase_type_info15__pointer_catchEPKS0_PPvj
                0x000085c0       0x14 /opt/york/cs/net/sourcery-g++-lite-arm-eabi-2010.09.51-i686-1/arm-none-eabi/lib/thumb2/libstdc++.a(pbase_type_info.o)
                0x000085c0                _ZNK10__cxxabiv117__pbase_type_info15__pointer_catchEPKS0_PPvj
 .text._ZNK10__cxxabiv117__pbase_type_info10__do_catchEPKSt9type_infoPPvj
                0x000085d4       0x70 /opt/york/cs/net/sourcery-g++-lite-arm-eabi-2010.09.51-i686-1/arm-none-eabi/lib/thumb2/libstdc++.a(pbase_type_info.o)
                0x000085d4                _ZNK10__cxxabiv117__pbase_type_info10__do_catchEPKSt9type_infoPPvj
 .text._ZN10__cxxabiv117__pbase_type_infoD2Ev
                0x00008644       0x14 /opt/york/cs/net/sourcery-g++-lite-arm-eabi-2010.09.51-i686-1/arm-none-eabi/lib/thumb2/libstdc++.a(pbase_type_info.o)
                0x00008644                _ZN10__cxxabiv117__pbase_type_infoD1Ev
                0x00008644                _ZN10__cxxabiv117__pbase_type_infoD2Ev
 .text._ZN10__cxxabiv117__pbase_type_infoD0Ev
                0x00008658       0x1c /opt/york/cs/net/sourcery-g++-lite-arm-eabi-2010.09.51-i686-1/arm-none-eabi/lib/thumb2/libstdc++.a(pbase_type_info.o)
                0x00008658                _ZN10__cxxabiv117__pbase_type_infoD0Ev
 .text          0x00008674        0x0 /opt/york/cs/net/sourcery-g++-lite-arm-eabi-2010.09.51-i686-1/arm-none-eabi/lib/thumb2/libstdc++.a(eh_call.o)
 .text.__cxa_call_terminate
                0x00008674       0x50 /opt/york/cs/net/sourcery-g++-lite-arm-eabi-2010.09.51-i686-1/arm-none-eabi/lib/thumb2/libstdc++.a(eh_call.o)
                0x00008674                __cxa_call_terminate
 .text.__cxa_call_unexpected
                0x000086c4      0x130 /opt/york/cs/net/sourcery-g++-lite-arm-eabi-2010.09.51-i686-1/arm-none-eabi/lib/thumb2/libstdc++.a(eh_call.o)
                0x000086c4                __cxa_call_unexpected
 .text          0x000087f4        0x0 /opt/york/cs/net/sourcery-g++-lite-arm-eabi-2010.09.51-i686-1/arm-none-eabi/lib/thumb2/libstdc++.a(bad_typeid.o)
 .text._ZNKSt10bad_typeid4whatEv
                0x000087f4        0xc /opt/york/cs/net/sourcery-g++-lite-arm-eabi-2010.09.51-i686-1/arm-none-eabi/lib/thumb2/libstdc++.a(bad_typeid.o)
                0x000087f4                _ZNKSt10bad_typeid4whatEv
 .text._ZNSt10bad_typeidD2Ev
                0x00008800       0x14 /opt/york/cs/net/sourcery-g++-lite-arm-eabi-2010.09.51-i686-1/arm-none-eabi/lib/thumb2/libstdc++.a(bad_typeid.o)
                0x00008800                _ZNSt10bad_typeidD1Ev
                0x00008800                _ZNSt10bad_typeidD2Ev
 .text._ZNSt10bad_typeidD0Ev
                0x00008814       0x1c /opt/york/cs/net/sourcery-g++-lite-arm-eabi-2010.09.51-i686-1/arm-none-eabi/lib/thumb2/libstdc++.a(bad_typeid.o)
                0x00008814                _ZNSt10bad_typeidD0Ev
 .text          0x00008830        0x0 /opt/york/cs/net/sourcery-g++-lite-arm-eabi-2010.09.51-i686-1/arm-none-eabi/lib/thumb2/libstdc++.a(eh_exception.o)
 .text._ZNSt9exceptionD2Ev
                0x00008830        0xc /opt/york/cs/net/sourcery-g++-lite-arm-eabi-2010.09.51-i686-1/arm-none-eabi/lib/thumb2/libstdc++.a(eh_exception.o)
                0x00008830                _ZNSt9exceptionD2Ev
                0x00008830                _ZNSt9exceptionD1Ev
 .text._ZNSt13bad_exceptionD2Ev
                0x0000883c        0xc /opt/york/cs/net/sourcery-g++-lite-arm-eabi-2010.09.51-i686-1/arm-none-eabi/lib/thumb2/libstdc++.a(eh_exception.o)
                0x0000883c                _ZNSt13bad_exceptionD2Ev
                0x0000883c                _ZNSt13bad_exceptionD1Ev
 .text._ZN10__cxxabiv115__forced_unwindD2Ev
                0x00008848        0xc /opt/york/cs/net/sourcery-g++-lite-arm-eabi-2010.09.51-i686-1/arm-none-eabi/lib/thumb2/libstdc++.a(eh_exception.o)
                0x00008848                _ZN10__cxxabiv115__forced_unwindD1Ev
                0x00008848                _ZN10__cxxabiv115__forced_unwindD2Ev
 .text._ZN10__cxxabiv119__foreign_exceptionD2Ev
                0x00008854        0xc /opt/york/cs/net/sourcery-g++-lite-arm-eabi-2010.09.51-i686-1/arm-none-eabi/lib/thumb2/libstdc++.a(eh_exception.o)
                0x00008854                _ZN10__cxxabiv119__foreign_exceptionD2Ev
                0x00008854                _ZN10__cxxabiv119__foreign_exceptionD1Ev
 .text._ZNKSt9exception4whatEv
                0x00008860        0xc /opt/york/cs/net/sourcery-g++-lite-arm-eabi-2010.09.51-i686-1/arm-none-eabi/lib/thumb2/libstdc++.a(eh_exception.o)
                0x00008860                _ZNKSt9exception4whatEv
 .text._ZNKSt13bad_exception4whatEv
                0x0000886c        0xc /opt/york/cs/net/sourcery-g++-lite-arm-eabi-2010.09.51-i686-1/arm-none-eabi/lib/thumb2/libstdc++.a(eh_exception.o)
                0x0000886c                _ZNKSt13bad_exception4whatEv
 .text._ZN10__cxxabiv119__foreign_exceptionD0Ev
                0x00008878       0x14 /opt/york/cs/net/sourcery-g++-lite-arm-eabi-2010.09.51-i686-1/arm-none-eabi/lib/thumb2/libstdc++.a(eh_exception.o)
                0x00008878                _ZN10__cxxabiv119__foreign_exceptionD0Ev
 .text._ZN10__cxxabiv115__forced_unwindD0Ev
                0x0000888c       0x14 /opt/york/cs/net/sourcery-g++-lite-arm-eabi-2010.09.51-i686-1/arm-none-eabi/lib/thumb2/libstdc++.a(eh_exception.o)
                0x0000888c                _ZN10__cxxabiv115__forced_unwindD0Ev
 .text._ZNSt13bad_exceptionD0Ev
                0x000088a0       0x14 /opt/york/cs/net/sourcery-g++-lite-arm-eabi-2010.09.51-i686-1/arm-none-eabi/lib/thumb2/libstdc++.a(eh_exception.o)
                0x000088a0                _ZNSt13bad_exceptionD0Ev
 .text._ZNSt9exceptionD0Ev
                0x000088b4       0x14 /opt/york/cs/net/sourcery-g++-lite-arm-eabi-2010.09.51-i686-1/arm-none-eabi/lib/thumb2/libstdc++.a(eh_exception.o)
                0x000088b4                _ZNSt9exceptionD0Ev
 .text          0x000088c8        0x0 /opt/york/cs/net/sourcery-g++-lite-arm-eabi-2010.09.51-i686-1/arm-none-eabi/lib/thumb2/libstdc++.a(pure.o)
 .text.__cxa_pure_virtual
                0x000088c8       0x18 /opt/york/cs/net/sourcery-g++-lite-arm-eabi-2010.09.51-i686-1/arm-none-eabi/lib/thumb2/libstdc++.a(pure.o)
                0x000088c8                __cxa_pure_virtual
 .text          0x000088e0        0x0 /opt/york/cs/net/sourcery-g++-lite-arm-eabi-2010.09.51-i686-1/arm-none-eabi/lib/thumb2/libstdc++.a(eh_unex_handler.o)
 .text          0x000088e0        0x0 /opt/york/cs/net/sourcery-g++-lite-arm-eabi-2010.09.51-i686-1/arm-none-eabi/lib/thumb2/libstdc++.a(eh_term_handler.o)
 .text          0x000088e0        0x0 /opt/york/cs/net/sourcery-g++-lite-arm-eabi-2010.09.51-i686-1/arm-none-eabi/lib/thumb2/libstdc++.a(vterminate.o)
 .text._ZN9__gnu_cxx27__verbose_terminate_handlerEv
                0x000088e0      0x148 /opt/york/cs/net/sourcery-g++-lite-arm-eabi-2010.09.51-i686-1/arm-none-eabi/lib/thumb2/libstdc++.a(vterminate.o)
                0x000088e0                _ZN9__gnu_cxx27__verbose_terminate_handlerEv
 .text          0x00008a28        0x0 /opt/york/cs/net/sourcery-g++-lite-arm-eabi-2010.09.51-i686-1/arm-none-eabi/lib/thumb2/libstdc++.a(eh_type.o)
 .text.__cxa_current_exception_type
                0x00008a28       0x1c /opt/york/cs/net/sourcery-g++-lite-arm-eabi-2010.09.51-i686-1/arm-none-eabi/lib/thumb2/libstdc++.a(eh_type.o)
                0x00008a28                __cxa_current_exception_type
 .text          0x00008a44     0x91e0 /opt/york/cs/net/sourcery-g++-lite-arm-eabi-2010.09.51-i686-1/arm-none-eabi/lib/thumb2/libstdc++.a(cp-demangle.o)
                0x00011b20                __cxa_demangle
                0x00011bf8                __gcclibcxx_demangle_callback
 *fill*         0x00011c24        0x4 00
 .text          0x00011c28      0x278 /opt/york/cs/net/sourcery-g++-lite-arm-eabi-2010.09.51-i686-1/bin/../lib/gcc/arm-none-eabi/4.5.1/thumb2/libgcc.a(_udivsi3.o)
                0x00011c28                __udivsi3
                0x00011c28                __aeabi_uidiv
                0x00011e84                __aeabi_uidivmod
 .text          0x00011ea0        0x4 /opt/york/cs/net/sourcery-g++-lite-arm-eabi-2010.09.51-i686-1/bin/../lib/gcc/arm-none-eabi/4.5.1/thumb2/libgcc.a(_dvmd_tls.o)
                0x00011ea0                __aeabi_ldiv0
                0x00011ea0                __aeabi_idiv0
 .text          0x00011ea4      0x370 /opt/york/cs/net/sourcery-g++-lite-arm-eabi-2010.09.51-i686-1/bin/../lib/gcc/arm-none-eabi/4.5.1/thumb2/libgcc.a(_arm_addsubdf3.o)
                0x00011ea4                __aeabi_drsub
                0x00011eac                __aeabi_dsub
                0x00011eac                __subdf3
                0x00011eb0                __adddf3
                0x00011eb0                __aeabi_dadd
                0x00012128                __aeabi_ui2d
                0x00012128                __floatunsidf
                0x00012148                __floatsidf
                0x00012148                __aeabi_i2d
                0x0001216c                __extendsfdf2
                0x0001216c                __aeabi_f2d
                0x000121a8                __aeabi_ul2d
                0x000121a8                __floatundidf
                0x000121b8                __floatdidf
                0x000121b8                __aeabi_l2d
 .text          0x00012214      0x424 /opt/york/cs/net/sourcery-g++-lite-arm-eabi-2010.09.51-i686-1/bin/../lib/gcc/arm-none-eabi/4.5.1/thumb2/libgcc.a(_arm_muldivdf3.o)
                0x00012214                __aeabi_dmul
                0x00012214                __muldf3
                0x00012468                __aeabi_ddiv
                0x00012468                __divdf3
 .text          0x00012638      0x110 /opt/york/cs/net/sourcery-g++-lite-arm-eabi-2010.09.51-i686-1/bin/../lib/gcc/arm-none-eabi/4.5.1/thumb2/libgcc.a(_arm_cmpdf2.o)
                0x00012638                __gtdf2
                0x00012638                __gedf2
                0x00012640                __ltdf2
                0x00012640                __ledf2
                0x00012648                __cmpdf2
                0x00012648                __eqdf2
                0x00012648                __nedf2
                0x000126c4                __aeabi_cdrcmple
                0x000126d4                __aeabi_cdcmple
                0x000126d4                __aeabi_cdcmpeq
                0x000126e4                __aeabi_dcmpeq
                0x000126f8                __aeabi_dcmplt
                0x0001270c                __aeabi_dcmple
                0x00012720                __aeabi_dcmpge
                0x00012734                __aeabi_dcmpgt
 .text          0x00012748       0x50 /opt/york/cs/net/sourcery-g++-lite-arm-eabi-2010.09.51-i686-1/bin/../lib/gcc/arm-none-eabi/4.5.1/thumb2/libgcc.a(_arm_fixdfsi.o)
                0x00012748                __fixdfsi
                0x00012748                __aeabi_d2iz
 .text          0x00012798       0x2c /opt/york/cs/net/sourcery-g++-lite-arm-eabi-2010.09.51-i686-1/bin/../lib/gcc/arm-none-eabi/4.5.1/thumb2/libgcc.a(_aeabi_uldivmod.o)
                0x00012798                __aeabi_uldivmod
 .text          0x000127c4       0x60 /opt/york/cs/net/sourcery-g++-lite-arm-eabi-2010.09.51-i686-1/bin/../lib/gcc/arm-none-eabi/4.5.1/thumb2/libgcc.a(bpabi.o)
                0x000127c4                __gnu_ldivmod_helper
                0x000127f4                __gnu_uldivmod_helper
 .text          0x00012824      0xc14 /opt/york/cs/net/sourcery-g++-lite-arm-eabi-2010.09.51-i686-1/bin/../lib/gcc/arm-none-eabi/4.5.1/thumb2/libgcc.a(unwind-arm.o)
                0x00012b08                _Unwind_VRS_Get
                0x00012b54                _Unwind_VRS_Set
                0x00012ec0                __aeabi_unwind_cpp_pr2
                0x00012ec4                __aeabi_unwind_cpp_pr1
                0x00012ec8                __aeabi_unwind_cpp_pr0
                0x00012ecc                _Unwind_VRS_Pop
                0x000132b4                _Unwind_GetCFA
                0x000132b8                __gnu_Unwind_RaiseException
                0x00013328                __gnu_Unwind_ForcedUnwind
                0x00013340                __gnu_Unwind_Resume
                0x0001337c                __gnu_Unwind_Resume_or_Rethrow
                0x00013394                _Unwind_Complete
                0x00013398                _Unwind_DeleteException
                0x000133a8                __gnu_Unwind_Backtrace
 .text          0x00013438      0x1ac /opt/york/cs/net/sourcery-g++-lite-arm-eabi-2010.09.51-i686-1/bin/../lib/gcc/arm-none-eabi/4.5.1/thumb2/libgcc.a(libunwind.o)
                0x00013438                __restore_core_regs
                0x00013438                restore_core_regs
                0x00013450                __gnu_Unwind_Restore_VFP
                0x00013458                __gnu_Unwind_Save_VFP
                0x00013460                __gnu_Unwind_Restore_VFP_D
                0x00013468                __gnu_Unwind_Save_VFP_D
                0x00013470                __gnu_Unwind_Restore_VFP_D_16_to_31
                0x00013478                __gnu_Unwind_Save_VFP_D_16_to_31
                0x00013480                __gnu_Unwind_Restore_WMMXD
                0x000134c4                __gnu_Unwind_Save_WMMXD
                0x00013508                __gnu_Unwind_Restore_WMMXC
                0x0001351c                __gnu_Unwind_Save_WMMXC
                0x00013530                ___Unwind_RaiseException
                0x00013530                _Unwind_RaiseException
                0x00013554                ___Unwind_Resume
                0x00013554                _Unwind_Resume
                0x00013578                _Unwind_Resume_or_Rethrow
                0x00013578                ___Unwind_Resume_or_Rethrow
                0x0001359c                ___Unwind_ForcedUnwind
                0x0001359c                _Unwind_ForcedUnwind
                0x000135c0                _Unwind_Backtrace
                0x000135c0                ___Unwind_Backtrace
 .text          0x000135e4      0x3b4 /opt/york/cs/net/sourcery-g++-lite-arm-eabi-2010.09.51-i686-1/bin/../lib/gcc/arm-none-eabi/4.5.1/thumb2/libgcc.a(pr-support.o)
                0x00013638                __gnu_unwind_execute
                0x0001393c                __gnu_unwind_frame
                0x00013968                _Unwind_GetRegionStart
                0x00013974                _Unwind_GetLanguageSpecificData
                0x00013988                _Unwind_GetDataRelBase
                0x00013990                _Unwind_GetTextRelBase
 .text          0x00013998      0x364 /opt/york/cs/net/sourcery-g++-lite-arm-eabi-2010.09.51-i686-1/bin/../lib/gcc/arm-none-eabi/4.5.1/thumb2/libgcc.a(_divdi3.o)
                0x00013998                __divdi3
 .text          0x00013cfc      0x314 /opt/york/cs/net/sourcery-g++-lite-arm-eabi-2010.09.51-i686-1/bin/../lib/gcc/arm-none-eabi/4.5.1/thumb2/libgcc.a(_udivdi3.o)
                0x00013cfc                __udivdi3
 .text          0x00014010       0x10 /opt/york/cs/net/sourcery-g++-lite-arm-eabi-2010.09.51-i686-1/arm-none-eabi/lib/thumb2/libg.a(lib_a-abort.o)
                0x00014010                abort
 .text          0x00014020       0xac /opt/york/cs/net/sourcery-g++-lite-arm-eabi-2010.09.51-i686-1/arm-none-eabi/lib/thumb2/libg.a(lib_a-fputc.o)
                0x00014020                _fputc_r
                0x00014074                fputc
 .text          0x000140cc       0x90 /opt/york/cs/net/sourcery-g++-lite-arm-eabi-2010.09.51-i686-1/arm-none-eabi/lib/thumb2/libg.a(lib_a-fputs.o)
                0x000140cc                _fputs_r
                0x0001414c                fputs
 .text          0x0001415c      0x338 /opt/york/cs/net/sourcery-g++-lite-arm-eabi-2010.09.51-i686-1/arm-none-eabi/lib/thumb2/libg.a(lib_a-fvwrite.o)
                0x0001415c                __sfvwrite_r
 .text          0x00014494       0xc0 /opt/york/cs/net/sourcery-g++-lite-arm-eabi-2010.09.51-i686-1/arm-none-eabi/lib/thumb2/libg.a(lib_a-fwrite.o)
                0x00014494                _fwrite_r
                0x00014530                fwrite
 .text          0x00014554       0x58 /opt/york/cs/net/sourcery-g++-lite-arm-eabi-2010.09.51-i686-1/arm-none-eabi/lib/thumb2/libg.a(lib_a-memcmp.o)
                0x00014554                memcmp
 .text          0x000145ac      0x138 /opt/york/cs/net/sourcery-g++-lite-arm-eabi-2010.09.51-i686-1/arm-none-eabi/lib/thumb2/libg.a(lib_a-putc.o)
                0x000145ac                _putc_r
                0x0001463c                putc
 .text          0x000146e4       0x14 /opt/york/cs/net/sourcery-g++-lite-arm-eabi-2010.09.51-i686-1/arm-none-eabi/lib/thumb2/libg.a(lib_a-realloc.o)
                0x000146e4                realloc
 .text          0x000146f8      0x154 /opt/york/cs/net/sourcery-g++-lite-arm-eabi-2010.09.51-i686-1/arm-none-eabi/lib/thumb2/libg.a(lib_a-signal.o)
                0x000146f8                _init_signal_r
                0x00014728                _signal_r
                0x00014764                _raise_r
                0x000147bc                __sigtramp_r
                0x00014810                raise
                0x00014820                signal
                0x00014830                _init_signal
                0x0001483c                __sigtramp
 .text          0x0001484c       0x30 /opt/york/cs/net/sourcery-g++-lite-arm-eabi-2010.09.51-i686-1/arm-none-eabi/lib/thumb2/libg.a(lib_a-signalr.o)
                0x0001484c                _kill_r
                0x00014878                _getpid_r
 .text          0x0001487c       0xbc /opt/york/cs/net/sourcery-g++-lite-arm-eabi-2010.09.51-i686-1/arm-none-eabi/lib/thumb2/libg.a(lib_a-strcpy.o)
                0x0001487c                strcpy
 .text          0x00014938       0xa0 /opt/york/cs/net/sourcery-g++-lite-arm-eabi-2010.09.51-i686-1/arm-none-eabi/lib/thumb2/libg.a(lib_a-strncmp.o)
                0x00014938                strncmp
 .text          0x000149d8       0x1c /opt/york/cs/net/sourcery-g++-lite-arm-eabi-2010.09.51-i686-1/arm-none-eabi/lib/thumb2/libg.a(lib_a-syswrite.o)
                0x000149d8                write
 .text          0x000149f4       0xfc /opt/york/cs/net/sourcery-g++-lite-arm-eabi-2010.09.51-i686-1/arm-none-eabi/lib/thumb2/libg.a(lib_a-wbuf.o)
                0x000149f4                __swbuf_r
                0x00014ae0                __swbuf
 .text          0x00014af0       0x2c /opt/york/cs/net/sourcery-g++-lite-arm-eabi-2010.09.51-i686-1/arm-none-eabi/lib/thumb2/libg.a(lib_a-writer.o)
                0x00014af0                _write_r
 .text          0x00014b1c      0x104 /opt/york/cs/net/sourcery-g++-lite-arm-eabi-2010.09.51-i686-1/arm-none-eabi/lib/thumb2/libg.a(lib_a-wsetup.o)
                0x00014b1c                __swsetup_r
 .text          0x00014c20      0x1f4 /opt/york/cs/net/sourcery-g++-lite-arm-eabi-2010.09.51-i686-1/arm-none-eabi/lib/thumb2/libg.a(lib_a-fflush.o)
                0x00014c20                _fflush_r
                0x00014dec                fflush
 .text          0x00014e14      0x220 /opt/york/cs/net/sourcery-g++-lite-arm-eabi-2010.09.51-i686-1/arm-none-eabi/lib/thumb2/libg.a(lib_a-findfp.o)
                0x00014e1c                _cleanup_r
                0x00014e28                __sfmoreglue
                0x00014e58                _cleanup
                0x00014e64                __sinit
                0x00014f6c                __sfp
                0x00014ff4                __sfp_lock_acquire
                0x00014ff8                __sfp_lock_release
                0x00014ffc                __sinit_lock_acquire
                0x00015000                __sinit_lock_release
                0x00015004                __fp_lock_all
                0x0001501c                __fp_unlock_all
 .text          0x00015034       0xa0 /opt/york/cs/net/sourcery-g++-lite-arm-eabi-2010.09.51-i686-1/arm-none-eabi/lib/thumb2/libg.a(lib_a-fwalk.o)
                0x00015034                _fwalk
                0x00015080                _fwalk_reent
 .text          0x000150d4       0xec /opt/york/cs/net/sourcery-g++-lite-arm-eabi-2010.09.51-i686-1/arm-none-eabi/lib/thumb2/libg.a(lib_a-makebuf.o)
                0x000150d4                __smakebuf_r
 .text          0x000151c0       0x94 /opt/york/cs/net/sourcery-g++-lite-arm-eabi-2010.09.51-i686-1/arm-none-eabi/lib/thumb2/libg.a(lib_a-stdio.o)
                0x000151c0                __sread
                0x000151e4                __seofread
                0x000151e8                __swrite
                0x00015224                __sseek
                0x0001524c                __sclose
 .text          0x00015254       0x28 /opt/york/cs/net/sourcery-g++-lite-arm-eabi-2010.09.51-i686-1/arm-none-eabi/lib/thumb2/libg.a(lib_a-closer.o)
                0x00015254                _close_r
 .text          0x0001527c       0xc4 /opt/york/cs/net/sourcery-g++-lite-arm-eabi-2010.09.51-i686-1/arm-none-eabi/lib/thumb2/libg.a(lib_a-fclose.o)
                0x0001527c                _fclose_r
                0x00015330                fclose
 .text          0x00015340       0x2c /opt/york/cs/net/sourcery-g++-lite-arm-eabi-2010.09.51-i686-1/arm-none-eabi/lib/thumb2/libg.a(lib_a-fstatr.o)
                0x00015340                _fstat_r
 .text          0x0001536c       0x28 /opt/york/cs/net/sourcery-g++-lite-arm-eabi-2010.09.51-i686-1/arm-none-eabi/lib/thumb2/libg.a(lib_a-isattyr.o)
                0x0001536c                _isatty_r
 .text          0x00015394       0x2c /opt/york/cs/net/sourcery-g++-lite-arm-eabi-2010.09.51-i686-1/arm-none-eabi/lib/thumb2/libg.a(lib_a-lseekr.o)
                0x00015394                _lseek_r
 .text          0x000153c0       0x2c /opt/york/cs/net/sourcery-g++-lite-arm-eabi-2010.09.51-i686-1/arm-none-eabi/lib/thumb2/libg.a(lib_a-readr.o)
                0x000153c0                _read_r
 .text          0x000153ec       0x30 /opt/york/cs/net/sourcery-g++-lite-arm-eabi-2010.09.51-i686-1/arm-none-eabi/lib/thumb2/libcs3.a(start_c.o)
                0x000153ec                __cs3_premain
 .text.cs3.init
                0x0001541c       0x50 /opt/york/cs/net/sourcery-g++-lite-arm-eabi-2010.09.51-i686-1/arm-none-eabi/lib/thumb2/libcs3.a(start_c.o)
                0x0001541c                __cs3_start_c
 .text          0x0001546c       0x10 /opt/york/cs/net/sourcery-g++-lite-arm-eabi-2010.09.51-i686-1/arm-none-eabi/lib/thumb2/libcs3unhosted.a(unhosted-_close.o)
                0x0001546c                _close
 .text          0x0001547c        0x2 /opt/york/cs/net/sourcery-g++-lite-arm-eabi-2010.09.51-i686-1/arm-none-eabi/lib/thumb2/libcs3unhosted.a(unhosted-_exit.o)
                0x0001547c                _exit
 .text          0x0001547e       0x10 /opt/york/cs/net/sourcery-g++-lite-arm-eabi-2010.09.51-i686-1/arm-none-eabi/lib/thumb2/libcs3unhosted.a(unhosted-_fstat.o)
                0x0001547e                _fstat
 .text          0x0001548e        0xe /opt/york/cs/net/sourcery-g++-lite-arm-eabi-2010.09.51-i686-1/arm-none-eabi/lib/thumb2/libcs3unhosted.a(unhosted-isatty.o)
                0x0001548e                _isatty
 .text          0x0001549c        0xa /opt/york/cs/net/sourcery-g++-lite-arm-eabi-2010.09.51-i686-1/arm-none-eabi/lib/thumb2/libcs3unhosted.a(unhosted-_kill.o)
                0x0001549c                _kill
 .text          0x000154a6       0x10 /opt/york/cs/net/sourcery-g++-lite-arm-eabi-2010.09.51-i686-1/arm-none-eabi/lib/thumb2/libcs3unhosted.a(unhosted-_lseek.o)
                0x000154a6                _lseek
 .text          0x000154b6       0x10 /opt/york/cs/net/sourcery-g++-lite-arm-eabi-2010.09.51-i686-1/arm-none-eabi/lib/thumb2/libcs3unhosted.a(unhosted-_read.o)
                0x000154b6                _read
 .text          0x000154c6       0x10 /opt/york/cs/net/sourcery-g++-lite-arm-eabi-2010.09.51-i686-1/arm-none-eabi/lib/thumb2/libcs3unhosted.a(unhosted-_write.o)
                0x000154c6                _write
 *fill*         0x000154d6        0x2 00
 .text          0x000154d8       0x40 /opt/york/cs/net/sourcery-g++-lite-arm-eabi-2010.09.51-i686-1/arm-none-eabi/lib/thumb2/libcs3unhosted.a(unhosted-sbrk.o)
                0x000154d8                _sbrk
 .text          0x00015518        0x4 /opt/york/cs/net/sourcery-g++-lite-arm-eabi-2010.09.51-i686-1/arm-none-eabi/lib/thumb2/libcs3unhosted.a(unhosted-_getpid.o)
                0x00015518                _getpid
 .text          0x0001551c        0x0 /opt/york/cs/net/sourcery-g++-lite-arm-eabi-2010.09.51-i686-1/arm-none-eabi/lib/thumb2/libcs3unhosted.a(unhosted-start.o)
 .text.cs3.init
                0x0001551c       0x10 /opt/york/cs/net/sourcery-g++-lite-arm-eabi-2010.09.51-i686-1/arm-none-eabi/lib/thumb2/libcs3unhosted.a(unhosted-start.o)
                0x0001551c                _start
 .text          0x0001552c        0xc /opt/york/cs/net/sourcery-g++-lite-arm-eabi-2010.09.51-i686-1/arm-none-eabi/lib/thumb2/libc.a(lib_a-errno.o)
                0x0001552c                __errno
 .text          0x00015538       0x50 /opt/york/cs/net/sourcery-g++-lite-arm-eabi-2010.09.51-i686-1/arm-none-eabi/lib/thumb2/libc.a(lib_a-init.o)
                0x00015538                __libc_init_array
 .text          0x00015588        0x0 /opt/york/cs/net/sourcery-g++-lite-arm-eabi-2010.09.51-i686-1/arm-none-eabi/lib/thumb2/libcs3.a(heap.o)
 .text          0x00015588        0x0 /opt/york/cs/net/lpc1700-cmsis-lite-2011.01.26-i686-1/lib/libDriversLPC17xxgnu.a(lpc17xx_adc.o)
 .text.ADC_Init
                0x00015588       0xa4 /opt/york/cs/net/lpc1700-cmsis-lite-2011.01.26-i686-1/lib/libDriversLPC17xxgnu.a(lpc17xx_adc.o)
                0x00015588                ADC_Init
 .text.ADC_DeInit
                0x0001562c       0x48 /opt/york/cs/net/lpc1700-cmsis-lite-2011.01.26-i686-1/lib/libDriversLPC17xxgnu.a(lpc17xx_adc.o)
                0x0001562c                ADC_DeInit
 .text.ADC_GetData
                0x00015674       0x38 /opt/york/cs/net/lpc1700-cmsis-lite-2011.01.26-i686-1/lib/libDriversLPC17xxgnu.a(lpc17xx_adc.o)
                0x00015674                ADC_GetData
 .text.ADC_StartCmd
                0x000156ac       0x90 /opt/york/cs/net/lpc1700-cmsis-lite-2011.01.26-i686-1/lib/libDriversLPC17xxgnu.a(lpc17xx_adc.o)
                0x000156ac                ADC_StartCmd
 .text.ADC_BurstCmd
                0x0001573c       0x50 /opt/york/cs/net/lpc1700-cmsis-lite-2011.01.26-i686-1/lib/libDriversLPC17xxgnu.a(lpc17xx_adc.o)
                0x0001573c                ADC_BurstCmd
 .text.ADC_PowerdownCmd
                0x0001578c       0x50 /opt/york/cs/net/lpc1700-cmsis-lite-2011.01.26-i686-1/lib/libDriversLPC17xxgnu.a(lpc17xx_adc.o)
                0x0001578c                ADC_PowerdownCmd
 .text.ADC_EdgeStartConfig
                0x000157dc       0x6c /opt/york/cs/net/lpc1700-cmsis-lite-2011.01.26-i686-1/lib/libDriversLPC17xxgnu.a(lpc17xx_adc.o)
                0x000157dc                ADC_EdgeStartConfig
 .text.ADC_IntConfig
                0x00015848       0xb4 /opt/york/cs/net/lpc1700-cmsis-lite-2011.01.26-i686-1/lib/libDriversLPC17xxgnu.a(lpc17xx_adc.o)
                0x00015848                ADC_IntConfig
 .text.ADC_ChannelCmd
                0x000158fc       0x70 /opt/york/cs/net/lpc1700-cmsis-lite-2011.01.26-i686-1/lib/libDriversLPC17xxgnu.a(lpc17xx_adc.o)
                0x000158fc                ADC_ChannelCmd
 .text.ADC_ChannelGetData
                0x0001596c       0x58 /opt/york/cs/net/lpc1700-cmsis-lite-2011.01.26-i686-1/lib/libDriversLPC17xxgnu.a(lpc17xx_adc.o)
                0x0001596c                ADC_ChannelGetData
 .text.ADC_ChannelGetStatus
                0x000159c4       0x8c /opt/york/cs/net/lpc1700-cmsis-lite-2011.01.26-i686-1/lib/libDriversLPC17xxgnu.a(lpc17xx_adc.o)
                0x000159c4                ADC_ChannelGetStatus
 .text.ADC_GlobalGetData
                0x00015a50       0x34 /opt/york/cs/net/lpc1700-cmsis-lite-2011.01.26-i686-1/lib/libDriversLPC17xxgnu.a(lpc17xx_adc.o)
                0x00015a50                ADC_GlobalGetData
 .text.ADC_GlobalGetStatus
                0x00015a84       0x7c /opt/york/cs/net/lpc1700-cmsis-lite-2011.01.26-i686-1/lib/libDriversLPC17xxgnu.a(lpc17xx_adc.o)
                0x00015a84                ADC_GlobalGetStatus
 .text          0x00015b00        0x0 /opt/york/cs/net/lpc1700-cmsis-lite-2011.01.26-i686-1/lib/libDriversLPC17xxgnu.a(lpc17xx_clkpwr.o)
 .text.CLKPWR_SetPCLKDiv
                0x00015b00       0xd4 /opt/york/cs/net/lpc1700-cmsis-lite-2011.01.26-i686-1/lib/libDriversLPC17xxgnu.a(lpc17xx_clkpwr.o)
                0x00015b00                CLKPWR_SetPCLKDiv
 .text.CLKPWR_GetPCLKSEL
                0x00015bd4       0x54 /opt/york/cs/net/lpc1700-cmsis-lite-2011.01.26-i686-1/lib/libDriversLPC17xxgnu.a(lpc17xx_clkpwr.o)
                0x00015bd4                CLKPWR_GetPCLKSEL
 .text.CLKPWR_GetPCLK
                0x00015c28       0x70 /opt/york/cs/net/lpc1700-cmsis-lite-2011.01.26-i686-1/lib/libDriversLPC17xxgnu.a(lpc17xx_clkpwr.o)
                0x00015c28                CLKPWR_GetPCLK
 .text.CLKPWR_ConfigPPWR
                0x00015c98       0x80 /opt/york/cs/net/lpc1700-cmsis-lite-2011.01.26-i686-1/lib/libDriversLPC17xxgnu.a(lpc17xx_clkpwr.o)
                0x00015c98                CLKPWR_ConfigPPWR
 .text.CLKPWR_Sleep
                0x00015d18       0x1c /opt/york/cs/net/lpc1700-cmsis-lite-2011.01.26-i686-1/lib/libDriversLPC17xxgnu.a(lpc17xx_clkpwr.o)
                0x00015d18                CLKPWR_Sleep
 .text.CLKPWR_DeepSleep
                0x00015d34       0x2c /opt/york/cs/net/lpc1700-cmsis-lite-2011.01.26-i686-1/lib/libDriversLPC17xxgnu.a(lpc17xx_clkpwr.o)
                0x00015d34                CLKPWR_DeepSleep
 .text.CLKPWR_PowerDown
                0x00015d60       0x2c /opt/york/cs/net/lpc1700-cmsis-lite-2011.01.26-i686-1/lib/libDriversLPC17xxgnu.a(lpc17xx_clkpwr.o)
                0x00015d60                CLKPWR_PowerDown
 .text.CLKPWR_DeepPowerDown
                0x00015d8c       0x2c /opt/york/cs/net/lpc1700-cmsis-lite-2011.01.26-i686-1/lib/libDriversLPC17xxgnu.a(lpc17xx_clkpwr.o)
                0x00015d8c                CLKPWR_DeepPowerDown
 .text          0x00015db8        0x0 /opt/york/cs/net/lpc1700-cmsis-lite-2011.01.26-i686-1/lib/libDriversLPC17xxgnu.a(lpc17xx_dac.o)
 .text.DAC_Init
                0x00015db8       0x40 /opt/york/cs/net/lpc1700-cmsis-lite-2011.01.26-i686-1/lib/libDriversLPC17xxgnu.a(lpc17xx_dac.o)
                0x00015db8                DAC_Init
 .text.DAC_UpdateValue
                0x00015df8       0x58 /opt/york/cs/net/lpc1700-cmsis-lite-2011.01.26-i686-1/lib/libDriversLPC17xxgnu.a(lpc17xx_dac.o)
                0x00015df8                DAC_UpdateValue
 .text.DAC_SetBias
                0x00015e50       0x4c /opt/york/cs/net/lpc1700-cmsis-lite-2011.01.26-i686-1/lib/libDriversLPC17xxgnu.a(lpc17xx_dac.o)
                0x00015e50                DAC_SetBias
 .text.DAC_ConfigDAConverterControl
                0x00015e9c       0x78 /opt/york/cs/net/lpc1700-cmsis-lite-2011.01.26-i686-1/lib/libDriversLPC17xxgnu.a(lpc17xx_dac.o)
                0x00015e9c                DAC_ConfigDAConverterControl
 .text.DAC_SetDMATimeOut
                0x00015f14       0x38 /opt/york/cs/net/lpc1700-cmsis-lite-2011.01.26-i686-1/lib/libDriversLPC17xxgnu.a(lpc17xx_dac.o)
                0x00015f14                DAC_SetDMATimeOut
 .text          0x00015f4c        0x0 /opt/york/cs/net/lpc1700-cmsis-lite-2011.01.26-i686-1/lib/libDriversLPC17xxgnu.a(lpc17xx_i2c.o)
 .text.NVIC_EnableIRQ
                0x00015f4c       0x38 /opt/york/cs/net/lpc1700-cmsis-lite-2011.01.26-i686-1/lib/libDriversLPC17xxgnu.a(lpc17xx_i2c.o)
 .text.NVIC_DisableIRQ
                0x00015f84       0x3c /opt/york/cs/net/lpc1700-cmsis-lite-2011.01.26-i686-1/lib/libDriversLPC17xxgnu.a(lpc17xx_i2c.o)
 .text.I2C_getNum
                0x00015fc0       0x54 /opt/york/cs/net/lpc1700-cmsis-lite-2011.01.26-i686-1/lib/libDriversLPC17xxgnu.a(lpc17xx_i2c.o)
 .text.I2C_Start
                0x00016014       0x44 /opt/york/cs/net/lpc1700-cmsis-lite-2011.01.26-i686-1/lib/libDriversLPC17xxgnu.a(lpc17xx_i2c.o)
 .text.I2C_Stop
                0x00016058       0x38 /opt/york/cs/net/lpc1700-cmsis-lite-2011.01.26-i686-1/lib/libDriversLPC17xxgnu.a(lpc17xx_i2c.o)
 .text.I2C_SendByte
                0x00016090       0x50 /opt/york/cs/net/lpc1700-cmsis-lite-2011.01.26-i686-1/lib/libDriversLPC17xxgnu.a(lpc17xx_i2c.o)
 .text.I2C_GetByte
                0x000160e0       0x5c /opt/york/cs/net/lpc1700-cmsis-lite-2011.01.26-i686-1/lib/libDriversLPC17xxgnu.a(lpc17xx_i2c.o)
 .text.I2C_SetClock
                0x0001613c       0xc8 /opt/york/cs/net/lpc1700-cmsis-lite-2011.01.26-i686-1/lib/libDriversLPC17xxgnu.a(lpc17xx_i2c.o)
 .text.I2C_Init
                0x00016204       0xd8 /opt/york/cs/net/lpc1700-cmsis-lite-2011.01.26-i686-1/lib/libDriversLPC17xxgnu.a(lpc17xx_i2c.o)
                0x00016204                I2C_Init
 .text.I2C_DeInit
                0x000162dc       0xa4 /opt/york/cs/net/lpc1700-cmsis-lite-2011.01.26-i686-1/lib/libDriversLPC17xxgnu.a(lpc17xx_i2c.o)
                0x000162dc                I2C_DeInit
 .text.I2C_Cmd  0x00016380       0x84 /opt/york/cs/net/lpc1700-cmsis-lite-2011.01.26-i686-1/lib/libDriversLPC17xxgnu.a(lpc17xx_i2c.o)
                0x00016380                I2C_Cmd
 .text.I2C_IntCmd
                0x00016404       0xa8 /opt/york/cs/net/lpc1700-cmsis-lite-2011.01.26-i686-1/lib/libDriversLPC17xxgnu.a(lpc17xx_i2c.o)
                0x00016404                I2C_IntCmd
 .text.I2C_MasterHandler
                0x000164ac      0x3d8 /opt/york/cs/net/lpc1700-cmsis-lite-2011.01.26-i686-1/lib/libDriversLPC17xxgnu.a(lpc17xx_i2c.o)
                0x000164ac                I2C_MasterHandler
 .text.I2C_SlaveHandler
                0x00016884      0x1d8 /opt/york/cs/net/lpc1700-cmsis-lite-2011.01.26-i686-1/lib/libDriversLPC17xxgnu.a(lpc17xx_i2c.o)
                0x00016884                I2C_SlaveHandler
 .text.I2C_MasterTransferData
                0x00016a5c      0x33c /opt/york/cs/net/lpc1700-cmsis-lite-2011.01.26-i686-1/lib/libDriversLPC17xxgnu.a(lpc17xx_i2c.o)
                0x00016a5c                I2C_MasterTransferData
 .text.I2C_SlaveTransferData
                0x00016d98      0x268 /opt/york/cs/net/lpc1700-cmsis-lite-2011.01.26-i686-1/lib/libDriversLPC17xxgnu.a(lpc17xx_i2c.o)
                0x00016d98                I2C_SlaveTransferData
 .text.I2C_SetOwnSlaveAddr
                0x00017000      0x118 /opt/york/cs/net/lpc1700-cmsis-lite-2011.01.26-i686-1/lib/libDriversLPC17xxgnu.a(lpc17xx_i2c.o)
                0x00017000                I2C_SetOwnSlaveAddr
 .text.I2C_MonitorModeConfig
                0x00017118       0x9c /opt/york/cs/net/lpc1700-cmsis-lite-2011.01.26-i686-1/lib/libDriversLPC17xxgnu.a(lpc17xx_i2c.o)
                0x00017118                I2C_MonitorModeConfig
 .text.I2C_MonitorModeCmd
                0x000171b4       0xb0 /opt/york/cs/net/lpc1700-cmsis-lite-2011.01.26-i686-1/lib/libDriversLPC17xxgnu.a(lpc17xx_i2c.o)
                0x000171b4                I2C_MonitorModeCmd
 .text.I2C_MonitorGetDatabuffer
                0x00017264       0x54 /opt/york/cs/net/lpc1700-cmsis-lite-2011.01.26-i686-1/lib/libDriversLPC17xxgnu.a(lpc17xx_i2c.o)
                0x00017264                I2C_MonitorGetDatabuffer
 .text.I2C_MonitorHandler
                0x000172b8       0x6c /opt/york/cs/net/lpc1700-cmsis-lite-2011.01.26-i686-1/lib/libDriversLPC17xxgnu.a(lpc17xx_i2c.o)
                0x000172b8                I2C_MonitorHandler
 .text.I2C_MasterTransferComplete
                0x00017324       0x40 /opt/york/cs/net/lpc1700-cmsis-lite-2011.01.26-i686-1/lib/libDriversLPC17xxgnu.a(lpc17xx_i2c.o)
                0x00017324                I2C_MasterTransferComplete
 .text.I2C_SlaveTransferComplete
                0x00017364       0x40 /opt/york/cs/net/lpc1700-cmsis-lite-2011.01.26-i686-1/lib/libDriversLPC17xxgnu.a(lpc17xx_i2c.o)
                0x00017364                I2C_SlaveTransferComplete
 .text          0x000173a4        0x0 /opt/york/cs/net/lpc1700-cmsis-lite-2011.01.26-i686-1/lib/libDriversLPC17xxgnu.a(lpc17xx_libcfg_default.o)
 .text.check_failed
                0x000173a4        0xc /opt/york/cs/net/lpc1700-cmsis-lite-2011.01.26-i686-1/lib/libDriversLPC17xxgnu.a(lpc17xx_libcfg_default.o)
                0x000173a4                check_failed
 .text          0x000173b0        0x0 /opt/york/cs/net/lpc1700-cmsis-lite-2011.01.26-i686-1/lib/libDriversLPC17xxgnu.a(lpc17xx_pinsel.o)
 .text.set_PinFunc
                0x000173b0       0xa0 /opt/york/cs/net/lpc1700-cmsis-lite-2011.01.26-i686-1/lib/libDriversLPC17xxgnu.a(lpc17xx_pinsel.o)
 .text.set_ResistorMode
                0x00017450       0xa0 /opt/york/cs/net/lpc1700-cmsis-lite-2011.01.26-i686-1/lib/libDriversLPC17xxgnu.a(lpc17xx_pinsel.o)
 .text.set_OpenDrainMode
                0x000174f0       0x80 /opt/york/cs/net/lpc1700-cmsis-lite-2011.01.26-i686-1/lib/libDriversLPC17xxgnu.a(lpc17xx_pinsel.o)
 .text.PINSEL_ConfigTraceFunc
                0x00017570       0x54 /opt/york/cs/net/lpc1700-cmsis-lite-2011.01.26-i686-1/lib/libDriversLPC17xxgnu.a(lpc17xx_pinsel.o)
                0x00017570                PINSEL_ConfigTraceFunc
 .text.PINSEL_SetI2C0Pins
                0x000175c4       0x3c /opt/york/cs/net/lpc1700-cmsis-lite-2011.01.26-i686-1/lib/libDriversLPC17xxgnu.a(lpc17xx_pinsel.o)
                0x000175c4                PINSEL_SetI2C0Pins
 .text.PINSEL_ConfigPin
                0x00017600       0x54 /opt/york/cs/net/lpc1700-cmsis-lite-2011.01.26-i686-1/lib/libDriversLPC17xxgnu.a(lpc17xx_pinsel.o)
                0x00017600                PINSEL_ConfigPin
 .text          0x00017654        0x0 /opt/york/cs/net/lpc1700-cmsis-lite-2011.01.26-i686-1/lib/libDriversLPC17xxgnu.a(lpc17xx_uart.o)
 .text.uart_set_divisors
                0x00017654      0x26c /opt/york/cs/net/lpc1700-cmsis-lite-2011.01.26-i686-1/lib/libDriversLPC17xxgnu.a(lpc17xx_uart.o)
 .text.UART_Init
                0x000178c0      0x368 /opt/york/cs/net/lpc1700-cmsis-lite-2011.01.26-i686-1/lib/libDriversLPC17xxgnu.a(lpc17xx_uart.o)
                0x000178c0                UART_Init
 .text.UART_DeInit
                0x00017c28       0xcc /opt/york/cs/net/lpc1700-cmsis-lite-2011.01.26-i686-1/lib/libDriversLPC17xxgnu.a(lpc17xx_uart.o)
                0x00017c28                UART_DeInit
 .text.UART_ConfigStructInit
                0x00017cf4       0x34 /opt/york/cs/net/lpc1700-cmsis-lite-2011.01.26-i686-1/lib/libDriversLPC17xxgnu.a(lpc17xx_uart.o)
                0x00017cf4                UART_ConfigStructInit
 .text.UART_SendByte
                0x00017d28       0x78 /opt/york/cs/net/lpc1700-cmsis-lite-2011.01.26-i686-1/lib/libDriversLPC17xxgnu.a(lpc17xx_uart.o)
                0x00017d28                UART_SendByte
 .text.UART_ReceiveByte
                0x00017da0       0x78 /opt/york/cs/net/lpc1700-cmsis-lite-2011.01.26-i686-1/lib/libDriversLPC17xxgnu.a(lpc17xx_uart.o)
                0x00017da0                UART_ReceiveByte
 .text.UART_Send
                0x00017e18      0x10c /opt/york/cs/net/lpc1700-cmsis-lite-2011.01.26-i686-1/lib/libDriversLPC17xxgnu.a(lpc17xx_uart.o)
                0x00017e18                UART_Send
 .text.UART_Receive
                0x00017f24       0xd8 /opt/york/cs/net/lpc1700-cmsis-lite-2011.01.26-i686-1/lib/libDriversLPC17xxgnu.a(lpc17xx_uart.o)
                0x00017f24                UART_Receive
 .text.UART_ForceBreak
                0x00017ffc       0x88 /opt/york/cs/net/lpc1700-cmsis-lite-2011.01.26-i686-1/lib/libDriversLPC17xxgnu.a(lpc17xx_uart.o)
                0x00017ffc                UART_ForceBreak
 .text.UART_IntConfig
                0x00018084      0x1d0 /opt/york/cs/net/lpc1700-cmsis-lite-2011.01.26-i686-1/lib/libDriversLPC17xxgnu.a(lpc17xx_uart.o)
                0x00018084                UART_IntConfig
 .text.UART_GetLineStatus
                0x00018254       0x7c /opt/york/cs/net/lpc1700-cmsis-lite-2011.01.26-i686-1/lib/libDriversLPC17xxgnu.a(lpc17xx_uart.o)
                0x00018254                UART_GetLineStatus
 .text.UART_GetIntId
                0x000182d0       0x68 /opt/york/cs/net/lpc1700-cmsis-lite-2011.01.26-i686-1/lib/libDriversLPC17xxgnu.a(lpc17xx_uart.o)
                0x000182d0                UART_GetIntId
 .text.UART_CheckBusy
                0x00018338       0x2c /opt/york/cs/net/lpc1700-cmsis-lite-2011.01.26-i686-1/lib/libDriversLPC17xxgnu.a(lpc17xx_uart.o)
                0x00018338                UART_CheckBusy
 .text.UART_FIFOConfig
                0x00018364      0x184 /opt/york/cs/net/lpc1700-cmsis-lite-2011.01.26-i686-1/lib/libDriversLPC17xxgnu.a(lpc17xx_uart.o)
                0x00018364                UART_FIFOConfig
 .text.UART_FIFOConfigStructInit
                0x000184e8       0x34 /opt/york/cs/net/lpc1700-cmsis-lite-2011.01.26-i686-1/lib/libDriversLPC17xxgnu.a(lpc17xx_uart.o)
                0x000184e8                UART_FIFOConfigStructInit
 .text.UART_ABCmd
                0x0001851c      0x15c /opt/york/cs/net/lpc1700-cmsis-lite-2011.01.26-i686-1/lib/libDriversLPC17xxgnu.a(lpc17xx_uart.o)
                0x0001851c                UART_ABCmd
 .text.UART_ABClearIntPending
                0x00018678       0x88 /opt/york/cs/net/lpc1700-cmsis-lite-2011.01.26-i686-1/lib/libDriversLPC17xxgnu.a(lpc17xx_uart.o)
                0x00018678                UART_ABClearIntPending
 .text.UART_TxCmd
                0x00018700       0xe8 /opt/york/cs/net/lpc1700-cmsis-lite-2011.01.26-i686-1/lib/libDriversLPC17xxgnu.a(lpc17xx_uart.o)
                0x00018700                UART_TxCmd
 .text.UART_IrDAInvtInputCmd
                0x000187e8       0x84 /opt/york/cs/net/lpc1700-cmsis-lite-2011.01.26-i686-1/lib/libDriversLPC17xxgnu.a(lpc17xx_uart.o)
                0x000187e8                UART_IrDAInvtInputCmd
 .text.UART_IrDACmd
                0x0001886c       0x80 /opt/york/cs/net/lpc1700-cmsis-lite-2011.01.26-i686-1/lib/libDriversLPC17xxgnu.a(lpc17xx_uart.o)
                0x0001886c                UART_IrDACmd
 .text.UART_IrDAPulseDivConfig
                0x000188ec       0xac /opt/york/cs/net/lpc1700-cmsis-lite-2011.01.26-i686-1/lib/libDriversLPC17xxgnu.a(lpc17xx_uart.o)
                0x000188ec                UART_IrDAPulseDivConfig
 .text.UART_FullModemForcePinState
                0x00018998       0xcc /opt/york/cs/net/lpc1700-cmsis-lite-2011.01.26-i686-1/lib/libDriversLPC17xxgnu.a(lpc17xx_uart.o)
                0x00018998                UART_FullModemForcePinState
 .text.UART_FullModemConfigMode
                0x00018a64       0xd8 /opt/york/cs/net/lpc1700-cmsis-lite-2011.01.26-i686-1/lib/libDriversLPC17xxgnu.a(lpc17xx_uart.o)
                0x00018a64                UART_FullModemConfigMode
 .text.UART_FullModemGetStatus
                0x00018b3c       0x38 /opt/york/cs/net/lpc1700-cmsis-lite-2011.01.26-i686-1/lib/libDriversLPC17xxgnu.a(lpc17xx_uart.o)
                0x00018b3c                UART_FullModemGetStatus
 .text.UART_RS485Config
                0x00018b74      0x1bc /opt/york/cs/net/lpc1700-cmsis-lite-2011.01.26-i686-1/lib/libDriversLPC17xxgnu.a(lpc17xx_uart.o)
                0x00018b74                UART_RS485Config
 .text.UART_RS485ReceiverCmd
                0x00018d30       0x48 /opt/york/cs/net/lpc1700-cmsis-lite-2011.01.26-i686-1/lib/libDriversLPC17xxgnu.a(lpc17xx_uart.o)
                0x00018d30                UART_RS485ReceiverCmd
 .text.UART_RS485Send
                0x00018d78       0x84 /opt/york/cs/net/lpc1700-cmsis-lite-2011.01.26-i686-1/lib/libDriversLPC17xxgnu.a(lpc17xx_uart.o)
                0x00018d78                UART_RS485Send
 .text.UART_RS485SendSlvAddr
                0x00018dfc       0x28 /opt/york/cs/net/lpc1700-cmsis-lite-2011.01.26-i686-1/lib/libDriversLPC17xxgnu.a(lpc17xx_uart.o)
                0x00018dfc                UART_RS485SendSlvAddr
 .text.UART_RS485SendData
                0x00018e24       0x28 /opt/york/cs/net/lpc1700-cmsis-lite-2011.01.26-i686-1/lib/libDriversLPC17xxgnu.a(lpc17xx_uart.o)
                0x00018e24                UART_RS485SendData
 .text          0x00018e4c        0x0 /opt/york/cs/net/sourcery-g++-lite-arm-eabi-2010.09.51-i686-1/bin/../lib/gcc/arm-none-eabi/4.5.1/thumb2/crtend.o
 .text          0x00018e4c        0x0 /opt/york/cs/net/sourcery-g++-lite-arm-eabi-2010.09.51-i686-1/bin/../lib/gcc/arm-none-eabi/4.5.1/thumb2/crtn.o
 *(.plt)
 *(.gnu.warning)
 .gnu.warning   0x00000000        0x0 /opt/york/cs/net/sourcery-g++-lite-arm-eabi-2010.09.51-i686-1/arm-none-eabi/lib/thumb2/libcs3unhosted.a(unhosted-_close.o)
 .gnu.warning   0x00000000        0x0 /opt/york/cs/net/sourcery-g++-lite-arm-eabi-2010.09.51-i686-1/arm-none-eabi/lib/thumb2/libcs3unhosted.a(unhosted-_fstat.o)
 .gnu.warning   0x00000000        0x0 /opt/york/cs/net/sourcery-g++-lite-arm-eabi-2010.09.51-i686-1/arm-none-eabi/lib/thumb2/libcs3unhosted.a(unhosted-isatty.o)
 .gnu.warning   0x00000000        0x0 /opt/york/cs/net/sourcery-g++-lite-arm-eabi-2010.09.51-i686-1/arm-none-eabi/lib/thumb2/libcs3unhosted.a(unhosted-_kill.o)
 .gnu.warning   0x00000000        0x0 /opt/york/cs/net/sourcery-g++-lite-arm-eabi-2010.09.51-i686-1/arm-none-eabi/lib/thumb2/libcs3unhosted.a(unhosted-_lseek.o)
 .gnu.warning   0x00000000        0x0 /opt/york/cs/net/sourcery-g++-lite-arm-eabi-2010.09.51-i686-1/arm-none-eabi/lib/thumb2/libcs3unhosted.a(unhosted-_read.o)
 .gnu.warning   0x00000000        0x0 /opt/york/cs/net/sourcery-g++-lite-arm-eabi-2010.09.51-i686-1/arm-none-eabi/lib/thumb2/libcs3unhosted.a(unhosted-_write.o)
 *(.glue_7t)
 .glue_7t       0x00000000        0x0 linker stubs
 *(.glue_7)
 .glue_7        0x00000000        0x0 linker stubs
 *(.vfp11_veneer)
 .vfp11_veneer  0x00000000        0x0 linker stubs
 *(.rodata .rodata.* .gnu.linkonce.r.*)
 .rodata        0x00018e4c      0x198 main.o
 .rodata        0x00018fe4       0x1c packet-manager.o
 .rodata        0x00019000       0x1c sequence-manager.o
 .rodata        0x0001901c       0x14 lib/serial-dmx.o
 .rodata._ZZ13setup_displayvE3C.2
                0x00019030        0xc lib/display.o
 .rodata._ZZ5resetvE3C.3
                0x0001903c        0x4 lib/display.o
 .rodata        0x00019040       0x20 /opt/york/cs/net/sourcery-g++-lite-arm-eabi-2010.09.51-i686-1/arm-none-eabi/lib/thumb2/libg.a(lib_a-svfprintf.o)
 .rodata.str1.4
                0x00019060       0x42 /opt/york/cs/net/sourcery-g++-lite-arm-eabi-2010.09.51-i686-1/arm-none-eabi/lib/thumb2/libg.a(lib_a-svfprintf.o)
                                 0x44 (size before relaxing)
 *fill*         0x000190a2        0x2 00
 .rodata        0x000190a4      0x104 /opt/york/cs/net/sourcery-g++-lite-arm-eabi-2010.09.51-i686-1/arm-none-eabi/lib/thumb2/libg.a(lib_a-ctype_.o)
                0x000190a4                _ctype_
 .rodata.str1.4
                0x000191a8       0x10 /opt/york/cs/net/sourcery-g++-lite-arm-eabi-2010.09.51-i686-1/arm-none-eabi/lib/thumb2/libg.a(lib_a-dtoa.o)
                                 0x14 (size before relaxing)
 .rodata        0x000191b8        0x4 /opt/york/cs/net/sourcery-g++-lite-arm-eabi-2010.09.51-i686-1/arm-none-eabi/lib/thumb2/libg.a(lib_a-impure.o)
                0x000191b8                _global_impure_ptr
 .rodata.str1.4
                0x000191bc        0x2 /opt/york/cs/net/sourcery-g++-lite-arm-eabi-2010.09.51-i686-1/arm-none-eabi/lib/thumb2/libg.a(lib_a-impure.o)
                                  0x4 (size before relaxing)
 *fill*         0x000191be        0x2 00
 .rodata.str1.4
                0x000191c0        0xa /opt/york/cs/net/sourcery-g++-lite-arm-eabi-2010.09.51-i686-1/arm-none-eabi/lib/thumb2/libg.a(lib_a-locale.o)
                                 0x14 (size before relaxing)
 *fill*         0x000191ca        0x6 00
 .rodata        0x000191d0      0x128 /opt/york/cs/net/sourcery-g++-lite-arm-eabi-2010.09.51-i686-1/arm-none-eabi/lib/thumb2/libg.a(lib_a-mprec.o)
                0x000191e0                __mprec_tens
                0x000192a8                __mprec_bigtens
                0x000192d0                __mprec_tinytens
 .rodata        0x000192f8       0x20 /opt/york/cs/net/sourcery-g++-lite-arm-eabi-2010.09.51-i686-1/arm-none-eabi/lib/thumb2/libg.a(lib_a-svfiprintf.o)
 .rodata.str1.4
                0x00000000       0x30 /opt/york/cs/net/sourcery-g++-lite-arm-eabi-2010.09.51-i686-1/arm-none-eabi/lib/thumb2/libg.a(lib_a-svfiprintf.o)
 .rodata._ZTIPKDe
                0x00019318       0x10 /opt/york/cs/net/sourcery-g++-lite-arm-eabi-2010.09.51-i686-1/arm-none-eabi/lib/thumb2/libstdc++.a(fundamental_type_info.o)
                0x00019318                _ZTIPKDe
 .rodata._ZTIPDe
                0x00019328       0x10 /opt/york/cs/net/sourcery-g++-lite-arm-eabi-2010.09.51-i686-1/arm-none-eabi/lib/thumb2/libstdc++.a(fundamental_type_info.o)
                0x00019328                _ZTIPDe
 .rodata._ZTIDe
                0x00019338        0x8 /opt/york/cs/net/sourcery-g++-lite-arm-eabi-2010.09.51-i686-1/arm-none-eabi/lib/thumb2/libstdc++.a(fundamental_type_info.o)
                0x00019338                _ZTIDe
 .rodata._ZTIPKDd
                0x00019340       0x10 /opt/york/cs/net/sourcery-g++-lite-arm-eabi-2010.09.51-i686-1/arm-none-eabi/lib/thumb2/libstdc++.a(fundamental_type_info.o)
                0x00019340                _ZTIPKDd
 .rodata._ZTIPDd
                0x00019350       0x10 /opt/york/cs/net/sourcery-g++-lite-arm-eabi-2010.09.51-i686-1/arm-none-eabi/lib/thumb2/libstdc++.a(fundamental_type_info.o)
                0x00019350                _ZTIPDd
 .rodata._ZTIDd
                0x00019360        0x8 /opt/york/cs/net/sourcery-g++-lite-arm-eabi-2010.09.51-i686-1/arm-none-eabi/lib/thumb2/libstdc++.a(fundamental_type_info.o)
                0x00019360                _ZTIDd
 .rodata._ZTIPKDf
                0x00019368       0x10 /opt/york/cs/net/sourcery-g++-lite-arm-eabi-2010.09.51-i686-1/arm-none-eabi/lib/thumb2/libstdc++.a(fundamental_type_info.o)
                0x00019368                _ZTIPKDf
 .rodata._ZTIPDf
                0x00019378       0x10 /opt/york/cs/net/sourcery-g++-lite-arm-eabi-2010.09.51-i686-1/arm-none-eabi/lib/thumb2/libstdc++.a(fundamental_type_info.o)
                0x00019378                _ZTIPDf
 .rodata._ZTIDf
                0x00019388        0x8 /opt/york/cs/net/sourcery-g++-lite-arm-eabi-2010.09.51-i686-1/arm-none-eabi/lib/thumb2/libstdc++.a(fundamental_type_info.o)
                0x00019388                _ZTIDf
 .rodata._ZTIPKe
                0x00019390       0x10 /opt/york/cs/net/sourcery-g++-lite-arm-eabi-2010.09.51-i686-1/arm-none-eabi/lib/thumb2/libstdc++.a(fundamental_type_info.o)
                0x00019390                _ZTIPKe
 .rodata._ZTIPe
                0x000193a0       0x10 /opt/york/cs/net/sourcery-g++-lite-arm-eabi-2010.09.51-i686-1/arm-none-eabi/lib/thumb2/libstdc++.a(fundamental_type_info.o)
                0x000193a0                _ZTIPe
 .rodata._ZTIe  0x000193b0        0x8 /opt/york/cs/net/sourcery-g++-lite-arm-eabi-2010.09.51-i686-1/arm-none-eabi/lib/thumb2/libstdc++.a(fundamental_type_info.o)
                0x000193b0                _ZTIe
 .rodata._ZTIPKd
                0x000193b8       0x10 /opt/york/cs/net/sourcery-g++-lite-arm-eabi-2010.09.51-i686-1/arm-none-eabi/lib/thumb2/libstdc++.a(fundamental_type_info.o)
                0x000193b8                _ZTIPKd
 .rodata._ZTIPd
                0x000193c8       0x10 /opt/york/cs/net/sourcery-g++-lite-arm-eabi-2010.09.51-i686-1/arm-none-eabi/lib/thumb2/libstdc++.a(fundamental_type_info.o)
                0x000193c8                _ZTIPd
 .rodata._ZTId  0x000193d8        0x8 /opt/york/cs/net/sourcery-g++-lite-arm-eabi-2010.09.51-i686-1/arm-none-eabi/lib/thumb2/libstdc++.a(fundamental_type_info.o)
                0x000193d8                _ZTId
 .rodata._ZTIPKf
                0x000193e0       0x10 /opt/york/cs/net/sourcery-g++-lite-arm-eabi-2010.09.51-i686-1/arm-none-eabi/lib/thumb2/libstdc++.a(fundamental_type_info.o)
                0x000193e0                _ZTIPKf
 .rodata._ZTIPf
                0x000193f0       0x10 /opt/york/cs/net/sourcery-g++-lite-arm-eabi-2010.09.51-i686-1/arm-none-eabi/lib/thumb2/libstdc++.a(fundamental_type_info.o)
                0x000193f0                _ZTIPf
 .rodata._ZTIf  0x00019400        0x8 /opt/york/cs/net/sourcery-g++-lite-arm-eabi-2010.09.51-i686-1/arm-none-eabi/lib/thumb2/libstdc++.a(fundamental_type_info.o)
                0x00019400                _ZTIf
 .rodata._ZTIPKy
                0x00019408       0x10 /opt/york/cs/net/sourcery-g++-lite-arm-eabi-2010.09.51-i686-1/arm-none-eabi/lib/thumb2/libstdc++.a(fundamental_type_info.o)
                0x00019408                _ZTIPKy
 .rodata._ZTIPy
                0x00019418       0x10 /opt/york/cs/net/sourcery-g++-lite-arm-eabi-2010.09.51-i686-1/arm-none-eabi/lib/thumb2/libstdc++.a(fundamental_type_info.o)
                0x00019418                _ZTIPy
 .rodata._ZTIy  0x00019428        0x8 /opt/york/cs/net/sourcery-g++-lite-arm-eabi-2010.09.51-i686-1/arm-none-eabi/lib/thumb2/libstdc++.a(fundamental_type_info.o)
                0x00019428                _ZTIy
 .rodata._ZTIPKx
                0x00019430       0x10 /opt/york/cs/net/sourcery-g++-lite-arm-eabi-2010.09.51-i686-1/arm-none-eabi/lib/thumb2/libstdc++.a(fundamental_type_info.o)
                0x00019430                _ZTIPKx
 .rodata._ZTIPx