Archive member included because of file (symbol)

/opt/york/cs/net/sourcery-g++-lite-arm-eabi-2010.09.51-i686-1/arm-none-eabi/lib/thumb2/libg.a(lib_a-atoi.o)
                              main.o (atoi)
/opt/york/cs/net/sourcery-g++-lite-arm-eabi-2010.09.51-i686-1/arm-none-eabi/lib/thumb2/libg.a(lib_a-malloc.o)
                              packet-manager.o (malloc)
/opt/york/cs/net/sourcery-g++-lite-arm-eabi-2010.09.51-i686-1/arm-none-eabi/lib/thumb2/libg.a(lib_a-mallocr.o)
                              /opt/york/cs/net/sourcery-g++-lite-arm-eabi-2010.09.51-i686-1/arm-none-eabi/lib/thumb2/libg.a(lib_a-malloc.o) (_malloc_r)
/opt/york/cs/net/sourcery-g++-lite-arm-eabi-2010.09.51-i686-1/arm-none-eabi/lib/thumb2/libg.a(lib_a-memcpy.o)
                              lib/serial-dmx.o (memcpy)
/opt/york/cs/net/sourcery-g++-lite-arm-eabi-2010.09.51-i686-1/arm-none-eabi/lib/thumb2/libg.a(lib_a-memset.o)
                              packet-manager.o (memset)
/opt/york/cs/net/sourcery-g++-lite-arm-eabi-2010.09.51-i686-1/arm-none-eabi/lib/thumb2/libg.a(lib_a-mlock.o)
                              /opt/york/cs/net/sourcery-g++-lite-arm-eabi-2010.09.51-i686-1/arm-none-eabi/lib/thumb2/libg.a(lib_a-mallocr.o) (__malloc_lock)
/opt/york/cs/net/sourcery-g++-lite-arm-eabi-2010.09.51-i686-1/arm-none-eabi/lib/thumb2/libg.a(lib_a-sbrkr.o)
                              /opt/york/cs/net/sourcery-g++-lite-arm-eabi-2010.09.51-i686-1/arm-none-eabi/lib/thumb2/libg.a(lib_a-mallocr.o) (_sbrk_r)
/opt/york/cs/net/sourcery-g++-lite-arm-eabi-2010.09.51-i686-1/arm-none-eabi/lib/thumb2/libg.a(lib_a-sprintf.o)
                              main.o (sprintf)
/opt/york/cs/net/sourcery-g++-lite-arm-eabi-2010.09.51-i686-1/arm-none-eabi/lib/thumb2/libg.a(lib_a-strlen.o)
                              main.o (strlen)
/opt/york/cs/net/sourcery-g++-lite-arm-eabi-2010.09.51-i686-1/arm-none-eabi/lib/thumb2/libg.a(lib_a-strtol.o)
                              /opt/york/cs/net/sourcery-g++-lite-arm-eabi-2010.09.51-i686-1/arm-none-eabi/lib/thumb2/libg.a(lib_a-atoi.o) (_strtol_r)
/opt/york/cs/net/sourcery-g++-lite-arm-eabi-2010.09.51-i686-1/arm-none-eabi/lib/thumb2/libg.a(lib_a-svfprintf.o)
                              /opt/york/cs/net/sourcery-g++-lite-arm-eabi-2010.09.51-i686-1/arm-none-eabi/lib/thumb2/libg.a(lib_a-sprintf.o) (_svfprintf_r)
/opt/york/cs/net/sourcery-g++-lite-arm-eabi-2010.09.51-i686-1/arm-none-eabi/lib/thumb2/libg.a(lib_a-vsprintf.o)
                              lib/serial.o (vsprintf)
/opt/york/cs/net/sourcery-g++-lite-arm-eabi-2010.09.51-i686-1/arm-none-eabi/lib/thumb2/libg.a(lib_a-ctype_.o)
                              /opt/york/cs/net/sourcery-g++-lite-arm-eabi-2010.09.51-i686-1/arm-none-eabi/lib/thumb2/libg.a(lib_a-strtol.o) (__ctype_ptr__)
/opt/york/cs/net/sourcery-g++-lite-arm-eabi-2010.09.51-i686-1/arm-none-eabi/lib/thumb2/libg.a(lib_a-dtoa.o)
                              /opt/york/cs/net/sourcery-g++-lite-arm-eabi-2010.09.51-i686-1/arm-none-eabi/lib/thumb2/libg.a(lib_a-svfprintf.o) (_dtoa_r)
/opt/york/cs/net/sourcery-g++-lite-arm-eabi-2010.09.51-i686-1/arm-none-eabi/lib/thumb2/libg.a(lib_a-freer.o)
                              /opt/york/cs/net/sourcery-g++-lite-arm-eabi-2010.09.51-i686-1/arm-none-eabi/lib/thumb2/libg.a(lib_a-malloc.o) (_free_r)
/opt/york/cs/net/sourcery-g++-lite-arm-eabi-2010.09.51-i686-1/arm-none-eabi/lib/thumb2/libg.a(lib_a-impure.o)
                              /opt/york/cs/net/sourcery-g++-lite-arm-eabi-2010.09.51-i686-1/arm-none-eabi/lib/thumb2/libg.a(lib_a-malloc.o) (_impure_ptr)
/opt/york/cs/net/sourcery-g++-lite-arm-eabi-2010.09.51-i686-1/arm-none-eabi/lib/thumb2/libg.a(lib_a-locale.o)
                              /opt/york/cs/net/sourcery-g++-lite-arm-eabi-2010.09.51-i686-1/arm-none-eabi/lib/thumb2/libg.a(lib_a-svfprintf.o) (_localeconv_r)
/opt/york/cs/net/sourcery-g++-lite-arm-eabi-2010.09.51-i686-1/arm-none-eabi/lib/thumb2/libg.a(lib_a-memchr.o)
                              /opt/york/cs/net/sourcery-g++-lite-arm-eabi-2010.09.51-i686-1/arm-none-eabi/lib/thumb2/libg.a(lib_a-svfprintf.o) (memchr)
/opt/york/cs/net/sourcery-g++-lite-arm-eabi-2010.09.51-i686-1/arm-none-eabi/lib/thumb2/libg.a(lib_a-mprec.o)
                              /opt/york/cs/net/sourcery-g++-lite-arm-eabi-2010.09.51-i686-1/arm-none-eabi/lib/thumb2/libg.a(lib_a-dtoa.o) (_Balloc)
/opt/york/cs/net/sourcery-g++-lite-arm-eabi-2010.09.51-i686-1/arm-none-eabi/lib/thumb2/libg.a(lib_a-reent.o)
                              /opt/york/cs/net/sourcery-g++-lite-arm-eabi-2010.09.51-i686-1/arm-none-eabi/lib/thumb2/libg.a(lib_a-sbrkr.o) (errno)
/opt/york/cs/net/sourcery-g++-lite-arm-eabi-2010.09.51-i686-1/arm-none-eabi/lib/thumb2/libg.a(lib_a-s_fpclassify.o)
                              /opt/york/cs/net/sourcery-g++-lite-arm-eabi-2010.09.51-i686-1/arm-none-eabi/lib/thumb2/libg.a(lib_a-svfprintf.o) (__fpclassifyd)
/opt/york/cs/net/sourcery-g++-lite-arm-eabi-2010.09.51-i686-1/arm-none-eabi/lib/thumb2/libg.a(lib_a-strcmp.o)
[...]
Memory Configuration

Name             Origin             Length             Attributes
rom              0x00000000         0x00080000         xr
ram              0x10000000         0x00008000         xrw
ram1             0x2007c000         0x00004000         xrw
ram2             0x20080000         0x00004000         xrw
*default*        0x00000000         0xffffffff

Linker script and memory map

LOAD /opt/york/cs/net/sourcery-g++-lite-arm-eabi-2010.09.51-i686-1/bin/../lib/gcc/arm-none-eabi/4.5.1/thumb2/crti.o
LOAD /opt/york/cs/net/sourcery-g++-lite-arm-eabi-2010.09.51-i686-1/bin/../lib/gcc/arm-none-eabi/4.5.1/thumb2/crtbegin.o
LOAD main.o
LOAD packet-manager.o
LOAD sequence-manager.o
LOAD lib/serial.o
LOAD lib/pindef.o
LOAD lib/i2c.o
LOAD lib/serial-dmx.o
LOAD lib/utilities.o
LOAD lib/keypad.o
LOAD lib/display.o
LOAD lib/analog.o
LOAD /opt/york/cs/net/lpc1700-cmsis-lite-2011.01.26-i686-1/lib/core_cm3.o
LOAD /opt/york/cs/net/lpc1700-cmsis-lite-2011.01.26-i686-1/lib/system_LPC17xx.o
LOAD /opt/york/cs/net/lpc1700-cmsis-lite-2011.01.26-i686-1/lib/startup_LPC17xx.o
START GROUP
LOAD /opt/york/cs/net/sourcery-g++-lite-arm-eabi-2010.09.51-i686-1/arm-none-eabi/lib/thumb2/libg.a
LOAD /opt/york/cs/net/sourcery-g++-lite-arm-eabi-2010.09.51-i686-1/arm-none-eabi/lib/thumb2/libstdc++.a
LOAD /opt/york/cs/net/sourcery-g++-lite-arm-eabi-2010.09.51-i686-1/arm-none-eabi/lib/thumb2/libsupc++.a
LOAD /opt/york/cs/net/sourcery-g++-lite-arm-eabi-2010.09.51-i686-1/bin/../lib/gcc/arm-none-eabi/4.5.1/thumb2/libgcc.a
END GROUP
START GROUP
LOAD /opt/york/cs/net/sourcery-g++-lite-arm-eabi-2010.09.51-i686-1/bin/../lib/gcc/arm-none-eabi/4.5.1/thumb2/libgcc.a
LOAD /opt/york/cs/net/sourcery-g++-lite-arm-eabi-2010.09.51-i686-1/arm-none-eabi/lib/thumb2/libc.a
LOAD /opt/york/cs/net/sourcery-g++-lite-arm-eabi-2010.09.51-i686-1/arm-none-eabi/lib/thumb2/libcs3.a
LOAD /opt/york/cs/net/sourcery-g++-lite-arm-eabi-2010.09.51-i686-1/arm-none-eabi/lib/thumb2/libcs3unhosted.a
LOAD /opt/york/cs/net/sourcery-g++-lite-arm-eabi-2010.09.51-i686-1/arm-none-eabi/lib/thumb2/libcs3micro.a
END GROUP
                0x10008000                PROVIDE (__cs3_stack, (__cs3_region_start_ram + __cs3_region_size_ram))
                0x00006f28                PROVIDE (__cs3_stack_size, ((__cs3_region_start_ram + __cs3_region_size_ram) - _end))
                0x100010d8                PROVIDE (__cs3_heap_start, _end)
                0x10008000                PROVIDE (__cs3_heap_end, (__cs3_region_start_ram + __cs3_region_size_ram))

.text           0x00000000    0x1a5a4
 CREATE_OBJECT_SYMBOLS
                0x00000000                __cs3_region_start_rom = .
 *(.cs3.region-head.rom)
                0x00000000                __cs3_interrupt_vector = __cs3_interrupt_vector_cortex_m
 *(.cs3.interrupt_vector)
 .cs3.interrupt_vector
                0x00000000       0xcc /opt/york/cs/net/lpc1700-cmsis-lite-2011.01.26-i686-1/lib/startup_LPC17xx.o
                0x00000000                __cs3_interrupt_vector_cortex_m
                0x00000001                ASSERT ((. != __cs3_interrupt_vector_cortex_m), No interrupt vector)
 *(.rom)
 *(.rom.b)
                0x000000cc                __cs3_reset = __cs3_reset_cortex_m
 *(.cs3.reset)
 .cs3.reset     0x000000cc       0x10 /opt/york/cs/net/lpc1700-cmsis-lite-2011.01.26-i686-1/lib/startup_LPC17xx.o
                0x000000cc                __cs3_reset_cortex_m
                0x00000001                ASSERT ((. != __cs3_reset), No reset code)
 *(.text .text.* .gnu.linkonce.t.*)
 .text          0x000000dc        0x0 /opt/york/cs/net/sourcery-g++-lite-arm-eabi-2010.09.51-i686-1/bin/../lib/gcc/arm-none-eabi/4.5.1/thumb2/crti.o
 .text          0x000000dc       0x30 /opt/york/cs/net/sourcery-g++-lite-arm-eabi-2010.09.51-i686-1/bin/../lib/gcc/arm-none-eabi/4.5.1/thumb2/crtbegin.o
 .text          0x0000010c        0x0 main.o
 .text._Z8sequencei
                0x0000010c       0x84 main.o
                0x0000010c                _Z8sequencei
 .text._Z4menui
                0x00000190       0xc8 main.o
                0x00000190                _Z4menui
 .text._Z8selectori
                0x00000258       0x64 main.o
                0x00000258                _Z8selectori
 .text._Z6editorii
                0x000002bc      0x108 main.o
                0x000002bc                _Z6editorii
 .text._Z5errori
                0x000003c4       0xc0 main.o
                0x000003c4                _Z5errori
 .text._Z5musicv
                0x00000484       0xf0 main.o
                0x00000484                _Z5musicv
 .text._Z6actioni
                0x00000574      0x45c main.o
                0x00000574                _Z6actioni
 .text.main     0x000009d0       0x84 main.o
                0x000009d0                main
 .text._Z41__static_initialization_and_destruction_0ii
                0x00000a54       0x60 main.o
 .text._GLOBAL__I_pc
                0x00000ab4       0x14 main.o
 .text          0x00000ac8        0x0 packet-manager.o
 .text._ZN14packet_managerC2Ev
                0x00000ac8       0x18 packet-manager.o
                0x00000ac8                _ZN14packet_managerC2Ev
                0x00000ac8                _ZN14packet_managerC1Ev
 .text._ZN14packet_manager4initEv
                0x00000ae0       0x64 packet-manager.o
                0x00000ae0                _ZN14packet_manager4initEv
 .text._ZN14packet_manager6getptrEi
                0x00000b44       0x2c packet-manager.o
                0x00000b44                _ZN14packet_manager6getptrEi
 .text          0x00000b70        0x0 sequence-manager.o
 .text._ZN16sequence_managerC2Ev
                0x00000b70       0x18 sequence-manager.o
                0x00000b70                _ZN16sequence_managerC2Ev
                0x00000b70                _ZN16sequence_managerC1Ev
 .text._ZN16sequence_manager4initEv
                0x00000b88       0x64 sequence-manager.o
                0x00000b88                _ZN16sequence_manager4initEv
 .text._ZN16sequence_manager6getptrEi
                0x00000bec       0x2c sequence-manager.o
                0x00000bec                _ZN16sequence_manager6getptrEi
 .text          0x00000c18        0x0 lib/serial.o
 .text._ZN6SerialC2Ev
                0x00000c18       0x98 lib/serial.o
                0x00000c18                _ZN6SerialC2Ev
                0x00000c18                _ZN6SerialC1Ev
 .text._ZN6Serial4initEv
                0x00000cb0       0x58 lib/serial.o
                0x00000cb0                _ZN6Serial4initEv
 .text._ZN6Serial6printfEPcz
                0x00000d08       0x48 lib/serial.o
                0x00000d08                _ZN6Serial6printfEPcz
 .text._ZN6Serial5writeEPc
                0x00000d50       0x38 lib/serial.o
                0x00000d50                _ZN6Serial5writeEPc
 .text          0x00000d88        0x0 lib/pindef.o
 .text._Z7pinconf15PINSEL_CFG_Type
                0x00000d88       0x1c lib/pindef.o
                0x00000d88                _Z7pinconf15PINSEL_CFG_Type
 .text          0x00000da4        0x0 lib/i2c.o
 .text._ZN3I2CC2E15PINSEL_CFG_TypeS0_
                0x00000da4       0x44 lib/i2c.o
                0x00000da4                _ZN3I2CC1E15PINSEL_CFG_TypeS0_
                0x00000da4                _ZN3I2CC2E15PINSEL_CFG_TypeS0_
 .text._ZN3I2C4initEv
                0x00000de8       0x34 lib/i2c.o
                0x00000de8                _ZN3I2C4initEv
 .text._ZN3I2C5writeEmPhm
                0x00000e1c       0xb0 lib/i2c.o
                0x00000e1c                _ZN3I2C5writeEmPhm
 .text._ZN3I2C4readEmPhm
                0x00000ecc       0xb0 lib/i2c.o
                0x00000ecc                _ZN3I2C4readEmPhm
 .text          0x00000f7c        0x0 lib/serial-dmx.o
 .text._ZN3DMXC2Ev
                0x00000f7c       0x98 lib/serial-dmx.o
                0x00000f7c                _ZN3DMXC2Ev
                0x00000f7c                _ZN3DMXC1Ev
 .text._ZN3DMX4initEv
                0x00001014       0x78 lib/serial-dmx.o
                0x00001014                _ZN3DMX4initEv
 .text._ZN3DMX3padEPci
                0x0000108c       0x6c lib/serial-dmx.o
                0x0000108c                _ZN3DMX3padEPci
 .text._ZN3DMX4sendEPci
                0x000010f8       0x58 lib/serial-dmx.o
                0x000010f8                _ZN3DMX4sendEPci
 .text._ZN3DMX5writeEPci
                0x00001150       0x30 lib/serial-dmx.o
                0x00001150                _ZN3DMX5writeEPci
 .text._ZN3DMX10send_breakEv
                0x00001180       0x30 lib/serial-dmx.o
                0x00001180                _ZN3DMX10send_breakEv
 .text._ZN3DMX9end_breakEv
                0x000011b0       0x30 lib/serial-dmx.o
                0x000011b0                _ZN3DMX9end_breakEv
 .text          0x000011e0        0x0 lib/utilities.o
 .text._Z5delayi
                0x000011e0       0x34 lib/utilities.o
                0x000011e0                _Z5delayi
 .text._Z41__static_initialization_and_destruction_0ii
                0x00001214       0x9c lib/utilities.o
 .text._GLOBAL__I_i2c
                0x000012b0       0x14 lib/utilities.o
 .text          0x000012c4        0x0 lib/keypad.o
 .text._Z8checkrowcciPFviE
                0x000012c4      0x124 lib/keypad.o
                0x000012c4                _Z8checkrowcciPFviE
 .text._Z12keypad_checkPFviE
                0x000013e8       0x88 lib/keypad.o
                0x000013e8                _Z12keypad_checkPFviE
 .text          0x00001470        0x0 lib/display.o
 .text._Z5resetv
                0x00001470       0x44 lib/display.o
                0x00001470                _Z5resetv
 .text._Z13setup_displayv
                0x000014b4       0x3c lib/display.o
                0x000014b4                _Z13setup_displayv
 .text._Z11return_homev
                0x000014f0       0x34 lib/display.o
                0x000014f0                _Z11return_homev
 .text._Z10shift_linev
                0x00001524       0x34 lib/display.o
                0x00001524                _Z10shift_linev
 .text._Z12cursor_shift10Shift_Typei
                0x00001558       0xb0 lib/display.o
                0x00001558                _Z12cursor_shift10Shift_Typei
 .text._Z9printcharc
                0x00001608       0x44 lib/display.o
                0x00001608                _Z9printcharc
 .text._Z9putcustomc
                0x0000164c       0x3c lib/display.o
                0x0000164c                _Z9putcustomc
 .text._Z8printstrPc
                0x00001688       0x44 lib/display.o
                0x00001688                _Z8printstrPc
 .text._Z13clear_displayv
                0x000016cc       0x70 lib/display.o
                0x000016cc                _Z13clear_displayv
 .text          0x0000173c        0x0 lib/analog.o
 .text._ZN8AnalogInC2Ev
                0x0000173c       0x58 lib/analog.o
                0x0000173c                _ZN8AnalogInC2Ev
                0x0000173c                _ZN8AnalogInC1Ev
 .text._ZN9AnalogOutC2Ev
                0x00001794       0x58 lib/analog.o
                0x00001794                _ZN9AnalogOutC1Ev
                0x00001794                _ZN9AnalogOutC2Ev
 .text._ZN8AnalogIn4initEv
                0x000017ec       0x4c lib/analog.o
                0x000017ec                _ZN8AnalogIn4initEv
 .text._ZN9AnalogOut4initEv
                0x00001838       0x1c lib/analog.o
                0x00001838                _ZN9AnalogOut4initEv
 .text._ZN8AnalogIn4readEv
                0x00001854       0x5c lib/analog.o
                0x00001854                _ZN8AnalogIn4readEv
 .text._ZN9AnalogOut5writeEm
                0x000018b0       0x20 lib/analog.o
                0x000018b0                _ZN9AnalogOut5writeEm
 .text          0x000018d0        0x0 /opt/york/cs/net/lpc1700-cmsis-lite-2011.01.26-i686-1/lib/core_cm3.o
 .text          0x000018d0        0x0 /opt/york/cs/net/lpc1700-cmsis-lite-2011.01.26-i686-1/lib/system_LPC17xx.o
 .text.SystemCoreClockUpdate
                0x000018d0      0x228 /opt/york/cs/net/lpc1700-cmsis-lite-2011.01.26-i686-1/lib/system_LPC17xx.o
                0x000018d0                SystemCoreClockUpdate
 .text.SystemInit
                0x00001af8      0x240 /opt/york/cs/net/lpc1700-cmsis-lite-2011.01.26-i686-1/lib/system_LPC17xx.o
                0x00001af8                SystemInit
 .text          0x00001d38       0x14 /opt/york/cs/net/lpc1700-cmsis-lite-2011.01.26-i686-1/lib/startup_LPC17xx.o
                0x00001d38                NMI_Handler
                0x00001d3a                HardFault_Handler
                0x00001d3c                MemManage_Handler
                0x00001d3e                BusFault_Handler
                0x00001d40                UsageFault_Handler
                0x00001d42                SVC_Handler
                0x00001d44                DebugMon_Handler
                0x00001d46                PendSV_Handler
                0x00001d48                SysTick_Handler
                0x00001d4a                TIMER2_IRQHandler
                0x00001d4a                RIT_IRQHandler
                0x00001d4a                I2C0_IRQHandler
                0x00001d4a                USBActivity_IRQHandler
                0x00001d4a                PWM1_IRQHandler
                0x00001d4a                I2C1_IRQHandler
                0x00001d4a                EINT2_IRQHandler
                0x00001d4a                UART1_IRQHandler
                0x00001d4a                EINT3_IRQHandler
                0x00001d4a                CANActivity_IRQHandler
                0x00001d4a                TIMER3_IRQHandler
                0x00001d4a                UART0_IRQHandler
                0x00001d4a                PLL0_IRQHandler
                0x00001d4a                CAN_IRQHandler
                0x00001d4a                PLL1_IRQHandler
                0x00001d4a                SSP0_IRQHandler
                0x00001d4a                I2S_IRQHandler
                0x00001d4a                I2C2_IRQHandler
                0x00001d4a                RTC_IRQHandler
                0x00001d4a                TIMER0_IRQHandler
                0x00001d4a                SPI_IRQHandler
                0x00001d4a                EINT1_IRQHandler
                0x00001d4a                TIMER1_IRQHandler
                0x00001d4a                UART2_IRQHandler
                0x00001d4a                Default_Handler
                0x00001d4a                ADC_IRQHandler
                0x00001d4a                SSP1_IRQHandler
                0x00001d4a                USB_IRQHandler
                0x00001d4a                BOD_IRQHandler
                0x00001d4a                WDT_IRQHandler
                0x00001d4a                QEI_IRQHandler
                0x00001d4a                EINT0_IRQHandler
                0x00001d4a                DMA_IRQHandler
                0x00001d4a                UART3_IRQHandler
                0x00001d4a                MCPWM_IRQHandler
                0x00001d4a                ENET_IRQHandler
 .text          0x00001d4c       0x10 /opt/york/cs/net/sourcery-g++-lite-arm-eabi-2010.09.51-i686-1/arm-none-eabi/lib/thumb2/libg.a(lib_a-atoi.o)
                0x00001d4c                atoi
                0x00001d54                _atoi_r
 .text          0x00001d5c       0x20 /opt/york/cs/net/sourcery-g++-lite-arm-eabi-2010.09.51-i686-1/arm-none-eabi/lib/thumb2/libg.a(lib_a-malloc.o)
                0x00001d5c                malloc
                0x00001d6c                free
 .text          0x00001d7c      0x57c /opt/york/cs/net/sourcery-g++-lite-arm-eabi-2010.09.51-i686-1/arm-none-eabi/lib/thumb2/libg.a(lib_a-mallocr.o)
                0x00001d7c                _malloc_r
 .text          0x000022f8      0x150 /opt/york/cs/net/sourcery-g++-lite-arm-eabi-2010.09.51-i686-1/arm-none-eabi/lib/thumb2/libg.a(lib_a-memcpy.o)
                0x000022f8                memcpy
 .text          0x00002448       0xb4 /opt/york/cs/net/sourcery-g++-lite-arm-eabi-2010.09.51-i686-1/arm-none-eabi/lib/thumb2/libg.a(lib_a-memset.o)
                0x00002448                memset
 .text          0x000024fc        0x8 /opt/york/cs/net/sourcery-g++-lite-arm-eabi-2010.09.51-i686-1/arm-none-eabi/lib/thumb2/libg.a(lib_a-mlock.o)
                0x000024fc                __malloc_lock
                0x00002500                __malloc_unlock
 .text          0x00002504       0x28 /opt/york/cs/net/sourcery-g++-lite-arm-eabi-2010.09.51-i686-1/arm-none-eabi/lib/thumb2/libg.a(lib_a-sbrkr.o)
                0x00002504                _sbrk_r
 .text          0x0000252c       0x94 /opt/york/cs/net/sourcery-g++-lite-arm-eabi-2010.09.51-i686-1/arm-none-eabi/lib/thumb2/libg.a(lib_a-sprintf.o)
                0x0000252c                _sprintf_r
                0x00002570                sprintf
 .text          0x000025c0       0x60 /opt/york/cs/net/sourcery-g++-lite-arm-eabi-2010.09.51-i686-1/arm-none-eabi/lib/thumb2/libg.a(lib_a-strlen.o)
                0x000025c0                strlen
 .text          0x00002620      0x17c /opt/york/cs/net/sourcery-g++-lite-arm-eabi-2010.09.51-i686-1/arm-none-eabi/lib/thumb2/libg.a(lib_a-strtol.o)
                0x00002620                _strtol_r
                0x00002784                strtol
 .text          0x0000279c     0x1658 /opt/york/cs/net/sourcery-g++-lite-arm-eabi-2010.09.51-i686-1/arm-none-eabi/lib/thumb2/libg.a(lib_a-svfprintf.o)
                0x0000279c                _svfprintf_r
 .text          0x00003df4       0x4c /opt/york/cs/net/sourcery-g++-lite-arm-eabi-2010.09.51-i686-1/arm-none-eabi/lib/thumb2/libg.a(lib_a-vsprintf.o)
                0x00003df4                _vsprintf_r
                0x00003e28                vsprintf
 .text          0x00003e40        0x0 /opt/york/cs/net/sourcery-g++-lite-arm-eabi-2010.09.51-i686-1/arm-none-eabi/lib/thumb2/libg.a(lib_a-ctype_.o)
 .text          0x00003e40     0x1000 /opt/york/cs/net/sourcery-g++-lite-arm-eabi-2010.09.51-i686-1/arm-none-eabi/lib/thumb2/libg.a(lib_a-dtoa.o)
                0x00003f6c                _dtoa_r
 .text          0x00004e40      0x240 /opt/york/cs/net/sourcery-g++-lite-arm-eabi-2010.09.51-i686-1/arm-none-eabi/lib/thumb2/libg.a(lib_a-freer.o)
                0x00004e40                _malloc_trim_r
                0x00004ee8                _free_r
 .text          0x00005080        0x0 /opt/york/cs/net/sourcery-g++-lite-arm-eabi-2010.09.51-i686-1/arm-none-eabi/lib/thumb2/libg.a(lib_a-impure.o)
 .text          0x00005080       0xa0 /opt/york/cs/net/sourcery-g++-lite-arm-eabi-2010.09.51-i686-1/arm-none-eabi/lib/thumb2/libg.a(lib_a-locale.o)
                0x00005080                _setlocale_r
                0x000050dc                __locale_charset
                0x000050e8                __locale_mb_cur_max
                0x000050f4                __locale_msgcharset
                0x000050fc                __locale_cjk_lang
                0x00005100                _localeconv_r
                0x00005108                setlocale
                0x00005118                localeconv
 .text          0x00005120       0x88 /opt/york/cs/net/sourcery-g++-lite-arm-eabi-2010.09.51-i686-1/arm-none-eabi/lib/thumb2/libg.a(lib_a-memchr.o)
                0x00005120                memchr
 .text          0x000051a8      0x920 /opt/york/cs/net/sourcery-g++-lite-arm-eabi-2010.09.51-i686-1/arm-none-eabi/lib/thumb2/libg.a(lib_a-mprec.o)
                0x000051a8                _Balloc
                0x00005210                _Bfree
                0x00005248                __multadd
                0x000052cc                __s2b
                0x00005360                __hi0bits
                0x000053a0                __lo0bits
                0x00005404                __i2b
                0x00005418                __multiply
                0x00005540                __pow5mult
                0x000055e4                __lshift
                0x00005690                __mcmp
                0x000056cc                __mdiff
                0x000057c4                __ulp
                0x0000580c                __b2d
                0x000058b8                __d2b
                0x00005980                __ratio
                0x000059f0                _mprec_log10
                0x00005a24                __copybits
                0x00005a6c                __any_on
 .text          0x00005ac8      0x114 /opt/york/cs/net/sourcery-g++-lite-arm-eabi-2010.09.51-i686-1/arm-none-eabi/lib/thumb2/libg.a(lib_a-reent.o)
                0x00005ac8                cleanup_glue
                0x00005ae4                _reclaim_reent
                0x00005ba4                _wrapup_reent
 .text          0x00005bdc       0x90 /opt/york/cs/net/sourcery-g++-lite-arm-eabi-2010.09.51-i686-1/arm-none-eabi/lib/thumb2/libg.a(lib_a-s_fpclassify.o)
                0x00005bdc                __fpclassifyd
 .text          0x00005c6c      0x1dc /opt/york/cs/net/sourcery-g++-lite-arm-eabi-2010.09.51-i686-1/arm-none-eabi/lib/thumb2/libg.a(lib_a-strcmp.o)
                0x00005c6c                strcmp
 .text          0x00005e48      0xbe4 /opt/york/cs/net/sourcery-g++-lite-arm-eabi-2010.09.51-i686-1/arm-none-eabi/lib/thumb2/libg.a(lib_a-svfiprintf.o)
                0x00005e48                __ssprint_r
                0x00005f50                _svfiprintf_r
 .text          0x00006a2c       0x5c /opt/york/cs/net/sourcery-g++-lite-arm-eabi-2010.09.51-i686-1/arm-none-eabi/lib/thumb2/libg.a(lib_a-callocr.o)
                0x00006a2c                _calloc_r
 .text          0x00006a88       0xa0 /opt/york/cs/net/sourcery-g++-lite-arm-eabi-2010.09.51-i686-1/arm-none-eabi/lib/thumb2/libg.a(lib_a-memmove.o)
                0x00006a88                memmove
 .text          0x00006b28      0x41c /opt/york/cs/net/sourcery-g++-lite-arm-eabi-2010.09.51-i686-1/arm-none-eabi/lib/thumb2/libg.a(lib_a-reallocr.o)
                0x00006b28                _realloc_r
 .text          0x00006f44        0xc /opt/york/cs/net/sourcery-g++-lite-arm-eabi-2010.09.51-i686-1/arm-none-eabi/lib/thumb2/libstdc++.a(eh_arm.o)
                0x00006f44                __cxa_end_cleanup
 .text.__cxa_type_match
                0x00006f50       0xfc /opt/york/cs/net/sourcery-g++-lite-arm-eabi-2010.09.51-i686-1/arm-none-eabi/lib/thumb2/libstdc++.a(eh_arm.o)
                0x00006f50                __cxa_type_match
 .text.__cxa_begin_cleanup
                0x0000704c       0x70 /opt/york/cs/net/sourcery-g++-lite-arm-eabi-2010.09.51-i686-1/arm-none-eabi/lib/thumb2/libstdc++.a(eh_arm.o)
                0x0000704c                __cxa_begin_cleanup
 .text.__gnu_end_cleanup
                0x000070bc       0x7c /opt/york/cs/net/sourcery-g++-lite-arm-eabi-2010.09.51-i686-1/arm-none-eabi/lib/thumb2/libstdc++.a(eh_arm.o)
                0x000070bc                __gnu_end_cleanup
 .text          0x00007138        0x0 /opt/york/cs/net/sourcery-g++-lite-arm-eabi-2010.09.51-i686-1/arm-none-eabi/lib/thumb2/libstdc++.a(fundamental_type_info.o)
 .text._ZN10__cxxabiv123__fundamental_type_infoD2Ev
                0x00007138       0x14 /opt/york/cs/net/sourcery-g++-lite-arm-eabi-2010.09.51-i686-1/arm-none-eabi/lib/thumb2/libstdc++.a(fundamental_type_info.o)
                0x00007138                _ZN10__cxxabiv123__fundamental_type_infoD1Ev
                0x00007138                _ZN10__cxxabiv123__fundamental_type_infoD2Ev
 .text._ZN10__cxxabiv123__fundamental_type_infoD0Ev
                0x0000714c       0x1c /opt/york/cs/net/sourcery-g++-lite-arm-eabi-2010.09.51-i686-1/arm-none-eabi/lib/thumb2/libstdc++.a(fundamental_type_info.o)
                0x0000714c                _ZN10__cxxabiv123__fundamental_type_infoD0Ev
 .text          0x00007168        0x0 /opt/york/cs/net/sourcery-g++-lite-arm-eabi-2010.09.51-i686-1/arm-none-eabi/lib/thumb2/libstdc++.a(pointer_type_info.o)
 .text._ZNK10__cxxabiv119__pointer_type_info14__is_pointer_pEv
                0x00007168        0x4 /opt/york/cs/net/sourcery-g++-lite-arm-eabi-2010.09.51-i686-1/arm-none-eabi/lib/thumb2/libstdc++.a(pointer_type_info.o)
                0x00007168                _ZNK10__cxxabiv119__pointer_type_info14__is_pointer_pEv
 .text._ZNK10__cxxabiv119__pointer_type_info15__pointer_catchEPKNS_17__pbase_type_infoEPPvj
                0x0000716c       0x4c /opt/york/cs/net/sourcery-g++-lite-arm-eabi-2010.09.51-i686-1/arm-none-eabi/lib/thumb2/libstdc++.a(pointer_type_info.o)
                0x0000716c                _ZNK10__cxxabiv119__pointer_type_info15__pointer_catchEPKNS_17__pbase_type_infoEPPvj
 .text._ZN10__cxxabiv119__pointer_type_infoD2Ev
                0x000071b8       0x14 /opt/york/cs/net/sourcery-g++-lite-arm-eabi-2010.09.51-i686-1/arm-none-eabi/lib/thumb2/libstdc++.a(pointer_type_info.o)
                0x000071b8                _ZN10__cxxabiv119__pointer_type_infoD1Ev
                0x000071b8                _ZN10__cxxabiv119__pointer_type_infoD2Ev
 .text._ZN10__cxxabiv119__pointer_type_infoD0Ev
                0x000071cc       0x1c /opt/york/cs/net/sourcery-g++-lite-arm-eabi-2010.09.51-i686-1/arm-none-eabi/lib/thumb2/libstdc++.a(pointer_type_info.o)
                0x000071cc                _ZN10__cxxabiv119__pointer_type_infoD0Ev
 .text          0x000071e8        0x0 /opt/york/cs/net/sourcery-g++-lite-arm-eabi-2010.09.51-i686-1/arm-none-eabi/lib/thumb2/libstdc++.a(eh_alloc.o)
 .text.__cxa_allocate_exception
                0x000071e8       0x7c /opt/york/cs/net/sourcery-g++-lite-arm-eabi-2010.09.51-i686-1/arm-none-eabi/lib/thumb2/libstdc++.a(eh_alloc.o)
                0x000071e8                __cxa_allocate_exception
 .text.__cxa_free_exception
                0x00007264       0x3c /opt/york/cs/net/sourcery-g++-lite-arm-eabi-2010.09.51-i686-1/arm-none-eabi/lib/thumb2/libstdc++.a(eh_alloc.o)
                0x00007264                __cxa_free_exception
 .text.__cxa_allocate_dependent_exception
                0x000072a0       0x78 /opt/york/cs/net/sourcery-g++-lite-arm-eabi-2010.09.51-i686-1/arm-none-eabi/lib/thumb2/libstdc++.a(eh_alloc.o)
                0x000072a0                __cxa_allocate_dependent_exception
 .text.__cxa_free_dependent_exception
                0x00007318       0x4c /opt/york/cs/net/sourcery-g++-lite-arm-eabi-2010.09.51-i686-1/arm-none-eabi/lib/thumb2/libstdc++.a(eh_alloc.o)
                0x00007318                __cxa_free_dependent_exception
 .text._GLOBAL__I___cxa_allocate_exception
                0x00007364        0x4 /opt/york/cs/net/sourcery-g++-lite-arm-eabi-2010.09.51-i686-1/arm-none-eabi/lib/thumb2/libstdc++.a(eh_alloc.o)
 .text          0x00007368        0x0 /opt/york/cs/net/sourcery-g++-lite-arm-eabi-2010.09.51-i686-1/arm-none-eabi/lib/thumb2/libstdc++.a(tinfo.o)
 .text._ZNSt9type_infoD2Ev
                0x00007368        0xc /opt/york/cs/net/sourcery-g++-lite-arm-eabi-2010.09.51-i686-1/arm-none-eabi/lib/thumb2/libstdc++.a(tinfo.o)
                0x00007368                _ZNSt9type_infoD1Ev
                0x00007368                _ZNSt9type_infoD2Ev
 .text._ZNKSt9type_info14__is_pointer_pEv
                0x00007374        0x4 /opt/york/cs/net/sourcery-g++-lite-arm-eabi-2010.09.51-i686-1/arm-none-eabi/lib/thumb2/libstdc++.a(tinfo.o)
                0x00007374                _ZNKSt9type_info14__is_pointer_pEv
 .text._ZNKSt9type_info15__is_function_pEv
                0x00007378        0x4 /opt/york/cs/net/sourcery-g++-lite-arm-eabi-2010.09.51-i686-1/arm-none-eabi/lib/thumb2/libstdc++.a(tinfo.o)
                0x00007378                _ZNKSt9type_info15__is_function_pEv
 .text._ZNKSt9type_info11__do_upcastEPKN10__cxxabiv117__class_type_infoEPPv
                0x0000737c        0x4 /opt/york/cs/net/sourcery-g++-lite-arm-eabi-2010.09.51-i686-1/arm-none-eabi/lib/thumb2/libstdc++.a(tinfo.o)
                0x0000737c                _ZNKSt9type_info11__do_upcastEPKN10__cxxabiv117__class_type_infoEPPv
 .text._ZNSt9type_infoD0Ev
                0x00007380       0x14 /opt/york/cs/net/sourcery-g++-lite-arm-eabi-2010.09.51-i686-1/arm-none-eabi/lib/thumb2/libstdc++.a(tinfo.o)
                0x00007380                _ZNSt9type_infoD0Ev
 .text._ZNKSt9type_infoeqERKS_
                0x00007394       0x3c /opt/york/cs/net/sourcery-g++-lite-arm-eabi-2010.09.51-i686-1/arm-none-eabi/lib/thumb2/libstdc++.a(tinfo.o)
                0x00007394                _ZNKSt9type_infoeqERKS_
 .text._ZNKSt9type_info10__do_catchEPKS_PPvj
                0x000073d0        0x4 /opt/york/cs/net/sourcery-g++-lite-arm-eabi-2010.09.51-i686-1/arm-none-eabi/lib/thumb2/libstdc++.a(tinfo.o)
                0x000073d0                _ZNKSt9type_info10__do_catchEPKS_PPvj
 .text          0x000073d4        0x0 /opt/york/cs/net/sourcery-g++-lite-arm-eabi-2010.09.51-i686-1/arm-none-eabi/lib/thumb2/libstdc++.a(class_type_info.o)
 .text._ZNK10__cxxabiv117__class_type_info11__do_upcastEPKS0_PPv
                0x000073d4       0x38 /opt/york/cs/net/sourcery-g++-lite-arm-eabi-2010.09.51-i686-1/arm-none-eabi/lib/thumb2/libstdc++.a(class_type_info.o)
                0x000073d4                _ZNK10__cxxabiv117__class_type_info11__do_upcastEPKS0_PPv
 .text._ZNK10__cxxabiv117__class_type_info20__do_find_public_srcEiPKvPKS0_S2_
                0x0000740c        0xc /opt/york/cs/net/sourcery-g++-lite-arm-eabi-2010.09.51-i686-1/arm-none-eabi/lib/thumb2/libstdc++.a(class_type_info.o)
                0x0000740c                _ZNK10__cxxabiv117__class_type_info20__do_find_public_srcEiPKvPKS0_S2_
 .text._ZNK10__cxxabiv117__class_type_info11__do_upcastEPKS0_PKvRNS0_15__upcast_resultE
                0x00007418       0x1c /opt/york/cs/net/sourcery-g++-lite-arm-eabi-2010.09.51-i686-1/arm-none-eabi/lib/thumb2/libstdc++.a(class_type_info.o)
                0x00007418                _ZNK10__cxxabiv117__class_type_info11__do_upcastEPKS0_PKvRNS0_15__upcast_resultE
 .text._ZNK10__cxxabiv117__class_type_info12__do_dyncastEiNS0_10__sub_kindEPKS0_PKvS3_S5_RNS0_16__dyncast_resultE
                0x00007434       0x3c /opt/york/cs/net/sourcery-g++-lite-arm-eabi-2010.09.51-i686-1/arm-none-eabi/lib/thumb2/libstdc++.a(class_type_info.o)
                0x00007434                _ZNK10__cxxabiv117__class_type_info12__do_dyncastEiNS0_10__sub_kindEPKS0_PKvS3_S5_RNS0_16__dyncast_resultE
 .text._ZNK10__cxxabiv117__class_type_info10__do_catchEPKSt9type_infoPPvj
                0x00007470       0x28 /opt/york/cs/net/sourcery-g++-lite-arm-eabi-2010.09.51-i686-1/arm-none-eabi/lib/thumb2/libstdc++.a(class_type_info.o)
                0x00007470                _ZNK10__cxxabiv117__class_type_info10__do_catchEPKSt9type_infoPPvj
 .text._ZN10__cxxabiv117__class_type_infoD2Ev
                0x00007498       0x14 /opt/york/cs/net/sourcery-g++-lite-arm-eabi-2010.09.51-i686-1/arm-none-eabi/lib/thumb2/libstdc++.a(class_type_info.o)
                0x00007498                _ZN10__cxxabiv117__class_type_infoD1Ev
                0x00007498                _ZN10__cxxabiv117__class_type_infoD2Ev
 .text._ZN10__cxxabiv117__class_type_infoD0Ev
                0x000074ac       0x1c /opt/york/cs/net/sourcery-g++-lite-arm-eabi-2010.09.51-i686-1/arm-none-eabi/lib/thumb2/libstdc++.a(class_type_info.o)
                0x000074ac                _ZN10__cxxabiv117__class_type_infoD0Ev
 .text          0x000074c8        0x0 /opt/york/cs/net/sourcery-g++-lite-arm-eabi-2010.09.51-i686-1/arm-none-eabi/lib/thumb2/libstdc++.a(eh_personality.o)
 .text._ZL12read_sleb128PKhPl
                0x000074c8       0x3c /opt/york/cs/net/sourcery-g++-lite-arm-eabi-2010.09.51-i686-1/arm-none-eabi/lib/thumb2/libstdc++.a(eh_personality.o)
 .text._ZL28read_encoded_value_with_basehjPKhPj
                0x00007504       0xcc /opt/york/cs/net/sourcery-g++-lite-arm-eabi-2010.09.51-i686-1/arm-none-eabi/lib/thumb2/libstdc++.a(eh_personality.o)
 .text._ZL21base_of_encoded_valuehP15_Unwind_Context
                0x000075d0       0x4c /opt/york/cs/net/sourcery-g++-lite-arm-eabi-2010.09.51-i686-1/arm-none-eabi/lib/thumb2/libstdc++.a(eh_personality.o)
 .text._ZL17parse_lsda_headerP15_Unwind_ContextPKhP16lsda_header_info
                0x0000761c       0x8c /opt/york/cs/net/sourcery-g++-lite-arm-eabi-2010.09.51-i686-1/arm-none-eabi/lib/thumb2/libstdc++.a(eh_personality.o)
 .text.__gxx_personality_v0
                0x000076a8      0x3dc /opt/york/cs/net/sourcery-g++-lite-arm-eabi-2010.09.51-i686-1/arm-none-eabi/lib/thumb2/libstdc++.a(eh_personality.o)
                0x000076a8                __gxx_personality_v0
 .text          0x00007a84        0x0 /opt/york/cs/net/sourcery-g++-lite-arm-eabi-2010.09.51-i686-1/arm-none-eabi/lib/thumb2/libstdc++.a(eh_throw.o)
 .text._ZL23__gxx_exception_cleanup19_Unwind_Reason_CodeP21_Unwind_Control_Block
                0x00007a84       0x4c /opt/york/cs/net/sourcery-g++-lite-arm-eabi-2010.09.51-i686-1/arm-none-eabi/lib/thumb2/libstdc++.a(eh_throw.o)
 .text.__cxa_throw
                0x00007ad0       0x80 /opt/york/cs/net/sourcery-g++-lite-arm-eabi-2010.09.51-i686-1/arm-none-eabi/lib/thumb2/libstdc++.a(eh_throw.o)
                0x00007ad0                __cxa_throw
 .text.__cxa_rethrow
                0x00007b50       0x78 /opt/york/cs/net/sourcery-g++-lite-arm-eabi-2010.09.51-i686-1/arm-none-eabi/lib/thumb2/libstdc++.a(eh_throw.o)
                0x00007b50                __cxa_rethrow
 .text          0x00007bc8        0x0 /opt/york/cs/net/sourcery-g++-lite-arm-eabi-2010.09.51-i686-1/arm-none-eabi/lib/thumb2/libstdc++.a(eh_globals.o)
 .text.__cxa_get_globals_fast
                0x00007bc8        0xc /opt/york/cs/net/sourcery-g++-lite-arm-eabi-2010.09.51-i686-1/arm-none-eabi/lib/thumb2/libstdc++.a(eh_globals.o)
                0x00007bc8                __cxa_get_globals_fast
 .text.__cxa_get_globals
                0x00007bd4        0xc /opt/york/cs/net/sourcery-g++-lite-arm-eabi-2010.09.51-i686-1/arm-none-eabi/lib/thumb2/libstdc++.a(eh_globals.o)
                0x00007bd4                __cxa_get_globals
 .text          0x00007be0        0x0 /opt/york/cs/net/sourcery-g++-lite-arm-eabi-2010.09.51-i686-1/arm-none-eabi/lib/thumb2/libstdc++.a(del_op.o)
 .text._ZdlPv   0x00007be0        0x8 /opt/york/cs/net/sourcery-g++-lite-arm-eabi-2010.09.51-i686-1/arm-none-eabi/lib/thumb2/libstdc++.a(del_op.o)
                0x00007be0                _ZdlPv
 .text          0x00007be8        0x0 /opt/york/cs/net/sourcery-g++-lite-arm-eabi-2010.09.51-i686-1/arm-none-eabi/lib/thumb2/libstdc++.a(eh_catch.o)
 .text.__cxa_get_exception_ptr
                0x00007be8        0x4 /opt/york/cs/net/sourcery-g++-lite-arm-eabi-2010.09.51-i686-1/arm-none-eabi/lib/thumb2/libstdc++.a(eh_catch.o)
                0x00007be8                __cxa_get_exception_ptr
 .text.__cxa_begin_catch
                0x00007bec       0x9c /opt/york/cs/net/sourcery-g++-lite-arm-eabi-2010.09.51-i686-1/arm-none-eabi/lib/thumb2/libstdc++.a(eh_catch.o)
                0x00007bec                __cxa_begin_catch
 .text.__cxa_end_catch
                0x00007c88       0x98 /opt/york/cs/net/sourcery-g++-lite-arm-eabi-2010.09.51-i686-1/arm-none-eabi/lib/thumb2/libstdc++.a(eh_catch.o)
                0x00007c88                __cxa_end_catch
 .text._ZSt18uncaught_exceptionv
                0x00007d20       0x10 /opt/york/cs/net/sourcery-g++-lite-arm-eabi-2010.09.51-i686-1/arm-none-eabi/lib/thumb2/libstdc++.a(eh_catch.o)
                0x00007d20                _ZSt18uncaught_exceptionv
 .text          0x00007d30        0x0 /opt/york/cs/net/sourcery-g++-lite-arm-eabi-2010.09.51-i686-1/arm-none-eabi/lib/thumb2/libstdc++.a(eh_aux_runtime.o)
 .text.__cxa_bad_cast
                0x00007d30       0x24 /opt/york/cs/net/sourcery-g++-lite-arm-eabi-2010.09.51-i686-1/arm-none-eabi/lib/thumb2/libstdc++.a(eh_aux_runtime.o)
                0x00007d30                __cxa_bad_cast
 .text.__cxa_bad_typeid
                0x00007d54       0x24 /opt/york/cs/net/sourcery-g++-lite-arm-eabi-2010.09.51-i686-1/arm-none-eabi/lib/thumb2/libstdc++.a(eh_aux_runtime.o)
                0x00007d54                __cxa_bad_typeid
 .text          0x00007d78        0x0 /opt/york/cs/net/sourcery-g++-lite-arm-eabi-2010.09.51-i686-1/arm-none-eabi/lib/thumb2/libstdc++.a(si_class_type_info.o)
 .text._ZNK10__cxxabiv120__si_class_type_info11__do_upcastEPKNS_17__class_type_infoEPKvRNS1_15__upcast_resultE
                0x00007d78       0x28 /opt/york/cs/net/sourcery-g++-lite-arm-eabi-2010.09.51-i686-1/arm-none-eabi/lib/thumb2/libstdc++.a(si_class_type_info.o)
                0x00007d78                _ZNK10__cxxabiv120__si_class_type_info11__do_upcastEPKNS_17__class_type_infoEPKvRNS1_15__upcast_resultE
 .text._ZNK10__cxxabiv120__si_class_type_info12__do_dyncastEiNS_17__class_type_info10__sub_kindEPKS1_PKvS4_S6_RNS1_16__dyncast_resultE
                0x00007da0       0x90 /opt/york/cs/net/sourcery-g++-lite-arm-eabi-2010.09.51-i686-1/arm-none-eabi/lib/thumb2/libstdc++.a(si_class_type_info.o)
                0x00007da0                _ZNK10__cxxabiv120__si_class_type_info12__do_dyncastEiNS_17__class_type_info10__sub_kindEPKS1_PKvS4_S6_RNS1_16__dyncast_resultE
 .text._ZNK10__cxxabiv120__si_class_type_info20__do_find_public_srcEiPKvPKNS_17__class_type_infoES2_
                0x00007e30       0x38 /opt/york/cs/net/sourcery-g++-lite-arm-eabi-2010.09.51-i686-1/arm-none-eabi/lib/thumb2/libstdc++.a(si_class_type_info.o)
                0x00007e30                _ZNK10__cxxabiv120__si_class_type_info20__do_find_public_srcEiPKvPKNS_17__class_type_infoES2_
 .text._ZN10__cxxabiv120__si_class_type_infoD2Ev
                0x00007e68       0x14 /opt/york/cs/net/sourcery-g++-lite-arm-eabi-2010.09.51-i686-1/arm-none-eabi/lib/thumb2/libstdc++.a(si_class_type_info.o)
                0x00007e68                _ZN10__cxxabiv120__si_class_type_infoD2Ev
                0x00007e68                _ZN10__cxxabiv120__si_class_type_infoD1Ev
 .text._ZN10__cxxabiv120__si_class_type_infoD0Ev
                0x00007e7c       0x1c /opt/york/cs/net/sourcery-g++-lite-arm-eabi-2010.09.51-i686-1/arm-none-eabi/lib/thumb2/libstdc++.a(si_class_type_info.o)
                0x00007e7c                _ZN10__cxxabiv120__si_class_type_infoD0Ev
 .text          0x00007e98        0x0 /opt/york/cs/net/sourcery-g++-lite-arm-eabi-2010.09.51-i686-1/arm-none-eabi/lib/thumb2/libstdc++.a(bad_cast.o)
 .text._ZNKSt8bad_cast4whatEv
                0x00007e98        0xc /opt/york/cs/net/sourcery-g++-lite-arm-eabi-2010.09.51-i686-1/arm-none-eabi/lib/thumb2/libstdc++.a(bad_cast.o)
                0x00007e98                _ZNKSt8bad_cast4whatEv
 .text._ZNSt8bad_castD2Ev
                0x00007ea4       0x14 /opt/york/cs/net/sourcery-g++-lite-arm-eabi-2010.09.51-i686-1/arm-none-eabi/lib/thumb2/libstdc++.a(bad_cast.o)
                0x00007ea4                _ZNSt8bad_castD1Ev
                0x00007ea4                _ZNSt8bad_castD2Ev
 .text._ZNSt8bad_castD0Ev
                0x00007eb8       0x1c /opt/york/cs/net/sourcery-g++-lite-arm-eabi-2010.09.51-i686-1/arm-none-eabi/lib/thumb2/libstdc++.a(bad_cast.o)
                0x00007eb8                _ZNSt8bad_castD0Ev
 .text          0x00007ed4        0x0 /opt/york/cs/net/sourcery-g++-lite-arm-eabi-2010.09.51-i686-1/arm-none-eabi/lib/thumb2/libstdc++.a(eh_terminate.o)
 .text._ZN10__cxxabiv111__terminateEPFvvE
                0x00007ed4       0x28 /opt/york/cs/net/sourcery-g++-lite-arm-eabi-2010.09.51-i686-1/arm-none-eabi/lib/thumb2/libstdc++.a(eh_terminate.o)
                0x00007ed4                _ZN10__cxxabiv111__terminateEPFvvE
 .text._ZSt9terminatev
                0x00007efc       0x10 /opt/york/cs/net/sourcery-g++-lite-arm-eabi-2010.09.51-i686-1/arm-none-eabi/lib/thumb2/libstdc++.a(eh_terminate.o)
                0x00007efc                _ZSt9terminatev
 .text._ZN10__cxxabiv112__unexpectedEPFvvE
                0x00007f0c        0x8 /opt/york/cs/net/sourcery-g++-lite-arm-eabi-2010.09.51-i686-1/arm-none-eabi/lib/thumb2/libstdc++.a(eh_terminate.o)
                0x00007f0c                _ZN10__cxxabiv112__unexpectedEPFvvE
 .text._ZSt10unexpectedv
                0x00007f14       0x14 /opt/york/cs/net/sourcery-g++-lite-arm-eabi-2010.09.51-i686-1/arm-none-eabi/lib/thumb2/libstdc++.a(eh_terminate.o)
                0x00007f14                _ZSt10unexpectedv
 .text._ZSt13set_terminatePFvvE
                0x00007f28       0x10 /opt/york/cs/net/sourcery-g++-lite-arm-eabi-2010.09.51-i686-1/arm-none-eabi/lib/thumb2/libstdc++.a(eh_terminate.o)
                0x00007f28                _ZSt13set_terminatePFvvE
 .text._ZSt14set_unexpectedPFvvE
                0x00007f38       0x10 /opt/york/cs/net/sourcery-g++-lite-arm-eabi-2010.09.51-i686-1/arm-none-eabi/lib/thumb2/libstdc++.a(eh_terminate.o)
                0x00007f38                _ZSt14set_unexpectedPFvvE
 .text          0x00007f48        0x0 /opt/york/cs/net/sourcery-g++-lite-arm-eabi-2010.09.51-i686-1/arm-none-eabi/lib/thumb2/libstdc++.a(pbase_type_info.o)
 .text._ZNK10__cxxabiv117__pbase_type_info15__pointer_catchEPKS0_PPvj
                0x00007f48       0x14 /opt/york/cs/net/sourcery-g++-lite-arm-eabi-2010.09.51-i686-1/arm-none-eabi/lib/thumb2/libstdc++.a(pbase_type_info.o)
                0x00007f48                _ZNK10__cxxabiv117__pbase_type_info15__pointer_catchEPKS0_PPvj
 .text._ZNK10__cxxabiv117__pbase_type_info10__do_catchEPKSt9type_infoPPvj
                0x00007f5c       0x70 /opt/york/cs/net/sourcery-g++-lite-arm-eabi-2010.09.51-i686-1/arm-none-eabi/lib/thumb2/libstdc++.a(pbase_type_info.o)
                0x00007f5c                _ZNK10__cxxabiv117__pbase_type_info10__do_catchEPKSt9type_infoPPvj
 .text._ZN10__cxxabiv117__pbase_type_infoD2Ev
                0x00007fcc       0x14 /opt/york/cs/net/sourcery-g++-lite-arm-eabi-2010.09.51-i686-1/arm-none-eabi/lib/thumb2/libstdc++.a(pbase_type_info.o)
                0x00007fcc                _ZN10__cxxabiv117__pbase_type_infoD1Ev
                0x00007fcc                _ZN10__cxxabiv117__pbase_type_infoD2Ev
 .text._ZN10__cxxabiv117__pbase_type_infoD0Ev
                0x00007fe0       0x1c /opt/york/cs/net/sourcery-g++-lite-arm-eabi-2010.09.51-i686-1/arm-none-eabi/lib/thumb2/libstdc++.a(pbase_type_info.o)
                0x00007fe0                _ZN10__cxxabiv117__pbase_type_infoD0Ev
 .text          0x00007ffc        0x0 /opt/york/cs/net/sourcery-g++-lite-arm-eabi-2010.09.51-i686-1/arm-none-eabi/lib/thumb2/libstdc++.a(eh_call.o)
 .text.__cxa_call_terminate
                0x00007ffc       0x50 /opt/york/cs/net/sourcery-g++-lite-arm-eabi-2010.09.51-i686-1/arm-none-eabi/lib/thumb2/libstdc++.a(eh_call.o)
                0x00007ffc                __cxa_call_terminate
 .text.__cxa_call_unexpected
                0x0000804c      0x130 /opt/york/cs/net/sourcery-g++-lite-arm-eabi-2010.09.51-i686-1/arm-none-eabi/lib/thumb2/libstdc++.a(eh_call.o)
                0x0000804c                __cxa_call_unexpected
 .text          0x0000817c        0x0 /opt/york/cs/net/sourcery-g++-lite-arm-eabi-2010.09.51-i686-1/arm-none-eabi/lib/thumb2/libstdc++.a(bad_typeid.o)
 .text._ZNKSt10bad_typeid4whatEv
                0x0000817c        0xc /opt/york/cs/net/sourcery-g++-lite-arm-eabi-2010.09.51-i686-1/arm-none-eabi/lib/thumb2/libstdc++.a(bad_typeid.o)
                0x0000817c                _ZNKSt10bad_typeid4whatEv
 .text._ZNSt10bad_typeidD2Ev
                0x00008188       0x14 /opt/york/cs/net/sourcery-g++-lite-arm-eabi-2010.09.51-i686-1/arm-none-eabi/lib/thumb2/libstdc++.a(bad_typeid.o)
                0x00008188                _ZNSt10bad_typeidD1Ev
                0x00008188                _ZNSt10bad_typeidD2Ev
 .text._ZNSt10bad_typeidD0Ev
                0x0000819c       0x1c /opt/york/cs/net/sourcery-g++-lite-arm-eabi-2010.09.51-i686-1/arm-none-eabi/lib/thumb2/libstdc++.a(bad_typeid.o)
                0x0000819c                _ZNSt10bad_typeidD0Ev
 .text          0x000081b8        0x0 /opt/york/cs/net/sourcery-g++-lite-arm-eabi-2010.09.51-i686-1/arm-none-eabi/lib/thumb2/libstdc++.a(eh_exception.o)
 .text._ZNSt9exceptionD2Ev
                0x000081b8        0xc /opt/york/cs/net/sourcery-g++-lite-arm-eabi-2010.09.51-i686-1/arm-none-eabi/lib/thumb2/libstdc++.a(eh_exception.o)
                0x000081b8                _ZNSt9exceptionD2Ev
                0x000081b8                _ZNSt9exceptionD1Ev
 .text._ZNSt13bad_exceptionD2Ev
                0x000081c4        0xc /opt/york/cs/net/sourcery-g++-lite-arm-eabi-2010.09.51-i686-1/arm-none-eabi/lib/thumb2/libstdc++.a(eh_exception.o)
                0x000081c4                _ZNSt13bad_exceptionD2Ev
                0x000081c4                _ZNSt13bad_exceptionD1Ev
 .text._ZN10__cxxabiv115__forced_unwindD2Ev
                0x000081d0        0xc /opt/york/cs/net/sourcery-g++-lite-arm-eabi-2010.09.51-i686-1/arm-none-eabi/lib/thumb2/libstdc++.a(eh_exception.o)
                0x000081d0                _ZN10__cxxabiv115__forced_unwindD1Ev
                0x000081d0                _ZN10__cxxabiv115__forced_unwindD2Ev
 .text._ZN10__cxxabiv119__foreign_exceptionD2Ev
                0x000081dc        0xc /opt/york/cs/net/sourcery-g++-lite-arm-eabi-2010.09.51-i686-1/arm-none-eabi/lib/thumb2/libstdc++.a(eh_exception.o)
                0x000081dc                _ZN10__cxxabiv119__foreign_exceptionD2Ev
                0x000081dc                _ZN10__cxxabiv119__foreign_exceptionD1Ev
 .text._ZNKSt9exception4whatEv
                0x000081e8        0xc /opt/york/cs/net/sourcery-g++-lite-arm-eabi-2010.09.51-i686-1/arm-none-eabi/lib/thumb2/libstdc++.a(eh_exception.o)
                0x000081e8                _ZNKSt9exception4whatEv
 .text._ZNKSt13bad_exception4whatEv
                0x000081f4        0xc /opt/york/cs/net/sourcery-g++-lite-arm-eabi-2010.09.51-i686-1/arm-none-eabi/lib/thumb2/libstdc++.a(eh_exception.o)
                0x000081f4                _ZNKSt13bad_exception4whatEv
 .text._ZN10__cxxabiv119__foreign_exceptionD0Ev
                0x00008200       0x14 /opt/york/cs/net/sourcery-g++-lite-arm-eabi-2010.09.51-i686-1/arm-none-eabi/lib/thumb2/libstdc++.a(eh_exception.o)
                0x00008200                _ZN10__cxxabiv119__foreign_exceptionD0Ev
 .text._ZN10__cxxabiv115__forced_unwindD0Ev
                0x00008214       0x14 /opt/york/cs/net/sourcery-g++-lite-arm-eabi-2010.09.51-i686-1/arm-none-eabi/lib/thumb2/libstdc++.a(eh_exception.o)
                0x00008214                _ZN10__cxxabiv115__forced_unwindD0Ev
 .text._ZNSt13bad_exceptionD0Ev
                0x00008228       0x14 /opt/york/cs/net/sourcery-g++-lite-arm-eabi-2010.09.51-i686-1/arm-none-eabi/lib/thumb2/libstdc++.a(eh_exception.o)
                0x00008228                _ZNSt13bad_exceptionD0Ev
 .text._ZNSt9exceptionD0Ev
                0x0000823c       0x14 /opt/york/cs/net/sourcery-g++-lite-arm-eabi-2010.09.51-i686-1/arm-none-eabi/lib/thumb2/libstdc++.a(eh_exception.o)
                0x0000823c                _ZNSt9exceptionD0Ev
 .text          0x00008250        0x0 /opt/york/cs/net/sourcery-g++-lite-arm-eabi-2010.09.51-i686-1/arm-none-eabi/lib/thumb2/libstdc++.a(pure.o)
 .text.__cxa_pure_virtual
                0x00008250       0x18 /opt/york/cs/net/sourcery-g++-lite-arm-eabi-2010.09.51-i686-1/arm-none-eabi/lib/thumb2/libstdc++.a(pure.o)
                0x00008250                __cxa_pure_virtual
 .text          0x00008268        0x0 /opt/york/cs/net/sourcery-g++-lite-arm-eabi-2010.09.51-i686-1/arm-none-eabi/lib/thumb2/libstdc++.a(eh_unex_handler.o)
 .text          0x00008268        0x0 /opt/york/cs/net/sourcery-g++-lite-arm-eabi-2010.09.51-i686-1/arm-none-eabi/lib/thumb2/libstdc++.a(eh_term_handler.o)
 .text          0x00008268        0x0 /opt/york/cs/net/sourcery-g++-lite-arm-eabi-2010.09.51-i686-1/arm-none-eabi/lib/thumb2/libstdc++.a(vterminate.o)
 .text._ZN9__gnu_cxx27__verbose_terminate_handlerEv
                0x00008268      0x148 /opt/york/cs/net/sourcery-g++-lite-arm-eabi-2010.09.51-i686-1/arm-none-eabi/lib/thumb2/libstdc++.a(vterminate.o)
                0x00008268                _ZN9__gnu_cxx27__verbose_terminate_handlerEv
 .text          0x000083b0        0x0 /opt/york/cs/net/sourcery-g++-lite-arm-eabi-2010.09.51-i686-1/arm-none-eabi/lib/thumb2/libstdc++.a(eh_type.o)
 .text.__cxa_current_exception_type
                0x000083b0       0x1c /opt/york/cs/net/sourcery-g++-lite-arm-eabi-2010.09.51-i686-1/arm-none-eabi/lib/thumb2/libstdc++.a(eh_type.o)
                0x000083b0                __cxa_current_exception_type
 .text          0x000083cc     0x91e0 /opt/york/cs/net/sourcery-g++-lite-arm-eabi-2010.09.51-i686-1/arm-none-eabi/lib/thumb2/libstdc++.a(cp-demangle.o)
                0x000114a8                __cxa_demangle
                0x00011580                __gcclibcxx_demangle_callback
 *fill*         0x000115ac        0x4 00
 .text          0x000115b0      0x278 /opt/york/cs/net/sourcery-g++-lite-arm-eabi-2010.09.51-i686-1/bin/../lib/gcc/arm-none-eabi/4.5.1/thumb2/libgcc.a(_udivsi3.o)
                0x000115b0                __udivsi3
                0x000115b0                __aeabi_uidiv
                0x0001180c                __aeabi_uidivmod
 .text          0x00011828        0x4 /opt/york/cs/net/sourcery-g++-lite-arm-eabi-2010.09.51-i686-1/bin/../lib/gcc/arm-none-eabi/4.5.1/thumb2/libgcc.a(_dvmd_tls.o)
                0x00011828                __aeabi_ldiv0
                0x00011828                __aeabi_idiv0
 .text          0x0001182c      0x370 /opt/york/cs/net/sourcery-g++-lite-arm-eabi-2010.09.51-i686-1/bin/../lib/gcc/arm-none-eabi/4.5.1/thumb2/libgcc.a(_arm_addsubdf3.o)
                0x0001182c                __aeabi_drsub
                0x00011834                __aeabi_dsub
                0x00011834                __subdf3
                0x00011838                __adddf3
                0x00011838                __aeabi_dadd
                0x00011ab0                __aeabi_ui2d
                0x00011ab0                __floatunsidf
                0x00011ad0                __floatsidf
                0x00011ad0                __aeabi_i2d
                0x00011af4                __extendsfdf2
                0x00011af4                __aeabi_f2d
                0x00011b30                __aeabi_ul2d
                0x00011b30                __floatundidf
                0x00011b40                __floatdidf
                0x00011b40                __aeabi_l2d
 .text          0x00011b9c      0x424 /opt/york/cs/net/sourcery-g++-lite-arm-eabi-2010.09.51-i686-1/bin/../lib/gcc/arm-none-eabi/4.5.1/thumb2/libgcc.a(_arm_muldivdf3.o)
                0x00011b9c                __aeabi_dmul
                0x00011b9c                __muldf3
                0x00011df0                __aeabi_ddiv
                0x00011df0                __divdf3
 .text          0x00011fc0      0x110 /opt/york/cs/net/sourcery-g++-lite-arm-eabi-2010.09.51-i686-1/bin/../lib/gcc/arm-none-eabi/4.5.1/thumb2/libgcc.a(_arm_cmpdf2.o)
                0x00011fc0                __gtdf2
                0x00011fc0                __gedf2
                0x00011fc8                __ltdf2
                0x00011fc8                __ledf2
                0x00011fd0                __cmpdf2
                0x00011fd0                __eqdf2
                0x00011fd0                __nedf2
                0x0001204c                __aeabi_cdrcmple
                0x0001205c                __aeabi_cdcmple
                0x0001205c                __aeabi_cdcmpeq
                0x0001206c                __aeabi_dcmpeq
                0x00012080                __aeabi_dcmplt
                0x00012094                __aeabi_dcmple
                0x000120a8                __aeabi_dcmpge
                0x000120bc                __aeabi_dcmpgt
 .text          0x000120d0       0x50 /opt/york/cs/net/sourcery-g++-lite-arm-eabi-2010.09.51-i686-1/bin/../lib/gcc/arm-none-eabi/4.5.1/thumb2/libgcc.a(_arm_fixdfsi.o)
                0x000120d0                __fixdfsi
                0x000120d0                __aeabi_d2iz
 .text          0x00012120       0x2c /opt/york/cs/net/sourcery-g++-lite-arm-eabi-2010.09.51-i686-1/bin/../lib/gcc/arm-none-eabi/4.5.1/thumb2/libgcc.a(_aeabi_uldivmod.o)
                0x00012120                __aeabi_uldivmod
 .text          0x0001214c       0x60 /opt/york/cs/net/sourcery-g++-lite-arm-eabi-2010.09.51-i686-1/bin/../lib/gcc/arm-none-eabi/4.5.1/thumb2/libgcc.a(bpabi.o)
                0x0001214c                __gnu_ldivmod_helper
                0x0001217c                __gnu_uldivmod_helper
 .text          0x000121ac      0xc14 /opt/york/cs/net/sourcery-g++-lite-arm-eabi-2010.09.51-i686-1/bin/../lib/gcc/arm-none-eabi/4.5.1/thumb2/libgcc.a(unwind-arm.o)
                0x00012490                _Unwind_VRS_Get
                0x000124dc                _Unwind_VRS_Set
                0x00012848                __aeabi_unwind_cpp_pr2
                0x0001284c                __aeabi_unwind_cpp_pr1
                0x00012850                __aeabi_unwind_cpp_pr0
                0x00012854                _Unwind_VRS_Pop
                0x00012c3c                _Unwind_GetCFA
                0x00012c40                __gnu_Unwind_RaiseException
                0x00012cb0                __gnu_Unwind_ForcedUnwind
                0x00012cc8                __gnu_Unwind_Resume
                0x00012d04                __gnu_Unwind_Resume_or_Rethrow
                0x00012d1c                _Unwind_Complete
                0x00012d20                _Unwind_DeleteException
                0x00012d30                __gnu_Unwind_Backtrace
 .text          0x00012dc0      0x1ac /opt/york/cs/net/sourcery-g++-lite-arm-eabi-2010.09.51-i686-1/bin/../lib/gcc/arm-none-eabi/4.5.1/thumb2/libgcc.a(libunwind.o)
                0x00012dc0                __restore_core_regs
                0x00012dc0                restore_core_regs
                0x00012dd8                __gnu_Unwind_Restore_VFP
                0x00012de0                __gnu_Unwind_Save_VFP
                0x00012de8                __gnu_Unwind_Restore_VFP_D
                0x00012df0                __gnu_Unwind_Save_VFP_D
                0x00012df8                __gnu_Unwind_Restore_VFP_D_16_to_31
                0x00012e00                __gnu_Unwind_Save_VFP_D_16_to_31
                0x00012e08                __gnu_Unwind_Restore_WMMXD
                0x00012e4c                __gnu_Unwind_Save_WMMXD
                0x00012e90                __gnu_Unwind_Restore_WMMXC
                0x00012ea4                __gnu_Unwind_Save_WMMXC
                0x00012eb8                ___Unwind_RaiseException
                0x00012eb8                _Unwind_RaiseException
                0x00012edc                ___Unwind_Resume
                0x00012edc                _Unwind_Resume
                0x00012f00                _Unwind_Resume_or_Rethrow
                0x00012f00                ___Unwind_Resume_or_Rethrow
                0x00012f24                ___Unwind_ForcedUnwind
                0x00012f24                _Unwind_ForcedUnwind
                0x00012f48                _Unwind_Backtrace
                0x00012f48                ___Unwind_Backtrace
 .text          0x00012f6c      0x3b4 /opt/york/cs/net/sourcery-g++-lite-arm-eabi-2010.09.51-i686-1/bin/../lib/gcc/arm-none-eabi/4.5.1/thumb2/libgcc.a(pr-support.o)
                0x00012fc0                __gnu_unwind_execute
                0x000132c4                __gnu_unwind_frame
                0x000132f0                _Unwind_GetRegionStart
                0x000132fc                _Unwind_GetLanguageSpecificData
                0x00013310                _Unwind_GetDataRelBase
                0x00013318                _Unwind_GetTextRelBase
 .text          0x00013320      0x364 /opt/york/cs/net/sourcery-g++-lite-arm-eabi-2010.09.51-i686-1/bin/../lib/gcc/arm-none-eabi/4.5.1/thumb2/libgcc.a(_divdi3.o)
                0x00013320                __divdi3
 .text          0x00013684      0x314 /opt/york/cs/net/sourcery-g++-lite-arm-eabi-2010.09.51-i686-1/bin/../lib/gcc/arm-none-eabi/4.5.1/thumb2/libgcc.a(_udivdi3.o)
                0x00013684                __udivdi3
 .text          0x00013998       0x10 /opt/york/cs/net/sourcery-g++-lite-arm-eabi-2010.09.51-i686-1/arm-none-eabi/lib/thumb2/libg.a(lib_a-abort.o)
                0x00013998                abort
 .text          0x000139a8       0xac /opt/york/cs/net/sourcery-g++-lite-arm-eabi-2010.09.51-i686-1/arm-none-eabi/lib/thumb2/libg.a(lib_a-fputc.o)
                0x000139a8                _fputc_r
                0x000139fc                fputc
 .text          0x00013a54       0x90 /opt/york/cs/net/sourcery-g++-lite-arm-eabi-2010.09.51-i686-1/arm-none-eabi/lib/thumb2/libg.a(lib_a-fputs.o)
                0x00013a54                _fputs_r
                0x00013ad4                fputs
 .text          0x00013ae4      0x338 /opt/york/cs/net/sourcery-g++-lite-arm-eabi-2010.09.51-i686-1/arm-none-eabi/lib/thumb2/libg.a(lib_a-fvwrite.o)
                0x00013ae4                __sfvwrite_r
 .text          0x00013e1c       0xc0 /opt/york/cs/net/sourcery-g++-lite-arm-eabi-2010.09.51-i686-1/arm-none-eabi/lib/thumb2/libg.a(lib_a-fwrite.o)
                0x00013e1c                _fwrite_r
                0x00013eb8                fwrite
 .text          0x00013edc       0x58 /opt/york/cs/net/sourcery-g++-lite-arm-eabi-2010.09.51-i686-1/arm-none-eabi/lib/thumb2/libg.a(lib_a-memcmp.o)
                0x00013edc                memcmp
 .text          0x00013f34      0x138 /opt/york/cs/net/sourcery-g++-lite-arm-eabi-2010.09.51-i686-1/arm-none-eabi/lib/thumb2/libg.a(lib_a-putc.o)
                0x00013f34                _putc_r
                0x00013fc4                putc
 .text          0x0001406c       0x14 /opt/york/cs/net/sourcery-g++-lite-arm-eabi-2010.09.51-i686-1/arm-none-eabi/lib/thumb2/libg.a(lib_a-realloc.o)
                0x0001406c                realloc
 .text          0x00014080      0x154 /opt/york/cs/net/sourcery-g++-lite-arm-eabi-2010.09.51-i686-1/arm-none-eabi/lib/thumb2/libg.a(lib_a-signal.o)
                0x00014080                _init_signal_r
                0x000140b0                _signal_r
                0x000140ec                _raise_r
                0x00014144                __sigtramp_r
                0x00014198                raise
                0x000141a8                signal
                0x000141b8                _init_signal
                0x000141c4                __sigtramp
 .text          0x000141d4       0x30 /opt/york/cs/net/sourcery-g++-lite-arm-eabi-2010.09.51-i686-1/arm-none-eabi/lib/thumb2/libg.a(lib_a-signalr.o)
                0x000141d4                _kill_r
                0x00014200                _getpid_r
 .text          0x00014204       0xbc /opt/york/cs/net/sourcery-g++-lite-arm-eabi-2010.09.51-i686-1/arm-none-eabi/lib/thumb2/libg.a(lib_a-strcpy.o)
                0x00014204                strcpy
 .text          0x000142c0       0xa0 /opt/york/cs/net/sourcery-g++-lite-arm-eabi-2010.09.51-i686-1/arm-none-eabi/lib/thumb2/libg.a(lib_a-strncmp.o)
                0x000142c0                strncmp
 .text          0x00014360       0x1c /opt/york/cs/net/sourcery-g++-lite-arm-eabi-2010.09.51-i686-1/arm-none-eabi/lib/thumb2/libg.a(lib_a-syswrite.o)
                0x00014360                write
 .text          0x0001437c       0xfc /opt/york/cs/net/sourcery-g++-lite-arm-eabi-2010.09.51-i686-1/arm-none-eabi/lib/thumb2/libg.a(lib_a-wbuf.o)
                0x0001437c                __swbuf_r
                0x00014468                __swbuf
 .text          0x00014478       0x2c /opt/york/cs/net/sourcery-g++-lite-arm-eabi-2010.09.51-i686-1/arm-none-eabi/lib/thumb2/libg.a(lib_a-writer.o)
                0x00014478                _write_r
 .text          0x000144a4      0x104 /opt/york/cs/net/sourcery-g++-lite-arm-eabi-2010.09.51-i686-1/arm-none-eabi/lib/thumb2/libg.a(lib_a-wsetup.o)
                0x000144a4                __swsetup_r
 .text          0x000145a8      0x1f4 /opt/york/cs/net/sourcery-g++-lite-arm-eabi-2010.09.51-i686-1/arm-none-eabi/lib/thumb2/libg.a(lib_a-fflush.o)
                0x000145a8                _fflush_r
                0x00014774                fflush
 .text          0x0001479c      0x220 /opt/york/cs/net/sourcery-g++-lite-arm-eabi-2010.09.51-i686-1/arm-none-eabi/lib/thumb2/libg.a(lib_a-findfp.o)
                0x000147a4                _cleanup_r
                0x000147b0                __sfmoreglue
                0x000147e0                _cleanup
                0x000147ec                __sinit
                0x000148f4                __sfp
                0x0001497c                __sfp_lock_acquire
                0x00014980                __sfp_lock_release
                0x00014984                __sinit_lock_acquire
                0x00014988                __sinit_lock_release
                0x0001498c                __fp_lock_all
                0x000149a4                __fp_unlock_all
 .text          0x000149bc       0xa0 /opt/york/cs/net/sourcery-g++-lite-arm-eabi-2010.09.51-i686-1/arm-none-eabi/lib/thumb2/libg.a(lib_a-fwalk.o)
                0x000149bc                _fwalk
                0x00014a08                _fwalk_reent
 .text          0x00014a5c       0xec /opt/york/cs/net/sourcery-g++-lite-arm-eabi-2010.09.51-i686-1/arm-none-eabi/lib/thumb2/libg.a(lib_a-makebuf.o)
                0x00014a5c                __smakebuf_r
 .text          0x00014b48       0x94 /opt/york/cs/net/sourcery-g++-lite-arm-eabi-2010.09.51-i686-1/arm-none-eabi/lib/thumb2/libg.a(lib_a-stdio.o)
                0x00014b48                __sread
                0x00014b6c                __seofread
                0x00014b70                __swrite
                0x00014bac                __sseek
                0x00014bd4                __sclose
 .text          0x00014bdc       0x28 /opt/york/cs/net/sourcery-g++-lite-arm-eabi-2010.09.51-i686-1/arm-none-eabi/lib/thumb2/libg.a(lib_a-closer.o)
                0x00014bdc                _close_r
 .text          0x00014c04       0xc4 /opt/york/cs/net/sourcery-g++-lite-arm-eabi-2010.09.51-i686-1/arm-none-eabi/lib/thumb2/libg.a(lib_a-fclose.o)
                0x00014c04                _fclose_r
                0x00014cb8                fclose
 .text          0x00014cc8       0x2c /opt/york/cs/net/sourcery-g++-lite-arm-eabi-2010.09.51-i686-1/arm-none-eabi/lib/thumb2/libg.a(lib_a-fstatr.o)
                0x00014cc8                _fstat_r
 .text          0x00014cf4       0x28 /opt/york/cs/net/sourcery-g++-lite-arm-eabi-2010.09.51-i686-1/arm-none-eabi/lib/thumb2/libg.a(lib_a-isattyr.o)
                0x00014cf4                _isatty_r
 .text          0x00014d1c       0x2c /opt/york/cs/net/sourcery-g++-lite-arm-eabi-2010.09.51-i686-1/arm-none-eabi/lib/thumb2/libg.a(lib_a-lseekr.o)
                0x00014d1c                _lseek_r
 .text          0x00014d48       0x2c /opt/york/cs/net/sourcery-g++-lite-arm-eabi-2010.09.51-i686-1/arm-none-eabi/lib/thumb2/libg.a(lib_a-readr.o)
                0x00014d48                _read_r
 .text          0x00014d74       0x30 /opt/york/cs/net/sourcery-g++-lite-arm-eabi-2010.09.51-i686-1/arm-none-eabi/lib/thumb2/libcs3.a(start_c.o)
                0x00014d74                __cs3_premain
 .text.cs3.init
                0x00014da4       0x50 /opt/york/cs/net/sourcery-g++-lite-arm-eabi-2010.09.51-i686-1/arm-none-eabi/lib/thumb2/libcs3.a(start_c.o)
                0x00014da4                __cs3_start_c
 .text          0x00014df4       0x10 /opt/york/cs/net/sourcery-g++-lite-arm-eabi-2010.09.51-i686-1/arm-none-eabi/lib/thumb2/libcs3unhosted.a(unhosted-_close.o)
                0x00014df4                _close
 .text          0x00014e04        0x2 /opt/york/cs/net/sourcery-g++-lite-arm-eabi-2010.09.51-i686-1/arm-none-eabi/lib/thumb2/libcs3unhosted.a(unhosted-_exit.o)
                0x00014e04                _exit
 .text          0x00014e06       0x10 /opt/york/cs/net/sourcery-g++-lite-arm-eabi-2010.09.51-i686-1/arm-none-eabi/lib/thumb2/libcs3unhosted.a(unhosted-_fstat.o)
                0x00014e06                _fstat
 .text          0x00014e16        0xe /opt/york/cs/net/sourcery-g++-lite-arm-eabi-2010.09.51-i686-1/arm-none-eabi/lib/thumb2/libcs3unhosted.a(unhosted-isatty.o)
                0x00014e16                _isatty
 .text          0x00014e24        0xa /opt/york/cs/net/sourcery-g++-lite-arm-eabi-2010.09.51-i686-1/arm-none-eabi/lib/thumb2/libcs3unhosted.a(unhosted-_kill.o)
                0x00014e24                _kill
 .text          0x00014e2e       0x10 /opt/york/cs/net/sourcery-g++-lite-arm-eabi-2010.09.51-i686-1/arm-none-eabi/lib/thumb2/libcs3unhosted.a(unhosted-_lseek.o)
                0x00014e2e                _lseek
 .text          0x00014e3e       0x10 /opt/york/cs/net/sourcery-g++-lite-arm-eabi-2010.09.51-i686-1/arm-none-eabi/lib/thumb2/libcs3unhosted.a(unhosted-_read.o)
                0x00014e3e                _read
 .text          0x00014e4e       0x10 /opt/york/cs/net/sourcery-g++-lite-arm-eabi-2010.09.51-i686-1/arm-none-eabi/lib/thumb2/libcs3unhosted.a(unhosted-_write.o)
                0x00014e4e                _write
 *fill*         0x00014e5e        0x2 00
 .text          0x00014e60       0x40 /opt/york/cs/net/sourcery-g++-lite-arm-eabi-2010.09.51-i686-1/arm-none-eabi/lib/thumb2/libcs3unhosted.a(unhosted-sbrk.o)
                0x00014e60                _sbrk
 .text          0x00014ea0        0x4 /opt/york/cs/net/sourcery-g++-lite-arm-eabi-2010.09.51-i686-1/arm-none-eabi/lib/thumb2/libcs3unhosted.a(unhosted-_getpid.o)
                0x00014ea0                _getpid
 .text          0x00014ea4        0x0 /opt/york/cs/net/sourcery-g++-lite-arm-eabi-2010.09.51-i686-1/arm-none-eabi/lib/thumb2/libcs3unhosted.a(unhosted-start.o)
 .text.cs3.init
                0x00014ea4       0x10 /opt/york/cs/net/sourcery-g++-lite-arm-eabi-2010.09.51-i686-1/arm-none-eabi/lib/thumb2/libcs3unhosted.a(unhosted-start.o)
                0x00014ea4                _start
 .text          0x00014eb4        0xc /opt/york/cs/net/sourcery-g++-lite-arm-eabi-2010.09.51-i686-1/arm-none-eabi/lib/thumb2/libc.a(lib_a-errno.o)
                0x00014eb4                __errno
 .text          0x00014ec0       0x50 /opt/york/cs/net/sourcery-g++-lite-arm-eabi-2010.09.51-i686-1/arm-none-eabi/lib/thumb2/libc.a(lib_a-init.o)
                0x00014ec0                __libc_init_array
 .text          0x00014f10        0x0 /opt/york/cs/net/sourcery-g++-lite-arm-eabi-2010.09.51-i686-1/arm-none-eabi/lib/thumb2/libcs3.a(heap.o)
 .text          0x00014f10        0x0 /opt/york/cs/net/lpc1700-cmsis-lite-2011.01.26-i686-1/lib/libDriversLPC17xxgnu.a(lpc17xx_adc.o)
 .text.ADC_Init
                0x00014f10       0xa4 /opt/york/cs/net/lpc1700-cmsis-lite-2011.01.26-i686-1/lib/libDriversLPC17xxgnu.a(lpc17xx_adc.o)
                0x00014f10                ADC_Init
 .text.ADC_DeInit
                0x00014fb4       0x48 /opt/york/cs/net/lpc1700-cmsis-lite-2011.01.26-i686-1/lib/libDriversLPC17xxgnu.a(lpc17xx_adc.o)
                0x00014fb4                ADC_DeInit
 .text.ADC_GetData
                0x00014ffc       0x38 /opt/york/cs/net/lpc1700-cmsis-lite-2011.01.26-i686-1/lib/libDriversLPC17xxgnu.a(lpc17xx_adc.o)
                0x00014ffc                ADC_GetData
 .text.ADC_StartCmd
                0x00015034       0x90 /opt/york/cs/net/lpc1700-cmsis-lite-2011.01.26-i686-1/lib/libDriversLPC17xxgnu.a(lpc17xx_adc.o)
                0x00015034                ADC_StartCmd
 .text.ADC_BurstCmd
                0x000150c4       0x50 /opt/york/cs/net/lpc1700-cmsis-lite-2011.01.26-i686-1/lib/libDriversLPC17xxgnu.a(lpc17xx_adc.o)
                0x000150c4                ADC_BurstCmd
 .text.ADC_PowerdownCmd
                0x00015114       0x50 /opt/york/cs/net/lpc1700-cmsis-lite-2011.01.26-i686-1/lib/libDriversLPC17xxgnu.a(lpc17xx_adc.o)
                0x00015114                ADC_PowerdownCmd
 .text.ADC_EdgeStartConfig
                0x00015164       0x6c /opt/york/cs/net/lpc1700-cmsis-lite-2011.01.26-i686-1/lib/libDriversLPC17xxgnu.a(lpc17xx_adc.o)
                0x00015164                ADC_EdgeStartConfig
 .text.ADC_IntConfig
                0x000151d0       0xb4 /opt/york/cs/net/lpc1700-cmsis-lite-2011.01.26-i686-1/lib/libDriversLPC17xxgnu.a(lpc17xx_adc.o)
                0x000151d0                ADC_IntConfig
 .text.ADC_ChannelCmd
                0x00015284       0x70 /opt/york/cs/net/lpc1700-cmsis-lite-2011.01.26-i686-1/lib/libDriversLPC17xxgnu.a(lpc17xx_adc.o)
                0x00015284                ADC_ChannelCmd
 .text.ADC_ChannelGetData
                0x000152f4       0x58 /opt/york/cs/net/lpc1700-cmsis-lite-2011.01.26-i686-1/lib/libDriversLPC17xxgnu.a(lpc17xx_adc.o)
                0x000152f4                ADC_ChannelGetData
 .text.ADC_ChannelGetStatus
                0x0001534c       0x8c /opt/york/cs/net/lpc1700-cmsis-lite-2011.01.26-i686-1/lib/libDriversLPC17xxgnu.a(lpc17xx_adc.o)
                0x0001534c                ADC_ChannelGetStatus
 .text.ADC_GlobalGetData
                0x000153d8       0x34 /opt/york/cs/net/lpc1700-cmsis-lite-2011.01.26-i686-1/lib/libDriversLPC17xxgnu.a(lpc17xx_adc.o)
                0x000153d8                ADC_GlobalGetData
 .text.ADC_GlobalGetStatus
                0x0001540c       0x7c /opt/york/cs/net/lpc1700-cmsis-lite-2011.01.26-i686-1/lib/libDriversLPC17xxgnu.a(lpc17xx_adc.o)
                0x0001540c                ADC_GlobalGetStatus
 .text          0x00015488        0x0 /opt/york/cs/net/lpc1700-cmsis-lite-2011.01.26-i686-1/lib/libDriversLPC17xxgnu.a(lpc17xx_clkpwr.o)
 .text.CLKPWR_SetPCLKDiv
                0x00015488       0xd4 /opt/york/cs/net/lpc1700-cmsis-lite-2011.01.26-i686-1/lib/libDriversLPC17xxgnu.a(lpc17xx_clkpwr.o)
                0x00015488                CLKPWR_SetPCLKDiv
 .text.CLKPWR_GetPCLKSEL
                0x0001555c       0x54 /opt/york/cs/net/lpc1700-cmsis-lite-2011.01.26-i686-1/lib/libDriversLPC17xxgnu.a(lpc17xx_clkpwr.o)
                0x0001555c                CLKPWR_GetPCLKSEL
 .text.CLKPWR_GetPCLK
                0x000155b0       0x70 /opt/york/cs/net/lpc1700-cmsis-lite-2011.01.26-i686-1/lib/libDriversLPC17xxgnu.a(lpc17xx_clkpwr.o)
                0x000155b0                CLKPWR_GetPCLK
 .text.CLKPWR_ConfigPPWR
                0x00015620       0x80 /opt/york/cs/net/lpc1700-cmsis-lite-2011.01.26-i686-1/lib/libDriversLPC17xxgnu.a(lpc17xx_clkpwr.o)
                0x00015620                CLKPWR_ConfigPPWR
 .text.CLKPWR_Sleep
                0x000156a0       0x1c /opt/york/cs/net/lpc1700-cmsis-lite-2011.01.26-i686-1/lib/libDriversLPC17xxgnu.a(lpc17xx_clkpwr.o)
                0x000156a0                CLKPWR_Sleep
 .text.CLKPWR_DeepSleep
                0x000156bc       0x2c /opt/york/cs/net/lpc1700-cmsis-lite-2011.01.26-i686-1/lib/libDriversLPC17xxgnu.a(lpc17xx_clkpwr.o)
                0x000156bc                CLKPWR_DeepSleep
 .text.CLKPWR_PowerDown
                0x000156e8       0x2c /opt/york/cs/net/lpc1700-cmsis-lite-2011.01.26-i686-1/lib/libDriversLPC17xxgnu.a(lpc17xx_clkpwr.o)
                0x000156e8                CLKPWR_PowerDown
 .text.CLKPWR_DeepPowerDown
                0x00015714       0x2c /opt/york/cs/net/lpc1700-cmsis-lite-2011.01.26-i686-1/lib/libDriversLPC17xxgnu.a(lpc17xx_clkpwr.o)
                0x00015714                CLKPWR_DeepPowerDown
 .text          0x00015740        0x0 /opt/york/cs/net/lpc1700-cmsis-lite-2011.01.26-i686-1/lib/libDriversLPC17xxgnu.a(lpc17xx_dac.o)
 .text.DAC_Init
                0x00015740       0x40 /opt/york/cs/net/lpc1700-cmsis-lite-2011.01.26-i686-1/lib/libDriversLPC17xxgnu.a(lpc17xx_dac.o)
                0x00015740                DAC_Init
 .text.DAC_UpdateValue
                0x00015780       0x58 /opt/york/cs/net/lpc1700-cmsis-lite-2011.01.26-i686-1/lib/libDriversLPC17xxgnu.a(lpc17xx_dac.o)
                0x00015780                DAC_UpdateValue
 .text.DAC_SetBias
                0x000157d8       0x4c /opt/york/cs/net/lpc1700-cmsis-lite-2011.01.26-i686-1/lib/libDriversLPC17xxgnu.a(lpc17xx_dac.o)
                0x000157d8                DAC_SetBias
 .text.DAC_ConfigDAConverterControl
                0x00015824       0x78 /opt/york/cs/net/lpc1700-cmsis-lite-2011.01.26-i686-1/lib/libDriversLPC17xxgnu.a(lpc17xx_dac.o)
                0x00015824                DAC_ConfigDAConverterControl
 .text.DAC_SetDMATimeOut
                0x0001589c       0x38 /opt/york/cs/net/lpc1700-cmsis-lite-2011.01.26-i686-1/lib/libDriversLPC17xxgnu.a(lpc17xx_dac.o)
                0x0001589c                DAC_SetDMATimeOut
 .text          0x000158d4        0x0 /opt/york/cs/net/lpc1700-cmsis-lite-2011.01.26-i686-1/lib/libDriversLPC17xxgnu.a(lpc17xx_i2c.o)
 .text.NVIC_EnableIRQ
                0x000158d4       0x38 /opt/york/cs/net/lpc1700-cmsis-lite-2011.01.26-i686-1/lib/libDriversLPC17xxgnu.a(lpc17xx_i2c.o)
 .text.NVIC_DisableIRQ
                0x0001590c       0x3c /opt/york/cs/net/lpc1700-cmsis-lite-2011.01.26-i686-1/lib/libDriversLPC17xxgnu.a(lpc17xx_i2c.o)
 .text.I2C_getNum
                0x00015948       0x54 /opt/york/cs/net/lpc1700-cmsis-lite-2011.01.26-i686-1/lib/libDriversLPC17xxgnu.a(lpc17xx_i2c.o)
 .text.I2C_Start
                0x0001599c       0x44 /opt/york/cs/net/lpc1700-cmsis-lite-2011.01.26-i686-1/lib/libDriversLPC17xxgnu.a(lpc17xx_i2c.o)
 .text.I2C_Stop
                0x000159e0       0x38 /opt/york/cs/net/lpc1700-cmsis-lite-2011.01.26-i686-1/lib/libDriversLPC17xxgnu.a(lpc17xx_i2c.o)
 .text.I2C_SendByte
                0x00015a18       0x50 /opt/york/cs/net/lpc1700-cmsis-lite-2011.01.26-i686-1/lib/libDriversLPC17xxgnu.a(lpc17xx_i2c.o)
 .text.I2C_GetByte
                0x00015a68       0x5c /opt/york/cs/net/lpc1700-cmsis-lite-2011.01.26-i686-1/lib/libDriversLPC17xxgnu.a(lpc17xx_i2c.o)
 .text.I2C_SetClock
                0x00015ac4       0xc8 /opt/york/cs/net/lpc1700-cmsis-lite-2011.01.26-i686-1/lib/libDriversLPC17xxgnu.a(lpc17xx_i2c.o)
 .text.I2C_Init
                0x00015b8c       0xd8 /opt/york/cs/net/lpc1700-cmsis-lite-2011.01.26-i686-1/lib/libDriversLPC17xxgnu.a(lpc17xx_i2c.o)
                0x00015b8c                I2C_Init
 .text.I2C_DeInit
                0x00015c64       0xa4 /opt/york/cs/net/lpc1700-cmsis-lite-2011.01.26-i686-1/lib/libDriversLPC17xxgnu.a(lpc17xx_i2c.o)
                0x00015c64                I2C_DeInit
 .text.I2C_Cmd  0x00015d08       0x84 /opt/york/cs/net/lpc1700-cmsis-lite-2011.01.26-i686-1/lib/libDriversLPC17xxgnu.a(lpc17xx_i2c.o)
                0x00015d08                I2C_Cmd
 .text.I2C_IntCmd
                0x00015d8c       0xa8 /opt/york/cs/net/lpc1700-cmsis-lite-2011.01.26-i686-1/lib/libDriversLPC17xxgnu.a(lpc17xx_i2c.o)
                0x00015d8c                I2C_IntCmd
 .text.I2C_MasterHandler
                0x00015e34      0x3d8 /opt/york/cs/net/lpc1700-cmsis-lite-2011.01.26-i686-1/lib/libDriversLPC17xxgnu.a(lpc17xx_i2c.o)
                0x00015e34                I2C_MasterHandler
 .text.I2C_SlaveHandler
                0x0001620c      0x1d8 /opt/york/cs/net/lpc1700-cmsis-lite-2011.01.26-i686-1/lib/libDriversLPC17xxgnu.a(lpc17xx_i2c.o)
                0x0001620c                I2C_SlaveHandler
 .text.I2C_MasterTransferData
                0x000163e4      0x33c /opt/york/cs/net/lpc1700-cmsis-lite-2011.01.26-i686-1/lib/libDriversLPC17xxgnu.a(lpc17xx_i2c.o)
                0x000163e4                I2C_MasterTransferData
 .text.I2C_SlaveTransferData
                0x00016720      0x268 /opt/york/cs/net/lpc1700-cmsis-lite-2011.01.26-i686-1/lib/libDriversLPC17xxgnu.a(lpc17xx_i2c.o)
                0x00016720                I2C_SlaveTransferData
 .text.I2C_SetOwnSlaveAddr
                0x00016988      0x118 /opt/york/cs/net/lpc1700-cmsis-lite-2011.01.26-i686-1/lib/libDriversLPC17xxgnu.a(lpc17xx_i2c.o)
                0x00016988                I2C_SetOwnSlaveAddr
 .text.I2C_MonitorModeConfig
                0x00016aa0       0x9c /opt/york/cs/net/lpc1700-cmsis-lite-2011.01.26-i686-1/lib/libDriversLPC17xxgnu.a(lpc17xx_i2c.o)
                0x00016aa0                I2C_MonitorModeConfig
 .text.I2C_MonitorModeCmd
                0x00016b3c       0xb0 /opt/york/cs/net/lpc1700-cmsis-lite-2011.01.26-i686-1/lib/libDriversLPC17xxgnu.a(lpc17xx_i2c.o)
                0x00016b3c                I2C_MonitorModeCmd
 .text.I2C_MonitorGetDatabuffer
                0x00016bec       0x54 /opt/york/cs/net/lpc1700-cmsis-lite-2011.01.26-i686-1/lib/libDriversLPC17xxgnu.a(lpc17xx_i2c.o)
                0x00016bec                I2C_MonitorGetDatabuffer
 .text.I2C_MonitorHandler
                0x00016c40       0x6c /opt/york/cs/net/lpc1700-cmsis-lite-2011.01.26-i686-1/lib/libDriversLPC17xxgnu.a(lpc17xx_i2c.o)
                0x00016c40                I2C_MonitorHandler
 .text.I2C_MasterTransferComplete
                0x00016cac       0x40 /opt/york/cs/net/lpc1700-cmsis-lite-2011.01.26-i686-1/lib/libDriversLPC17xxgnu.a(lpc17xx_i2c.o)
                0x00016cac                I2C_MasterTransferComplete
 .text.I2C_SlaveTransferComplete
                0x00016cec       0x40 /opt/york/cs/net/lpc1700-cmsis-lite-2011.01.26-i686-1/lib/libDriversLPC17xxgnu.a(lpc17xx_i2c.o)
                0x00016cec                I2C_SlaveTransferComplete
 .text          0x00016d2c        0x0 /opt/york/cs/net/lpc1700-cmsis-lite-2011.01.26-i686-1/lib/libDriversLPC17xxgnu.a(lpc17xx_libcfg_default.o)
 .text.check_failed
                0x00016d2c        0xc /opt/york/cs/net/lpc1700-cmsis-lite-2011.01.26-i686-1/lib/libDriversLPC17xxgnu.a(lpc17xx_libcfg_default.o)
                0x00016d2c                check_failed
 .text          0x00016d38        0x0 /opt/york/cs/net/lpc1700-cmsis-lite-2011.01.26-i686-1/lib/libDriversLPC17xxgnu.a(lpc17xx_pinsel.o)
 .text.set_PinFunc
                0x00016d38       0xa0 /opt/york/cs/net/lpc1700-cmsis-lite-2011.01.26-i686-1/lib/libDriversLPC17xxgnu.a(lpc17xx_pinsel.o)
 .text.set_ResistorMode
                0x00016dd8       0xa0 /opt/york/cs/net/lpc1700-cmsis-lite-2011.01.26-i686-1/lib/libDriversLPC17xxgnu.a(lpc17xx_pinsel.o)
 .text.set_OpenDrainMode
                0x00016e78       0x80 /opt/york/cs/net/lpc1700-cmsis-lite-2011.01.26-i686-1/lib/libDriversLPC17xxgnu.a(lpc17xx_pinsel.o)
 .text.PINSEL_ConfigTraceFunc
                0x00016ef8       0x54 /opt/york/cs/net/lpc1700-cmsis-lite-2011.01.26-i686-1/lib/libDriversLPC17xxgnu.a(lpc17xx_pinsel.o)
                0x00016ef8                PINSEL_ConfigTraceFunc
 .text.PINSEL_SetI2C0Pins
                0x00016f4c       0x3c /opt/york/cs/net/lpc1700-cmsis-lite-2011.01.26-i686-1/lib/libDriversLPC17xxgnu.a(lpc17xx_pinsel.o)
                0x00016f4c                PINSEL_SetI2C0Pins
 .text.PINSEL_ConfigPin
                0x00016f88       0x54 /opt/york/cs/net/lpc1700-cmsis-lite-2011.01.26-i686-1/lib/libDriversLPC17xxgnu.a(lpc17xx_pinsel.o)
                0x00016f88                PINSEL_ConfigPin
 .text          0x00016fdc        0x0 /opt/york/cs/net/lpc1700-cmsis-lite-2011.01.26-i686-1/lib/libDriversLPC17xxgnu.a(lpc17xx_uart.o)
 .text.uart_set_divisors
                0x00016fdc      0x26c /opt/york/cs/net/lpc1700-cmsis-lite-2011.01.26-i686-1/lib/libDriversLPC17xxgnu.a(lpc17xx_uart.o)
 .text.UART_Init
                0x00017248      0x368 /opt/york/cs/net/lpc1700-cmsis-lite-2011.01.26-i686-1/lib/libDriversLPC17xxgnu.a(lpc17xx_uart.o)
                0x00017248                UART_Init
 .text.UART_DeInit
                0x000175b0       0xcc /opt/york/cs/net/lpc1700-cmsis-lite-2011.01.26-i686-1/lib/libDriversLPC17xxgnu.a(lpc17xx_uart.o)
                0x000175b0                UART_DeInit
 .text.UART_ConfigStructInit
                0x0001767c       0x34 /opt/york/cs/net/lpc1700-cmsis-lite-2011.01.26-i686-1/lib/libDriversLPC17xxgnu.a(lpc17xx_uart.o)
                0x0001767c                UART_ConfigStructInit
 .text.UART_SendByte
                0x000176b0       0x78 /opt/york/cs/net/lpc1700-cmsis-lite-2011.01.26-i686-1/lib/libDriversLPC17xxgnu.a(lpc17xx_uart.o)
                0x000176b0                UART_SendByte
 .text.UART_ReceiveByte
                0x00017728       0x78 /opt/york/cs/net/lpc1700-cmsis-lite-2011.01.26-i686-1/lib/libDriversLPC17xxgnu.a(lpc17xx_uart.o)
                0x00017728                UART_ReceiveByte
 .text.UART_Send
                0x000177a0      0x10c /opt/york/cs/net/lpc1700-cmsis-lite-2011.01.26-i686-1/lib/libDriversLPC17xxgnu.a(lpc17xx_uart.o)
                0x000177a0                UART_Send
 .text.UART_Receive
                0x000178ac       0xd8 /opt/york/cs/net/lpc1700-cmsis-lite-2011.01.26-i686-1/lib/libDriversLPC17xxgnu.a(lpc17xx_uart.o)
                0x000178ac                UART_Receive
 .text.UART_ForceBreak
                0x00017984       0x88 /opt/york/cs/net/lpc1700-cmsis-lite-2011.01.26-i686-1/lib/libDriversLPC17xxgnu.a(lpc17xx_uart.o)
                0x00017984                UART_ForceBreak
 .text.UART_IntConfig
                0x00017a0c      0x1d0 /opt/york/cs/net/lpc1700-cmsis-lite-2011.01.26-i686-1/lib/libDriversLPC17xxgnu.a(lpc17xx_uart.o)
                0x00017a0c                UART_IntConfig
 .text.UART_GetLineStatus
                0x00017bdc       0x7c /opt/york/cs/net/lpc1700-cmsis-lite-2011.01.26-i686-1/lib/libDriversLPC17xxgnu.a(lpc17xx_uart.o)
                0x00017bdc                UART_GetLineStatus
 .text.UART_GetIntId
                0x00017c58       0x68 /opt/york/cs/net/lpc1700-cmsis-lite-2011.01.26-i686-1/lib/libDriversLPC17xxgnu.a(lpc17xx_uart.o)
                0x00017c58                UART_GetIntId
 .text.UART_CheckBusy
                0x00017cc0       0x2c /opt/york/cs/net/lpc1700-cmsis-lite-2011.01.26-i686-1/lib/libDriversLPC17xxgnu.a(lpc17xx_uart.o)
                0x00017cc0                UART_CheckBusy
 .text.UART_FIFOConfig
                0x00017cec      0x184 /opt/york/cs/net/lpc1700-cmsis-lite-2011.01.26-i686-1/lib/libDriversLPC17xxgnu.a(lpc17xx_uart.o)
                0x00017cec                UART_FIFOConfig
 .text.UART_FIFOConfigStructInit
                0x00017e70       0x34 /opt/york/cs/net/lpc1700-cmsis-lite-2011.01.26-i686-1/lib/libDriversLPC17xxgnu.a(lpc17xx_uart.o)
                0x00017e70                UART_FIFOConfigStructInit
 .text.UART_ABCmd
                0x00017ea4      0x15c /opt/york/cs/net/lpc1700-cmsis-lite-2011.01.26-i686-1/lib/libDriversLPC17xxgnu.a(lpc17xx_uart.o)
                0x00017ea4                UART_ABCmd
 .text.UART_ABClearIntPending
                0x00018000       0x88 /opt/york/cs/net/lpc1700-cmsis-lite-2011.01.26-i686-1/lib/libDriversLPC17xxgnu.a(lpc17xx_uart.o)
                0x00018000                UART_ABClearIntPending
 .text.UART_TxCmd
                0x00018088       0xe8 /opt/york/cs/net/lpc1700-cmsis-lite-2011.01.26-i686-1/lib/libDriversLPC17xxgnu.a(lpc17xx_uart.o)
                0x00018088                UART_TxCmd
 .text.UART_IrDAInvtInputCmd
                0x00018170       0x84 /opt/york/cs/net/lpc1700-cmsis-lite-2011.01.26-i686-1/lib/libDriversLPC17xxgnu.a(lpc17xx_uart.o)
                0x00018170                UART_IrDAInvtInputCmd
 .text.UART_IrDACmd
                0x000181f4       0x80 /opt/york/cs/net/lpc1700-cmsis-lite-2011.01.26-i686-1/lib/libDriversLPC17xxgnu.a(lpc17xx_uart.o)
                0x000181f4                UART_IrDACmd
 .text.UART_IrDAPulseDivConfig
                0x00018274       0xac /opt/york/cs/net/lpc1700-cmsis-lite-2011.01.26-i686-1/lib/libDriversLPC17xxgnu.a(lpc17xx_uart.o)
                0x00018274                UART_IrDAPulseDivConfig
 .text.UART_FullModemForcePinState
                0x00018320       0xcc /opt/york/cs/net/lpc1700-cmsis-lite-2011.01.26-i686-1/lib/libDriversLPC17xxgnu.a(lpc17xx_uart.o)
                0x00018320                UART_FullModemForcePinState
 .text.UART_FullModemConfigMode
                0x000183ec       0xd8 /opt/york/cs/net/lpc1700-cmsis-lite-2011.01.26-i686-1/lib/libDriversLPC17xxgnu.a(lpc17xx_uart.o)
                0x000183ec                UART_FullModemConfigMode
 .text.UART_FullModemGetStatus
                0x000184c4       0x38 /opt/york/cs/net/lpc1700-cmsis-lite-2011.01.26-i686-1/lib/libDriversLPC17xxgnu.a(lpc17xx_uart.o)
                0x000184c4                UART_FullModemGetStatus
 .text.UART_RS485Config
                0x000184fc      0x1bc /opt/york/cs/net/lpc1700-cmsis-lite-2011.01.26-i686-1/lib/libDriversLPC17xxgnu.a(lpc17xx_uart.o)
                0x000184fc                UART_RS485Config
 .text.UART_RS485ReceiverCmd
                0x000186b8       0x48 /opt/york/cs/net/lpc1700-cmsis-lite-2011.01.26-i686-1/lib/libDriversLPC17xxgnu.a(lpc17xx_uart.o)
                0x000186b8                UART_RS485ReceiverCmd
 .text.UART_RS485Send
                0x00018700       0x84 /opt/york/cs/net/lpc1700-cmsis-lite-2011.01.26-i686-1/lib/libDriversLPC17xxgnu.a(lpc17xx_uart.o)
                0x00018700                UART_RS485Send
 .text.UART_RS485SendSlvAddr
                0x00018784       0x28 /opt/york/cs/net/lpc1700-cmsis-lite-2011.01.26-i686-1/lib/libDriversLPC17xxgnu.a(lpc17xx_uart.o)
                0x00018784                UART_RS485SendSlvAddr
 .text.UART_RS485SendData
                0x000187ac       0x28 /opt/york/cs/net/lpc1700-cmsis-lite-2011.01.26-i686-1/lib/libDriversLPC17xxgnu.a(lpc17xx_uart.o)
                0x000187ac                UART_RS485SendData
 .text          0x000187d4        0x0 /opt/york/cs/net/sourcery-g++-lite-arm-eabi-2010.09.51-i686-1/bin/../lib/gcc/arm-none-eabi/4.5.1/thumb2/crtend.o
 .text          0x000187d4        0x0 /opt/york/cs/net/sourcery-g++-lite-arm-eabi-2010.09.51-i686-1/bin/../lib/gcc/arm-none-eabi/4.5.1/thumb2/crtn.o
 *(.plt)
 *(.gnu.warning)
 .gnu.warning   0x00000000        0x0 /opt/york/cs/net/sourcery-g++-lite-arm-eabi-2010.09.51-i686-1/arm-none-eabi/lib/thumb2/libcs3unhosted.a(unhosted-_close.o)
 .gnu.warning   0x00000000        0x0 /opt/york/cs/net/sourcery-g++-lite-arm-eabi-2010.09.51-i686-1/arm-none-eabi/lib/thumb2/libcs3unhosted.a(unhosted-_fstat.o)
 .gnu.warning   0x00000000        0x0 /opt/york/cs/net/sourcery-g++-lite-arm-eabi-2010.09.51-i686-1/arm-none-eabi/lib/thumb2/libcs3unhosted.a(unhosted-isatty.o)
 .gnu.warning   0x00000000        0x0 /opt/york/cs/net/sourcery-g++-lite-arm-eabi-2010.09.51-i686-1/arm-none-eabi/lib/thumb2/libcs3unhosted.a(unhosted-_kill.o)
 .gnu.warning   0x00000000        0x0 /opt/york/cs/net/sourcery-g++-lite-arm-eabi-2010.09.51-i686-1/arm-none-eabi/lib/thumb2/libcs3unhosted.a(unhosted-_lseek.o)
 .gnu.warning   0x00000000        0x0 /opt/york/cs/net/sourcery-g++-lite-arm-eabi-2010.09.51-i686-1/arm-none-eabi/lib/thumb2/libcs3unhosted.a(unhosted-_read.o)
 .gnu.warning   0x00000000        0x0 /opt/york/cs/net/sourcery-g++-lite-arm-eabi-2010.09.51-i686-1/arm-none-eabi/lib/thumb2/libcs3unhosted.a(unhosted-_write.o)
 *(.glue_7t)
 .glue_7t       0x00000000        0x0 linker stubs
 *(.glue_7)
 .glue_7        0x00000000        0x0 linker stubs
 *(.vfp11_veneer)
 .vfp11_veneer  0x00000000        0x0 linker stubs
 *(.rodata .rodata.* .gnu.linkonce.r.*)
 .rodata        0x000187d4      0x164 main.o
 .rodata        0x00018938       0x1c packet-manager.o
 .rodata        0x00018954       0x1c sequence-manager.o
 .rodata        0x00018970       0x14 lib/serial-dmx.o
 .rodata._ZZ13setup_displayvE3C.2
                0x00018984        0xc lib/display.o
 .rodata._ZZ5resetvE3C.3
                0x00018990        0x4 lib/display.o
 .rodata        0x00018994       0x20 /opt/york/cs/net/sourcery-g++-lite-arm-eabi-2010.09.51-i686-1/arm-none-eabi/lib/thumb2/libg.a(lib_a-svfprintf.o)
 .rodata.str1.4
                0x000189b4       0x42 /opt/york/cs/net/sourcery-g++-lite-arm-eabi-2010.09.51-i686-1/arm-none-eabi/lib/thumb2/libg.a(lib_a-svfprintf.o)
                                 0x44 (size before relaxing)
 *fill*         0x000189f6        0x2 00
 .rodata        0x000189f8      0x104 /opt/york/cs/net/sourcery-g++-lite-arm-eabi-2010.09.51-i686-1/arm-none-eabi/lib/thumb2/libg.a(lib_a-ctype_.o)
                0x000189f8                _ctype_
 .rodata.str1.4
                0x00018afc       0x10 /opt/york/cs/net/sourcery-g++-lite-arm-eabi-2010.09.51-i686-1/arm-none-eabi/lib/thumb2/libg.a(lib_a-dtoa.o)
                                 0x14 (size before relaxing)
 .rodata        0x00018b0c        0x4 /opt/york/cs/net/sourcery-g++-lite-arm-eabi-2010.09.51-i686-1/arm-none-eabi/lib/thumb2/libg.a(lib_a-impure.o)
                0x00018b0c                _global_impure_ptr
 .rodata.str1.4
                0x00018b10        0x2 /opt/york/cs/net/sourcery-g++-lite-arm-eabi-2010.09.51-i686-1/arm-none-eabi/lib/thumb2/libg.a(lib_a-impure.o)
                                  0x4 (size before relaxing)
 *fill*         0x00018b12        0x2 00
 .rodata.str1.4
                0x00018b14        0xa /opt/york/cs/net/sourcery-g++-lite-arm-eabi-2010.09.51-i686-1/arm-none-eabi/lib/thumb2/libg.a(lib_a-locale.o)
                                 0x14 (size before relaxing)
 *fill*         0x00018b1e        0x2 00
 .rodata        0x00018b20      0x128 /opt/york/cs/net/sourcery-g++-lite-arm-eabi-2010.09.51-i686-1/arm-none-eabi/lib/thumb2/libg.a(lib_a-mprec.o)
                0x00018b30                __mprec_tens
                0x00018bf8                __mprec_bigtens
                0x00018c20                __mprec_tinytens
 .rodata        0x00018c48       0x20 /opt/york/cs/net/sourcery-g++-lite-arm-eabi-2010.09.51-i686-1/arm-none-eabi/lib/thumb2/libg.a(lib_a-svfiprintf.o)
 .rodata.str1.4
                0x00000000       0x30 /opt/york/cs/net/sourcery-g++-lite-arm-eabi-2010.09.51-i686-1/arm-none-eabi/lib/thumb2/libg.a(lib_a-svfiprintf.o)
 .rodata._ZTIPKDe
                0x00018c68       0x10 /opt/york/cs/net/sourcery-g++-lite-arm-eabi-2010.09.51-i686-1/arm-none-eabi/lib/thumb2/libstdc++.a(fundamental_type_info.o)
                0x00018c68                _ZTIPKDe
 .rodata._ZTIPDe
                0x00018c78       0x10 /opt/york/cs/net/sourcery-g++-lite-arm-eabi-2010.09.51-i686-1/arm-none-eabi/lib/thumb2/libstdc++.a(fundamental_type_info.o)
                0x00018c78                _ZTIPDe
 .rodata._ZTIDe
                0x00018c88        0x8 /opt/york/cs/net/sourcery-g++-lite-arm-eabi-2010.09.51-i686-1/arm-none-eabi/lib/thumb2/libstdc++.a(fundamental_type_info.o)
                0x00018c88                _ZTIDe
 .rodata._ZTIPKDd
                0x00018c90       0x10 /opt/york/cs/net/sourcery-g++-lite-arm-eabi-2010.09.51-i686-1/arm-none-eabi/lib/thumb2/libstdc++.a(fundamental_type_info.o)
                0x00018c90                _ZTIPKDd
 .rodata._ZTIPDd
                0x00018ca0       0x10 /opt/york/cs/net/sourcery-g++-lite-arm-eabi-2010.09.51-i686-1/arm-none-eabi/lib/thumb2/libstdc++.a(fundamental_type_info.o)
                0x00018ca0                _ZTIPDd
 .rodata._ZTIDd
                0x00018cb0        0x8 /opt/york/cs/net/sourcery-g++-lite-arm-eabi-2010.09.51-i686-1/arm-none-eabi/lib/thumb2/libstdc++.a(fundamental_type_info.o)
                0x00018cb0                _ZTIDd
 .rodata._ZTIPKDf
                0x00018cb8       0x10 /opt/york/cs/net/sourcery-g++-lite-arm-eabi-2010.09.51-i686-1/arm-none-eabi/lib/thumb2/libstdc++.a(fundamental_type_info.o)
                0x00018cb8                _ZTIPKDf
 .rodata._ZTIPDf
                0x00018cc8       0x10 /opt/york/cs/net/sourcery-g++-lite-arm-eabi-2010.09.51-i686-1/arm-none-eabi/lib/thumb2/libstdc++.a(fundamental_type_info.o)
                0x00018cc8                _ZTIPDf
 .rodata._ZTIDf
                0x00018cd8        0x8 /opt/york/cs/net/sourcery-g++-lite-arm-eabi-2010.09.51-i686-1/arm-none-eabi/lib/thumb2/libstdc++.a(fundamental_type_info.o)
                0x00018cd8                _ZTIDf
 .rodata._ZTIPKe
                0x00018ce0       0x10 /opt/york/cs/net/sourcery-g++-lite-arm-eabi-2010.09.51-i686-1/arm-none-eabi/lib/thumb2/libstdc++.a(fundamental_type_info.o)
                0x00018ce0                _ZTIPKe
 .rodata._ZTIPe
                0x00018cf0       0x10 /opt/york/cs/net/sourcery-g++-lite-arm-eabi-2010.09.51-i686-1/arm-none-eabi/lib/thumb2/libstdc++.a(fundamental_type_info.o)
                0x00018cf0                _ZTIPe
 .rodata._ZTIe  0x00018d00        0x8 /opt/york/cs/net/sourcery-g++-lite-arm-eabi-2010.09.51-i686-1/arm-none-eabi/lib/thumb2/libstdc++.a(fundamental_type_info.o)
                0x00018d00                _ZTIe
 .rodata._ZTIPKd
                0x00018d08       0x10 /opt/york/cs/net/sourcery-g++-lite-arm-eabi-2010.09.51-i686-1/arm-none-eabi/lib/thumb2/libstdc++.a(fundamental_type_info.o)
                0x00018d08                _ZTIPKd
 .rodata._ZTIPd
                0x00018d18       0x10 /opt/york/cs/net/sourcery-g++-lite-arm-eabi-2010.09.51-i686-1/arm-none-eabi/lib/thumb2/libstdc++.a(fundamental_type_info.o)
                0x00018d18                _ZTIPd
 .rodata._ZTId  0x00018d28        0x8 /opt/york/cs/net/sourcery-g++-lite-arm-eabi-2010.09.51-i686-1/arm-none-eabi/lib/thumb2/libstdc++.a(fundamental_type_info.o)
                0x00018d28                _ZTId
 .rodata._ZTIPKf
                0x00018d30       0x10 /opt/york/cs/net/sourcery-g++-lite-arm-eabi-2010.09.51-i686-1/arm-none-eabi/lib/thumb2/libstdc++.a(fundamental_type_info.o)
                0x00018d30                _ZTIPKf
 .rodata._ZTIPf
                0x00018d40       0x10 /opt/york/cs/net/sourcery-g++-lite-arm-eabi-2010.09.51-i686-1/arm-none-eabi/lib/thumb2/libstdc++.a(fundamental_type_info.o)
                0x00018d40                _ZTIPf
 .rodata._ZTIf  0x00018d50        0x8 /opt/york/cs/net/sourcery-g++-lite-arm-eabi-2010.09.51-i686-1/arm-none-eabi/lib/thumb2/libstdc++.a(fundamental_type_info.o)
                0x00018d50                _ZTIf
 .rodata._ZTIPKy
                0x00018d58       0x10 /opt/york/cs/net/sourcery-g++-lite-arm-eabi-2010.09.51-i686-1/arm-none-eabi/lib/thumb2/libstdc++.a(fundamental_type_info.o)
                0x00018d58                _ZTIPKy
 .rodata._ZTIPy
                0x00018d68       0x10 /opt/york/cs/net/sourcery-g++-lite-arm-eabi-2010.09.51-i686-1/arm-none-eabi/lib/thumb2/libstdc++.a(fundamental_type_info.o)
                0x00018d68                _ZTIPy
 .rodata._ZTIy  0x00018d78        0x8 /opt/york/cs/net/sourcery-g++-lite-arm-eabi-2010.09.51-i686-1/arm-none-eabi/lib/thumb2/libstdc++.a(fundamental_type_info.o)
                0x00018d78                _ZTIy
 .rodata._ZTIPKx
                0x00018d80       0x10 /opt/york/cs/net/sourcery-g++-lite-arm-eabi-2010.09.51-i686-1/arm-none-eabi/lib/thumb2/libstdc++.a(fundamental_type_info.o)
                0x00018d80                _ZTIPKx
 .rodata._ZTIPx
                0x00018d90       0x10 /opt/york/cs/net/sourcery-g++-lite-arm-eabi-2010.09.51-i686-1/arm-none-eabi/lib/thumb2/libstdc++.a(fundamental_type_info.o)
                0x00018d90                _ZTIPx
 .rodata._ZTIx  0x00018da0        0x8 /opt/york/cs/net/sourcery-g++-lite-arm-eabi-2010.09.51-i686-1/arm-none-eabi/lib/thumb2/libstdc++.a(fundamental_type_info.o)