Archive member included because of file (symbol)

/opt/york/cs/net/sourcery-g++-lite-arm-eabi-2010.09.51-i686-1/arm-none-eabi/lib/thumb2/libg.a(lib_a-atoi.o)
                              main.o (atoi)
/opt/york/cs/net/sourcery-g++-lite-arm-eabi-2010.09.51-i686-1/arm-none-eabi/lib/thumb2/libg.a(lib_a-malloc.o)
                              packet-manager.o (malloc)
/opt/york/cs/net/sourcery-g++-lite-arm-eabi-2010.09.51-i686-1/arm-none-eabi/lib/thumb2/libg.a(lib_a-mallocr.o)
                              /opt/york/cs/net/sourcery-g++-lite-arm-eabi-2010.09.51-i686-1/arm-none-eabi/lib/thumb2/libg.a(lib_a-malloc.o) (_malloc_r)
/opt/york/cs/net/sourcery-g++-lite-arm-eabi-2010.09.51-i686-1/arm-none-eabi/lib/thumb2/libg.a(lib_a-memcpy.o)
                              lib/serial-dmx.o (memcpy)
/opt/york/cs/net/sourcery-g++-lite-arm-eabi-2010.09.51-i686-1/arm-none-eabi/lib/thumb2/libg.a(lib_a-memset.o)
                              packet-manager.o (memset)
/opt/york/cs/net/sourcery-g++-lite-arm-eabi-2010.09.51-i686-1/arm-none-eabi/lib/thumb2/libg.a(lib_a-mlock.o)
                              /opt/york/cs/net/sourcery-g++-lite-arm-eabi-2010.09.51-i686-1/arm-none-eabi/lib/thumb2/libg.a(lib_a-mallocr.o) (__malloc_lock)
/opt/york/cs/net/sourcery-g++-lite-arm-eabi-2010.09.51-i686-1/arm-none-eabi/lib/thumb2/libg.a(lib_a-sbrkr.o)
                              /opt/york/cs/net/sourcery-g++-lite-arm-eabi-2010.09.51-i686-1/arm-none-eabi/lib/thumb2/libg.a(lib_a-mallocr.o) (_sbrk_r)
/opt/york/cs/net/sourcery-g++-lite-arm-eabi-2010.09.51-i686-1/arm-none-eabi/lib/thumb2/libg.a(lib_a-sprintf.o)
                              main.o (sprintf)
/opt/york/cs/net/sourcery-g++-lite-arm-eabi-2010.09.51-i686-1/arm-none-eabi/lib/thumb2/libg.a(lib_a-strlen.o)
                              main.o (strlen)
/opt/york/cs/net/sourcery-g++-lite-arm-eabi-2010.09.51-i686-1/arm-none-eabi/lib/thumb2/libg.a(lib_a-strtol.o)
                              /opt/york/cs/net/sourcery-g++-lite-arm-eabi-2010.09.51-i686-1/arm-none-eabi/lib/thumb2/libg.a(lib_a-atoi.o) (_strtol_r)
/opt/york/cs/net/sourcery-g++-lite-arm-eabi-2010.09.51-i686-1/arm-none-eabi/lib/thumb2/libg.a(lib_a-svfprintf.o)
                              /opt/york/cs/net/sourcery-g++-lite-arm-eabi-2010.09.51-i686-1/arm-none-eabi/lib/thumb2/libg.a(lib_a-sprintf.o) (_svfprintf_r)
/opt/york/cs/net/sourcery-g++-lite-arm-eabi-2010.09.51-i686-1/arm-none-eabi/lib/thumb2/libg.a(lib_a-vsprintf.o)
                              lib/serial.o (vsprintf)
/opt/york/cs/net/sourcery-g++-lite-arm-eabi-2010.09.51-i686-1/arm-none-eabi/lib/thumb2/libg.a(lib_a-ctype_.o)
                              /opt/york/cs/net/sourcery-g++-lite-arm-eabi-2010.09.51-i686-1/arm-none-eabi/lib/thumb2/libg.a(lib_a-strtol.o) (__ctype_ptr__)
/opt/york/cs/net/sourcery-g++-lite-arm-eabi-2010.09.51-i686-1/arm-none-eabi/lib/thumb2/libg.a(lib_a-dtoa.o)
                              /opt/york/cs/net/sourcery-g++-lite-arm-eabi-2010.09.51-i686-1/arm-none-eabi/lib/thumb2/libg.a(lib_a-svfprintf.o) (_dtoa_r)
/opt/york/cs/net/sourcery-g++-lite-arm-eabi-2010.09.51-i686-1/arm-none-eabi/lib/thumb2/libg.a(lib_a-freer.o)
                              /opt/york/cs/net/sourcery-g++-lite-arm-eabi-2010.09.51-i686-1/arm-none-eabi/lib/thumb2/libg.a(lib_a-malloc.o) (_free_r)
/opt/york/cs/net/sourcery-g++-lite-arm-eabi-2010.09.51-i686-1/arm-none-eabi/lib/thumb2/libg.a(lib_a-impure.o)
                              /opt/york/cs/net/sourcery-g++-lite-arm-eabi-2010.09.51-i686-1/arm-none-eabi/lib/thumb2/libg.a(lib_a-malloc.o) (_impure_ptr)
/opt/york/cs/net/sourcery-g++-lite-arm-eabi-2010.09.51-i686-1/arm-none-eabi/lib/thumb2/libg.a(lib_a-locale.o)
                              /opt/york/cs/net/sourcery-g++-lite-arm-eabi-2010.09.51-i686-1/arm-none-eabi/lib/thumb2/libg.a(lib_a-svfprintf.o) (_localeconv_r)
/opt/york/cs/net/sourcery-g++-lite-arm-eabi-2010.09.51-i686-1/arm-none-eabi/lib/thumb2/libg.a(lib_a-memchr.o)
                              /opt/york/cs/net/sourcery-g++-lite-arm-eabi-2010.09.51-i686-1/arm-none-eabi/lib/thumb2/libg.a(lib_a-svfprintf.o) (memchr)
/opt/york/cs/net/sourcery-g++-lite-arm-eabi-2010.09.51-i686-1/arm-none-eabi/lib/thumb2/libg.a(lib_a-mprec.o)
                              /opt/york/cs/net/sourcery-g++-lite-arm-eabi-2010.09.51-i686-1/arm-none-eabi/lib/thumb2/libg.a(lib_a-dtoa.o) (_Balloc)
/opt/york/cs/net/sourcery-g++-lite-arm-eabi-2010.09.51-i686-1/arm-none-eabi/lib/thumb2/libg.a(lib_a-reent.o)
                              /opt/york/cs/net/sourcery-g++-lite-arm-eabi-2010.09.51-i686-1/arm-none-eabi/lib/thumb2/libg.a(lib_a-sbrkr.o) (errno)
/opt/york/cs/net/sourcery-g++-lite-arm-eabi-2010.09.51-i686-1/arm-none-eabi/lib/thumb2/libg.a(lib_a-s_fpclassify.o)
                              /opt/york/cs/net/sourcery-g++-lite-arm-eabi-2010.09.51-i686-1/arm-none-eabi/lib/thumb2/libg.a(lib_a-svfprintf.o) (__fpclassifyd)
/opt/york/cs/net/sourcery-g++-lite-arm-eabi-2010.09.51-i686-1/arm-none-eabi/lib/thumb2/libg.a(lib_a-strcmp.o)
[...]
Memory Configuration

Name             Origin             Length             Attributes
rom              0x00000000         0x00080000         xr
ram              0x10000000         0x00008000         xrw
ram1             0x2007c000         0x00004000         xrw
ram2             0x20080000         0x00004000         xrw
*default*        0x00000000         0xffffffff

Linker script and memory map

LOAD /opt/york/cs/net/sourcery-g++-lite-arm-eabi-2010.09.51-i686-1/bin/../lib/gcc/arm-none-eabi/4.5.1/thumb2/crti.o
LOAD /opt/york/cs/net/sourcery-g++-lite-arm-eabi-2010.09.51-i686-1/bin/../lib/gcc/arm-none-eabi/4.5.1/thumb2/crtbegin.o
LOAD main.o
LOAD packet-manager.o
LOAD sequence-manager.o
LOAD lib/serial.o
LOAD lib/pindef.o
LOAD lib/i2c.o
LOAD lib/serial-dmx.o
LOAD lib/utilities.o
LOAD lib/keypad.o
LOAD lib/display.o
LOAD lib/analog.o
LOAD /opt/york/cs/net/lpc1700-cmsis-lite-2011.01.26-i686-1/lib/core_cm3.o
LOAD /opt/york/cs/net/lpc1700-cmsis-lite-2011.01.26-i686-1/lib/system_LPC17xx.o
LOAD /opt/york/cs/net/lpc1700-cmsis-lite-2011.01.26-i686-1/lib/startup_LPC17xx.o
START GROUP
LOAD /opt/york/cs/net/sourcery-g++-lite-arm-eabi-2010.09.51-i686-1/arm-none-eabi/lib/thumb2/libg.a
LOAD /opt/york/cs/net/sourcery-g++-lite-arm-eabi-2010.09.51-i686-1/arm-none-eabi/lib/thumb2/libstdc++.a
LOAD /opt/york/cs/net/sourcery-g++-lite-arm-eabi-2010.09.51-i686-1/arm-none-eabi/lib/thumb2/libsupc++.a
LOAD /opt/york/cs/net/sourcery-g++-lite-arm-eabi-2010.09.51-i686-1/bin/../lib/gcc/arm-none-eabi/4.5.1/thumb2/libgcc.a
END GROUP
START GROUP
LOAD /opt/york/cs/net/sourcery-g++-lite-arm-eabi-2010.09.51-i686-1/bin/../lib/gcc/arm-none-eabi/4.5.1/thumb2/libgcc.a
LOAD /opt/york/cs/net/sourcery-g++-lite-arm-eabi-2010.09.51-i686-1/arm-none-eabi/lib/thumb2/libc.a
LOAD /opt/york/cs/net/sourcery-g++-lite-arm-eabi-2010.09.51-i686-1/arm-none-eabi/lib/thumb2/libcs3.a
LOAD /opt/york/cs/net/sourcery-g++-lite-arm-eabi-2010.09.51-i686-1/arm-none-eabi/lib/thumb2/libcs3unhosted.a
LOAD /opt/york/cs/net/sourcery-g++-lite-arm-eabi-2010.09.51-i686-1/arm-none-eabi/lib/thumb2/libcs3micro.a
END GROUP
                0x10008000                PROVIDE (__cs3_stack, (__cs3_region_start_ram + __cs3_region_size_ram))
                0x00006f08                PROVIDE (__cs3_stack_size, ((__cs3_region_start_ram + __cs3_region_size_ram) - _end))
                0x100010f8                PROVIDE (__cs3_heap_start, _end)
                0x10008000                PROVIDE (__cs3_heap_end, (__cs3_region_start_ram + __cs3_region_size_ram))

.text           0x00000000    0x1ad34
 CREATE_OBJECT_SYMBOLS
                0x00000000                __cs3_region_start_rom = .
 *(.cs3.region-head.rom)
                0x00000000                __cs3_interrupt_vector = __cs3_interrupt_vector_cortex_m
 *(.cs3.interrupt_vector)
 .cs3.interrupt_vector
                0x00000000       0xcc /opt/york/cs/net/lpc1700-cmsis-lite-2011.01.26-i686-1/lib/startup_LPC17xx.o
                0x00000000                __cs3_interrupt_vector_cortex_m
                0x00000001                ASSERT ((. != __cs3_interrupt_vector_cortex_m), No interrupt vector)
 *(.rom)
 *(.rom.b)
                0x000000cc                __cs3_reset = __cs3_reset_cortex_m
 *(.cs3.reset)
 .cs3.reset     0x000000cc       0x10 /opt/york/cs/net/lpc1700-cmsis-lite-2011.01.26-i686-1/lib/startup_LPC17xx.o
                0x000000cc                __cs3_reset_cortex_m
                0x00000001                ASSERT ((. != __cs3_reset), No reset code)
 *(.text .text.* .gnu.linkonce.t.*)
 .text          0x000000dc        0x0 /opt/york/cs/net/sourcery-g++-lite-arm-eabi-2010.09.51-i686-1/bin/../lib/gcc/arm-none-eabi/4.5.1/thumb2/crti.o
 .text          0x000000dc       0x30 /opt/york/cs/net/sourcery-g++-lite-arm-eabi-2010.09.51-i686-1/bin/../lib/gcc/arm-none-eabi/4.5.1/thumb2/crtbegin.o
 .text          0x0000010c        0x0 main.o
 .text._Z4testv
                0x0000010c       0x8c main.o
                0x0000010c                _Z4testv
 .text._Z4menui
                0x00000198       0xc8 main.o
                0x00000198                _Z4menui
 .text._Z15sequence_senderi
                0x00000260       0xc4 main.o
                0x00000260                _Z15sequence_senderi
 .text._Z8selectori
                0x00000324       0x64 main.o
                0x00000324                _Z8selectori
 .text._Z6editorii
                0x00000388      0x108 main.o
                0x00000388                _Z6editorii
 .text._Z9sequencerii
                0x00000490      0x100 main.o
                0x00000490                _Z9sequencerii
 .text._Z5errori
                0x00000590       0xc0 main.o
                0x00000590                _Z5errori
 .text._Z5musicv
                0x00000650       0xf0 main.o
                0x00000650                _Z5musicv
 .text._Z6actioni
                0x00000740      0x948 main.o
                0x00000740                _Z6actioni
 .text.main     0x00001088       0xb8 main.o
                0x00001088                main
 .text._Z41__static_initialization_and_destruction_0ii
                0x00001140       0x60 main.o
 .text._GLOBAL__I_pc
                0x000011a0       0x14 main.o
 .text          0x000011b4        0x0 packet-manager.o
 .text._ZN14packet_managerC2Ev
                0x000011b4       0x18 packet-manager.o
                0x000011b4                _ZN14packet_managerC2Ev
                0x000011b4                _ZN14packet_managerC1Ev
 .text._ZN14packet_manager4initEv
                0x000011cc       0x64 packet-manager.o
                0x000011cc                _ZN14packet_manager4initEv
 .text._ZN14packet_manager6getptrEi
                0x00001230       0x2c packet-manager.o
                0x00001230                _ZN14packet_manager6getptrEi
 .text          0x0000125c        0x0 sequence-manager.o
 .text._ZN16sequence_managerC2Ev
                0x0000125c       0x18 sequence-manager.o
                0x0000125c                _ZN16sequence_managerC2Ev
                0x0000125c                _ZN16sequence_managerC1Ev
 .text._ZN16sequence_manager4initEv
                0x00001274       0x64 sequence-manager.o
                0x00001274                _ZN16sequence_manager4initEv
 .text._ZN16sequence_manager6getptrEi
                0x000012d8       0x2c sequence-manager.o
                0x000012d8                _ZN16sequence_manager6getptrEi
 .text          0x00001304        0x0 lib/serial.o
 .text._ZN6SerialC2Ev
                0x00001304       0x98 lib/serial.o
                0x00001304                _ZN6SerialC2Ev
                0x00001304                _ZN6SerialC1Ev
 .text._ZN6Serial4initEv
                0x0000139c       0x58 lib/serial.o
                0x0000139c                _ZN6Serial4initEv
 .text._ZN6Serial6printfEPcz
                0x000013f4       0x48 lib/serial.o
                0x000013f4                _ZN6Serial6printfEPcz
 .text._ZN6Serial5writeEPc
                0x0000143c       0x38 lib/serial.o
                0x0000143c                _ZN6Serial5writeEPc
 .text          0x00001474        0x0 lib/pindef.o
 .text._Z7pinconf15PINSEL_CFG_Type
                0x00001474       0x1c lib/pindef.o
                0x00001474                _Z7pinconf15PINSEL_CFG_Type
 .text          0x00001490        0x0 lib/i2c.o
 .text._ZN3I2CC2E15PINSEL_CFG_TypeS0_
                0x00001490       0x44 lib/i2c.o
                0x00001490                _ZN3I2CC1E15PINSEL_CFG_TypeS0_
                0x00001490                _ZN3I2CC2E15PINSEL_CFG_TypeS0_
 .text._ZN3I2C4initEv
                0x000014d4       0x34 lib/i2c.o
                0x000014d4                _ZN3I2C4initEv
 .text._ZN3I2C5writeEmPhm
                0x00001508       0xb0 lib/i2c.o
                0x00001508                _ZN3I2C5writeEmPhm
 .text._ZN3I2C4readEmPhm
                0x000015b8       0xb0 lib/i2c.o
                0x000015b8                _ZN3I2C4readEmPhm
 .text          0x00001668        0x0 lib/serial-dmx.o
 .text._ZN3DMXC2Ev
                0x00001668       0x98 lib/serial-dmx.o
                0x00001668                _ZN3DMXC2Ev
                0x00001668                _ZN3DMXC1Ev
 .text._ZN3DMX4initEv
                0x00001700       0x78 lib/serial-dmx.o
                0x00001700                _ZN3DMX4initEv
 .text._ZN3DMX3padEPci
                0x00001778       0x6c lib/serial-dmx.o
                0x00001778                _ZN3DMX3padEPci
 .text._ZN3DMX4sendEPci
                0x000017e4       0x58 lib/serial-dmx.o
                0x000017e4                _ZN3DMX4sendEPci
 .text._ZN3DMX5writeEPci
                0x0000183c       0x30 lib/serial-dmx.o
                0x0000183c                _ZN3DMX5writeEPci
 .text._ZN3DMX10send_breakEv
                0x0000186c       0x30 lib/serial-dmx.o
                0x0000186c                _ZN3DMX10send_breakEv
 .text._ZN3DMX9end_breakEv
                0x0000189c       0x30 lib/serial-dmx.o
                0x0000189c                _ZN3DMX9end_breakEv
 .text          0x000018cc        0x0 lib/utilities.o
 .text._Z5delayi
                0x000018cc       0x34 lib/utilities.o
                0x000018cc                _Z5delayi
 .text._Z41__static_initialization_and_destruction_0ii
                0x00001900       0x9c lib/utilities.o
 .text._GLOBAL__I_i2c
                0x0000199c       0x14 lib/utilities.o
 .text          0x000019b0        0x0 lib/keypad.o
 .text._Z8checkrowcciPFviE
                0x000019b0      0x124 lib/keypad.o
                0x000019b0                _Z8checkrowcciPFviE
 .text._Z12keypad_checkPFviE
                0x00001ad4       0x88 lib/keypad.o
                0x00001ad4                _Z12keypad_checkPFviE
 .text          0x00001b5c        0x0 lib/display.o
 .text._Z5resetv
                0x00001b5c       0x44 lib/display.o
                0x00001b5c                _Z5resetv
 .text._Z13setup_displayv
                0x00001ba0       0x3c lib/display.o
                0x00001ba0                _Z13setup_displayv
 .text._Z11return_homev
                0x00001bdc       0x34 lib/display.o
                0x00001bdc                _Z11return_homev
 .text._Z10shift_linev
                0x00001c10       0x34 lib/display.o
                0x00001c10                _Z10shift_linev
 .text._Z12cursor_shift10Shift_Typei
                0x00001c44       0xb0 lib/display.o
                0x00001c44                _Z12cursor_shift10Shift_Typei
 .text._Z9printcharc
                0x00001cf4       0x44 lib/display.o
                0x00001cf4                _Z9printcharc
 .text._Z9putcustomc
                0x00001d38       0x3c lib/display.o
                0x00001d38                _Z9putcustomc
 .text._Z8printstrPc
                0x00001d74       0x44 lib/display.o
                0x00001d74                _Z8printstrPc
 .text._Z13clear_displayv
                0x00001db8       0x70 lib/display.o
                0x00001db8                _Z13clear_displayv
 .text          0x00001e28        0x0 lib/analog.o
 .text._ZN8AnalogInC2Ev
                0x00001e28       0x58 lib/analog.o
                0x00001e28                _ZN8AnalogInC2Ev
                0x00001e28                _ZN8AnalogInC1Ev
 .text._ZN9AnalogOutC2Ev
                0x00001e80       0x58 lib/analog.o
                0x00001e80                _ZN9AnalogOutC1Ev
                0x00001e80                _ZN9AnalogOutC2Ev
 .text._ZN8AnalogIn4initEv
                0x00001ed8       0x4c lib/analog.o
                0x00001ed8                _ZN8AnalogIn4initEv
 .text._ZN9AnalogOut4initEv
                0x00001f24       0x1c lib/analog.o
                0x00001f24                _ZN9AnalogOut4initEv
 .text._ZN8AnalogIn4readEv
                0x00001f40       0x5c lib/analog.o
                0x00001f40                _ZN8AnalogIn4readEv
 .text._ZN9AnalogOut5writeEm
                0x00001f9c       0x20 lib/analog.o
                0x00001f9c                _ZN9AnalogOut5writeEm
 .text          0x00001fbc        0x0 /opt/york/cs/net/lpc1700-cmsis-lite-2011.01.26-i686-1/lib/core_cm3.o
 .text          0x00001fbc        0x0 /opt/york/cs/net/lpc1700-cmsis-lite-2011.01.26-i686-1/lib/system_LPC17xx.o
 .text.SystemCoreClockUpdate
                0x00001fbc      0x228 /opt/york/cs/net/lpc1700-cmsis-lite-2011.01.26-i686-1/lib/system_LPC17xx.o
                0x00001fbc                SystemCoreClockUpdate
 .text.SystemInit
                0x000021e4      0x240 /opt/york/cs/net/lpc1700-cmsis-lite-2011.01.26-i686-1/lib/system_LPC17xx.o
                0x000021e4                SystemInit
 .text          0x00002424       0x14 /opt/york/cs/net/lpc1700-cmsis-lite-2011.01.26-i686-1/lib/startup_LPC17xx.o
                0x00002424                NMI_Handler
                0x00002426                HardFault_Handler
                0x00002428                MemManage_Handler
                0x0000242a                BusFault_Handler
                0x0000242c                UsageFault_Handler
                0x0000242e                SVC_Handler
                0x00002430                DebugMon_Handler
                0x00002432                PendSV_Handler
                0x00002434                SysTick_Handler
                0x00002436                TIMER2_IRQHandler
                0x00002436                RIT_IRQHandler
                0x00002436                I2C0_IRQHandler
                0x00002436                USBActivity_IRQHandler
                0x00002436                PWM1_IRQHandler
                0x00002436                I2C1_IRQHandler
                0x00002436                EINT2_IRQHandler
                0x00002436                UART1_IRQHandler
                0x00002436                EINT3_IRQHandler
                0x00002436                CANActivity_IRQHandler
                0x00002436                TIMER3_IRQHandler
                0x00002436                UART0_IRQHandler
                0x00002436                PLL0_IRQHandler
                0x00002436                CAN_IRQHandler
                0x00002436                PLL1_IRQHandler
                0x00002436                SSP0_IRQHandler
                0x00002436                I2S_IRQHandler
                0x00002436                I2C2_IRQHandler
                0x00002436                RTC_IRQHandler
                0x00002436                TIMER0_IRQHandler
                0x00002436                SPI_IRQHandler
                0x00002436                EINT1_IRQHandler
                0x00002436                TIMER1_IRQHandler
                0x00002436                UART2_IRQHandler
                0x00002436                Default_Handler
                0x00002436                ADC_IRQHandler
                0x00002436                SSP1_IRQHandler
                0x00002436                USB_IRQHandler
                0x00002436                BOD_IRQHandler
                0x00002436                WDT_IRQHandler
                0x00002436                QEI_IRQHandler
                0x00002436                EINT0_IRQHandler
                0x00002436                DMA_IRQHandler
                0x00002436                UART3_IRQHandler
                0x00002436                MCPWM_IRQHandler
                0x00002436                ENET_IRQHandler
 .text          0x00002438       0x10 /opt/york/cs/net/sourcery-g++-lite-arm-eabi-2010.09.51-i686-1/arm-none-eabi/lib/thumb2/libg.a(lib_a-atoi.o)
                0x00002438                atoi
                0x00002440                _atoi_r
 .text          0x00002448       0x20 /opt/york/cs/net/sourcery-g++-lite-arm-eabi-2010.09.51-i686-1/arm-none-eabi/lib/thumb2/libg.a(lib_a-malloc.o)
                0x00002448                malloc
                0x00002458                free
 .text          0x00002468      0x57c /opt/york/cs/net/sourcery-g++-lite-arm-eabi-2010.09.51-i686-1/arm-none-eabi/lib/thumb2/libg.a(lib_a-mallocr.o)
                0x00002468                _malloc_r
 .text          0x000029e4      0x150 /opt/york/cs/net/sourcery-g++-lite-arm-eabi-2010.09.51-i686-1/arm-none-eabi/lib/thumb2/libg.a(lib_a-memcpy.o)
                0x000029e4                memcpy
 .text          0x00002b34       0xb4 /opt/york/cs/net/sourcery-g++-lite-arm-eabi-2010.09.51-i686-1/arm-none-eabi/lib/thumb2/libg.a(lib_a-memset.o)
                0x00002b34                memset
 .text          0x00002be8        0x8 /opt/york/cs/net/sourcery-g++-lite-arm-eabi-2010.09.51-i686-1/arm-none-eabi/lib/thumb2/libg.a(lib_a-mlock.o)
                0x00002be8                __malloc_lock
                0x00002bec                __malloc_unlock
 .text          0x00002bf0       0x28 /opt/york/cs/net/sourcery-g++-lite-arm-eabi-2010.09.51-i686-1/arm-none-eabi/lib/thumb2/libg.a(lib_a-sbrkr.o)
                0x00002bf0                _sbrk_r
 .text          0x00002c18       0x94 /opt/york/cs/net/sourcery-g++-lite-arm-eabi-2010.09.51-i686-1/arm-none-eabi/lib/thumb2/libg.a(lib_a-sprintf.o)
                0x00002c18                _sprintf_r
                0x00002c5c                sprintf
 .text          0x00002cac       0x60 /opt/york/cs/net/sourcery-g++-lite-arm-eabi-2010.09.51-i686-1/arm-none-eabi/lib/thumb2/libg.a(lib_a-strlen.o)
                0x00002cac                strlen
 .text          0x00002d0c      0x17c /opt/york/cs/net/sourcery-g++-lite-arm-eabi-2010.09.51-i686-1/arm-none-eabi/lib/thumb2/libg.a(lib_a-strtol.o)
                0x00002d0c                _strtol_r
                0x00002e70                strtol
 .text          0x00002e88     0x1658 /opt/york/cs/net/sourcery-g++-lite-arm-eabi-2010.09.51-i686-1/arm-none-eabi/lib/thumb2/libg.a(lib_a-svfprintf.o)
                0x00002e88                _svfprintf_r
 .text          0x000044e0       0x4c /opt/york/cs/net/sourcery-g++-lite-arm-eabi-2010.09.51-i686-1/arm-none-eabi/lib/thumb2/libg.a(lib_a-vsprintf.o)
                0x000044e0                _vsprintf_r
                0x00004514                vsprintf
 .text          0x0000452c        0x0 /opt/york/cs/net/sourcery-g++-lite-arm-eabi-2010.09.51-i686-1/arm-none-eabi/lib/thumb2/libg.a(lib_a-ctype_.o)
 *fill*         0x0000452c        0x4 00
 .text          0x00004530     0x1000 /opt/york/cs/net/sourcery-g++-lite-arm-eabi-2010.09.51-i686-1/arm-none-eabi/lib/thumb2/libg.a(lib_a-dtoa.o)
                0x0000465c                _dtoa_r
 .text          0x00005530      0x240 /opt/york/cs/net/sourcery-g++-lite-arm-eabi-2010.09.51-i686-1/arm-none-eabi/lib/thumb2/libg.a(lib_a-freer.o)
                0x00005530                _malloc_trim_r
                0x000055d8                _free_r
 .text          0x00005770        0x0 /opt/york/cs/net/sourcery-g++-lite-arm-eabi-2010.09.51-i686-1/arm-none-eabi/lib/thumb2/libg.a(lib_a-impure.o)
 .text          0x00005770       0xa0 /opt/york/cs/net/sourcery-g++-lite-arm-eabi-2010.09.51-i686-1/arm-none-eabi/lib/thumb2/libg.a(lib_a-locale.o)
                0x00005770                _setlocale_r
                0x000057cc                __locale_charset
                0x000057d8                __locale_mb_cur_max
                0x000057e4                __locale_msgcharset
                0x000057ec                __locale_cjk_lang
                0x000057f0                _localeconv_r
                0x000057f8                setlocale
                0x00005808                localeconv
 .text          0x00005810       0x88 /opt/york/cs/net/sourcery-g++-lite-arm-eabi-2010.09.51-i686-1/arm-none-eabi/lib/thumb2/libg.a(lib_a-memchr.o)
                0x00005810                memchr
 .text          0x00005898      0x920 /opt/york/cs/net/sourcery-g++-lite-arm-eabi-2010.09.51-i686-1/arm-none-eabi/lib/thumb2/libg.a(lib_a-mprec.o)
                0x00005898                _Balloc
                0x00005900                _Bfree
                0x00005938                __multadd
                0x000059bc                __s2b
                0x00005a50                __hi0bits
                0x00005a90                __lo0bits
                0x00005af4                __i2b
                0x00005b08                __multiply
                0x00005c30                __pow5mult
                0x00005cd4                __lshift
                0x00005d80                __mcmp
                0x00005dbc                __mdiff
                0x00005eb4                __ulp
                0x00005efc                __b2d
                0x00005fa8                __d2b
                0x00006070                __ratio
                0x000060e0                _mprec_log10
                0x00006114                __copybits
                0x0000615c                __any_on
 .text          0x000061b8      0x114 /opt/york/cs/net/sourcery-g++-lite-arm-eabi-2010.09.51-i686-1/arm-none-eabi/lib/thumb2/libg.a(lib_a-reent.o)
                0x000061b8                cleanup_glue
                0x000061d4                _reclaim_reent
                0x00006294                _wrapup_reent
 .text          0x000062cc       0x90 /opt/york/cs/net/sourcery-g++-lite-arm-eabi-2010.09.51-i686-1/arm-none-eabi/lib/thumb2/libg.a(lib_a-s_fpclassify.o)
                0x000062cc                __fpclassifyd
 .text          0x0000635c      0x1dc /opt/york/cs/net/sourcery-g++-lite-arm-eabi-2010.09.51-i686-1/arm-none-eabi/lib/thumb2/libg.a(lib_a-strcmp.o)
                0x0000635c                strcmp
 .text          0x00006538      0xbe4 /opt/york/cs/net/sourcery-g++-lite-arm-eabi-2010.09.51-i686-1/arm-none-eabi/lib/thumb2/libg.a(lib_a-svfiprintf.o)
                0x00006538                __ssprint_r
                0x00006640                _svfiprintf_r
 .text          0x0000711c       0x5c /opt/york/cs/net/sourcery-g++-lite-arm-eabi-2010.09.51-i686-1/arm-none-eabi/lib/thumb2/libg.a(lib_a-callocr.o)
                0x0000711c                _calloc_r
 .text          0x00007178       0xa0 /opt/york/cs/net/sourcery-g++-lite-arm-eabi-2010.09.51-i686-1/arm-none-eabi/lib/thumb2/libg.a(lib_a-memmove.o)
                0x00007178                memmove
 .text          0x00007218      0x41c /opt/york/cs/net/sourcery-g++-lite-arm-eabi-2010.09.51-i686-1/arm-none-eabi/lib/thumb2/libg.a(lib_a-reallocr.o)
                0x00007218                _realloc_r
 .text          0x00007634        0xc /opt/york/cs/net/sourcery-g++-lite-arm-eabi-2010.09.51-i686-1/arm-none-eabi/lib/thumb2/libstdc++.a(eh_arm.o)
                0x00007634                __cxa_end_cleanup
 .text.__cxa_type_match
                0x00007640       0xfc /opt/york/cs/net/sourcery-g++-lite-arm-eabi-2010.09.51-i686-1/arm-none-eabi/lib/thumb2/libstdc++.a(eh_arm.o)
                0x00007640                __cxa_type_match
 .text.__cxa_begin_cleanup
                0x0000773c       0x70 /opt/york/cs/net/sourcery-g++-lite-arm-eabi-2010.09.51-i686-1/arm-none-eabi/lib/thumb2/libstdc++.a(eh_arm.o)
                0x0000773c                __cxa_begin_cleanup
 .text.__gnu_end_cleanup
                0x000077ac       0x7c /opt/york/cs/net/sourcery-g++-lite-arm-eabi-2010.09.51-i686-1/arm-none-eabi/lib/thumb2/libstdc++.a(eh_arm.o)
                0x000077ac                __gnu_end_cleanup
 .text          0x00007828        0x0 /opt/york/cs/net/sourcery-g++-lite-arm-eabi-2010.09.51-i686-1/arm-none-eabi/lib/thumb2/libstdc++.a(fundamental_type_info.o)
 .text._ZN10__cxxabiv123__fundamental_type_infoD2Ev
                0x00007828       0x14 /opt/york/cs/net/sourcery-g++-lite-arm-eabi-2010.09.51-i686-1/arm-none-eabi/lib/thumb2/libstdc++.a(fundamental_type_info.o)
                0x00007828                _ZN10__cxxabiv123__fundamental_type_infoD1Ev
                0x00007828                _ZN10__cxxabiv123__fundamental_type_infoD2Ev
 .text._ZN10__cxxabiv123__fundamental_type_infoD0Ev
                0x0000783c       0x1c /opt/york/cs/net/sourcery-g++-lite-arm-eabi-2010.09.51-i686-1/arm-none-eabi/lib/thumb2/libstdc++.a(fundamental_type_info.o)
                0x0000783c                _ZN10__cxxabiv123__fundamental_type_infoD0Ev
 .text          0x00007858        0x0 /opt/york/cs/net/sourcery-g++-lite-arm-eabi-2010.09.51-i686-1/arm-none-eabi/lib/thumb2/libstdc++.a(pointer_type_info.o)
 .text._ZNK10__cxxabiv119__pointer_type_info14__is_pointer_pEv
                0x00007858        0x4 /opt/york/cs/net/sourcery-g++-lite-arm-eabi-2010.09.51-i686-1/arm-none-eabi/lib/thumb2/libstdc++.a(pointer_type_info.o)
                0x00007858                _ZNK10__cxxabiv119__pointer_type_info14__is_pointer_pEv
 .text._ZNK10__cxxabiv119__pointer_type_info15__pointer_catchEPKNS_17__pbase_type_infoEPPvj
                0x0000785c       0x4c /opt/york/cs/net/sourcery-g++-lite-arm-eabi-2010.09.51-i686-1/arm-none-eabi/lib/thumb2/libstdc++.a(pointer_type_info.o)
                0x0000785c                _ZNK10__cxxabiv119__pointer_type_info15__pointer_catchEPKNS_17__pbase_type_infoEPPvj
 .text._ZN10__cxxabiv119__pointer_type_infoD2Ev
                0x000078a8       0x14 /opt/york/cs/net/sourcery-g++-lite-arm-eabi-2010.09.51-i686-1/arm-none-eabi/lib/thumb2/libstdc++.a(pointer_type_info.o)
                0x000078a8                _ZN10__cxxabiv119__pointer_type_infoD1Ev
                0x000078a8                _ZN10__cxxabiv119__pointer_type_infoD2Ev
 .text._ZN10__cxxabiv119__pointer_type_infoD0Ev
                0x000078bc       0x1c /opt/york/cs/net/sourcery-g++-lite-arm-eabi-2010.09.51-i686-1/arm-none-eabi/lib/thumb2/libstdc++.a(pointer_type_info.o)
                0x000078bc                _ZN10__cxxabiv119__pointer_type_infoD0Ev
 .text          0x000078d8        0x0 /opt/york/cs/net/sourcery-g++-lite-arm-eabi-2010.09.51-i686-1/arm-none-eabi/lib/thumb2/libstdc++.a(eh_alloc.o)
 .text.__cxa_allocate_exception
                0x000078d8       0x7c /opt/york/cs/net/sourcery-g++-lite-arm-eabi-2010.09.51-i686-1/arm-none-eabi/lib/thumb2/libstdc++.a(eh_alloc.o)
                0x000078d8                __cxa_allocate_exception
 .text.__cxa_free_exception
                0x00007954       0x3c /opt/york/cs/net/sourcery-g++-lite-arm-eabi-2010.09.51-i686-1/arm-none-eabi/lib/thumb2/libstdc++.a(eh_alloc.o)
                0x00007954                __cxa_free_exception
 .text.__cxa_allocate_dependent_exception
                0x00007990       0x78 /opt/york/cs/net/sourcery-g++-lite-arm-eabi-2010.09.51-i686-1/arm-none-eabi/lib/thumb2/libstdc++.a(eh_alloc.o)
                0x00007990                __cxa_allocate_dependent_exception
 .text.__cxa_free_dependent_exception
                0x00007a08       0x4c /opt/york/cs/net/sourcery-g++-lite-arm-eabi-2010.09.51-i686-1/arm-none-eabi/lib/thumb2/libstdc++.a(eh_alloc.o)
                0x00007a08                __cxa_free_dependent_exception
 .text._GLOBAL__I___cxa_allocate_exception
                0x00007a54        0x4 /opt/york/cs/net/sourcery-g++-lite-arm-eabi-2010.09.51-i686-1/arm-none-eabi/lib/thumb2/libstdc++.a(eh_alloc.o)
 .text          0x00007a58        0x0 /opt/york/cs/net/sourcery-g++-lite-arm-eabi-2010.09.51-i686-1/arm-none-eabi/lib/thumb2/libstdc++.a(tinfo.o)
 .text._ZNSt9type_infoD2Ev
                0x00007a58        0xc /opt/york/cs/net/sourcery-g++-lite-arm-eabi-2010.09.51-i686-1/arm-none-eabi/lib/thumb2/libstdc++.a(tinfo.o)
                0x00007a58                _ZNSt9type_infoD1Ev
                0x00007a58                _ZNSt9type_infoD2Ev
 .text._ZNKSt9type_info14__is_pointer_pEv
                0x00007a64        0x4 /opt/york/cs/net/sourcery-g++-lite-arm-eabi-2010.09.51-i686-1/arm-none-eabi/lib/thumb2/libstdc++.a(tinfo.o)
                0x00007a64                _ZNKSt9type_info14__is_pointer_pEv
 .text._ZNKSt9type_info15__is_function_pEv
                0x00007a68        0x4 /opt/york/cs/net/sourcery-g++-lite-arm-eabi-2010.09.51-i686-1/arm-none-eabi/lib/thumb2/libstdc++.a(tinfo.o)
                0x00007a68                _ZNKSt9type_info15__is_function_pEv
 .text._ZNKSt9type_info11__do_upcastEPKN10__cxxabiv117__class_type_infoEPPv
                0x00007a6c        0x4 /opt/york/cs/net/sourcery-g++-lite-arm-eabi-2010.09.51-i686-1/arm-none-eabi/lib/thumb2/libstdc++.a(tinfo.o)
                0x00007a6c                _ZNKSt9type_info11__do_upcastEPKN10__cxxabiv117__class_type_infoEPPv
 .text._ZNSt9type_infoD0Ev
                0x00007a70       0x14 /opt/york/cs/net/sourcery-g++-lite-arm-eabi-2010.09.51-i686-1/arm-none-eabi/lib/thumb2/libstdc++.a(tinfo.o)
                0x00007a70                _ZNSt9type_infoD0Ev
 .text._ZNKSt9type_infoeqERKS_
                0x00007a84       0x3c /opt/york/cs/net/sourcery-g++-lite-arm-eabi-2010.09.51-i686-1/arm-none-eabi/lib/thumb2/libstdc++.a(tinfo.o)
                0x00007a84                _ZNKSt9type_infoeqERKS_
 .text._ZNKSt9type_info10__do_catchEPKS_PPvj
                0x00007ac0        0x4 /opt/york/cs/net/sourcery-g++-lite-arm-eabi-2010.09.51-i686-1/arm-none-eabi/lib/thumb2/libstdc++.a(tinfo.o)
                0x00007ac0                _ZNKSt9type_info10__do_catchEPKS_PPvj
 .text          0x00007ac4        0x0 /opt/york/cs/net/sourcery-g++-lite-arm-eabi-2010.09.51-i686-1/arm-none-eabi/lib/thumb2/libstdc++.a(class_type_info.o)
 .text._ZNK10__cxxabiv117__class_type_info11__do_upcastEPKS0_PPv
                0x00007ac4       0x38 /opt/york/cs/net/sourcery-g++-lite-arm-eabi-2010.09.51-i686-1/arm-none-eabi/lib/thumb2/libstdc++.a(class_type_info.o)
                0x00007ac4                _ZNK10__cxxabiv117__class_type_info11__do_upcastEPKS0_PPv
 .text._ZNK10__cxxabiv117__class_type_info20__do_find_public_srcEiPKvPKS0_S2_
                0x00007afc        0xc /opt/york/cs/net/sourcery-g++-lite-arm-eabi-2010.09.51-i686-1/arm-none-eabi/lib/thumb2/libstdc++.a(class_type_info.o)
                0x00007afc                _ZNK10__cxxabiv117__class_type_info20__do_find_public_srcEiPKvPKS0_S2_
 .text._ZNK10__cxxabiv117__class_type_info11__do_upcastEPKS0_PKvRNS0_15__upcast_resultE
                0x00007b08       0x1c /opt/york/cs/net/sourcery-g++-lite-arm-eabi-2010.09.51-i686-1/arm-none-eabi/lib/thumb2/libstdc++.a(class_type_info.o)
                0x00007b08                _ZNK10__cxxabiv117__class_type_info11__do_upcastEPKS0_PKvRNS0_15__upcast_resultE
 .text._ZNK10__cxxabiv117__class_type_info12__do_dyncastEiNS0_10__sub_kindEPKS0_PKvS3_S5_RNS0_16__dyncast_resultE
                0x00007b24       0x3c /opt/york/cs/net/sourcery-g++-lite-arm-eabi-2010.09.51-i686-1/arm-none-eabi/lib/thumb2/libstdc++.a(class_type_info.o)
                0x00007b24                _ZNK10__cxxabiv117__class_type_info12__do_dyncastEiNS0_10__sub_kindEPKS0_PKvS3_S5_RNS0_16__dyncast_resultE
 .text._ZNK10__cxxabiv117__class_type_info10__do_catchEPKSt9type_infoPPvj
                0x00007b60       0x28 /opt/york/cs/net/sourcery-g++-lite-arm-eabi-2010.09.51-i686-1/arm-none-eabi/lib/thumb2/libstdc++.a(class_type_info.o)
                0x00007b60                _ZNK10__cxxabiv117__class_type_info10__do_catchEPKSt9type_infoPPvj
 .text._ZN10__cxxabiv117__class_type_infoD2Ev
                0x00007b88       0x14 /opt/york/cs/net/sourcery-g++-lite-arm-eabi-2010.09.51-i686-1/arm-none-eabi/lib/thumb2/libstdc++.a(class_type_info.o)
                0x00007b88                _ZN10__cxxabiv117__class_type_infoD1Ev
                0x00007b88                _ZN10__cxxabiv117__class_type_infoD2Ev
 .text._ZN10__cxxabiv117__class_type_infoD0Ev
                0x00007b9c       0x1c /opt/york/cs/net/sourcery-g++-lite-arm-eabi-2010.09.51-i686-1/arm-none-eabi/lib/thumb2/libstdc++.a(class_type_info.o)
                0x00007b9c                _ZN10__cxxabiv117__class_type_infoD0Ev
 .text          0x00007bb8        0x0 /opt/york/cs/net/sourcery-g++-lite-arm-eabi-2010.09.51-i686-1/arm-none-eabi/lib/thumb2/libstdc++.a(eh_personality.o)
 .text._ZL12read_sleb128PKhPl
                0x00007bb8       0x3c /opt/york/cs/net/sourcery-g++-lite-arm-eabi-2010.09.51-i686-1/arm-none-eabi/lib/thumb2/libstdc++.a(eh_personality.o)
 .text._ZL28read_encoded_value_with_basehjPKhPj
                0x00007bf4       0xcc /opt/york/cs/net/sourcery-g++-lite-arm-eabi-2010.09.51-i686-1/arm-none-eabi/lib/thumb2/libstdc++.a(eh_personality.o)
 .text._ZL21base_of_encoded_valuehP15_Unwind_Context
                0x00007cc0       0x4c /opt/york/cs/net/sourcery-g++-lite-arm-eabi-2010.09.51-i686-1/arm-none-eabi/lib/thumb2/libstdc++.a(eh_personality.o)
 .text._ZL17parse_lsda_headerP15_Unwind_ContextPKhP16lsda_header_info
                0x00007d0c       0x8c /opt/york/cs/net/sourcery-g++-lite-arm-eabi-2010.09.51-i686-1/arm-none-eabi/lib/thumb2/libstdc++.a(eh_personality.o)
 .text.__gxx_personality_v0
                0x00007d98      0x3dc /opt/york/cs/net/sourcery-g++-lite-arm-eabi-2010.09.51-i686-1/arm-none-eabi/lib/thumb2/libstdc++.a(eh_personality.o)
                0x00007d98                __gxx_personality_v0
 .text          0x00008174        0x0 /opt/york/cs/net/sourcery-g++-lite-arm-eabi-2010.09.51-i686-1/arm-none-eabi/lib/thumb2/libstdc++.a(eh_throw.o)
 .text._ZL23__gxx_exception_cleanup19_Unwind_Reason_CodeP21_Unwind_Control_Block
                0x00008174       0x4c /opt/york/cs/net/sourcery-g++-lite-arm-eabi-2010.09.51-i686-1/arm-none-eabi/lib/thumb2/libstdc++.a(eh_throw.o)
 .text.__cxa_throw
                0x000081c0       0x80 /opt/york/cs/net/sourcery-g++-lite-arm-eabi-2010.09.51-i686-1/arm-none-eabi/lib/thumb2/libstdc++.a(eh_throw.o)
                0x000081c0                __cxa_throw
 .text.__cxa_rethrow
                0x00008240       0x78 /opt/york/cs/net/sourcery-g++-lite-arm-eabi-2010.09.51-i686-1/arm-none-eabi/lib/thumb2/libstdc++.a(eh_throw.o)
                0x00008240                __cxa_rethrow
 .text          0x000082b8        0x0 /opt/york/cs/net/sourcery-g++-lite-arm-eabi-2010.09.51-i686-1/arm-none-eabi/lib/thumb2/libstdc++.a(eh_globals.o)
 .text.__cxa_get_globals_fast
                0x000082b8        0xc /opt/york/cs/net/sourcery-g++-lite-arm-eabi-2010.09.51-i686-1/arm-none-eabi/lib/thumb2/libstdc++.a(eh_globals.o)
                0x000082b8                __cxa_get_globals_fast
 .text.__cxa_get_globals
                0x000082c4        0xc /opt/york/cs/net/sourcery-g++-lite-arm-eabi-2010.09.51-i686-1/arm-none-eabi/lib/thumb2/libstdc++.a(eh_globals.o)
                0x000082c4                __cxa_get_globals
 .text          0x000082d0        0x0 /opt/york/cs/net/sourcery-g++-lite-arm-eabi-2010.09.51-i686-1/arm-none-eabi/lib/thumb2/libstdc++.a(del_op.o)
 .text._ZdlPv   0x000082d0        0x8 /opt/york/cs/net/sourcery-g++-lite-arm-eabi-2010.09.51-i686-1/arm-none-eabi/lib/thumb2/libstdc++.a(del_op.o)
                0x000082d0                _ZdlPv
 .text          0x000082d8        0x0 /opt/york/cs/net/sourcery-g++-lite-arm-eabi-2010.09.51-i686-1/arm-none-eabi/lib/thumb2/libstdc++.a(eh_catch.o)
 .text.__cxa_get_exception_ptr
                0x000082d8        0x4 /opt/york/cs/net/sourcery-g++-lite-arm-eabi-2010.09.51-i686-1/arm-none-eabi/lib/thumb2/libstdc++.a(eh_catch.o)
                0x000082d8                __cxa_get_exception_ptr
 .text.__cxa_begin_catch
                0x000082dc       0x9c /opt/york/cs/net/sourcery-g++-lite-arm-eabi-2010.09.51-i686-1/arm-none-eabi/lib/thumb2/libstdc++.a(eh_catch.o)
                0x000082dc                __cxa_begin_catch
 .text.__cxa_end_catch
                0x00008378       0x98 /opt/york/cs/net/sourcery-g++-lite-arm-eabi-2010.09.51-i686-1/arm-none-eabi/lib/thumb2/libstdc++.a(eh_catch.o)
                0x00008378                __cxa_end_catch
 .text._ZSt18uncaught_exceptionv
                0x00008410       0x10 /opt/york/cs/net/sourcery-g++-lite-arm-eabi-2010.09.51-i686-1/arm-none-eabi/lib/thumb2/libstdc++.a(eh_catch.o)
                0x00008410                _ZSt18uncaught_exceptionv
 .text          0x00008420        0x0 /opt/york/cs/net/sourcery-g++-lite-arm-eabi-2010.09.51-i686-1/arm-none-eabi/lib/thumb2/libstdc++.a(eh_aux_runtime.o)
 .text.__cxa_bad_cast
                0x00008420       0x24 /opt/york/cs/net/sourcery-g++-lite-arm-eabi-2010.09.51-i686-1/arm-none-eabi/lib/thumb2/libstdc++.a(eh_aux_runtime.o)
                0x00008420                __cxa_bad_cast
 .text.__cxa_bad_typeid
                0x00008444       0x24 /opt/york/cs/net/sourcery-g++-lite-arm-eabi-2010.09.51-i686-1/arm-none-eabi/lib/thumb2/libstdc++.a(eh_aux_runtime.o)
                0x00008444                __cxa_bad_typeid
 .text          0x00008468        0x0 /opt/york/cs/net/sourcery-g++-lite-arm-eabi-2010.09.51-i686-1/arm-none-eabi/lib/thumb2/libstdc++.a(si_class_type_info.o)
 .text._ZNK10__cxxabiv120__si_class_type_info11__do_upcastEPKNS_17__class_type_infoEPKvRNS1_15__upcast_resultE
                0x00008468       0x28 /opt/york/cs/net/sourcery-g++-lite-arm-eabi-2010.09.51-i686-1/arm-none-eabi/lib/thumb2/libstdc++.a(si_class_type_info.o)
                0x00008468                _ZNK10__cxxabiv120__si_class_type_info11__do_upcastEPKNS_17__class_type_infoEPKvRNS1_15__upcast_resultE
 .text._ZNK10__cxxabiv120__si_class_type_info12__do_dyncastEiNS_17__class_type_info10__sub_kindEPKS1_PKvS4_S6_RNS1_16__dyncast_resultE
                0x00008490       0x90 /opt/york/cs/net/sourcery-g++-lite-arm-eabi-2010.09.51-i686-1/arm-none-eabi/lib/thumb2/libstdc++.a(si_class_type_info.o)
                0x00008490                _ZNK10__cxxabiv120__si_class_type_info12__do_dyncastEiNS_17__class_type_info10__sub_kindEPKS1_PKvS4_S6_RNS1_16__dyncast_resultE
 .text._ZNK10__cxxabiv120__si_class_type_info20__do_find_public_srcEiPKvPKNS_17__class_type_infoES2_
                0x00008520       0x38 /opt/york/cs/net/sourcery-g++-lite-arm-eabi-2010.09.51-i686-1/arm-none-eabi/lib/thumb2/libstdc++.a(si_class_type_info.o)
                0x00008520                _ZNK10__cxxabiv120__si_class_type_info20__do_find_public_srcEiPKvPKNS_17__class_type_infoES2_
 .text._ZN10__cxxabiv120__si_class_type_infoD2Ev
                0x00008558       0x14 /opt/york/cs/net/sourcery-g++-lite-arm-eabi-2010.09.51-i686-1/arm-none-eabi/lib/thumb2/libstdc++.a(si_class_type_info.o)
                0x00008558                _ZN10__cxxabiv120__si_class_type_infoD2Ev
                0x00008558                _ZN10__cxxabiv120__si_class_type_infoD1Ev
 .text._ZN10__cxxabiv120__si_class_type_infoD0Ev
                0x0000856c       0x1c /opt/york/cs/net/sourcery-g++-lite-arm-eabi-2010.09.51-i686-1/arm-none-eabi/lib/thumb2/libstdc++.a(si_class_type_info.o)
                0x0000856c                _ZN10__cxxabiv120__si_class_type_infoD0Ev
 .text          0x00008588        0x0 /opt/york/cs/net/sourcery-g++-lite-arm-eabi-2010.09.51-i686-1/arm-none-eabi/lib/thumb2/libstdc++.a(bad_cast.o)
 .text._ZNKSt8bad_cast4whatEv
                0x00008588        0xc /opt/york/cs/net/sourcery-g++-lite-arm-eabi-2010.09.51-i686-1/arm-none-eabi/lib/thumb2/libstdc++.a(bad_cast.o)
                0x00008588                _ZNKSt8bad_cast4whatEv
 .text._ZNSt8bad_castD2Ev
                0x00008594       0x14 /opt/york/cs/net/sourcery-g++-lite-arm-eabi-2010.09.51-i686-1/arm-none-eabi/lib/thumb2/libstdc++.a(bad_cast.o)
                0x00008594                _ZNSt8bad_castD1Ev
                0x00008594                _ZNSt8bad_castD2Ev
 .text._ZNSt8bad_castD0Ev
                0x000085a8       0x1c /opt/york/cs/net/sourcery-g++-lite-arm-eabi-2010.09.51-i686-1/arm-none-eabi/lib/thumb2/libstdc++.a(bad_cast.o)
                0x000085a8                _ZNSt8bad_castD0Ev
 .text          0x000085c4        0x0 /opt/york/cs/net/sourcery-g++-lite-arm-eabi-2010.09.51-i686-1/arm-none-eabi/lib/thumb2/libstdc++.a(eh_terminate.o)
 .text._ZN10__cxxabiv111__terminateEPFvvE
                0x000085c4       0x28 /opt/york/cs/net/sourcery-g++-lite-arm-eabi-2010.09.51-i686-1/arm-none-eabi/lib/thumb2/libstdc++.a(eh_terminate.o)
                0x000085c4                _ZN10__cxxabiv111__terminateEPFvvE
 .text._ZSt9terminatev
                0x000085ec       0x10 /opt/york/cs/net/sourcery-g++-lite-arm-eabi-2010.09.51-i686-1/arm-none-eabi/lib/thumb2/libstdc++.a(eh_terminate.o)
                0x000085ec                _ZSt9terminatev
 .text._ZN10__cxxabiv112__unexpectedEPFvvE
                0x000085fc        0x8 /opt/york/cs/net/sourcery-g++-lite-arm-eabi-2010.09.51-i686-1/arm-none-eabi/lib/thumb2/libstdc++.a(eh_terminate.o)
                0x000085fc                _ZN10__cxxabiv112__unexpectedEPFvvE
 .text._ZSt10unexpectedv
                0x00008604       0x14 /opt/york/cs/net/sourcery-g++-lite-arm-eabi-2010.09.51-i686-1/arm-none-eabi/lib/thumb2/libstdc++.a(eh_terminate.o)
                0x00008604                _ZSt10unexpectedv
 .text._ZSt13set_terminatePFvvE
                0x00008618       0x10 /opt/york/cs/net/sourcery-g++-lite-arm-eabi-2010.09.51-i686-1/arm-none-eabi/lib/thumb2/libstdc++.a(eh_terminate.o)
                0x00008618                _ZSt13set_terminatePFvvE
 .text._ZSt14set_unexpectedPFvvE
                0x00008628       0x10 /opt/york/cs/net/sourcery-g++-lite-arm-eabi-2010.09.51-i686-1/arm-none-eabi/lib/thumb2/libstdc++.a(eh_terminate.o)
                0x00008628                _ZSt14set_unexpectedPFvvE
 .text          0x00008638        0x0 /opt/york/cs/net/sourcery-g++-lite-arm-eabi-2010.09.51-i686-1/arm-none-eabi/lib/thumb2/libstdc++.a(pbase_type_info.o)
 .text._ZNK10__cxxabiv117__pbase_type_info15__pointer_catchEPKS0_PPvj
                0x00008638       0x14 /opt/york/cs/net/sourcery-g++-lite-arm-eabi-2010.09.51-i686-1/arm-none-eabi/lib/thumb2/libstdc++.a(pbase_type_info.o)
                0x00008638                _ZNK10__cxxabiv117__pbase_type_info15__pointer_catchEPKS0_PPvj
 .text._ZNK10__cxxabiv117__pbase_type_info10__do_catchEPKSt9type_infoPPvj
                0x0000864c       0x70 /opt/york/cs/net/sourcery-g++-lite-arm-eabi-2010.09.51-i686-1/arm-none-eabi/lib/thumb2/libstdc++.a(pbase_type_info.o)
                0x0000864c                _ZNK10__cxxabiv117__pbase_type_info10__do_catchEPKSt9type_infoPPvj
 .text._ZN10__cxxabiv117__pbase_type_infoD2Ev
                0x000086bc       0x14 /opt/york/cs/net/sourcery-g++-lite-arm-eabi-2010.09.51-i686-1/arm-none-eabi/lib/thumb2/libstdc++.a(pbase_type_info.o)
                0x000086bc                _ZN10__cxxabiv117__pbase_type_infoD1Ev
                0x000086bc                _ZN10__cxxabiv117__pbase_type_infoD2Ev
 .text._ZN10__cxxabiv117__pbase_type_infoD0Ev
                0x000086d0       0x1c /opt/york/cs/net/sourcery-g++-lite-arm-eabi-2010.09.51-i686-1/arm-none-eabi/lib/thumb2/libstdc++.a(pbase_type_info.o)
                0x000086d0                _ZN10__cxxabiv117__pbase_type_infoD0Ev
 .text          0x000086ec        0x0 /opt/york/cs/net/sourcery-g++-lite-arm-eabi-2010.09.51-i686-1/arm-none-eabi/lib/thumb2/libstdc++.a(eh_call.o)
 .text.__cxa_call_terminate
                0x000086ec       0x50 /opt/york/cs/net/sourcery-g++-lite-arm-eabi-2010.09.51-i686-1/arm-none-eabi/lib/thumb2/libstdc++.a(eh_call.o)
                0x000086ec                __cxa_call_terminate
 .text.__cxa_call_unexpected
                0x0000873c      0x130 /opt/york/cs/net/sourcery-g++-lite-arm-eabi-2010.09.51-i686-1/arm-none-eabi/lib/thumb2/libstdc++.a(eh_call.o)
                0x0000873c                __cxa_call_unexpected
 .text          0x0000886c        0x0 /opt/york/cs/net/sourcery-g++-lite-arm-eabi-2010.09.51-i686-1/arm-none-eabi/lib/thumb2/libstdc++.a(bad_typeid.o)
 .text._ZNKSt10bad_typeid4whatEv
                0x0000886c        0xc /opt/york/cs/net/sourcery-g++-lite-arm-eabi-2010.09.51-i686-1/arm-none-eabi/lib/thumb2/libstdc++.a(bad_typeid.o)
                0x0000886c                _ZNKSt10bad_typeid4whatEv
 .text._ZNSt10bad_typeidD2Ev
                0x00008878       0x14 /opt/york/cs/net/sourcery-g++-lite-arm-eabi-2010.09.51-i686-1/arm-none-eabi/lib/thumb2/libstdc++.a(bad_typeid.o)
                0x00008878                _ZNSt10bad_typeidD1Ev
                0x00008878                _ZNSt10bad_typeidD2Ev
 .text._ZNSt10bad_typeidD0Ev
                0x0000888c       0x1c /opt/york/cs/net/sourcery-g++-lite-arm-eabi-2010.09.51-i686-1/arm-none-eabi/lib/thumb2/libstdc++.a(bad_typeid.o)
                0x0000888c                _ZNSt10bad_typeidD0Ev
 .text          0x000088a8        0x0 /opt/york/cs/net/sourcery-g++-lite-arm-eabi-2010.09.51-i686-1/arm-none-eabi/lib/thumb2/libstdc++.a(eh_exception.o)
 .text._ZNSt9exceptionD2Ev
                0x000088a8        0xc /opt/york/cs/net/sourcery-g++-lite-arm-eabi-2010.09.51-i686-1/arm-none-eabi/lib/thumb2/libstdc++.a(eh_exception.o)
                0x000088a8                _ZNSt9exceptionD2Ev
                0x000088a8                _ZNSt9exceptionD1Ev
 .text._ZNSt13bad_exceptionD2Ev
                0x000088b4        0xc /opt/york/cs/net/sourcery-g++-lite-arm-eabi-2010.09.51-i686-1/arm-none-eabi/lib/thumb2/libstdc++.a(eh_exception.o)
                0x000088b4                _ZNSt13bad_exceptionD2Ev
                0x000088b4                _ZNSt13bad_exceptionD1Ev
 .text._ZN10__cxxabiv115__forced_unwindD2Ev
                0x000088c0        0xc /opt/york/cs/net/sourcery-g++-lite-arm-eabi-2010.09.51-i686-1/arm-none-eabi/lib/thumb2/libstdc++.a(eh_exception.o)
                0x000088c0                _ZN10__cxxabiv115__forced_unwindD1Ev
                0x000088c0                _ZN10__cxxabiv115__forced_unwindD2Ev
 .text._ZN10__cxxabiv119__foreign_exceptionD2Ev
                0x000088cc        0xc /opt/york/cs/net/sourcery-g++-lite-arm-eabi-2010.09.51-i686-1/arm-none-eabi/lib/thumb2/libstdc++.a(eh_exception.o)
                0x000088cc                _ZN10__cxxabiv119__foreign_exceptionD2Ev
                0x000088cc                _ZN10__cxxabiv119__foreign_exceptionD1Ev
 .text._ZNKSt9exception4whatEv
                0x000088d8        0xc /opt/york/cs/net/sourcery-g++-lite-arm-eabi-2010.09.51-i686-1/arm-none-eabi/lib/thumb2/libstdc++.a(eh_exception.o)
                0x000088d8                _ZNKSt9exception4whatEv
 .text._ZNKSt13bad_exception4whatEv
                0x000088e4        0xc /opt/york/cs/net/sourcery-g++-lite-arm-eabi-2010.09.51-i686-1/arm-none-eabi/lib/thumb2/libstdc++.a(eh_exception.o)
                0x000088e4                _ZNKSt13bad_exception4whatEv
 .text._ZN10__cxxabiv119__foreign_exceptionD0Ev
                0x000088f0       0x14 /opt/york/cs/net/sourcery-g++-lite-arm-eabi-2010.09.51-i686-1/arm-none-eabi/lib/thumb2/libstdc++.a(eh_exception.o)
                0x000088f0                _ZN10__cxxabiv119__foreign_exceptionD0Ev
 .text._ZN10__cxxabiv115__forced_unwindD0Ev
                0x00008904       0x14 /opt/york/cs/net/sourcery-g++-lite-arm-eabi-2010.09.51-i686-1/arm-none-eabi/lib/thumb2/libstdc++.a(eh_exception.o)
                0x00008904                _ZN10__cxxabiv115__forced_unwindD0Ev
 .text._ZNSt13bad_exceptionD0Ev
                0x00008918       0x14 /opt/york/cs/net/sourcery-g++-lite-arm-eabi-2010.09.51-i686-1/arm-none-eabi/lib/thumb2/libstdc++.a(eh_exception.o)
                0x00008918                _ZNSt13bad_exceptionD0Ev
 .text._ZNSt9exceptionD0Ev
                0x0000892c       0x14 /opt/york/cs/net/sourcery-g++-lite-arm-eabi-2010.09.51-i686-1/arm-none-eabi/lib/thumb2/libstdc++.a(eh_exception.o)
                0x0000892c                _ZNSt9exceptionD0Ev
 .text          0x00008940        0x0 /opt/york/cs/net/sourcery-g++-lite-arm-eabi-2010.09.51-i686-1/arm-none-eabi/lib/thumb2/libstdc++.a(pure.o)
 .text.__cxa_pure_virtual
                0x00008940       0x18 /opt/york/cs/net/sourcery-g++-lite-arm-eabi-2010.09.51-i686-1/arm-none-eabi/lib/thumb2/libstdc++.a(pure.o)
                0x00008940                __cxa_pure_virtual
 .text          0x00008958        0x0 /opt/york/cs/net/sourcery-g++-lite-arm-eabi-2010.09.51-i686-1/arm-none-eabi/lib/thumb2/libstdc++.a(eh_unex_handler.o)
 .text          0x00008958        0x0 /opt/york/cs/net/sourcery-g++-lite-arm-eabi-2010.09.51-i686-1/arm-none-eabi/lib/thumb2/libstdc++.a(eh_term_handler.o)
 .text          0x00008958        0x0 /opt/york/cs/net/sourcery-g++-lite-arm-eabi-2010.09.51-i686-1/arm-none-eabi/lib/thumb2/libstdc++.a(vterminate.o)
 .text._ZN9__gnu_cxx27__verbose_terminate_handlerEv
                0x00008958      0x148 /opt/york/cs/net/sourcery-g++-lite-arm-eabi-2010.09.51-i686-1/arm-none-eabi/lib/thumb2/libstdc++.a(vterminate.o)
                0x00008958                _ZN9__gnu_cxx27__verbose_terminate_handlerEv
 .text          0x00008aa0        0x0 /opt/york/cs/net/sourcery-g++-lite-arm-eabi-2010.09.51-i686-1/arm-none-eabi/lib/thumb2/libstdc++.a(eh_type.o)
 .text.__cxa_current_exception_type
                0x00008aa0       0x1c /opt/york/cs/net/sourcery-g++-lite-arm-eabi-2010.09.51-i686-1/arm-none-eabi/lib/thumb2/libstdc++.a(eh_type.o)
                0x00008aa0                __cxa_current_exception_type
 .text          0x00008abc     0x91e0 /opt/york/cs/net/sourcery-g++-lite-arm-eabi-2010.09.51-i686-1/arm-none-eabi/lib/thumb2/libstdc++.a(cp-demangle.o)
                0x00011b98                __cxa_demangle
                0x00011c70                __gcclibcxx_demangle_callback
 *fill*         0x00011c9c        0x4 00
 .text          0x00011ca0      0x278 /opt/york/cs/net/sourcery-g++-lite-arm-eabi-2010.09.51-i686-1/bin/../lib/gcc/arm-none-eabi/4.5.1/thumb2/libgcc.a(_udivsi3.o)
                0x00011ca0                __udivsi3
                0x00011ca0                __aeabi_uidiv
                0x00011efc                __aeabi_uidivmod
 .text          0x00011f18        0x4 /opt/york/cs/net/sourcery-g++-lite-arm-eabi-2010.09.51-i686-1/bin/../lib/gcc/arm-none-eabi/4.5.1/thumb2/libgcc.a(_dvmd_tls.o)
                0x00011f18                __aeabi_ldiv0
                0x00011f18                __aeabi_idiv0
 .text          0x00011f1c      0x370 /opt/york/cs/net/sourcery-g++-lite-arm-eabi-2010.09.51-i686-1/bin/../lib/gcc/arm-none-eabi/4.5.1/thumb2/libgcc.a(_arm_addsubdf3.o)
                0x00011f1c                __aeabi_drsub
                0x00011f24                __aeabi_dsub
                0x00011f24                __subdf3
                0x00011f28                __adddf3
                0x00011f28                __aeabi_dadd
                0x000121a0                __aeabi_ui2d
                0x000121a0                __floatunsidf
                0x000121c0                __floatsidf
                0x000121c0                __aeabi_i2d
                0x000121e4                __extendsfdf2
                0x000121e4                __aeabi_f2d
                0x00012220                __aeabi_ul2d
                0x00012220                __floatundidf
                0x00012230                __floatdidf
                0x00012230                __aeabi_l2d
 .text          0x0001228c      0x424 /opt/york/cs/net/sourcery-g++-lite-arm-eabi-2010.09.51-i686-1/bin/../lib/gcc/arm-none-eabi/4.5.1/thumb2/libgcc.a(_arm_muldivdf3.o)
                0x0001228c                __aeabi_dmul
                0x0001228c                __muldf3
                0x000124e0                __aeabi_ddiv
                0x000124e0                __divdf3
 .text          0x000126b0      0x110 /opt/york/cs/net/sourcery-g++-lite-arm-eabi-2010.09.51-i686-1/bin/../lib/gcc/arm-none-eabi/4.5.1/thumb2/libgcc.a(_arm_cmpdf2.o)
                0x000126b0                __gtdf2
                0x000126b0                __gedf2
                0x000126b8                __ltdf2
                0x000126b8                __ledf2
                0x000126c0                __cmpdf2
                0x000126c0                __eqdf2
                0x000126c0                __nedf2
                0x0001273c                __aeabi_cdrcmple
                0x0001274c                __aeabi_cdcmple
                0x0001274c                __aeabi_cdcmpeq
                0x0001275c                __aeabi_dcmpeq
                0x00012770                __aeabi_dcmplt
                0x00012784                __aeabi_dcmple
                0x00012798                __aeabi_dcmpge
                0x000127ac                __aeabi_dcmpgt
 .text          0x000127c0       0x50 /opt/york/cs/net/sourcery-g++-lite-arm-eabi-2010.09.51-i686-1/bin/../lib/gcc/arm-none-eabi/4.5.1/thumb2/libgcc.a(_arm_fixdfsi.o)
                0x000127c0                __fixdfsi
                0x000127c0                __aeabi_d2iz
 .text          0x00012810       0x2c /opt/york/cs/net/sourcery-g++-lite-arm-eabi-2010.09.51-i686-1/bin/../lib/gcc/arm-none-eabi/4.5.1/thumb2/libgcc.a(_aeabi_uldivmod.o)
                0x00012810                __aeabi_uldivmod
 .text          0x0001283c       0x60 /opt/york/cs/net/sourcery-g++-lite-arm-eabi-2010.09.51-i686-1/bin/../lib/gcc/arm-none-eabi/4.5.1/thumb2/libgcc.a(bpabi.o)
                0x0001283c                __gnu_ldivmod_helper
                0x0001286c                __gnu_uldivmod_helper
 .text          0x0001289c      0xc14 /opt/york/cs/net/sourcery-g++-lite-arm-eabi-2010.09.51-i686-1/bin/../lib/gcc/arm-none-eabi/4.5.1/thumb2/libgcc.a(unwind-arm.o)
                0x00012b80                _Unwind_VRS_Get
                0x00012bcc                _Unwind_VRS_Set
                0x00012f38                __aeabi_unwind_cpp_pr2
                0x00012f3c                __aeabi_unwind_cpp_pr1
                0x00012f40                __aeabi_unwind_cpp_pr0
                0x00012f44                _Unwind_VRS_Pop
                0x0001332c                _Unwind_GetCFA
                0x00013330                __gnu_Unwind_RaiseException
                0x000133a0                __gnu_Unwind_ForcedUnwind
                0x000133b8                __gnu_Unwind_Resume
                0x000133f4                __gnu_Unwind_Resume_or_Rethrow
                0x0001340c                _Unwind_Complete
                0x00013410                _Unwind_DeleteException
                0x00013420                __gnu_Unwind_Backtrace
 .text          0x000134b0      0x1ac /opt/york/cs/net/sourcery-g++-lite-arm-eabi-2010.09.51-i686-1/bin/../lib/gcc/arm-none-eabi/4.5.1/thumb2/libgcc.a(libunwind.o)
                0x000134b0                __restore_core_regs
                0x000134b0                restore_core_regs
                0x000134c8                __gnu_Unwind_Restore_VFP
                0x000134d0                __gnu_Unwind_Save_VFP
                0x000134d8                __gnu_Unwind_Restore_VFP_D
                0x000134e0                __gnu_Unwind_Save_VFP_D
                0x000134e8                __gnu_Unwind_Restore_VFP_D_16_to_31
                0x000134f0                __gnu_Unwind_Save_VFP_D_16_to_31
                0x000134f8                __gnu_Unwind_Restore_WMMXD
                0x0001353c                __gnu_Unwind_Save_WMMXD
                0x00013580                __gnu_Unwind_Restore_WMMXC
                0x00013594                __gnu_Unwind_Save_WMMXC
                0x000135a8                ___Unwind_RaiseException
                0x000135a8                _Unwind_RaiseException
                0x000135cc                ___Unwind_Resume
                0x000135cc                _Unwind_Resume
                0x000135f0                _Unwind_Resume_or_Rethrow
                0x000135f0                ___Unwind_Resume_or_Rethrow
                0x00013614                ___Unwind_ForcedUnwind
                0x00013614                _Unwind_ForcedUnwind
                0x00013638                _Unwind_Backtrace
                0x00013638                ___Unwind_Backtrace
 .text          0x0001365c      0x3b4 /opt/york/cs/net/sourcery-g++-lite-arm-eabi-2010.09.51-i686-1/bin/../lib/gcc/arm-none-eabi/4.5.1/thumb2/libgcc.a(pr-support.o)
                0x000136b0                __gnu_unwind_execute
                0x000139b4                __gnu_unwind_frame
                0x000139e0                _Unwind_GetRegionStart
                0x000139ec                _Unwind_GetLanguageSpecificData
                0x00013a00                _Unwind_GetDataRelBase
                0x00013a08                _Unwind_GetTextRelBase
 .text          0x00013a10      0x364 /opt/york/cs/net/sourcery-g++-lite-arm-eabi-2010.09.51-i686-1/bin/../lib/gcc/arm-none-eabi/4.5.1/thumb2/libgcc.a(_divdi3.o)
                0x00013a10                __divdi3
 .text          0x00013d74      0x314 /opt/york/cs/net/sourcery-g++-lite-arm-eabi-2010.09.51-i686-1/bin/../lib/gcc/arm-none-eabi/4.5.1/thumb2/libgcc.a(_udivdi3.o)
                0x00013d74                __udivdi3
 .text          0x00014088       0x10 /opt/york/cs/net/sourcery-g++-lite-arm-eabi-2010.09.51-i686-1/arm-none-eabi/lib/thumb2/libg.a(lib_a-abort.o)
                0x00014088                abort
 .text          0x00014098       0xac /opt/york/cs/net/sourcery-g++-lite-arm-eabi-2010.09.51-i686-1/arm-none-eabi/lib/thumb2/libg.a(lib_a-fputc.o)
                0x00014098                _fputc_r
                0x000140ec                fputc
 .text          0x00014144       0x90 /opt/york/cs/net/sourcery-g++-lite-arm-eabi-2010.09.51-i686-1/arm-none-eabi/lib/thumb2/libg.a(lib_a-fputs.o)
                0x00014144                _fputs_r
                0x000141c4                fputs
 .text          0x000141d4      0x338 /opt/york/cs/net/sourcery-g++-lite-arm-eabi-2010.09.51-i686-1/arm-none-eabi/lib/thumb2/libg.a(lib_a-fvwrite.o)
                0x000141d4                __sfvwrite_r
 .text          0x0001450c       0xc0 /opt/york/cs/net/sourcery-g++-lite-arm-eabi-2010.09.51-i686-1/arm-none-eabi/lib/thumb2/libg.a(lib_a-fwrite.o)
                0x0001450c                _fwrite_r
                0x000145a8                fwrite
 .text          0x000145cc       0x58 /opt/york/cs/net/sourcery-g++-lite-arm-eabi-2010.09.51-i686-1/arm-none-eabi/lib/thumb2/libg.a(lib_a-memcmp.o)
                0x000145cc                memcmp
 .text          0x00014624      0x138 /opt/york/cs/net/sourcery-g++-lite-arm-eabi-2010.09.51-i686-1/arm-none-eabi/lib/thumb2/libg.a(lib_a-putc.o)
                0x00014624                _putc_r
                0x000146b4                putc
 .text          0x0001475c       0x14 /opt/york/cs/net/sourcery-g++-lite-arm-eabi-2010.09.51-i686-1/arm-none-eabi/lib/thumb2/libg.a(lib_a-realloc.o)
                0x0001475c                realloc
 .text          0x00014770      0x154 /opt/york/cs/net/sourcery-g++-lite-arm-eabi-2010.09.51-i686-1/arm-none-eabi/lib/thumb2/libg.a(lib_a-signal.o)
                0x00014770                _init_signal_r
                0x000147a0                _signal_r
                0x000147dc                _raise_r
                0x00014834                __sigtramp_r
                0x00014888                raise
                0x00014898                signal
                0x000148a8                _init_signal
                0x000148b4                __sigtramp
 .text          0x000148c4       0x30 /opt/york/cs/net/sourcery-g++-lite-arm-eabi-2010.09.51-i686-1/arm-none-eabi/lib/thumb2/libg.a(lib_a-signalr.o)
                0x000148c4                _kill_r
                0x000148f0                _getpid_r
 .text          0x000148f4       0xbc /opt/york/cs/net/sourcery-g++-lite-arm-eabi-2010.09.51-i686-1/arm-none-eabi/lib/thumb2/libg.a(lib_a-strcpy.o)
                0x000148f4                strcpy
 .text          0x000149b0       0xa0 /opt/york/cs/net/sourcery-g++-lite-arm-eabi-2010.09.51-i686-1/arm-none-eabi/lib/thumb2/libg.a(lib_a-strncmp.o)
                0x000149b0                strncmp
 .text          0x00014a50       0x1c /opt/york/cs/net/sourcery-g++-lite-arm-eabi-2010.09.51-i686-1/arm-none-eabi/lib/thumb2/libg.a(lib_a-syswrite.o)
                0x00014a50                write
 .text          0x00014a6c       0xfc /opt/york/cs/net/sourcery-g++-lite-arm-eabi-2010.09.51-i686-1/arm-none-eabi/lib/thumb2/libg.a(lib_a-wbuf.o)
                0x00014a6c                __swbuf_r
                0x00014b58                __swbuf
 .text          0x00014b68       0x2c /opt/york/cs/net/sourcery-g++-lite-arm-eabi-2010.09.51-i686-1/arm-none-eabi/lib/thumb2/libg.a(lib_a-writer.o)
                0x00014b68                _write_r
 .text          0x00014b94      0x104 /opt/york/cs/net/sourcery-g++-lite-arm-eabi-2010.09.51-i686-1/arm-none-eabi/lib/thumb2/libg.a(lib_a-wsetup.o)
                0x00014b94                __swsetup_r
 .text          0x00014c98      0x1f4 /opt/york/cs/net/sourcery-g++-lite-arm-eabi-2010.09.51-i686-1/arm-none-eabi/lib/thumb2/libg.a(lib_a-fflush.o)
                0x00014c98                _fflush_r
                0x00014e64                fflush
 .text          0x00014e8c      0x220 /opt/york/cs/net/sourcery-g++-lite-arm-eabi-2010.09.51-i686-1/arm-none-eabi/lib/thumb2/libg.a(lib_a-findfp.o)
                0x00014e94                _cleanup_r
                0x00014ea0                __sfmoreglue
                0x00014ed0                _cleanup
                0x00014edc                __sinit
                0x00014fe4                __sfp
                0x0001506c                __sfp_lock_acquire
                0x00015070                __sfp_lock_release
                0x00015074                __sinit_lock_acquire
                0x00015078                __sinit_lock_release
                0x0001507c                __fp_lock_all
                0x00015094                __fp_unlock_all
 .text          0x000150ac       0xa0 /opt/york/cs/net/sourcery-g++-lite-arm-eabi-2010.09.51-i686-1/arm-none-eabi/lib/thumb2/libg.a(lib_a-fwalk.o)
                0x000150ac                _fwalk
                0x000150f8                _fwalk_reent
 .text          0x0001514c       0xec /opt/york/cs/net/sourcery-g++-lite-arm-eabi-2010.09.51-i686-1/arm-none-eabi/lib/thumb2/libg.a(lib_a-makebuf.o)
                0x0001514c                __smakebuf_r
 .text          0x00015238       0x94 /opt/york/cs/net/sourcery-g++-lite-arm-eabi-2010.09.51-i686-1/arm-none-eabi/lib/thumb2/libg.a(lib_a-stdio.o)
                0x00015238                __sread
                0x0001525c                __seofread
                0x00015260                __swrite
                0x0001529c                __sseek
                0x000152c4                __sclose
 .text          0x000152cc       0x28 /opt/york/cs/net/sourcery-g++-lite-arm-eabi-2010.09.51-i686-1/arm-none-eabi/lib/thumb2/libg.a(lib_a-closer.o)
                0x000152cc                _close_r
 .text          0x000152f4       0xc4 /opt/york/cs/net/sourcery-g++-lite-arm-eabi-2010.09.51-i686-1/arm-none-eabi/lib/thumb2/libg.a(lib_a-fclose.o)
                0x000152f4                _fclose_r
                0x000153a8                fclose
 .text          0x000153b8       0x2c /opt/york/cs/net/sourcery-g++-lite-arm-eabi-2010.09.51-i686-1/arm-none-eabi/lib/thumb2/libg.a(lib_a-fstatr.o)
                0x000153b8                _fstat_r
 .text          0x000153e4       0x28 /opt/york/cs/net/sourcery-g++-lite-arm-eabi-2010.09.51-i686-1/arm-none-eabi/lib/thumb2/libg.a(lib_a-isattyr.o)
                0x000153e4                _isatty_r
 .text          0x0001540c       0x2c /opt/york/cs/net/sourcery-g++-lite-arm-eabi-2010.09.51-i686-1/arm-none-eabi/lib/thumb2/libg.a(lib_a-lseekr.o)
                0x0001540c                _lseek_r
 .text          0x00015438       0x2c /opt/york/cs/net/sourcery-g++-lite-arm-eabi-2010.09.51-i686-1/arm-none-eabi/lib/thumb2/libg.a(lib_a-readr.o)
                0x00015438                _read_r
 .text          0x00015464       0x30 /opt/york/cs/net/sourcery-g++-lite-arm-eabi-2010.09.51-i686-1/arm-none-eabi/lib/thumb2/libcs3.a(start_c.o)
                0x00015464                __cs3_premain
 .text.cs3.init
                0x00015494       0x50 /opt/york/cs/net/sourcery-g++-lite-arm-eabi-2010.09.51-i686-1/arm-none-eabi/lib/thumb2/libcs3.a(start_c.o)
                0x00015494                __cs3_start_c
 .text          0x000154e4       0x10 /opt/york/cs/net/sourcery-g++-lite-arm-eabi-2010.09.51-i686-1/arm-none-eabi/lib/thumb2/libcs3unhosted.a(unhosted-_close.o)
                0x000154e4                _close
 .text          0x000154f4        0x2 /opt/york/cs/net/sourcery-g++-lite-arm-eabi-2010.09.51-i686-1/arm-none-eabi/lib/thumb2/libcs3unhosted.a(unhosted-_exit.o)
                0x000154f4                _exit
 .text          0x000154f6       0x10 /opt/york/cs/net/sourcery-g++-lite-arm-eabi-2010.09.51-i686-1/arm-none-eabi/lib/thumb2/libcs3unhosted.a(unhosted-_fstat.o)
                0x000154f6                _fstat
 .text          0x00015506        0xe /opt/york/cs/net/sourcery-g++-lite-arm-eabi-2010.09.51-i686-1/arm-none-eabi/lib/thumb2/libcs3unhosted.a(unhosted-isatty.o)
                0x00015506                _isatty
 .text          0x00015514        0xa /opt/york/cs/net/sourcery-g++-lite-arm-eabi-2010.09.51-i686-1/arm-none-eabi/lib/thumb2/libcs3unhosted.a(unhosted-_kill.o)
                0x00015514                _kill
 .text          0x0001551e       0x10 /opt/york/cs/net/sourcery-g++-lite-arm-eabi-2010.09.51-i686-1/arm-none-eabi/lib/thumb2/libcs3unhosted.a(unhosted-_lseek.o)
                0x0001551e                _lseek
 .text          0x0001552e       0x10 /opt/york/cs/net/sourcery-g++-lite-arm-eabi-2010.09.51-i686-1/arm-none-eabi/lib/thumb2/libcs3unhosted.a(unhosted-_read.o)
                0x0001552e                _read
 .text          0x0001553e       0x10 /opt/york/cs/net/sourcery-g++-lite-arm-eabi-2010.09.51-i686-1/arm-none-eabi/lib/thumb2/libcs3unhosted.a(unhosted-_write.o)
                0x0001553e                _write
 *fill*         0x0001554e        0x2 00
 .text          0x00015550       0x40 /opt/york/cs/net/sourcery-g++-lite-arm-eabi-2010.09.51-i686-1/arm-none-eabi/lib/thumb2/libcs3unhosted.a(unhosted-sbrk.o)
                0x00015550                _sbrk
 .text          0x00015590        0x4 /opt/york/cs/net/sourcery-g++-lite-arm-eabi-2010.09.51-i686-1/arm-none-eabi/lib/thumb2/libcs3unhosted.a(unhosted-_getpid.o)
                0x00015590                _getpid
 .text          0x00015594        0x0 /opt/york/cs/net/sourcery-g++-lite-arm-eabi-2010.09.51-i686-1/arm-none-eabi/lib/thumb2/libcs3unhosted.a(unhosted-start.o)
 .text.cs3.init
                0x00015594       0x10 /opt/york/cs/net/sourcery-g++-lite-arm-eabi-2010.09.51-i686-1/arm-none-eabi/lib/thumb2/libcs3unhosted.a(unhosted-start.o)
                0x00015594                _start
 .text          0x000155a4        0xc /opt/york/cs/net/sourcery-g++-lite-arm-eabi-2010.09.51-i686-1/arm-none-eabi/lib/thumb2/libc.a(lib_a-errno.o)
                0x000155a4                __errno
 .text          0x000155b0       0x50 /opt/york/cs/net/sourcery-g++-lite-arm-eabi-2010.09.51-i686-1/arm-none-eabi/lib/thumb2/libc.a(lib_a-init.o)
                0x000155b0                __libc_init_array
 .text          0x00015600        0x0 /opt/york/cs/net/sourcery-g++-lite-arm-eabi-2010.09.51-i686-1/arm-none-eabi/lib/thumb2/libcs3.a(heap.o)
 .text          0x00015600        0x0 /opt/york/cs/net/lpc1700-cmsis-lite-2011.01.26-i686-1/lib/libDriversLPC17xxgnu.a(lpc17xx_adc.o)
 .text.ADC_Init
                0x00015600       0xa4 /opt/york/cs/net/lpc1700-cmsis-lite-2011.01.26-i686-1/lib/libDriversLPC17xxgnu.a(lpc17xx_adc.o)
                0x00015600                ADC_Init
 .text.ADC_DeInit
                0x000156a4       0x48 /opt/york/cs/net/lpc1700-cmsis-lite-2011.01.26-i686-1/lib/libDriversLPC17xxgnu.a(lpc17xx_adc.o)
                0x000156a4                ADC_DeInit
 .text.ADC_GetData
                0x000156ec       0x38 /opt/york/cs/net/lpc1700-cmsis-lite-2011.01.26-i686-1/lib/libDriversLPC17xxgnu.a(lpc17xx_adc.o)
                0x000156ec                ADC_GetData
 .text.ADC_StartCmd
                0x00015724       0x90 /opt/york/cs/net/lpc1700-cmsis-lite-2011.01.26-i686-1/lib/libDriversLPC17xxgnu.a(lpc17xx_adc.o)
                0x00015724                ADC_StartCmd
 .text.ADC_BurstCmd
                0x000157b4       0x50 /opt/york/cs/net/lpc1700-cmsis-lite-2011.01.26-i686-1/lib/libDriversLPC17xxgnu.a(lpc17xx_adc.o)
                0x000157b4                ADC_BurstCmd
 .text.ADC_PowerdownCmd
                0x00015804       0x50 /opt/york/cs/net/lpc1700-cmsis-lite-2011.01.26-i686-1/lib/libDriversLPC17xxgnu.a(lpc17xx_adc.o)
                0x00015804                ADC_PowerdownCmd
 .text.ADC_EdgeStartConfig
                0x00015854       0x6c /opt/york/cs/net/lpc1700-cmsis-lite-2011.01.26-i686-1/lib/libDriversLPC17xxgnu.a(lpc17xx_adc.o)
                0x00015854                ADC_EdgeStartConfig
 .text.ADC_IntConfig
                0x000158c0       0xb4 /opt/york/cs/net/lpc1700-cmsis-lite-2011.01.26-i686-1/lib/libDriversLPC17xxgnu.a(lpc17xx_adc.o)
                0x000158c0                ADC_IntConfig
 .text.ADC_ChannelCmd
                0x00015974       0x70 /opt/york/cs/net/lpc1700-cmsis-lite-2011.01.26-i686-1/lib/libDriversLPC17xxgnu.a(lpc17xx_adc.o)
                0x00015974                ADC_ChannelCmd
 .text.ADC_ChannelGetData
                0x000159e4       0x58 /opt/york/cs/net/lpc1700-cmsis-lite-2011.01.26-i686-1/lib/libDriversLPC17xxgnu.a(lpc17xx_adc.o)
                0x000159e4                ADC_ChannelGetData
 .text.ADC_ChannelGetStatus
                0x00015a3c       0x8c /opt/york/cs/net/lpc1700-cmsis-lite-2011.01.26-i686-1/lib/libDriversLPC17xxgnu.a(lpc17xx_adc.o)
                0x00015a3c                ADC_ChannelGetStatus
 .text.ADC_GlobalGetData
                0x00015ac8       0x34 /opt/york/cs/net/lpc1700-cmsis-lite-2011.01.26-i686-1/lib/libDriversLPC17xxgnu.a(lpc17xx_adc.o)
                0x00015ac8                ADC_GlobalGetData
 .text.ADC_GlobalGetStatus
                0x00015afc       0x7c /opt/york/cs/net/lpc1700-cmsis-lite-2011.01.26-i686-1/lib/libDriversLPC17xxgnu.a(lpc17xx_adc.o)
                0x00015afc                ADC_GlobalGetStatus
 .text          0x00015b78        0x0 /opt/york/cs/net/lpc1700-cmsis-lite-2011.01.26-i686-1/lib/libDriversLPC17xxgnu.a(lpc17xx_clkpwr.o)
 .text.CLKPWR_SetPCLKDiv
                0x00015b78       0xd4 /opt/york/cs/net/lpc1700-cmsis-lite-2011.01.26-i686-1/lib/libDriversLPC17xxgnu.a(lpc17xx_clkpwr.o)
                0x00015b78                CLKPWR_SetPCLKDiv
 .text.CLKPWR_GetPCLKSEL
                0x00015c4c       0x54 /opt/york/cs/net/lpc1700-cmsis-lite-2011.01.26-i686-1/lib/libDriversLPC17xxgnu.a(lpc17xx_clkpwr.o)
                0x00015c4c                CLKPWR_GetPCLKSEL
 .text.CLKPWR_GetPCLK
                0x00015ca0       0x70 /opt/york/cs/net/lpc1700-cmsis-lite-2011.01.26-i686-1/lib/libDriversLPC17xxgnu.a(lpc17xx_clkpwr.o)
                0x00015ca0                CLKPWR_GetPCLK
 .text.CLKPWR_ConfigPPWR
                0x00015d10       0x80 /opt/york/cs/net/lpc1700-cmsis-lite-2011.01.26-i686-1/lib/libDriversLPC17xxgnu.a(lpc17xx_clkpwr.o)
                0x00015d10                CLKPWR_ConfigPPWR
 .text.CLKPWR_Sleep
                0x00015d90       0x1c /opt/york/cs/net/lpc1700-cmsis-lite-2011.01.26-i686-1/lib/libDriversLPC17xxgnu.a(lpc17xx_clkpwr.o)
                0x00015d90                CLKPWR_Sleep
 .text.CLKPWR_DeepSleep
                0x00015dac       0x2c /opt/york/cs/net/lpc1700-cmsis-lite-2011.01.26-i686-1/lib/libDriversLPC17xxgnu.a(lpc17xx_clkpwr.o)
                0x00015dac                CLKPWR_DeepSleep
 .text.CLKPWR_PowerDown
                0x00015dd8       0x2c /opt/york/cs/net/lpc1700-cmsis-lite-2011.01.26-i686-1/lib/libDriversLPC17xxgnu.a(lpc17xx_clkpwr.o)
                0x00015dd8                CLKPWR_PowerDown
 .text.CLKPWR_DeepPowerDown
                0x00015e04       0x2c /opt/york/cs/net/lpc1700-cmsis-lite-2011.01.26-i686-1/lib/libDriversLPC17xxgnu.a(lpc17xx_clkpwr.o)
                0x00015e04                CLKPWR_DeepPowerDown
 .text          0x00015e30        0x0 /opt/york/cs/net/lpc1700-cmsis-lite-2011.01.26-i686-1/lib/libDriversLPC17xxgnu.a(lpc17xx_dac.o)
 .text.DAC_Init
                0x00015e30       0x40 /opt/york/cs/net/lpc1700-cmsis-lite-2011.01.26-i686-1/lib/libDriversLPC17xxgnu.a(lpc17xx_dac.o)
                0x00015e30                DAC_Init
 .text.DAC_UpdateValue
                0x00015e70       0x58 /opt/york/cs/net/lpc1700-cmsis-lite-2011.01.26-i686-1/lib/libDriversLPC17xxgnu.a(lpc17xx_dac.o)
                0x00015e70                DAC_UpdateValue
 .text.DAC_SetBias
                0x00015ec8       0x4c /opt/york/cs/net/lpc1700-cmsis-lite-2011.01.26-i686-1/lib/libDriversLPC17xxgnu.a(lpc17xx_dac.o)
                0x00015ec8                DAC_SetBias
 .text.DAC_ConfigDAConverterControl
                0x00015f14       0x78 /opt/york/cs/net/lpc1700-cmsis-lite-2011.01.26-i686-1/lib/libDriversLPC17xxgnu.a(lpc17xx_dac.o)
                0x00015f14                DAC_ConfigDAConverterControl
 .text.DAC_SetDMATimeOut
                0x00015f8c       0x38 /opt/york/cs/net/lpc1700-cmsis-lite-2011.01.26-i686-1/lib/libDriversLPC17xxgnu.a(lpc17xx_dac.o)
                0x00015f8c                DAC_SetDMATimeOut
 .text          0x00015fc4        0x0 /opt/york/cs/net/lpc1700-cmsis-lite-2011.01.26-i686-1/lib/libDriversLPC17xxgnu.a(lpc17xx_i2c.o)
 .text.NVIC_EnableIRQ
                0x00015fc4       0x38 /opt/york/cs/net/lpc1700-cmsis-lite-2011.01.26-i686-1/lib/libDriversLPC17xxgnu.a(lpc17xx_i2c.o)
 .text.NVIC_DisableIRQ
                0x00015ffc       0x3c /opt/york/cs/net/lpc1700-cmsis-lite-2011.01.26-i686-1/lib/libDriversLPC17xxgnu.a(lpc17xx_i2c.o)
 .text.I2C_getNum
                0x00016038       0x54 /opt/york/cs/net/lpc1700-cmsis-lite-2011.01.26-i686-1/lib/libDriversLPC17xxgnu.a(lpc17xx_i2c.o)
 .text.I2C_Start
                0x0001608c       0x44 /opt/york/cs/net/lpc1700-cmsis-lite-2011.01.26-i686-1/lib/libDriversLPC17xxgnu.a(lpc17xx_i2c.o)
 .text.I2C_Stop
                0x000160d0       0x38 /opt/york/cs/net/lpc1700-cmsis-lite-2011.01.26-i686-1/lib/libDriversLPC17xxgnu.a(lpc17xx_i2c.o)
 .text.I2C_SendByte
                0x00016108       0x50 /opt/york/cs/net/lpc1700-cmsis-lite-2011.01.26-i686-1/lib/libDriversLPC17xxgnu.a(lpc17xx_i2c.o)
 .text.I2C_GetByte
                0x00016158       0x5c /opt/york/cs/net/lpc1700-cmsis-lite-2011.01.26-i686-1/lib/libDriversLPC17xxgnu.a(lpc17xx_i2c.o)
 .text.I2C_SetClock
                0x000161b4       0xc8 /opt/york/cs/net/lpc1700-cmsis-lite-2011.01.26-i686-1/lib/libDriversLPC17xxgnu.a(lpc17xx_i2c.o)
 .text.I2C_Init
                0x0001627c       0xd8 /opt/york/cs/net/lpc1700-cmsis-lite-2011.01.26-i686-1/lib/libDriversLPC17xxgnu.a(lpc17xx_i2c.o)
                0x0001627c                I2C_Init
 .text.I2C_DeInit
                0x00016354       0xa4 /opt/york/cs/net/lpc1700-cmsis-lite-2011.01.26-i686-1/lib/libDriversLPC17xxgnu.a(lpc17xx_i2c.o)
                0x00016354                I2C_DeInit
 .text.I2C_Cmd  0x000163f8       0x84 /opt/york/cs/net/lpc1700-cmsis-lite-2011.01.26-i686-1/lib/libDriversLPC17xxgnu.a(lpc17xx_i2c.o)
                0x000163f8                I2C_Cmd
 .text.I2C_IntCmd
                0x0001647c       0xa8 /opt/york/cs/net/lpc1700-cmsis-lite-2011.01.26-i686-1/lib/libDriversLPC17xxgnu.a(lpc17xx_i2c.o)
                0x0001647c                I2C_IntCmd
 .text.I2C_MasterHandler
                0x00016524      0x3d8 /opt/york/cs/net/lpc1700-cmsis-lite-2011.01.26-i686-1/lib/libDriversLPC17xxgnu.a(lpc17xx_i2c.o)
                0x00016524                I2C_MasterHandler
 .text.I2C_SlaveHandler
                0x000168fc      0x1d8 /opt/york/cs/net/lpc1700-cmsis-lite-2011.01.26-i686-1/lib/libDriversLPC17xxgnu.a(lpc17xx_i2c.o)
                0x000168fc                I2C_SlaveHandler
 .text.I2C_MasterTransferData
                0x00016ad4      0x33c /opt/york/cs/net/lpc1700-cmsis-lite-2011.01.26-i686-1/lib/libDriversLPC17xxgnu.a(lpc17xx_i2c.o)
                0x00016ad4                I2C_MasterTransferData
 .text.I2C_SlaveTransferData
                0x00016e10      0x268 /opt/york/cs/net/lpc1700-cmsis-lite-2011.01.26-i686-1/lib/libDriversLPC17xxgnu.a(lpc17xx_i2c.o)
                0x00016e10                I2C_SlaveTransferData
 .text.I2C_SetOwnSlaveAddr
                0x00017078      0x118 /opt/york/cs/net/lpc1700-cmsis-lite-2011.01.26-i686-1/lib/libDriversLPC17xxgnu.a(lpc17xx_i2c.o)
                0x00017078                I2C_SetOwnSlaveAddr
 .text.I2C_MonitorModeConfig
                0x00017190       0x9c /opt/york/cs/net/lpc1700-cmsis-lite-2011.01.26-i686-1/lib/libDriversLPC17xxgnu.a(lpc17xx_i2c.o)
                0x00017190                I2C_MonitorModeConfig
 .text.I2C_MonitorModeCmd
                0x0001722c       0xb0 /opt/york/cs/net/lpc1700-cmsis-lite-2011.01.26-i686-1/lib/libDriversLPC17xxgnu.a(lpc17xx_i2c.o)
                0x0001722c                I2C_MonitorModeCmd
 .text.I2C_MonitorGetDatabuffer
                0x000172dc       0x54 /opt/york/cs/net/lpc1700-cmsis-lite-2011.01.26-i686-1/lib/libDriversLPC17xxgnu.a(lpc17xx_i2c.o)
                0x000172dc                I2C_MonitorGetDatabuffer
 .text.I2C_MonitorHandler
                0x00017330       0x6c /opt/york/cs/net/lpc1700-cmsis-lite-2011.01.26-i686-1/lib/libDriversLPC17xxgnu.a(lpc17xx_i2c.o)
                0x00017330                I2C_MonitorHandler
 .text.I2C_MasterTransferComplete
                0x0001739c       0x40 /opt/york/cs/net/lpc1700-cmsis-lite-2011.01.26-i686-1/lib/libDriversLPC17xxgnu.a(lpc17xx_i2c.o)
                0x0001739c                I2C_MasterTransferComplete
 .text.I2C_SlaveTransferComplete
                0x000173dc       0x40 /opt/york/cs/net/lpc1700-cmsis-lite-2011.01.26-i686-1/lib/libDriversLPC17xxgnu.a(lpc17xx_i2c.o)
                0x000173dc                I2C_SlaveTransferComplete
 .text          0x0001741c        0x0 /opt/york/cs/net/lpc1700-cmsis-lite-2011.01.26-i686-1/lib/libDriversLPC17xxgnu.a(lpc17xx_libcfg_default.o)
 .text.check_failed
                0x0001741c        0xc /opt/york/cs/net/lpc1700-cmsis-lite-2011.01.26-i686-1/lib/libDriversLPC17xxgnu.a(lpc17xx_libcfg_default.o)
                0x0001741c                check_failed
 .text          0x00017428        0x0 /opt/york/cs/net/lpc1700-cmsis-lite-2011.01.26-i686-1/lib/libDriversLPC17xxgnu.a(lpc17xx_pinsel.o)
 .text.set_PinFunc
                0x00017428       0xa0 /opt/york/cs/net/lpc1700-cmsis-lite-2011.01.26-i686-1/lib/libDriversLPC17xxgnu.a(lpc17xx_pinsel.o)
 .text.set_ResistorMode
                0x000174c8       0xa0 /opt/york/cs/net/lpc1700-cmsis-lite-2011.01.26-i686-1/lib/libDriversLPC17xxgnu.a(lpc17xx_pinsel.o)
 .text.set_OpenDrainMode
                0x00017568       0x80 /opt/york/cs/net/lpc1700-cmsis-lite-2011.01.26-i686-1/lib/libDriversLPC17xxgnu.a(lpc17xx_pinsel.o)
 .text.PINSEL_ConfigTraceFunc
                0x000175e8       0x54 /opt/york/cs/net/lpc1700-cmsis-lite-2011.01.26-i686-1/lib/libDriversLPC17xxgnu.a(lpc17xx_pinsel.o)
                0x000175e8                PINSEL_ConfigTraceFunc
 .text.PINSEL_SetI2C0Pins
                0x0001763c       0x3c /opt/york/cs/net/lpc1700-cmsis-lite-2011.01.26-i686-1/lib/libDriversLPC17xxgnu.a(lpc17xx_pinsel.o)
                0x0001763c                PINSEL_SetI2C0Pins
 .text.PINSEL_ConfigPin
                0x00017678       0x54 /opt/york/cs/net/lpc1700-cmsis-lite-2011.01.26-i686-1/lib/libDriversLPC17xxgnu.a(lpc17xx_pinsel.o)
                0x00017678                PINSEL_ConfigPin
 .text          0x000176cc        0x0 /opt/york/cs/net/lpc1700-cmsis-lite-2011.01.26-i686-1/lib/libDriversLPC17xxgnu.a(lpc17xx_uart.o)
 .text.uart_set_divisors
                0x000176cc      0x26c /opt/york/cs/net/lpc1700-cmsis-lite-2011.01.26-i686-1/lib/libDriversLPC17xxgnu.a(lpc17xx_uart.o)
 .text.UART_Init
                0x00017938      0x368 /opt/york/cs/net/lpc1700-cmsis-lite-2011.01.26-i686-1/lib/libDriversLPC17xxgnu.a(lpc17xx_uart.o)
                0x00017938                UART_Init
 .text.UART_DeInit
                0x00017ca0       0xcc /opt/york/cs/net/lpc1700-cmsis-lite-2011.01.26-i686-1/lib/libDriversLPC17xxgnu.a(lpc17xx_uart.o)
                0x00017ca0                UART_DeInit
 .text.UART_ConfigStructInit
                0x00017d6c       0x34 /opt/york/cs/net/lpc1700-cmsis-lite-2011.01.26-i686-1/lib/libDriversLPC17xxgnu.a(lpc17xx_uart.o)
                0x00017d6c                UART_ConfigStructInit
 .text.UART_SendByte
                0x00017da0       0x78 /opt/york/cs/net/lpc1700-cmsis-lite-2011.01.26-i686-1/lib/libDriversLPC17xxgnu.a(lpc17xx_uart.o)
                0x00017da0                UART_SendByte
 .text.UART_ReceiveByte
                0x00017e18       0x78 /opt/york/cs/net/lpc1700-cmsis-lite-2011.01.26-i686-1/lib/libDriversLPC17xxgnu.a(lpc17xx_uart.o)
                0x00017e18                UART_ReceiveByte
 .text.UART_Send
                0x00017e90      0x10c /opt/york/cs/net/lpc1700-cmsis-lite-2011.01.26-i686-1/lib/libDriversLPC17xxgnu.a(lpc17xx_uart.o)
                0x00017e90                UART_Send
 .text.UART_Receive
                0x00017f9c       0xd8 /opt/york/cs/net/lpc1700-cmsis-lite-2011.01.26-i686-1/lib/libDriversLPC17xxgnu.a(lpc17xx_uart.o)
                0x00017f9c                UART_Receive
 .text.UART_ForceBreak
                0x00018074       0x88 /opt/york/cs/net/lpc1700-cmsis-lite-2011.01.26-i686-1/lib/libDriversLPC17xxgnu.a(lpc17xx_uart.o)
                0x00018074                UART_ForceBreak
 .text.UART_IntConfig
                0x000180fc      0x1d0 /opt/york/cs/net/lpc1700-cmsis-lite-2011.01.26-i686-1/lib/libDriversLPC17xxgnu.a(lpc17xx_uart.o)
                0x000180fc                UART_IntConfig
 .text.UART_GetLineStatus
                0x000182cc       0x7c /opt/york/cs/net/lpc1700-cmsis-lite-2011.01.26-i686-1/lib/libDriversLPC17xxgnu.a(lpc17xx_uart.o)
                0x000182cc                UART_GetLineStatus
 .text.UART_GetIntId
                0x00018348       0x68 /opt/york/cs/net/lpc1700-cmsis-lite-2011.01.26-i686-1/lib/libDriversLPC17xxgnu.a(lpc17xx_uart.o)
                0x00018348                UART_GetIntId
 .text.UART_CheckBusy
                0x000183b0       0x2c /opt/york/cs/net/lpc1700-cmsis-lite-2011.01.26-i686-1/lib/libDriversLPC17xxgnu.a(lpc17xx_uart.o)
                0x000183b0                UART_CheckBusy
 .text.UART_FIFOConfig
                0x000183dc      0x184 /opt/york/cs/net/lpc1700-cmsis-lite-2011.01.26-i686-1/lib/libDriversLPC17xxgnu.a(lpc17xx_uart.o)
                0x000183dc                UART_FIFOConfig
 .text.UART_FIFOConfigStructInit
                0x00018560       0x34 /opt/york/cs/net/lpc1700-cmsis-lite-2011.01.26-i686-1/lib/libDriversLPC17xxgnu.a(lpc17xx_uart.o)
                0x00018560                UART_FIFOConfigStructInit
 .text.UART_ABCmd
                0x00018594      0x15c /opt/york/cs/net/lpc1700-cmsis-lite-2011.01.26-i686-1/lib/libDriversLPC17xxgnu.a(lpc17xx_uart.o)
                0x00018594                UART_ABCmd
 .text.UART_ABClearIntPending
                0x000186f0       0x88 /opt/york/cs/net/lpc1700-cmsis-lite-2011.01.26-i686-1/lib/libDriversLPC17xxgnu.a(lpc17xx_uart.o)
                0x000186f0                UART_ABClearIntPending
 .text.UART_TxCmd
                0x00018778       0xe8 /opt/york/cs/net/lpc1700-cmsis-lite-2011.01.26-i686-1/lib/libDriversLPC17xxgnu.a(lpc17xx_uart.o)
                0x00018778                UART_TxCmd
 .text.UART_IrDAInvtInputCmd
                0x00018860       0x84 /opt/york/cs/net/lpc1700-cmsis-lite-2011.01.26-i686-1/lib/libDriversLPC17xxgnu.a(lpc17xx_uart.o)
                0x00018860                UART_IrDAInvtInputCmd
 .text.UART_IrDACmd
                0x000188e4       0x80 /opt/york/cs/net/lpc1700-cmsis-lite-2011.01.26-i686-1/lib/libDriversLPC17xxgnu.a(lpc17xx_uart.o)
                0x000188e4                UART_IrDACmd
 .text.UART_IrDAPulseDivConfig
                0x00018964       0xac /opt/york/cs/net/lpc1700-cmsis-lite-2011.01.26-i686-1/lib/libDriversLPC17xxgnu.a(lpc17xx_uart.o)
                0x00018964                UART_IrDAPulseDivConfig
 .text.UART_FullModemForcePinState
                0x00018a10       0xcc /opt/york/cs/net/lpc1700-cmsis-lite-2011.01.26-i686-1/lib/libDriversLPC17xxgnu.a(lpc17xx_uart.o)
                0x00018a10                UART_FullModemForcePinState
 .text.UART_FullModemConfigMode
                0x00018adc       0xd8 /opt/york/cs/net/lpc1700-cmsis-lite-2011.01.26-i686-1/lib/libDriversLPC17xxgnu.a(lpc17xx_uart.o)
                0x00018adc                UART_FullModemConfigMode
 .text.UART_FullModemGetStatus
                0x00018bb4       0x38 /opt/york/cs/net/lpc1700-cmsis-lite-2011.01.26-i686-1/lib/libDriversLPC17xxgnu.a(lpc17xx_uart.o)
                0x00018bb4                UART_FullModemGetStatus
 .text.UART_RS485Config
                0x00018bec      0x1bc /opt/york/cs/net/lpc1700-cmsis-lite-2011.01.26-i686-1/lib/libDriversLPC17xxgnu.a(lpc17xx_uart.o)
                0x00018bec                UART_RS485Config
 .text.UART_RS485ReceiverCmd
                0x00018da8       0x48 /opt/york/cs/net/lpc1700-cmsis-lite-2011.01.26-i686-1/lib/libDriversLPC17xxgnu.a(lpc17xx_uart.o)
                0x00018da8                UART_RS485ReceiverCmd
 .text.UART_RS485Send
                0x00018df0       0x84 /opt/york/cs/net/lpc1700-cmsis-lite-2011.01.26-i686-1/lib/libDriversLPC17xxgnu.a(lpc17xx_uart.o)
                0x00018df0                UART_RS485Send
 .text.UART_RS485SendSlvAddr
                0x00018e74       0x28 /opt/york/cs/net/lpc1700-cmsis-lite-2011.01.26-i686-1/lib/libDriversLPC17xxgnu.a(lpc17xx_uart.o)
                0x00018e74                UART_RS485SendSlvAddr
 .text.UART_RS485SendData
                0x00018e9c       0x28 /opt/york/cs/net/lpc1700-cmsis-lite-2011.01.26-i686-1/lib/libDriversLPC17xxgnu.a(lpc17xx_uart.o)
                0x00018e9c                UART_RS485SendData
 .text          0x00018ec4        0x0 /opt/york/cs/net/sourcery-g++-lite-arm-eabi-2010.09.51-i686-1/bin/../lib/gcc/arm-none-eabi/4.5.1/thumb2/crtend.o
 .text          0x00018ec4        0x0 /opt/york/cs/net/sourcery-g++-lite-arm-eabi-2010.09.51-i686-1/bin/../lib/gcc/arm-none-eabi/4.5.1/thumb2/crtn.o
 *(.plt)
 *(.gnu.warning)
 .gnu.warning   0x00000000        0x0 /opt/york/cs/net/sourcery-g++-lite-arm-eabi-2010.09.51-i686-1/arm-none-eabi/lib/thumb2/libcs3unhosted.a(unhosted-_close.o)
 .gnu.warning   0x00000000        0x0 /opt/york/cs/net/sourcery-g++-lite-arm-eabi-2010.09.51-i686-1/arm-none-eabi/lib/thumb2/libcs3unhosted.a(unhosted-_fstat.o)
 .gnu.warning   0x00000000        0x0 /opt/york/cs/net/sourcery-g++-lite-arm-eabi-2010.09.51-i686-1/arm-none-eabi/lib/thumb2/libcs3unhosted.a(unhosted-isatty.o)
 .gnu.warning   0x00000000        0x0 /opt/york/cs/net/sourcery-g++-lite-arm-eabi-2010.09.51-i686-1/arm-none-eabi/lib/thumb2/libcs3unhosted.a(unhosted-_kill.o)
 .gnu.warning   0x00000000        0x0 /opt/york/cs/net/sourcery-g++-lite-arm-eabi-2010.09.51-i686-1/arm-none-eabi/lib/thumb2/libcs3unhosted.a(unhosted-_lseek.o)
 .gnu.warning   0x00000000        0x0 /opt/york/cs/net/sourcery-g++-lite-arm-eabi-2010.09.51-i686-1/arm-none-eabi/lib/thumb2/libcs3unhosted.a(unhosted-_read.o)
 .gnu.warning   0x00000000        0x0 /opt/york/cs/net/sourcery-g++-lite-arm-eabi-2010.09.51-i686-1/arm-none-eabi/lib/thumb2/libcs3unhosted.a(unhosted-_write.o)
 *(.glue_7t)
 .glue_7t       0x00000000        0x0 linker stubs
 *(.glue_7)
 .glue_7        0x00000000        0x0 linker stubs
 *(.vfp11_veneer)
 .vfp11_veneer  0x00000000        0x0 linker stubs
 *(.rodata .rodata.* .gnu.linkonce.r.*)
 .rodata        0x00018ec4      0x1f0 main.o
 .rodata        0x000190b4       0x1c packet-manager.o
 .rodata        0x000190d0       0x1c sequence-manager.o
 .rodata        0x000190ec       0x14 lib/serial-dmx.o
 .rodata._ZZ13setup_displayvE3C.2
                0x00019100        0xc lib/display.o
 .rodata._ZZ5resetvE3C.3
                0x0001910c        0x4 lib/display.o
 .rodata        0x00019110       0x20 /opt/york/cs/net/sourcery-g++-lite-arm-eabi-2010.09.51-i686-1/arm-none-eabi/lib/thumb2/libg.a(lib_a-svfprintf.o)
 .rodata.str1.4
                0x00019130       0x42 /opt/york/cs/net/sourcery-g++-lite-arm-eabi-2010.09.51-i686-1/arm-none-eabi/lib/thumb2/libg.a(lib_a-svfprintf.o)
                                 0x44 (size before relaxing)
 *fill*         0x00019172        0x2 00
 .rodata        0x00019174      0x104 /opt/york/cs/net/sourcery-g++-lite-arm-eabi-2010.09.51-i686-1/arm-none-eabi/lib/thumb2/libg.a(lib_a-ctype_.o)
                0x00019174                _ctype_
 .rodata.str1.4
                0x00019278       0x10 /opt/york/cs/net/sourcery-g++-lite-arm-eabi-2010.09.51-i686-1/arm-none-eabi/lib/thumb2/libg.a(lib_a-dtoa.o)
                                 0x14 (size before relaxing)
 .rodata        0x00019288        0x4 /opt/york/cs/net/sourcery-g++-lite-arm-eabi-2010.09.51-i686-1/arm-none-eabi/lib/thumb2/libg.a(lib_a-impure.o)
                0x00019288                _global_impure_ptr
 .rodata.str1.4
                0x0001928c        0x2 /opt/york/cs/net/sourcery-g++-lite-arm-eabi-2010.09.51-i686-1/arm-none-eabi/lib/thumb2/libg.a(lib_a-impure.o)
                                  0x4 (size before relaxing)
 *fill*         0x0001928e        0x2 00
 .rodata.str1.4
                0x00019290        0xa /opt/york/cs/net/sourcery-g++-lite-arm-eabi-2010.09.51-i686-1/arm-none-eabi/lib/thumb2/libg.a(lib_a-locale.o)
                                 0x14 (size before relaxing)
 *fill*         0x0001929a        0x6 00
 .rodata        0x000192a0      0x128 /opt/york/cs/net/sourcery-g++-lite-arm-eabi-2010.09.51-i686-1/arm-none-eabi/lib/thumb2/libg.a(lib_a-mprec.o)
                0x000192b0                __mprec_tens
                0x00019378                __mprec_bigtens
                0x000193a0                __mprec_tinytens
 .rodata        0x000193c8       0x20 /opt/york/cs/net/sourcery-g++-lite-arm-eabi-2010.09.51-i686-1/arm-none-eabi/lib/thumb2/libg.a(lib_a-svfiprintf.o)
 .rodata.str1.4
                0x00000000       0x30 /opt/york/cs/net/sourcery-g++-lite-arm-eabi-2010.09.51-i686-1/arm-none-eabi/lib/thumb2/libg.a(lib_a-svfiprintf.o)
 .rodata._ZTIPKDe
                0x000193e8       0x10 /opt/york/cs/net/sourcery-g++-lite-arm-eabi-2010.09.51-i686-1/arm-none-eabi/lib/thumb2/libstdc++.a(fundamental_type_info.o)
                0x000193e8                _ZTIPKDe
 .rodata._ZTIPDe
                0x000193f8       0x10 /opt/york/cs/net/sourcery-g++-lite-arm-eabi-2010.09.51-i686-1/arm-none-eabi/lib/thumb2/libstdc++.a(fundamental_type_info.o)
                0x000193f8                _ZTIPDe
 .rodata._ZTIDe
                0x00019408        0x8 /opt/york/cs/net/sourcery-g++-lite-arm-eabi-2010.09.51-i686-1/arm-none-eabi/lib/thumb2/libstdc++.a(fundamental_type_info.o)
                0x00019408                _ZTIDe
 .rodata._ZTIPKDd
                0x00019410       0x10 /opt/york/cs/net/sourcery-g++-lite-arm-eabi-2010.09.51-i686-1/arm-none-eabi/lib/thumb2/libstdc++.a(fundamental_type_info.o)
                0x00019410                _ZTIPKDd
 .rodata._ZTIPDd
                0x00019420       0x10 /opt/york/cs/net/sourcery-g++-lite-arm-eabi-2010.09.51-i686-1/arm-none-eabi/lib/thumb2/libstdc++.a(fundamental_type_info.o)
                0x00019420                _ZTIPDd
 .rodata._ZTIDd
                0x00019430        0x8 /opt/york/cs/net/sourcery-g++-lite-arm-eabi-2010.09.51-i686-1/arm-none-eabi/lib/thumb2/libstdc++.a(fundamental_type_info.o)
                0x00019430                _ZTIDd
 .rodata._ZTIPKDf
                0x00019438       0x10 /opt/york/cs/net/sourcery-g++-lite-arm-eabi-2010.09.51-i686-1/arm-none-eabi/lib/thumb2/libstdc++.a(fundamental_type_info.o)
                0x00019438                _ZTIPKDf
 .rodata._ZTIPDf
                0x00019448       0x10 /opt/york/cs/net/sourcery-g++-lite-arm-eabi-2010.09.51-i686-1/arm-none-eabi/lib/thumb2/libstdc++.a(fundamental_type_info.o)
                0x00019448                _ZTIPDf
 .rodata._ZTIDf
                0x00019458        0x8 /opt/york/cs/net/sourcery-g++-lite-arm-eabi-2010.09.51-i686-1/arm-none-eabi/lib/thumb2/libstdc++.a(fundamental_type_info.o)
                0x00019458                _ZTIDf
 .rodata._ZTIPKe
                0x00019460       0x10 /opt/york/cs/net/sourcery-g++-lite-arm-eabi-2010.09.51-i686-1/arm-none-eabi/lib/thumb2/libstdc++.a(fundamental_type_info.o)
                0x00019460                _ZTIPKe
 .rodata._ZTIPe
                0x00019470       0x10 /opt/york/cs/net/sourcery-g++-lite-arm-eabi-2010.09.51-i686-1/arm-none-eabi/lib/thumb2/libstdc++.a(fundamental_type_info.o)
                0x00019470                _ZTIPe
 .rodata._ZTIe  0x00019480        0x8 /opt/york/cs/net/sourcery-g++-lite-arm-eabi-2010.09.51-i686-1/arm-none-eabi/lib/thumb2/libstdc++.a(fundamental_type_info.o)
                0x00019480                _ZTIe
 .rodata._ZTIPKd
                0x00019488       0x10 /opt/york/cs/net/sourcery-g++-lite-arm-eabi-2010.09.51-i686-1/arm-none-eabi/lib/thumb2/libstdc++.a(fundamental_type_info.o)
                0x00019488                _ZTIPKd
 .rodata._ZTIPd
                0x00019498       0x10 /opt/york/cs/net/sourcery-g++-lite-arm-eabi-2010.09.51-i686-1/arm-none-eabi/lib/thumb2/libstdc++.a(fundamental_type_info.o)
                0x00019498                _ZTIPd
 .rodata._ZTId  0x000194a8        0x8 /opt/york/cs/net/sourcery-g++-lite-arm-eabi-2010.09.51-i686-1/arm-none-eabi/lib/thumb2/libstdc++.a(fundamental_type_info.o)
                0x000194a8                _ZTId
 .rodata._ZTIPKf
                0x000194b0       0x10 /opt/york/cs/net/sourcery-g++-lite-arm-eabi-2010.09.51-i686-1/arm-none-eabi/lib/thumb2/libstdc++.a(fundamental_type_info.o)
                0x000194b0                _ZTIPKf
 .rodata._ZTIPf
                0x000194c0       0x10 /opt/york/cs/net/sourcery-g++-lite-arm-eabi-2010.09.51-i686-1/arm-none-eabi/lib/thumb2/libstdc++.a(fundamental_type_info.o)
                0x000194c0                _ZTIPf
 .rodata._ZTIf  0x000194d0        0x8 /opt/york/cs/net/sourcery-g++-lite-arm-eabi-2010.09.51-i686-1/arm-none-eabi/lib/thumb2/libstdc++.a(fundamental_type_info.o)
                0x000194d0                _ZTIf
 .rodata._ZTIPKy
                0x000194d8       0x10 /opt/york/cs/net/sourcery-g++-lite-arm-eabi-2010.09.51-i686-1/arm-none-eabi/lib/thumb2/libstdc++.a(fundamental_type_info.o)
                0x000194d8                _ZTIPKy
 .rodata._ZTIPy
                0x000194e8       0x10 /opt/york/cs/net/sourcery-g++-lite-arm-eabi-2010.09.51-i686-1/arm-none-eabi/lib/thumb2/libstdc++.a(fundamental_type_info.o)
                0x000194e8                _ZTIPy
 .rodata._ZTIy  0x000194f8        0x8 /opt/york/cs/net/sourcery-g++-lite-arm-eabi-2010.09.51-i686-1/arm-none-eabi/lib/thumb2/libstdc++.a(fundamental_type_info.o)
                0x000194f8                _ZTIy
 .rodata._ZTIPKx
                0x00019500       0x10 /opt/york/cs/net/sourcery-g++-lite-arm-eabi-2010.09.51-i686-1/arm-none-eabi/lib/thumb2/libstdc++.a(fundamental_type_info.o)
                0x00019500                _ZTIPKx
 .rodata._ZTIPx